
> koveo-gestion@1.0.0 test
> npx jest --passWithNoTests=false --maxWorkers=50% --cache

  console.log
    🔧 Simplified Jest setup started

      at Object.<anonymous> (jest.setup.simple.ts:20:9)

  console.log
    ✅ Simplified Jest setup completed

      at Object.<anonymous> (jest.setup.simple.ts:69:9)

  console.log
    ✅ Test setup initialized

      at Object.<anonymous> (jest.setup.simple.ts:24:11)

  console.log
    Failed to load initial data: Error: Network error
        at /home/runner/workspace/tests/integration/budget-page-comprehensive.test.tsx:1094:24
        at /home/runner/workspace/node_modules/jest-mock/build/index.js:305:39
        at /home/runner/workspace/node_modules/jest-mock/build/index.js:312:13
        at mockConstructor (/home/runner/workspace/node_modules/jest-mock/build/index.js:102:19)
        at loadInitialData (/home/runner/workspace/tests/integration/budget-page-comprehensive.test.tsx:224:36)
        at /home/runner/workspace/tests/integration/budget-page-comprehensive.test.tsx:261:5
        at Object.react_stack_bottom_frame (/home/runner/workspace/node_modules/react-dom/cjs/react-dom-client.development.js:23953:20)
        at runWithFiberInDEV (/home/runner/workspace/node_modules/react-dom/cjs/react-dom-client.development.js:1522:13)
        at commitHookEffectListMount (/home/runner/workspace/node_modules/react-dom/cjs/react-dom-client.development.js:11905:29)
        at commitHookPassiveMountEffects (/home/runner/workspace/node_modules/react-dom/cjs/react-dom-client.development.js:12028:11)
        at commitPassiveMountOnFiber (/home/runner/workspace/node_modules/react-dom/cjs/react-dom-client.development.js:13841:13)
        at recursivelyTraversePassiveMountEffects (/home/runner/workspace/node_modules/react-dom/cjs/react-dom-client.development.js:13815:11)
        at commitPassiveMountOnFiber (/home/runner/workspace/node_modules/react-dom/cjs/react-dom-client.development.js:13834:11)
        at recursivelyTraversePassiveMountEffects (/home/runner/workspace/node_modules/react-dom/cjs/react-dom-client.development.js:13815:11)
        at commitPassiveMountOnFiber (/home/runner/workspace/node_modules/react-dom/cjs/react-dom-client.development.js:13957:11)
        at recursivelyTraversePassiveMountEffects (/home/runner/workspace/node_modules/react-dom/cjs/react-dom-client.development.js:13815:11)
        at commitPassiveMountOnFiber (/home/runner/workspace/node_modules/react-dom/cjs/react-dom-client.development.js:13834:11)
        at recursivelyTraversePassiveMountEffects (/home/runner/workspace/node_modules/react-dom/cjs/react-dom-client.development.js:13815:11)
        at commitPassiveMountOnFiber (/home/runner/workspace/node_modules/react-dom/cjs/react-dom-client.development.js:13834:11)
        at recursivelyTraversePassiveMountEffects (/home/runner/workspace/node_modules/react-dom/cjs/react-dom-client.development.js:13815:11)
        at commitPassiveMountOnFiber (/home/runner/workspace/node_modules/react-dom/cjs/react-dom-client.development.js:13853:11)
        at flushPassiveEffects (/home/runner/workspace/node_modules/react-dom/cjs/react-dom-client.development.js:15737:9)
        at /home/runner/workspace/node_modules/react-dom/cjs/react-dom-client.development.js:15379:15
        at flushActQueue (/home/runner/workspace/node_modules/react/cjs/react.development.js:566:34)
        at process.env.NODE_ENV.exports.act (/home/runner/workspace/node_modules/react/cjs/react.development.js:860:10)
        at /home/runner/workspace/node_modules/@testing-library/react/dist/act-compat.js:47:25
        at renderRoot (/home/runner/workspace/node_modules/@testing-library/react/dist/pure.js:190:26)
        at render (/home/runner/workspace/node_modules/@testing-library/react/dist/pure.js:292:10)
        at Object.<anonymous> (/home/runner/workspace/tests/integration/budget-page-comprehensive.test.tsx:1097:13)
        at Promise.finally.completed (/home/runner/workspace/node_modules/jest-circus/build/jestAdapterInit.js:1559:28)
        at new Promise (<anonymous>)
        at callAsyncCircusFn (/home/runner/workspace/node_modules/jest-circus/build/jestAdapterInit.js:1499:10)
        at _callCircusTest (/home/runner/workspace/node_modules/jest-circus/build/jestAdapterInit.js:1009:40)
        at _runTest (/home/runner/workspace/node_modules/jest-circus/build/jestAdapterInit.js:949:3)
        at _runTestsForDescribeBlock (/home/runner/workspace/node_modules/jest-circus/build/jestAdapterInit.js:839:13)
        at _runTestsForDescribeBlock (/home/runner/workspace/node_modules/jest-circus/build/jestAdapterInit.js:829:11)
        at _runTestsForDescribeBlock (/home/runner/workspace/node_modules/jest-circus/build/jestAdapterInit.js:829:11)
        at run (/home/runner/workspace/node_modules/jest-circus/build/jestAdapterInit.js:757:3)
        at runAndTransformResultsToJestFormat (/home/runner/workspace/node_modules/jest-circus/build/jestAdapterInit.js:1920:21)
        at jestAdapter (/home/runner/workspace/node_modules/jest-circus/build/runner.js:101:19)
        at runTestInternal (/home/runner/workspace/node_modules/jest-runner/build/index.js:275:16)
        at runTest (/home/runner/workspace/node_modules/jest-runner/build/index.js:343:7)

      at loadInitialData (tests/integration/budget-page-comprehensive.test.tsx:258:17)

  console.log
    ✅ Test cleanup completed

      at Object.<anonymous> (jest.setup.simple.ts:35:11)

PASS tests/integration/budget-page-comprehensive.test.tsx
  Budget Page Comprehensive Integration Tests
    1. Budget Page Component Tests - React Query Integration
      ✓ should load and display budget data from API on mount (143 ms)
      ✓ should automatically refetch forecast when settings change (261 ms)
      ✓ should handle query key alignment between GET and POST requests (193 ms)
    2. Automatic Update Behavior Tests
      ✓ should debounce forecast refetch when multiple settings change quickly (204 ms)
      ✓ should update period window when financial year changes (133 ms)
      ✓ should not trigger refetch for unrelated field changes (154 ms)
    3. User Interaction Tests - Form Validation
      ✓ should validate numeric inputs and show appropriate feedback (123 ms)
      ✓ should handle form submission with network errors gracefully (231 ms)
      ✓ should persist settings after page reload simulation (187 ms)
    4. Period Window Filtering Tests
      ✓ should filter forecast data based on selected period window (111 ms)
      ✓ should handle cross-year financial periods correctly (172 ms)
    5. Capital Investment Tests
      ✓ should add new capital investment and update scenarios (441 ms)
      ✓ should filter investments by urgency mode (51 ms)
      ✓ should edit existing capital investment (154 ms)
    6. Edge Cases and Boundary Testing
      ✓ should handle large datasets without performance degradation (17 ms)
      ✓ should handle financial year boundary conditions (38 ms)
      ✓ should handle concurrent user interactions without race conditions (358 ms)
      ✓ should handle network errors and offline behavior (111 ms)
    7. Accessibility and Keyboard Navigation
      ✓ should support keyboard navigation through all interactive elements (39 ms)
      ✓ should support keyboard operation of dialogs (63 ms)
      ✓ should have proper ARIA labels and roles (29 ms)

  console.log
    🔧 Simplified Jest setup started

      at Object.<anonymous> (jest.setup.simple.ts:20:9)

  console.log
    ✅ Simplified Jest setup completed

      at Object.<anonymous> (jest.setup.simple.ts:69:9)

  console.log
    ✅ Test setup initialized

      at Object.<anonymous> (jest.setup.simple.ts:24:11)

  console.warn
    🚫 Open Demo user demo-user-id (demo@example.com) attempted restricted read action: GET /api/data

      347 |       if (isOpenDemo) {
      348 |         // Log the attempted violation for security monitoring
    > 349 |         console.warn(
          |                 ^
      350 |           `🚫 Open Demo user ${userId} (${req.user.email}) attempted restricted ${action} action: ${req.method} ${req.path}`
      351 |         );
      352 |

      at server/middleware/demo-security.ts:349:17
      at Object.<anonymous> (tests/security/demo-security-bypass.test.ts:38:7)

  console.warn
    🚫 Open Demo user demo-user-id (demo@example.com) attempted restricted export action: GET /api/backup

      347 |       if (isOpenDemo) {
      348 |         // Log the attempted violation for security monitoring
    > 349 |         console.warn(
          |                 ^
      350 |           `🚫 Open Demo user ${userId} (${req.user.email}) attempted restricted ${action} action: ${req.method} ${req.path}`
      351 |         );
      352 |

      at server/middleware/demo-security.ts:349:17
      at Object.<anonymous> (tests/security/demo-security-bypass.test.ts:68:7)

  console.warn
    🚫 Open Demo user demo-user-id (demo@example.com) attempted restricted manage action: GET /api/sync

      347 |       if (isOpenDemo) {
      348 |         // Log the attempted violation for security monitoring
    > 349 |         console.warn(
          |                 ^
      350 |           `🚫 Open Demo user ${userId} (${req.user.email}) attempted restricted ${action} action: ${req.method} ${req.path}`
      351 |         );
      352 |

      at server/middleware/demo-security.ts:349:17
      at Object.<anonymous> (tests/security/demo-security-bypass.test.ts:90:7)

  console.warn
    🚫 Open Demo user demo-user-id (demo@example.com) attempted restricted manage action: GET /api/users/12345678-1234-1234-1234-123456789abc/run-task

      347 |       if (isOpenDemo) {
      348 |         // Log the attempted violation for security monitoring
    > 349 |         console.warn(
          |                 ^
      350 |           `🚫 Open Demo user ${userId} (${req.user.email}) attempted restricted ${action} action: ${req.method} ${req.path}`
      351 |         );
      352 |

      at server/middleware/demo-security.ts:349:17
      at Object.<anonymous> (tests/security/demo-security-bypass.test.ts:111:7)

  console.warn
    🚫 Open Demo user demo-user-id (demo@example.com) attempted restricted manage action: GET /api/buildings/12345678-1234-1234-1234-123456789abc/recalc

      347 |       if (isOpenDemo) {
      348 |         // Log the attempted violation for security monitoring
    > 349 |         console.warn(
          |                 ^
      350 |           `🚫 Open Demo user ${userId} (${req.user.email}) attempted restricted ${action} action: ${req.method} ${req.path}`
      351 |         );
      352 |

      at server/middleware/demo-security.ts:349:17
      at Object.<anonymous> (tests/security/demo-security-bypass.test.ts:141:7)

  console.warn
    🚫 Open Demo user demo-user-id (demo@example.com) attempted restricted manage action: GET /api/data/reindex

      347 |       if (isOpenDemo) {
      348 |         // Log the attempted violation for security monitoring
    > 349 |         console.warn(
          |                 ^
      350 |           `🚫 Open Demo user ${userId} (${req.user.email}) attempted restricted ${action} action: ${req.method} ${req.path}`
      351 |         );
      352 |

      at server/middleware/demo-security.ts:349:17
      at Object.<anonymous> (tests/security/demo-security-bypass.test.ts:171:7)

  console.warn
    🚫 Open Demo user demo-user-id (demo@example.com) attempted restricted manage action: GET /api/system/rebuild

      347 |       if (isOpenDemo) {
      348 |         // Log the attempted violation for security monitoring
    > 349 |         console.warn(
          |                 ^
      350 |           `🚫 Open Demo user ${userId} (${req.user.email}) attempted restricted ${action} action: ${req.method} ${req.path}`
      351 |         );
      352 |

      at server/middleware/demo-security.ts:349:17
      at Object.<anonymous> (tests/security/demo-security-bypass.test.ts:201:7)

  console.warn
    🚫 Open Demo user demo-user-id (demo@example.com) attempted restricted manage action: GET /api/reports/calculate-stats

      347 |       if (isOpenDemo) {
      348 |         // Log the attempted violation for security monitoring
    > 349 |         console.warn(
          |                 ^
      350 |           `🚫 Open Demo user ${userId} (${req.user.email}) attempted restricted ${action} action: ${req.method} ${req.path}`
      351 |         );
      352 |

      at server/middleware/demo-security.ts:349:17
      at Object.<anonymous> (tests/security/demo-security-bypass.test.ts:231:7)

  console.warn
    🚫 Open Demo user demo-user-id (demo@example.com) attempted restricted manage action: GET /api/analytics/process-data

      347 |       if (isOpenDemo) {
      348 |         // Log the attempted violation for security monitoring
    > 349 |         console.warn(
          |                 ^
      350 |           `🚫 Open Demo user ${userId} (${req.user.email}) attempted restricted ${action} action: ${req.method} ${req.path}`
      351 |         );
      352 |

      at server/middleware/demo-security.ts:349:17
      at Object.<anonymous> (tests/security/demo-security-bypass.test.ts:261:7)

  console.warn
    🚫 Open Demo user demo-user-id (demo@example.com) attempted restricted manage action: GET /api/features/trigger-sync

      347 |       if (isOpenDemo) {
      348 |         // Log the attempted violation for security monitoring
    > 349 |         console.warn(
          |                 ^
      350 |           `🚫 Open Demo user ${userId} (${req.user.email}) attempted restricted ${action} action: ${req.method} ${req.path}`
      351 |         );
      352 |

      at server/middleware/demo-security.ts:349:17
      at Object.<anonymous> (tests/security/demo-security-bypass.test.ts:293:7)

  console.warn
    🚫 Open Demo user demo-user-id (demo@example.com) attempted restricted manage action: GET /api/bills/123/generate-stats

      347 |       if (isOpenDemo) {
      348 |         // Log the attempted violation for security monitoring
    > 349 |         console.warn(
          |                 ^
      350 |           `🚫 Open Demo user ${userId} (${req.user.email}) attempted restricted ${action} action: ${req.method} ${req.path}`
      351 |         );
      352 |

      at server/middleware/demo-security.ts:349:17
      at Object.<anonymous> (tests/security/demo-security-bypass.test.ts:323:7)

  console.warn
    🚫 Open Demo user demo-user-id (demo@example.com) attempted restricted manage action: GET /api/cleanup/orphan-report

      347 |       if (isOpenDemo) {
      348 |         // Log the attempted violation for security monitoring
    > 349 |         console.warn(
          |                 ^
      350 |           `🚫 Open Demo user ${userId} (${req.user.email}) attempted restricted ${action} action: ${req.method} ${req.path}`
      351 |         );
      352 |

      at server/middleware/demo-security.ts:349:17
      at Object.<anonymous> (tests/security/demo-security-bypass.test.ts:353:7)

  console.warn
    🚫 Open Demo user demo-user-id (demo@example.com) attempted restricted export action: GET /api/data/export

      347 |       if (isOpenDemo) {
      348 |         // Log the attempted violation for security monitoring
    > 349 |         console.warn(
          |                 ^
      350 |           `🚫 Open Demo user ${userId} (${req.user.email}) attempted restricted ${action} action: ${req.method} ${req.path}`
      351 |         );
      352 |

      at server/middleware/demo-security.ts:349:17
      at Object.<anonymous> (tests/security/demo-security-bypass.test.ts:374:7)

  console.warn
    🚫 Open Demo user demo-user-id (demo@example.com) attempted restricted export action: GET /api/backup/create

      347 |       if (isOpenDemo) {
      348 |         // Log the attempted violation for security monitoring
    > 349 |         console.warn(
          |                 ^
      350 |           `🚫 Open Demo user ${userId} (${req.user.email}) attempted restricted ${action} action: ${req.method} ${req.path}`
      351 |         );
      352 |

      at server/middleware/demo-security.ts:349:17
      at Object.<anonymous> (tests/security/demo-security-bypass.test.ts:404:7)

  console.warn
    🚫 Open Demo user demo-user-id (demo@example.com) attempted restricted export action: GET /api/users/12345678-1234-1234-1234-123456789abc/export-data

      347 |       if (isOpenDemo) {
      348 |         // Log the attempted violation for security monitoring
    > 349 |         console.warn(
          |                 ^
      350 |           `🚫 Open Demo user ${userId} (${req.user.email}) attempted restricted ${action} action: ${req.method} ${req.path}`
      351 |         );
      352 |

      at server/middleware/demo-security.ts:349:17
      at Object.<anonymous> (tests/security/demo-security-bypass.test.ts:445:9)

  console.warn
    🚫 Open Demo user demo-user-id (demo@example.com) attempted restricted manage action: GET /api/buildings/12345678-1234-1234-1234-123456789abc/generate-report

      347 |       if (isOpenDemo) {
      348 |         // Log the attempted violation for security monitoring
    > 349 |         console.warn(
          |                 ^
      350 |           `🚫 Open Demo user ${userId} (${req.user.email}) attempted restricted ${action} action: ${req.method} ${req.path}`
      351 |         );
      352 |

      at server/middleware/demo-security.ts:349:17
      at Object.<anonymous> (tests/security/demo-security-bypass.test.ts:445:9)

  console.warn
    🚫 Open Demo user demo-user-id (demo@example.com) attempted restricted manage action: GET /api/residences/12345678-1234-1234-1234-123456789abc/trigger-sync

      347 |       if (isOpenDemo) {
      348 |         // Log the attempted violation for security monitoring
    > 349 |         console.warn(
          |                 ^
      350 |           `🚫 Open Demo user ${userId} (${req.user.email}) attempted restricted ${action} action: ${req.method} ${req.path}`
      351 |         );
      352 |

      at server/middleware/demo-security.ts:349:17
      at Object.<anonymous> (tests/security/demo-security-bypass.test.ts:445:9)

  console.warn
    🚫 Open Demo user demo-user-id (demo@example.com) attempted restricted manage action: GET /api/bills/12345678-1234-1234-1234-123456789abc/calculate-total

      347 |       if (isOpenDemo) {
      348 |         // Log the attempted violation for security monitoring
    > 349 |         console.warn(
          |                 ^
      350 |           `🚫 Open Demo user ${userId} (${req.user.email}) attempted restricted ${action} action: ${req.method} ${req.path}`
      351 |         );
      352 |

      at server/middleware/demo-security.ts:349:17
      at Object.<anonymous> (tests/security/demo-security-bypass.test.ts:445:9)

  console.warn
    🚫 Open Demo user demo-user-id (demo@example.com) attempted restricted export action: GET /api/documents/12345678-1234-1234-1234-123456789abc/backup-files

      347 |       if (isOpenDemo) {
      348 |         // Log the attempted violation for security monitoring
    > 349 |         console.warn(
          |                 ^
      350 |           `🚫 Open Demo user ${userId} (${req.user.email}) attempted restricted ${action} action: ${req.method} ${req.path}`
      351 |         );
      352 |

      at server/middleware/demo-security.ts:349:17
      at Object.<anonymous> (tests/security/demo-security-bypass.test.ts:445:9)

  console.warn
    🚫 Open Demo user demo-user-id (demo@example.com) attempted restricted create action: POST /api/buildings

      347 |       if (isOpenDemo) {
      348 |         // Log the attempted violation for security monitoring
    > 349 |         console.warn(
          |                 ^
      350 |           `🚫 Open Demo user ${userId} (${req.user.email}) attempted restricted ${action} action: ${req.method} ${req.path}`
      351 |         );
      352 |

      at server/middleware/demo-security.ts:349:17
      at Object.<anonymous> (tests/security/demo-security-bypass.test.ts:534:7)

  console.warn
    🚫 Open Demo user demo-user-id (demo@example.com) attempted restricted update action: PUT /api/buildings/123

      347 |       if (isOpenDemo) {
      348 |         // Log the attempted violation for security monitoring
    > 349 |         console.warn(
          |                 ^
      350 |           `🚫 Open Demo user ${userId} (${req.user.email}) attempted restricted ${action} action: ${req.method} ${req.path}`
      351 |         );
      352 |

      at server/middleware/demo-security.ts:349:17
      at Object.<anonymous> (tests/security/demo-security-bypass.test.ts:561:7)

  console.warn
    🚫 Open Demo user demo-user-id (demo@example.com) attempted restricted delete action: DELETE /api/buildings/123

      347 |       if (isOpenDemo) {
      348 |         // Log the attempted violation for security monitoring
    > 349 |         console.warn(
          |                 ^
      350 |           `🚫 Open Demo user ${userId} (${req.user.email}) attempted restricted ${action} action: ${req.method} ${req.path}`
      351 |         );
      352 |

      at server/middleware/demo-security.ts:349:17
      at Object.<anonymous> (tests/security/demo-security-bypass.test.ts:588:7)

  console.warn
    🚫 Open Demo user demo-user-id (demo@example.com) attempted restricted assign action: POST /api/buildings/assign

      347 |       if (isOpenDemo) {
      348 |         // Log the attempted violation for security monitoring
    > 349 |         console.warn(
          |                 ^
      350 |           `🚫 Open Demo user ${userId} (${req.user.email}) attempted restricted ${action} action: ${req.method} ${req.path}`
      351 |         );
      352 |

      at server/middleware/demo-security.ts:349:17
      at Object.<anonymous> (tests/security/demo-security-bypass.test.ts:615:7)

  console.warn
    🚫 Open Demo user demo-user-id (demo@example.com) attempted restricted manage action: GET /api/users/start

      347 |       if (isOpenDemo) {
      348 |         // Log the attempted violation for security monitoring
    > 349 |         console.warn(
          |                 ^
      350 |           `🚫 Open Demo user ${userId} (${req.user.email}) attempted restricted ${action} action: ${req.method} ${req.path}`
      351 |         );
      352 |

      at server/middleware/demo-security.ts:349:17
      at Object.<anonymous> (tests/security/demo-security-bypass.test.ts:652:9)

  console.warn
    🚫 Open Demo user demo-user-id (demo@example.com) attempted restricted manage action: GET /api/buildings/12345678-1234-1234-1234-123456789abc/start

      347 |       if (isOpenDemo) {
      348 |         // Log the attempted violation for security monitoring
    > 349 |         console.warn(
          |                 ^
      350 |           `🚫 Open Demo user ${userId} (${req.user.email}) attempted restricted ${action} action: ${req.method} ${req.path}`
      351 |         );
      352 |

      at server/middleware/demo-security.ts:349:17
      at Object.<anonymous> (tests/security/demo-security-bypass.test.ts:682:9)

  console.warn
    🚫 Open Demo user demo-user-id (demo@example.com) attempted restricted manage action: GET /api/users/stop

      347 |       if (isOpenDemo) {
      348 |         // Log the attempted violation for security monitoring
    > 349 |         console.warn(
          |                 ^
      350 |           `🚫 Open Demo user ${userId} (${req.user.email}) attempted restricted ${action} action: ${req.method} ${req.path}`
      351 |         );
      352 |

      at server/middleware/demo-security.ts:349:17
      at Object.<anonymous> (tests/security/demo-security-bypass.test.ts:652:9)

  console.warn
    🚫 Open Demo user demo-user-id (demo@example.com) attempted restricted manage action: GET /api/buildings/12345678-1234-1234-1234-123456789abc/stop

      347 |       if (isOpenDemo) {
      348 |         // Log the attempted violation for security monitoring
    > 349 |         console.warn(
          |                 ^
      350 |           `🚫 Open Demo user ${userId} (${req.user.email}) attempted restricted ${action} action: ${req.method} ${req.path}`
      351 |         );
      352 |

      at server/middleware/demo-security.ts:349:17
      at Object.<anonymous> (tests/security/demo-security-bypass.test.ts:682:9)

  console.warn
    🚫 Open Demo user demo-user-id (demo@example.com) attempted restricted manage action: GET /api/users/pause

      347 |       if (isOpenDemo) {
      348 |         // Log the attempted violation for security monitoring
    > 349 |         console.warn(
          |                 ^
      350 |           `🚫 Open Demo user ${userId} (${req.user.email}) attempted restricted ${action} action: ${req.method} ${req.path}`
      351 |         );
      352 |

      at server/middleware/demo-security.ts:349:17
      at Object.<anonymous> (tests/security/demo-security-bypass.test.ts:652:9)

  console.warn
    🚫 Open Demo user demo-user-id (demo@example.com) attempted restricted manage action: GET /api/buildings/12345678-1234-1234-1234-123456789abc/pause

      347 |       if (isOpenDemo) {
      348 |         // Log the attempted violation for security monitoring
    > 349 |         console.warn(
          |                 ^
      350 |           `🚫 Open Demo user ${userId} (${req.user.email}) attempted restricted ${action} action: ${req.method} ${req.path}`
      351 |         );
      352 |

      at server/middleware/demo-security.ts:349:17
      at Object.<anonymous> (tests/security/demo-security-bypass.test.ts:682:9)

  console.warn
    🚫 Open Demo user demo-user-id (demo@example.com) attempted restricted manage action: GET /api/users/resume

      347 |       if (isOpenDemo) {
      348 |         // Log the attempted violation for security monitoring
    > 349 |         console.warn(
          |                 ^
      350 |           `🚫 Open Demo user ${userId} (${req.user.email}) attempted restricted ${action} action: ${req.method} ${req.path}`
      351 |         );
      352 |

      at server/middleware/demo-security.ts:349:17
      at Object.<anonymous> (tests/security/demo-security-bypass.test.ts:652:9)

  console.warn
    🚫 Open Demo user demo-user-id (demo@example.com) attempted restricted manage action: GET /api/buildings/12345678-1234-1234-1234-123456789abc/resume

      347 |       if (isOpenDemo) {
      348 |         // Log the attempted violation for security monitoring
    > 349 |         console.warn(
          |                 ^
      350 |           `🚫 Open Demo user ${userId} (${req.user.email}) attempted restricted ${action} action: ${req.method} ${req.path}`
      351 |         );
      352 |

      at server/middleware/demo-security.ts:349:17
      at Object.<anonymous> (tests/security/demo-security-bypass.test.ts:682:9)

  console.warn
    🚫 Open Demo user demo-user-id (demo@example.com) attempted restricted manage action: GET /api/users/toggle

      347 |       if (isOpenDemo) {
      348 |         // Log the attempted violation for security monitoring
    > 349 |         console.warn(
          |                 ^
      350 |           `🚫 Open Demo user ${userId} (${req.user.email}) attempted restricted ${action} action: ${req.method} ${req.path}`
      351 |         );
      352 |

      at server/middleware/demo-security.ts:349:17
      at Object.<anonymous> (tests/security/demo-security-bypass.test.ts:652:9)

  console.warn
    🚫 Open Demo user demo-user-id (demo@example.com) attempted restricted manage action: GET /api/buildings/12345678-1234-1234-1234-123456789abc/toggle

      347 |       if (isOpenDemo) {
      348 |         // Log the attempted violation for security monitoring
    > 349 |         console.warn(
          |                 ^
      350 |           `🚫 Open Demo user ${userId} (${req.user.email}) attempted restricted ${action} action: ${req.method} ${req.path}`
      351 |         );
      352 |

      at server/middleware/demo-security.ts:349:17
      at Object.<anonymous> (tests/security/demo-security-bypass.test.ts:682:9)

  console.warn
    🚫 Open Demo user demo-user-id (demo@example.com) attempted restricted manage action: GET /api/users/enable

      347 |       if (isOpenDemo) {
      348 |         // Log the attempted violation for security monitoring
    > 349 |         console.warn(
          |                 ^
      350 |           `🚫 Open Demo user ${userId} (${req.user.email}) attempted restricted ${action} action: ${req.method} ${req.path}`
      351 |         );
      352 |

      at server/middleware/demo-security.ts:349:17
      at Object.<anonymous> (tests/security/demo-security-bypass.test.ts:652:9)

  console.warn
    🚫 Open Demo user demo-user-id (demo@example.com) attempted restricted manage action: GET /api/buildings/12345678-1234-1234-1234-123456789abc/enable

      347 |       if (isOpenDemo) {
      348 |         // Log the attempted violation for security monitoring
    > 349 |         console.warn(
          |                 ^
      350 |           `🚫 Open Demo user ${userId} (${req.user.email}) attempted restricted ${action} action: ${req.method} ${req.path}`
      351 |         );
      352 |

      at server/middleware/demo-security.ts:349:17
      at Object.<anonymous> (tests/security/demo-security-bypass.test.ts:682:9)

  console.warn
    🚫 Open Demo user demo-user-id (demo@example.com) attempted restricted manage action: GET /api/users/disable

      347 |       if (isOpenDemo) {
      348 |         // Log the attempted violation for security monitoring
    > 349 |         console.warn(
          |                 ^
      350 |           `🚫 Open Demo user ${userId} (${req.user.email}) attempted restricted ${action} action: ${req.method} ${req.path}`
      351 |         );
      352 |

      at server/middleware/demo-security.ts:349:17
      at Object.<anonymous> (tests/security/demo-security-bypass.test.ts:652:9)

  console.warn
    🚫 Open Demo user demo-user-id (demo@example.com) attempted restricted manage action: GET /api/buildings/12345678-1234-1234-1234-123456789abc/disable

      347 |       if (isOpenDemo) {
      348 |         // Log the attempted violation for security monitoring
    > 349 |         console.warn(
          |                 ^
      350 |           `🚫 Open Demo user ${userId} (${req.user.email}) attempted restricted ${action} action: ${req.method} ${req.path}`
      351 |         );
      352 |

      at server/middleware/demo-security.ts:349:17
      at Object.<anonymous> (tests/security/demo-security-bypass.test.ts:682:9)

  console.warn
    🚫 Open Demo user demo-user-id (demo@example.com) attempted restricted manage action: GET /api/users/init

      347 |       if (isOpenDemo) {
      348 |         // Log the attempted violation for security monitoring
    > 349 |         console.warn(
          |                 ^
      350 |           `🚫 Open Demo user ${userId} (${req.user.email}) attempted restricted ${action} action: ${req.method} ${req.path}`
      351 |         );
      352 |

      at server/middleware/demo-security.ts:349:17
      at Object.<anonymous> (tests/security/demo-security-bypass.test.ts:652:9)

  console.warn
    🚫 Open Demo user demo-user-id (demo@example.com) attempted restricted manage action: GET /api/buildings/12345678-1234-1234-1234-123456789abc/init

      347 |       if (isOpenDemo) {
      348 |         // Log the attempted violation for security monitoring
    > 349 |         console.warn(
          |                 ^
      350 |           `🚫 Open Demo user ${userId} (${req.user.email}) attempted restricted ${action} action: ${req.method} ${req.path}`
      351 |         );
      352 |

      at server/middleware/demo-security.ts:349:17
      at Object.<anonymous> (tests/security/demo-security-bypass.test.ts:682:9)

  console.warn
    🚫 Open Demo user demo-user-id (demo@example.com) attempted restricted manage action: GET /api/users/seed

      347 |       if (isOpenDemo) {
      348 |         // Log the attempted violation for security monitoring
    > 349 |         console.warn(
          |                 ^
      350 |           `🚫 Open Demo user ${userId} (${req.user.email}) attempted restricted ${action} action: ${req.method} ${req.path}`
      351 |         );
      352 |

      at server/middleware/demo-security.ts:349:17
      at Object.<anonymous> (tests/security/demo-security-bypass.test.ts:652:9)

  console.warn
    🚫 Open Demo user demo-user-id (demo@example.com) attempted restricted manage action: GET /api/buildings/12345678-1234-1234-1234-123456789abc/seed

      347 |       if (isOpenDemo) {
      348 |         // Log the attempted violation for security monitoring
    > 349 |         console.warn(
          |                 ^
      350 |           `🚫 Open Demo user ${userId} (${req.user.email}) attempted restricted ${action} action: ${req.method} ${req.path}`
      351 |         );
      352 |

      at server/middleware/demo-security.ts:349:17
      at Object.<anonymous> (tests/security/demo-security-bypass.test.ts:682:9)

  console.warn
    🚫 Open Demo user demo-user-id (demo@example.com) attempted restricted manage action: GET /api/users/migrate

      347 |       if (isOpenDemo) {
      348 |         // Log the attempted violation for security monitoring
    > 349 |         console.warn(
          |                 ^
      350 |           `🚫 Open Demo user ${userId} (${req.user.email}) attempted restricted ${action} action: ${req.method} ${req.path}`
      351 |         );
      352 |

      at server/middleware/demo-security.ts:349:17
      at Object.<anonymous> (tests/security/demo-security-bypass.test.ts:652:9)

  console.warn
    🚫 Open Demo user demo-user-id (demo@example.com) attempted restricted manage action: GET /api/buildings/12345678-1234-1234-1234-123456789abc/migrate

      347 |       if (isOpenDemo) {
      348 |         // Log the attempted violation for security monitoring
    > 349 |         console.warn(
          |                 ^
      350 |           `🚫 Open Demo user ${userId} (${req.user.email}) attempted restricted ${action} action: ${req.method} ${req.path}`
      351 |         );
      352 |

      at server/middleware/demo-security.ts:349:17
      at Object.<anonymous> (tests/security/demo-security-bypass.test.ts:682:9)

  console.warn
    🚫 Open Demo user demo-user-id (demo@example.com) attempted restricted manage action: GET /api/users/prune

      347 |       if (isOpenDemo) {
      348 |         // Log the attempted violation for security monitoring
    > 349 |         console.warn(
          |                 ^
      350 |           `🚫 Open Demo user ${userId} (${req.user.email}) attempted restricted ${action} action: ${req.method} ${req.path}`
      351 |         );
      352 |

      at server/middleware/demo-security.ts:349:17
      at Object.<anonymous> (tests/security/demo-security-bypass.test.ts:652:9)

  console.warn
    🚫 Open Demo user demo-user-id (demo@example.com) attempted restricted manage action: GET /api/buildings/12345678-1234-1234-1234-123456789abc/prune

      347 |       if (isOpenDemo) {
      348 |         // Log the attempted violation for security monitoring
    > 349 |         console.warn(
          |                 ^
      350 |           `🚫 Open Demo user ${userId} (${req.user.email}) attempted restricted ${action} action: ${req.method} ${req.path}`
      351 |         );
      352 |

      at server/middleware/demo-security.ts:349:17
      at Object.<anonymous> (tests/security/demo-security-bypass.test.ts:682:9)

  console.warn
    🚫 Open Demo user demo-user-id (demo@example.com) attempted restricted manage action: GET /api/data/start-process

      347 |       if (isOpenDemo) {
      348 |         // Log the attempted violation for security monitoring
    > 349 |         console.warn(
          |                 ^
      350 |           `🚫 Open Demo user ${userId} (${req.user.email}) attempted restricted ${action} action: ${req.method} ${req.path}`
      351 |         );
      352 |

      at server/middleware/demo-security.ts:349:17
      at Object.<anonymous> (tests/security/demo-security-bypass.test.ts:714:7)

  console.warn
    🚫 Open Demo user demo-user-id (demo@example.com) attempted restricted manage action: GET /api/system/toggle-mode

      347 |       if (isOpenDemo) {
      348 |         // Log the attempted violation for security monitoring
    > 349 |         console.warn(
          |                 ^
      350 |           `🚫 Open Demo user ${userId} (${req.user.email}) attempted restricted ${action} action: ${req.method} ${req.path}`
      351 |         );
      352 |

      at server/middleware/demo-security.ts:349:17
      at Object.<anonymous> (tests/security/demo-security-bypass.test.ts:736:7)

  console.warn
    🚫 Open Demo user demo-user-id (demo@example.com) attempted restricted manage action: GET /api/data/seed-database

      347 |       if (isOpenDemo) {
      348 |         // Log the attempted violation for security monitoring
    > 349 |         console.warn(
          |                 ^
      350 |           `🚫 Open Demo user ${userId} (${req.user.email}) attempted restricted ${action} action: ${req.method} ${req.path}`
      351 |         );
      352 |

      at server/middleware/demo-security.ts:349:17
      at Object.<anonymous> (tests/security/demo-security-bypass.test.ts:758:7)

  console.warn
    🚫 Open Demo user demo-user-id (demo@example.com) attempted restricted manage action: GET /api/migration/prune-data

      347 |       if (isOpenDemo) {
      348 |         // Log the attempted violation for security monitoring
    > 349 |         console.warn(
          |                 ^
      350 |           `🚫 Open Demo user ${userId} (${req.user.email}) attempted restricted ${action} action: ${req.method} ${req.path}`
      351 |         );
      352 |

      at server/middleware/demo-security.ts:349:17
      at Object.<anonymous> (tests/security/demo-security-bypass.test.ts:780:7)

  console.warn
    🚫 Open Demo user demo-user-id (demo@example.com) attempted restricted read action: GET /api/users/random-action

      347 |       if (isOpenDemo) {
      348 |         // Log the attempted violation for security monitoring
    > 349 |         console.warn(
          |                 ^
      350 |           `🚫 Open Demo user ${userId} (${req.user.email}) attempted restricted ${action} action: ${req.method} ${req.path}`
      351 |         );
      352 |

      at server/middleware/demo-security.ts:349:17
      at Object.<anonymous> (tests/security/demo-security-bypass.test.ts:806:7)

  console.warn
    🚫 Open Demo user demo-user-id (demo@example.com) attempted restricted read action: GET /api/buildings/12345678-1234-1234-1234-123456789abc/any-extra-segment

      347 |       if (isOpenDemo) {
      348 |         // Log the attempted violation for security monitoring
    > 349 |         console.warn(
          |                 ^
      350 |           `🚫 Open Demo user ${userId} (${req.user.email}) attempted restricted ${action} action: ${req.method} ${req.path}`
      351 |         );
      352 |

      at server/middleware/demo-security.ts:349:17
      at Object.<anonymous> (tests/security/demo-security-bypass.test.ts:828:7)

  console.warn
    🚫 Open Demo user demo-user-id (demo@example.com) attempted restricted read action: GET /api/users/call-command

      347 |       if (isOpenDemo) {
      348 |         // Log the attempted violation for security monitoring
    > 349 |         console.warn(
          |                 ^
      350 |           `🚫 Open Demo user ${userId} (${req.user.email}) attempted restricted ${action} action: ${req.method} ${req.path}`
      351 |         );
      352 |

      at server/middleware/demo-security.ts:349:17
      at Object.<anonymous> (tests/security/demo-security-bypass.test.ts:913:9)

  console.warn
    🚫 Open Demo user demo-user-id (demo@example.com) attempted restricted read action: GET /api/users/invoke-work

      347 |       if (isOpenDemo) {
      348 |         // Log the attempted violation for security monitoring
    > 349 |         console.warn(
          |                 ^
      350 |           `🚫 Open Demo user ${userId} (${req.user.email}) attempted restricted ${action} action: ${req.method} ${req.path}`
      351 |         );
      352 |

      at server/middleware/demo-security.ts:349:17
      at Object.<anonymous> (tests/security/demo-security-bypass.test.ts:913:9)

  console.warn
    🚫 Open Demo user demo-user-id (demo@example.com) attempted restricted read action: GET /api/users/command-one

      347 |       if (isOpenDemo) {
      348 |         // Log the attempted violation for security monitoring
    > 349 |         console.warn(
          |                 ^
      350 |           `🚫 Open Demo user ${userId} (${req.user.email}) attempted restricted ${action} action: ${req.method} ${req.path}`
      351 |         );
      352 |

      at server/middleware/demo-security.ts:349:17
      at Object.<anonymous> (tests/security/demo-security-bypass.test.ts:913:9)

  console.warn
    🚫 Open Demo user demo-user-id (demo@example.com) attempted restricted read action: GET /api/users/exec-function

      347 |       if (isOpenDemo) {
      348 |         // Log the attempted violation for security monitoring
    > 349 |         console.warn(
          |                 ^
      350 |           `🚫 Open Demo user ${userId} (${req.user.email}) attempted restricted ${action} action: ${req.method} ${req.path}`
      351 |         );
      352 |

      at server/middleware/demo-security.ts:349:17
      at Object.<anonymous> (tests/security/demo-security-bypass.test.ts:913:9)

  console.warn
    🚫 Open Demo user demo-user-id (demo@example.com) attempted restricted read action: GET /api/users/job-fast

      347 |       if (isOpenDemo) {
      348 |         // Log the attempted violation for security monitoring
    > 349 |         console.warn(
          |                 ^
      350 |           `🚫 Open Demo user ${userId} (${req.user.email}) attempted restricted ${action} action: ${req.method} ${req.path}`
      351 |         );
      352 |

      at server/middleware/demo-security.ts:349:17
      at Object.<anonymous> (tests/security/demo-security-bypass.test.ts:913:9)

  console.warn
    🚫 Open Demo user demo-user-id (demo@example.com) attempted restricted read action: GET /api/users/do-job

      347 |       if (isOpenDemo) {
      348 |         // Log the attempted violation for security monitoring
    > 349 |         console.warn(
          |                 ^
      350 |           `🚫 Open Demo user ${userId} (${req.user.email}) attempted restricted ${action} action: ${req.method} ${req.path}`
      351 |         );
      352 |

      at server/middleware/demo-security.ts:349:17
      at Object.<anonymous> (tests/security/demo-security-bypass.test.ts:913:9)

  console.warn
    🚫 Open Demo user demo-user-id (demo@example.com) attempted restricted read action: GET /api/users/invoke-operation

      347 |       if (isOpenDemo) {
      348 |         // Log the attempted violation for security monitoring
    > 349 |         console.warn(
          |                 ^
      350 |           `🚫 Open Demo user ${userId} (${req.user.email}) attempted restricted ${action} action: ${req.method} ${req.path}`
      351 |         );
      352 |

      at server/middleware/demo-security.ts:349:17
      at Object.<anonymous> (tests/security/demo-security-bypass.test.ts:913:9)

  console.warn
    🚫 Open Demo user demo-user-id (demo@example.com) attempted restricted read action: GET /api/users/invoke-function

      347 |       if (isOpenDemo) {
      348 |         // Log the attempted violation for security monitoring
    > 349 |         console.warn(
          |                 ^
      350 |           `🚫 Open Demo user ${userId} (${req.user.email}) attempted restricted ${action} action: ${req.method} ${req.path}`
      351 |         );
      352 |

      at server/middleware/demo-security.ts:349:17
      at Object.<anonymous> (tests/security/demo-security-bypass.test.ts:913:9)

  console.warn
    🚫 Open Demo user demo-user-id (demo@example.com) attempted restricted read action: GET /api/users/task-async

      347 |       if (isOpenDemo) {
      348 |         // Log the attempted violation for security monitoring
    > 349 |         console.warn(
          |                 ^
      350 |           `🚫 Open Demo user ${userId} (${req.user.email}) attempted restricted ${action} action: ${req.method} ${req.path}`
      351 |         );
      352 |

      at server/middleware/demo-security.ts:349:17
      at Object.<anonymous> (tests/security/demo-security-bypass.test.ts:913:9)

  console.warn
    🚫 Open Demo user demo-user-id (demo@example.com) attempted restricted read action: GET /api/users/task-async

      347 |       if (isOpenDemo) {
      348 |         // Log the attempted violation for security monitoring
    > 349 |         console.warn(
          |                 ^
      350 |           `🚫 Open Demo user ${userId} (${req.user.email}) attempted restricted ${action} action: ${req.method} ${req.path}`
      351 |         );
      352 |

      at server/middleware/demo-security.ts:349:17
      at Object.<anonymous> (tests/security/demo-security-bypass.test.ts:913:9)

  console.warn
    🚫 Open Demo user demo-user-id (demo@example.com) attempted restricted read action: GET /api/buildings/12345678-1234-1234-1234-123456789abc/job-all

      347 |       if (isOpenDemo) {
      348 |         // Log the attempted violation for security monitoring
    > 349 |         console.warn(
          |                 ^
      350 |           `🚫 Open Demo user ${userId} (${req.user.email}) attempted restricted ${action} action: ${req.method} ${req.path}`
      351 |         );
      352 |

      at server/middleware/demo-security.ts:349:17
      at Object.<anonymous> (tests/security/demo-security-bypass.test.ts:939:9)

  console.warn
    🚫 Open Demo user demo-user-id (demo@example.com) attempted restricted manage action: GET /api/buildings/12345678-1234-1234-1234-123456789abc/trigger-work

      347 |       if (isOpenDemo) {
      348 |         // Log the attempted violation for security monitoring
    > 349 |         console.warn(
          |                 ^
      350 |           `🚫 Open Demo user ${userId} (${req.user.email}) attempted restricted ${action} action: ${req.method} ${req.path}`
      351 |         );
      352 |

      at server/middleware/demo-security.ts:349:17
      at Object.<anonymous> (tests/security/demo-security-bypass.test.ts:939:9)

  console.warn
    🚫 Open Demo user demo-user-id (demo@example.com) attempted restricted manage action: GET /api/buildings/12345678-1234-1234-1234-123456789abc/trigger-job

      347 |       if (isOpenDemo) {
      348 |         // Log the attempted violation for security monitoring
    > 349 |         console.warn(
          |                 ^
      350 |           `🚫 Open Demo user ${userId} (${req.user.email}) attempted restricted ${action} action: ${req.method} ${req.path}`
      351 |         );
      352 |

      at server/middleware/demo-security.ts:349:17
      at Object.<anonymous> (tests/security/demo-security-bypass.test.ts:939:9)

  console.warn
    🚫 Open Demo user demo-user-id (demo@example.com) attempted restricted read action: GET /api/buildings/12345678-1234-1234-1234-123456789abc/method-many

      347 |       if (isOpenDemo) {
      348 |         // Log the attempted violation for security monitoring
    > 349 |         console.warn(
          |                 ^
      350 |           `🚫 Open Demo user ${userId} (${req.user.email}) attempted restricted ${action} action: ${req.method} ${req.path}`
      351 |         );
      352 |

      at server/middleware/demo-security.ts:349:17
      at Object.<anonymous> (tests/security/demo-security-bypass.test.ts:939:9)

  console.warn
    🚫 Open Demo user demo-user-id (demo@example.com) attempted restricted read action: GET /api/buildings/12345678-1234-1234-1234-123456789abc/operation-sync

      347 |       if (isOpenDemo) {
      348 |         // Log the attempted violation for security monitoring
    > 349 |         console.warn(
          |                 ^
      350 |           `🚫 Open Demo user ${userId} (${req.user.email}) attempted restricted ${action} action: ${req.method} ${req.path}`
      351 |         );
      352 |

      at server/middleware/demo-security.ts:349:17
      at Object.<anonymous> (tests/security/demo-security-bypass.test.ts:939:9)

  console.warn
    🚫 Open Demo user demo-user-id (demo@example.com) attempted restricted read action: GET /api/buildings/12345678-1234-1234-1234-123456789abc/job-fast

      347 |       if (isOpenDemo) {
      348 |         // Log the attempted violation for security monitoring
    > 349 |         console.warn(
          |                 ^
      350 |           `🚫 Open Demo user ${userId} (${req.user.email}) attempted restricted ${action} action: ${req.method} ${req.path}`
      351 |         );
      352 |

      at server/middleware/demo-security.ts:349:17
      at Object.<anonymous> (tests/security/demo-security-bypass.test.ts:939:9)

  console.warn
    🚫 Open Demo user demo-user-id (demo@example.com) attempted restricted manage action: GET /api/buildings/12345678-1234-1234-1234-123456789abc/trigger-method

      347 |       if (isOpenDemo) {
      348 |         // Log the attempted violation for security monitoring
    > 349 |         console.warn(
          |                 ^
      350 |           `🚫 Open Demo user ${userId} (${req.user.email}) attempted restricted ${action} action: ${req.method} ${req.path}`
      351 |         );
      352 |

      at server/middleware/demo-security.ts:349:17
      at Object.<anonymous> (tests/security/demo-security-bypass.test.ts:939:9)

  console.warn
    🚫 Open Demo user demo-user-id (demo@example.com) attempted restricted read action: GET /api/buildings/12345678-1234-1234-1234-123456789abc/invoke-operation

      347 |       if (isOpenDemo) {
      348 |         // Log the attempted violation for security monitoring
    > 349 |         console.warn(
          |                 ^
      350 |           `🚫 Open Demo user ${userId} (${req.user.email}) attempted restricted ${action} action: ${req.method} ${req.path}`
      351 |         );
      352 |

      at server/middleware/demo-security.ts:349:17
      at Object.<anonymous> (tests/security/demo-security-bypass.test.ts:939:9)

  console.warn
    🚫 Open Demo user demo-user-id (demo@example.com) attempted restricted read action: GET /api/buildings/12345678-1234-1234-1234-123456789abc/operation-one

      347 |       if (isOpenDemo) {
      348 |         // Log the attempted violation for security monitoring
    > 349 |         console.warn(
          |                 ^
      350 |           `🚫 Open Demo user ${userId} (${req.user.email}) attempted restricted ${action} action: ${req.method} ${req.path}`
      351 |         );
      352 |

      at server/middleware/demo-security.ts:349:17
      at Object.<anonymous> (tests/security/demo-security-bypass.test.ts:939:9)

  console.warn
    🚫 Open Demo user demo-user-id (demo@example.com) attempted restricted manage action: GET /api/buildings/12345678-1234-1234-1234-123456789abc/start-function

      347 |       if (isOpenDemo) {
      348 |         // Log the attempted violation for security monitoring
    > 349 |         console.warn(
          |                 ^
      350 |           `🚫 Open Demo user ${userId} (${req.user.email}) attempted restricted ${action} action: ${req.method} ${req.path}`
      351 |         );
      352 |

      at server/middleware/demo-security.ts:349:17
      at Object.<anonymous> (tests/security/demo-security-bypass.test.ts:939:9)

  console.error
    ❌ Demo security middleware error: Database error

      375 |       next();
      376 |     } catch (error) {
    > 377 |       console.error(`❌ Demo security middleware error: ${error.message}`);
          |               ^
      378 |       // In case of error, fail secure with restriction message
      379 |       const restrictionResponse = createDemoRestrictionResponse(req);
      380 |       restrictionResponse.metadata.errorOccurred = true;

      at server/middleware/demo-security.ts:377:15
      at Object.<anonymous> (tests/security/demo-security-bypass.test.ts:963:7)

  console.warn
    🚫 Open Demo user demo-user-id (demo@example.com) attempted restricted read action: GET /api/budgets

      347 |       if (isOpenDemo) {
      348 |         // Log the attempted violation for security monitoring
    > 349 |         console.warn(
          |                 ^
      350 |           `🚫 Open Demo user ${userId} (${req.user.email}) attempted restricted ${action} action: ${req.method} ${req.path}`
      351 |         );
      352 |

      at server/middleware/demo-security.ts:349:17
      at Object.<anonymous> (tests/security/demo-security-bypass.test.ts:997:9)

  console.warn
    🚫 Open Demo user demo-user-id (demo@example.com) attempted restricted read action: GET /api/users

      347 |       if (isOpenDemo) {
      348 |         // Log the attempted violation for security monitoring
    > 349 |         console.warn(
          |                 ^
      350 |           `🚫 Open Demo user ${userId} (${req.user.email}) attempted restricted ${action} action: ${req.method} ${req.path}`
      351 |         );
      352 |

      at server/middleware/demo-security.ts:349:17
      at Object.<anonymous> (tests/security/demo-security-bypass.test.ts:1028:9)

  console.warn
    🚫 Open Demo user demo-user-id (demo@example.com) attempted restricted read action: GET /api/buildings

      347 |       if (isOpenDemo) {
      348 |         // Log the attempted violation for security monitoring
    > 349 |         console.warn(
          |                 ^
      350 |           `🚫 Open Demo user ${userId} (${req.user.email}) attempted restricted ${action} action: ${req.method} ${req.path}`
      351 |         );
      352 |

      at server/middleware/demo-security.ts:349:17
      at Object.<anonymous> (tests/security/demo-security-bypass.test.ts:1059:9)

  console.warn
    🚫 Open Demo user demo-user-id (demo@example.com) attempted restricted read action: GET /api/data

      347 |       if (isOpenDemo) {
      348 |         // Log the attempted violation for security monitoring
    > 349 |         console.warn(
          |                 ^
      350 |           `🚫 Open Demo user ${userId} (${req.user.email}) attempted restricted ${action} action: ${req.method} ${req.path}`
      351 |         );
      352 |

      at server/middleware/demo-security.ts:349:17
      at Object.<anonymous> (tests/security/demo-security-bypass.test.ts:1090:9)

  console.warn
    🚫 Open Demo user demo-user-id (demo@example.com) attempted restricted read action: GET /api/system

      347 |       if (isOpenDemo) {
      348 |         // Log the attempted violation for security monitoring
    > 349 |         console.warn(
          |                 ^
      350 |           `🚫 Open Demo user ${userId} (${req.user.email}) attempted restricted ${action} action: ${req.method} ${req.path}`
      351 |         );
      352 |

      at server/middleware/demo-security.ts:349:17
      at Object.<anonymous> (tests/security/demo-security-bypass.test.ts:1121:9)

  console.warn
    🚫 Open Demo user demo-user-id (demo@example.com) attempted restricted read action: GET /api/reports

      347 |       if (isOpenDemo) {
      348 |         // Log the attempted violation for security monitoring
    > 349 |         console.warn(
          |                 ^
      350 |           `🚫 Open Demo user ${userId} (${req.user.email}) attempted restricted ${action} action: ${req.method} ${req.path}`
      351 |         );
      352 |

      at server/middleware/demo-security.ts:349:17
      at Object.<anonymous> (tests/security/demo-security-bypass.test.ts:1152:9)

  console.warn
    🚫 Open Demo user demo-user-id (demo@example.com) attempted restricted read action: GET /api/data

      347 |       if (isOpenDemo) {
      348 |         // Log the attempted violation for security monitoring
    > 349 |         console.warn(
          |                 ^
      350 |           `🚫 Open Demo user ${userId} (${req.user.email}) attempted restricted ${action} action: ${req.method} ${req.path}`
      351 |         );
      352 |

      at server/middleware/demo-security.ts:349:17
      at Object.<anonymous> (tests/security/demo-security-bypass.test.ts:1185:9)

  console.warn
    🚫 Open Demo user demo-user-id (demo@example.com) attempted restricted read action: GET /api/system

      347 |       if (isOpenDemo) {
      348 |         // Log the attempted violation for security monitoring
    > 349 |         console.warn(
          |                 ^
      350 |           `🚫 Open Demo user ${userId} (${req.user.email}) attempted restricted ${action} action: ${req.method} ${req.path}`
      351 |         );
      352 |

      at server/middleware/demo-security.ts:349:17
      at Object.<anonymous> (tests/security/demo-security-bypass.test.ts:1216:9)

  console.warn
    🚫 Open Demo user demo-user-id (demo@example.com) attempted restricted read action: GET /api/features

      347 |       if (isOpenDemo) {
      348 |         // Log the attempted violation for security monitoring
    > 349 |         console.warn(
          |                 ^
      350 |           `🚫 Open Demo user ${userId} (${req.user.email}) attempted restricted ${action} action: ${req.method} ${req.path}`
      351 |         );
      352 |

      at server/middleware/demo-security.ts:349:17
      at Object.<anonymous> (tests/security/demo-security-bypass.test.ts:1247:9)

  console.warn
    🚫 Open Demo user demo-user-id (demo@example.com) attempted restricted read action: GET /api/config

      347 |       if (isOpenDemo) {
      348 |         // Log the attempted violation for security monitoring
    > 349 |         console.warn(
          |                 ^
      350 |           `🚫 Open Demo user ${userId} (${req.user.email}) attempted restricted ${action} action: ${req.method} ${req.path}`
      351 |         );
      352 |

      at server/middleware/demo-security.ts:349:17
      at Object.<anonymous> (tests/security/demo-security-bypass.test.ts:1278:9)

  console.warn
    🚫 Open Demo user demo-user-id (demo@example.com) attempted restricted read action: GET /api/data

      347 |       if (isOpenDemo) {
      348 |         // Log the attempted violation for security monitoring
    > 349 |         console.warn(
          |                 ^
      350 |           `🚫 Open Demo user ${userId} (${req.user.email}) attempted restricted ${action} action: ${req.method} ${req.path}`
      351 |         );
      352 |

      at server/middleware/demo-security.ts:349:17
      at Object.<anonymous> (tests/security/demo-security-bypass.test.ts:1311:9)

  console.warn
    🚫 Open Demo user demo-user-id (demo@example.com) attempted restricted read action: GET /api/system

      347 |       if (isOpenDemo) {
      348 |         // Log the attempted violation for security monitoring
    > 349 |         console.warn(
          |                 ^
      350 |           `🚫 Open Demo user ${userId} (${req.user.email}) attempted restricted ${action} action: ${req.method} ${req.path}`
      351 |         );
      352 |

      at server/middleware/demo-security.ts:349:17
      at Object.<anonymous> (tests/security/demo-security-bypass.test.ts:1342:9)

  console.warn
    🚫 Open Demo user demo-user-id (demo@example.com) attempted restricted read action: GET /api/users

      347 |       if (isOpenDemo) {
      348 |         // Log the attempted violation for security monitoring
    > 349 |         console.warn(
          |                 ^
      350 |           `🚫 Open Demo user ${userId} (${req.user.email}) attempted restricted ${action} action: ${req.method} ${req.path}`
      351 |         );
      352 |

      at server/middleware/demo-security.ts:349:17
      at Object.<anonymous> (tests/security/demo-security-bypass.test.ts:1375:9)

  console.warn
    🚫 Open Demo user demo-user-id (demo@example.com) attempted restricted read action: GET /api/users

      347 |       if (isOpenDemo) {
      348 |         // Log the attempted violation for security monitoring
    > 349 |         console.warn(
          |                 ^
      350 |           `🚫 Open Demo user ${userId} (${req.user.email}) attempted restricted ${action} action: ${req.method} ${req.path}`
      351 |         );
      352 |

      at server/middleware/demo-security.ts:349:17
      at Object.<anonymous> (tests/security/demo-security-bypass.test.ts:1430:9)

  console.warn
    🚫 Open Demo user demo-user-id (demo@example.com) attempted restricted read action: GET /api/test

      347 |       if (isOpenDemo) {
      348 |         // Log the attempted violation for security monitoring
    > 349 |         console.warn(
          |                 ^
      350 |           `🚫 Open Demo user ${userId} (${req.user.email}) attempted restricted ${action} action: ${req.method} ${req.path}`
      351 |         );
      352 |

      at server/middleware/demo-security.ts:349:17
      at Object.<anonymous> (tests/security/demo-security-bypass.test.ts:1476:13)

  console.warn
    🚫 Open Demo user demo-user-id (demo@example.com) attempted restricted read action: GET /api/test

      347 |       if (isOpenDemo) {
      348 |         // Log the attempted violation for security monitoring
    > 349 |         console.warn(
          |                 ^
      350 |           `🚫 Open Demo user ${userId} (${req.user.email}) attempted restricted ${action} action: ${req.method} ${req.path}`
      351 |         );
      352 |

      at server/middleware/demo-security.ts:349:17
      at Object.<anonymous> (tests/security/demo-security-bypass.test.ts:1476:13)

  console.warn
    🚫 Open Demo user demo-user-id (demo@example.com) attempted restricted read action: GET /api/test

      347 |       if (isOpenDemo) {
      348 |         // Log the attempted violation for security monitoring
    > 349 |         console.warn(
          |                 ^
      350 |           `🚫 Open Demo user ${userId} (${req.user.email}) attempted restricted ${action} action: ${req.method} ${req.path}`
      351 |         );
      352 |

      at server/middleware/demo-security.ts:349:17
      at Object.<anonymous> (tests/security/demo-security-bypass.test.ts:1476:13)

  console.warn
    🚫 Open Demo user demo-user-id (demo@example.com) attempted restricted read action: GET /api/test

      347 |       if (isOpenDemo) {
      348 |         // Log the attempted violation for security monitoring
    > 349 |         console.warn(
          |                 ^
      350 |           `🚫 Open Demo user ${userId} (${req.user.email}) attempted restricted ${action} action: ${req.method} ${req.path}`
      351 |         );
      352 |

      at server/middleware/demo-security.ts:349:17
      at Object.<anonymous> (tests/security/demo-security-bypass.test.ts:1476:13)

  console.warn
    🚫 Open Demo user demo-user-id (demo@example.com) attempted restricted read action: GET /api/test

      347 |       if (isOpenDemo) {
      348 |         // Log the attempted violation for security monitoring
    > 349 |         console.warn(
          |                 ^
      350 |           `🚫 Open Demo user ${userId} (${req.user.email}) attempted restricted ${action} action: ${req.method} ${req.path}`
      351 |         );
      352 |

      at server/middleware/demo-security.ts:349:17
      at Object.<anonymous> (tests/security/demo-security-bypass.test.ts:1476:13)

  console.warn
    🚫 Open Demo user demo-user-id (demo@example.com) attempted restricted read action: GET /api/test

      347 |       if (isOpenDemo) {
      348 |         // Log the attempted violation for security monitoring
    > 349 |         console.warn(
          |                 ^
      350 |           `🚫 Open Demo user ${userId} (${req.user.email}) attempted restricted ${action} action: ${req.method} ${req.path}`
      351 |         );
      352 |

      at server/middleware/demo-security.ts:349:17
      at Object.<anonymous> (tests/security/demo-security-bypass.test.ts:1476:13)

  console.warn
    🚫 Open Demo user demo-user-id (demo@example.com) attempted restricted read action: GET /api/test

      347 |       if (isOpenDemo) {
      348 |         // Log the attempted violation for security monitoring
    > 349 |         console.warn(
          |                 ^
      350 |           `🚫 Open Demo user ${userId} (${req.user.email}) attempted restricted ${action} action: ${req.method} ${req.path}`
      351 |         );
      352 |

      at server/middleware/demo-security.ts:349:17
      at Object.<anonymous> (tests/security/demo-security-bypass.test.ts:1476:13)

  console.warn
    🚫 Open Demo user demo-user-id (demo@example.com) attempted restricted read action: GET /api/test

      347 |       if (isOpenDemo) {
      348 |         // Log the attempted violation for security monitoring
    > 349 |         console.warn(
          |                 ^
      350 |           `🚫 Open Demo user ${userId} (${req.user.email}) attempted restricted ${action} action: ${req.method} ${req.path}`
      351 |         );
      352 |

      at server/middleware/demo-security.ts:349:17
      at Object.<anonymous> (tests/security/demo-security-bypass.test.ts:1476:13)

  console.warn
    🚫 Open Demo user demo-user-id (demo@example.com) attempted restricted read action: GET /api/test

      347 |       if (isOpenDemo) {
      348 |         // Log the attempted violation for security monitoring
    > 349 |         console.warn(
          |                 ^
      350 |           `🚫 Open Demo user ${userId} (${req.user.email}) attempted restricted ${action} action: ${req.method} ${req.path}`
      351 |         );
      352 |

      at server/middleware/demo-security.ts:349:17
      at Object.<anonymous> (tests/security/demo-security-bypass.test.ts:1476:13)

  console.warn
    🚫 Open Demo user demo-user-id (demo@example.com) attempted restricted read action: GET /api/test

      347 |       if (isOpenDemo) {
      348 |         // Log the attempted violation for security monitoring
    > 349 |         console.warn(
          |                 ^
      350 |           `🚫 Open Demo user ${userId} (${req.user.email}) attempted restricted ${action} action: ${req.method} ${req.path}`
      351 |         );
      352 |

      at server/middleware/demo-security.ts:349:17
      at Object.<anonymous> (tests/security/demo-security-bypass.test.ts:1476:13)

  console.warn
    🚫 Open Demo user demo-user-id (demo@example.com) attempted restricted read action: GET /api/test

      347 |       if (isOpenDemo) {
      348 |         // Log the attempted violation for security monitoring
    > 349 |         console.warn(
          |                 ^
      350 |           `🚫 Open Demo user ${userId} (${req.user.email}) attempted restricted ${action} action: ${req.method} ${req.path}`
      351 |         );
      352 |

      at server/middleware/demo-security.ts:349:17
      at Object.<anonymous> (tests/security/demo-security-bypass.test.ts:1476:13)

  console.warn
    🚫 Open Demo user demo-user-id (demo@example.com) attempted restricted read action: GET /api/test

      347 |       if (isOpenDemo) {
      348 |         // Log the attempted violation for security monitoring
    > 349 |         console.warn(
          |                 ^
      350 |           `🚫 Open Demo user ${userId} (${req.user.email}) attempted restricted ${action} action: ${req.method} ${req.path}`
      351 |         );
      352 |

      at server/middleware/demo-security.ts:349:17
      at Object.<anonymous> (tests/security/demo-security-bypass.test.ts:1476:13)

  console.warn
    🚫 Open Demo user demo-user-id (demo@example.com) attempted restricted read action: GET /api/test

      347 |       if (isOpenDemo) {
      348 |         // Log the attempted violation for security monitoring
    > 349 |         console.warn(
          |                 ^
      350 |           `🚫 Open Demo user ${userId} (${req.user.email}) attempted restricted ${action} action: ${req.method} ${req.path}`
      351 |         );
      352 |

      at server/middleware/demo-security.ts:349:17
      at Object.<anonymous> (tests/security/demo-security-bypass.test.ts:1476:13)

  console.warn
    🚫 Open Demo user demo-user-id (demo@example.com) attempted restricted read action: GET /api/test

      347 |       if (isOpenDemo) {
      348 |         // Log the attempted violation for security monitoring
    > 349 |         console.warn(
          |                 ^
      350 |           `🚫 Open Demo user ${userId} (${req.user.email}) attempted restricted ${action} action: ${req.method} ${req.path}`
      351 |         );
      352 |

      at server/middleware/demo-security.ts:349:17
      at Object.<anonymous> (tests/security/demo-security-bypass.test.ts:1476:13)

  console.warn
    🚫 Open Demo user demo-user-id (demo@example.com) attempted restricted read action: GET /api/test

      347 |       if (isOpenDemo) {
      348 |         // Log the attempted violation for security monitoring
    > 349 |         console.warn(
          |                 ^
      350 |           `🚫 Open Demo user ${userId} (${req.user.email}) attempted restricted ${action} action: ${req.method} ${req.path}`
      351 |         );
      352 |

      at server/middleware/demo-security.ts:349:17
      at Object.<anonymous> (tests/security/demo-security-bypass.test.ts:1476:13)

  console.warn
    🚫 Open Demo user demo-user-id (demo@example.com) attempted restricted read action: GET /api/test

      347 |       if (isOpenDemo) {
      348 |         // Log the attempted violation for security monitoring
    > 349 |         console.warn(
          |                 ^
      350 |           `🚫 Open Demo user ${userId} (${req.user.email}) attempted restricted ${action} action: ${req.method} ${req.path}`
      351 |         );
      352 |

      at server/middleware/demo-security.ts:349:17
      at Object.<anonymous> (tests/security/demo-security-bypass.test.ts:1476:13)

  console.warn
    🚫 Open Demo user demo-user-id (demo@example.com) attempted restricted read action: GET /api/test

      347 |       if (isOpenDemo) {
      348 |         // Log the attempted violation for security monitoring
    > 349 |         console.warn(
          |                 ^
      350 |           `🚫 Open Demo user ${userId} (${req.user.email}) attempted restricted ${action} action: ${req.method} ${req.path}`
      351 |         );
      352 |

      at server/middleware/demo-security.ts:349:17
      at Object.<anonymous> (tests/security/demo-security-bypass.test.ts:1476:13)

  console.warn
    🚫 Open Demo user demo-user-id (demo@example.com) attempted restricted read action: GET /api/test

      347 |       if (isOpenDemo) {
      348 |         // Log the attempted violation for security monitoring
    > 349 |         console.warn(
          |                 ^
      350 |           `🚫 Open Demo user ${userId} (${req.user.email}) attempted restricted ${action} action: ${req.method} ${req.path}`
      351 |         );
      352 |

      at server/middleware/demo-security.ts:349:17
      at Object.<anonymous> (tests/security/demo-security-bypass.test.ts:1476:13)

  console.warn
    🚫 Open Demo user demo-user-id (demo@example.com) attempted restricted read action: GET /api/test

      347 |       if (isOpenDemo) {
      348 |         // Log the attempted violation for security monitoring
    > 349 |         console.warn(
          |                 ^
      350 |           `🚫 Open Demo user ${userId} (${req.user.email}) attempted restricted ${action} action: ${req.method} ${req.path}`
      351 |         );
      352 |

      at server/middleware/demo-security.ts:349:17
      at Object.<anonymous> (tests/security/demo-security-bypass.test.ts:1476:13)

  console.warn
    🚫 Open Demo user demo-user-id (demo@example.com) attempted restricted read action: GET /api/test

      347 |       if (isOpenDemo) {
      348 |         // Log the attempted violation for security monitoring
    > 349 |         console.warn(
          |                 ^
      350 |           `🚫 Open Demo user ${userId} (${req.user.email}) attempted restricted ${action} action: ${req.method} ${req.path}`
      351 |         );
      352 |

      at server/middleware/demo-security.ts:349:17
      at Object.<anonymous> (tests/security/demo-security-bypass.test.ts:1476:13)

  console.warn
    🚫 Open Demo user demo-user-id (demo@example.com) attempted restricted read action: GET /api/test

      347 |       if (isOpenDemo) {
      348 |         // Log the attempted violation for security monitoring
    > 349 |         console.warn(
          |                 ^
      350 |           `🚫 Open Demo user ${userId} (${req.user.email}) attempted restricted ${action} action: ${req.method} ${req.path}`
      351 |         );
      352 |

      at server/middleware/demo-security.ts:349:17
      at Object.<anonymous> (tests/security/demo-security-bypass.test.ts:1476:13)

  console.warn
    🚫 Open Demo user demo-user-id (demo@example.com) attempted restricted read action: GET /api/test

      347 |       if (isOpenDemo) {
      348 |         // Log the attempted violation for security monitoring
    > 349 |         console.warn(
          |                 ^
      350 |           `🚫 Open Demo user ${userId} (${req.user.email}) attempted restricted ${action} action: ${req.method} ${req.path}`
      351 |         );
      352 |

      at server/middleware/demo-security.ts:349:17
      at Object.<anonymous> (tests/security/demo-security-bypass.test.ts:1476:13)

  console.warn
    🚫 Open Demo user demo-user-id (demo@example.com) attempted restricted read action: GET /api/test

      347 |       if (isOpenDemo) {
      348 |         // Log the attempted violation for security monitoring
    > 349 |         console.warn(
          |                 ^
      350 |           `🚫 Open Demo user ${userId} (${req.user.email}) attempted restricted ${action} action: ${req.method} ${req.path}`
      351 |         );
      352 |

      at server/middleware/demo-security.ts:349:17
      at Object.<anonymous> (tests/security/demo-security-bypass.test.ts:1476:13)

  console.warn
    🚫 Open Demo user demo-user-id (demo@example.com) attempted restricted read action: GET /api/test

      347 |       if (isOpenDemo) {
      348 |         // Log the attempted violation for security monitoring
    > 349 |         console.warn(
          |                 ^
      350 |           `🚫 Open Demo user ${userId} (${req.user.email}) attempted restricted ${action} action: ${req.method} ${req.path}`
      351 |         );
      352 |

      at server/middleware/demo-security.ts:349:17
      at Object.<anonymous> (tests/security/demo-security-bypass.test.ts:1476:13)

  console.warn
    🚫 Open Demo user demo-user-id (demo@example.com) attempted restricted read action: GET /api/test

      347 |       if (isOpenDemo) {
      348 |         // Log the attempted violation for security monitoring
    > 349 |         console.warn(
          |                 ^
      350 |           `🚫 Open Demo user ${userId} (${req.user.email}) attempted restricted ${action} action: ${req.method} ${req.path}`
      351 |         );
      352 |

      at server/middleware/demo-security.ts:349:17
      at Object.<anonymous> (tests/security/demo-security-bypass.test.ts:1476:13)

  console.warn
    🚫 Open Demo user demo-user-id (demo@example.com) attempted restricted read action: GET /api/test

      347 |       if (isOpenDemo) {
      348 |         // Log the attempted violation for security monitoring
    > 349 |         console.warn(
          |                 ^
      350 |           `🚫 Open Demo user ${userId} (${req.user.email}) attempted restricted ${action} action: ${req.method} ${req.path}`
      351 |         );
      352 |

      at server/middleware/demo-security.ts:349:17
      at Object.<anonymous> (tests/security/demo-security-bypass.test.ts:1476:13)

  console.warn
    🚫 Open Demo user demo-user-id (demo@example.com) attempted restricted read action: GET /api/test

      347 |       if (isOpenDemo) {
      348 |         // Log the attempted violation for security monitoring
    > 349 |         console.warn(
          |                 ^
      350 |           `🚫 Open Demo user ${userId} (${req.user.email}) attempted restricted ${action} action: ${req.method} ${req.path}`
      351 |         );
      352 |

      at server/middleware/demo-security.ts:349:17
      at Object.<anonymous> (tests/security/demo-security-bypass.test.ts:1476:13)

  console.warn
    🚫 Open Demo user demo-user-id (demo@example.com) attempted restricted read action: GET /api/test

      347 |       if (isOpenDemo) {
      348 |         // Log the attempted violation for security monitoring
    > 349 |         console.warn(
          |                 ^
      350 |           `🚫 Open Demo user ${userId} (${req.user.email}) attempted restricted ${action} action: ${req.method} ${req.path}`
      351 |         );
      352 |

      at server/middleware/demo-security.ts:349:17
      at Object.<anonymous> (tests/security/demo-security-bypass.test.ts:1476:13)

  console.warn
    🚫 Open Demo user demo-user-id (demo@example.com) attempted restricted read action: GET /api/test

      347 |       if (isOpenDemo) {
      348 |         // Log the attempted violation for security monitoring
    > 349 |         console.warn(
          |                 ^
      350 |           `🚫 Open Demo user ${userId} (${req.user.email}) attempted restricted ${action} action: ${req.method} ${req.path}`
      351 |         );
      352 |

      at server/middleware/demo-security.ts:349:17
      at Object.<anonymous> (tests/security/demo-security-bypass.test.ts:1476:13)

  console.warn
    🚫 Open Demo user demo-user-id (demo@example.com) attempted restricted read action: GET /api/test

      347 |       if (isOpenDemo) {
      348 |         // Log the attempted violation for security monitoring
    > 349 |         console.warn(
          |                 ^
      350 |           `🚫 Open Demo user ${userId} (${req.user.email}) attempted restricted ${action} action: ${req.method} ${req.path}`
      351 |         );
      352 |

      at server/middleware/demo-security.ts:349:17
      at Object.<anonymous> (tests/security/demo-security-bypass.test.ts:1476:13)

  console.log
    ✅ Test cleanup completed

      at Object.<anonymous> (jest.setup.simple.ts:35:11)

PASS tests/security/demo-security-bypass.test.ts
  Demo Security Bypass Prevention
    SECOND ROUND SECURITY FIXES: Query Parameter and Nested Path Bypasses
      ✓ should block Open Demo users from GET /api/data?export=1 (60 ms)
      ✓ should block Open Demo users from GET /api/backup?create=true (8 ms)
      ✓ should block Open Demo users from GET /api/sync?trigger=now (6 ms)
      ✓ should block Open Demo users from GET /api/users/uuid/run-task (78 ms)
      ✓ should block Open Demo users from GET /api/buildings/uuid/recalc (28 ms)
      ✓ should block Open Demo users from GET /api/data/reindex (15 ms)
      ✓ should block Open Demo users from GET /api/system/rebuild (23 ms)
      ✓ should block Open Demo users from GET /api/reports/calculate-stats (5 ms)
      ✓ should block Open Demo users from GET /api/analytics/process-data (4 ms)
    Critical Security Tests: GET Endpoints That Mutate State
      ✓ should block Open Demo users from GET /api/features/trigger-sync (4 ms)
      ✓ should block Open Demo users from GET /api/bills/123/generate-stats (7 ms)
      ✓ should block Open Demo users from GET /api/cleanup/orphan-report (21 ms)
      ✓ should block Open Demo users from GET /api/data/export (4 ms)
      ✓ should block Open Demo users from GET /api/backup/create (6 ms)
    Second Round Fix: Previously Vulnerable Nested Patterns Now Blocked
      ✓ should block nested paths that were previously allowed by broad regex (14 ms)
    Safe GET Endpoints Should Be Allowed
      ✓ should allow Open Demo users to access GET /api/users (3 ms)
      ✓ should allow Open Demo users to access GET /api/buildings (4 ms)
      ✓ should allow Open Demo users to access GET /api/health (14 ms)
    HTTP Method-Based Action Mapping
      ✓ should correctly map POST /api/buildings to create action (4 ms)
      ✓ should correctly map PUT /api/buildings/123 to update action (4 ms)
      ✓ should correctly map DELETE /api/buildings/123 to delete action (3 ms)
      ✓ should correctly map POST /api/buildings/assign to assign action (10 ms)
    THIRD ROUND SECURITY FIXES: Missed Dangerous Verbs
      ✓ should block Open Demo users from GET /api/users/start (7 ms)
      ✓ should block Open Demo users from GET /api/buildings/uuid/start (10 ms)
      ✓ should block Open Demo users from GET /api/users/stop (4 ms)
      ✓ should block Open Demo users from GET /api/buildings/uuid/stop (4 ms)
      ✓ should block Open Demo users from GET /api/users/pause (4 ms)
      ✓ should block Open Demo users from GET /api/buildings/uuid/pause (3 ms)
      ✓ should block Open Demo users from GET /api/users/resume (6 ms)
      ✓ should block Open Demo users from GET /api/buildings/uuid/resume (4 ms)
      ✓ should block Open Demo users from GET /api/users/toggle (4 ms)
      ✓ should block Open Demo users from GET /api/buildings/uuid/toggle (3 ms)
      ✓ should block Open Demo users from GET /api/users/enable (21 ms)
      ✓ should block Open Demo users from GET /api/buildings/uuid/enable (5 ms)
      ✓ should block Open Demo users from GET /api/users/disable (3 ms)
      ✓ should block Open Demo users from GET /api/buildings/uuid/disable (4 ms)
      ✓ should block Open Demo users from GET /api/users/init (4 ms)
      ✓ should block Open Demo users from GET /api/buildings/uuid/init (3 ms)
      ✓ should block Open Demo users from GET /api/users/seed (3 ms)
      ✓ should block Open Demo users from GET /api/buildings/uuid/seed (4 ms)
      ✓ should block Open Demo users from GET /api/users/migrate (3 ms)
      ✓ should block Open Demo users from GET /api/buildings/uuid/migrate (3 ms)
      ✓ should block Open Demo users from GET /api/users/prune (7 ms)
      ✓ should block Open Demo users from GET /api/buildings/uuid/prune (4 ms)
      ✓ should block Open Demo users from GET /api/data/start-process (4 ms)
      ✓ should block Open Demo users from GET /api/system/toggle-mode (3 ms)
      ✓ should block Open Demo users from GET /api/data/seed-database (3 ms)
      ✓ should block Open Demo users from GET /api/migration/prune-data (3 ms)
    STRUCTURAL VALIDATION: Extra Path Segments Security
      ✓ should block Open Demo users from GET /api/users/random-action (4 ms)
      ✓ should block Open Demo users from GET /api/buildings/uuid/any-extra-segment (3 ms)
      ✓ should allow Open Demo users to access exact collection paths (3 ms)
      ✓ should allow Open Demo users to access exact UUID resource paths (2 ms)
    PROPERTY-BASED TESTING: Random Verb Generation
      ✓ should block Open Demo users from all random verbs under /api/users/ (20 ms)
      ✓ should block Open Demo users from all random verbs under /api/buildings/uuid/ (21 ms)
    Error Handling
      ✓ should fail secure when an error occurs in the middleware (4 ms)
    FOURTH ROUND CRITICAL SECURITY FIXES: Query Parameter VALUE Bypasses
      Value-driven verbs with varied keys
        ✓ should block Open Demo users from GET /api/budgets?action=approve (17 ms)
        ✓ should block Open Demo users from GET /api/users?op=delete (8 ms)
        ✓ should block Open Demo users from GET /api/buildings?command=start (4 ms)
        ✓ should block Open Demo users from GET /api/data?task=migrate (6 ms)
        ✓ should block Open Demo users from GET /api/system?mode=cleanup (13 ms)
        ✓ should block Open Demo users from GET /api/reports?do=generate (5 ms)
      Boolean-like dangerous flags
        ✓ should block Open Demo users from GET /api/data?approve=true (5 ms)
        ✓ should block Open Demo users from GET /api/system?delete=1 (6 ms)
        ✓ should block Open Demo users from GET /api/features?sync=yes (4 ms)
        ✓ should block Open Demo users from GET /api/config?enable=on (36 ms)
      URL-encoded dangerous values
        ✓ should block Open Demo users from URL-encoded dangerous verbs (14 ms)
        ✓ should block Open Demo users from complex URL-encoded dangerous queries (11 ms)
      Deny-by-default allowlist policy for Demo users
        ✓ should block Open Demo users from non-allowlisted query parameters (8 ms)
        ✓ should allow Open Demo users with safe allowlisted query parameters (3 ms)
        ✓ should block Open Demo users from dangerous values in allowlisted parameters (5 ms)
      Property-based testing for edge cases
        ✓ should block Open Demo users from GET /api/test?action=start (10 ms)
        ✓ should block Open Demo users from GET /api/test?op=start (5 ms)
        ✓ should block Open Demo users from GET /api/test?operation=start (4 ms)
        ✓ should block Open Demo users from GET /api/test?action=stop (4 ms)
        ✓ should block Open Demo users from GET /api/test?op=stop (4 ms)
        ✓ should block Open Demo users from GET /api/test?operation=stop (3 ms)
        ✓ should block Open Demo users from GET /api/test?action=pause (4 ms)
        ✓ should block Open Demo users from GET /api/test?op=pause (9 ms)
        ✓ should block Open Demo users from GET /api/test?operation=pause (5 ms)
        ✓ should block Open Demo users from GET /api/test?action=resume (5 ms)
        ✓ should block Open Demo users from GET /api/test?op=resume (8 ms)
        ✓ should block Open Demo users from GET /api/test?operation=resume (5 ms)
        ✓ should block Open Demo users from GET /api/test?action=toggle (6 ms)
        ✓ should block Open Demo users from GET /api/test?op=toggle (6 ms)
        ✓ should block Open Demo users from GET /api/test?operation=toggle (3 ms)
        ✓ should block Open Demo users from GET /api/test?action=enable (4 ms)
        ✓ should block Open Demo users from GET /api/test?op=enable (2 ms)
        ✓ should block Open Demo users from GET /api/test?operation=enable (4 ms)
        ✓ should block Open Demo users from GET /api/test?action=disable (4 ms)
        ✓ should block Open Demo users from GET /api/test?op=disable (5 ms)
        ✓ should block Open Demo users from GET /api/test?operation=disable (5 ms)
        ✓ should block Open Demo users from GET /api/test?action=init (17 ms)
        ✓ should block Open Demo users from GET /api/test?op=init (5 ms)
        ✓ should block Open Demo users from GET /api/test?operation=init (7 ms)
        ✓ should block Open Demo users from GET /api/test?action=seed (4 ms)
        ✓ should block Open Demo users from GET /api/test?op=seed (5 ms)
        ✓ should block Open Demo users from GET /api/test?operation=seed (4 ms)
        ✓ should block Open Demo users from GET /api/test?action=migrate (3 ms)
        ✓ should block Open Demo users from GET /api/test?op=migrate (4 ms)
        ✓ should block Open Demo users from GET /api/test?operation=migrate (35 ms)
      Non-Demo users should not be affected by strict query validation
        ✓ should allow regular users with potentially dangerous query values if path is allowlisted (9 ms)
    Unauthenticated Requests
      ✓ should skip demo security checks for unauthenticated requests (15 ms)

  console.log
    🔧 Simplified Jest setup started

      at Object.<anonymous> (jest.setup.simple.ts:20:9)

  console.log
    ✅ Simplified Jest setup completed

      at Object.<anonymous> (jest.setup.simple.ts:69:9)

  console.log
    ✅ Test setup initialized

      at Object.<anonymous> (jest.setup.simple.ts:24:11)

  console.log
    ✅ Test cleanup completed

      at Object.<anonymous> (jest.setup.simple.ts:35:11)

FAIL tests/unit/communication/communication-page.test.tsx (14.722 s)
  Communication Page Test Suite
    Component Rendering and RBAC
      ✓ should render communication page for admin users (70 ms)
      ✓ should render communication page for manager users (22 ms)
      ✓ should render communication page for demo_manager users (14 ms)
      ✓ should restrict general communication form for resident users (8 ms)
      ✓ should restrict general communication form for tenant users (6 ms)
    Notification Preferences Panel
      ✕ should render all 17 notification types (1027 ms)
      ✕ should render all 7 frequency options (1023 ms)
      ✕ should handle bulk actions for setting all preferences to same frequency (1018 ms)
      ✕ should toggle notification preference enabled state (1056 ms)
      ✕ should save notification preferences (1047 ms)
      ✕ should reset notification preferences (1085 ms)
      ✕ should handle notification preferences API error (1038 ms)
    General Communication Form
      ✓ should render general communication form elements (23 ms)
      ✓ should render all urgency level options (38 ms)
      ✓ should validate required fields (40 ms)
      ✕ should submit general communication form with correct data (1285 ms)
      ✕ should handle organization filtering (1016 ms)
      ✕ should handle recipient role selection (31 ms)
      ✓ should handle general communication API error (129 ms)
    Meeting Planning Form
      ✓ should render meeting planning form elements (24 ms)
      ✓ should validate meeting form required fields (49 ms)
      ✕ should submit meeting invitation with correct data (1351 ms)
      ✕ should handle invited roles selection for meetings (28 ms)
      ✓ should handle meeting invitation API error (196 ms)
    Bilingual Support
      ✓ should support French language interface (16 ms)
      ✓ should support English language interface (10 ms)
    Loading States and Error Handling
      ✓ should show loading state while fetching preferences (17 ms)
      ✓ should show loading state during form submission (153 ms)
      ✕ should handle network errors gracefully (1028 ms)
    Form Reset and State Management
      ✕ should reset general communication form after successful submission (1129 ms)
      ✓ should reset meeting form after successful submission (197 ms)

  ● Communication Page Test Suite › Notification Preferences Panel › should render all 17 notification types

    expect(jest.fn()).toHaveBeenCalledWith(...expected)

    Expected: "GET", "/api/communication/preferences"

    Number of calls: 0

    Ignored nodes: comments, script, style
    [36m<html>[39m
      [36m<head />[39m
      [36m<body>[39m
        [36m<div>[39m
          [36m<div[39m
            [33mdata-testid[39m=[32m"router"[39m
          [36m>[39m
            [36m<div[39m
              [33mdata-testid[39m=[32m"language-provider"[39m
            [36m>[39m
              [36m<div[39m
                [33mdata-testid[39m=[32m"auth-provider"[39m
              [36m>[39m
                [36m<div[39m
                  [33mdata-testid[39m=[32m"mobile-menu-provider"[39m
                [36m>[39m
                  [36m<div[39m
                    [33mdata-testid[39m=[32m"communication-page"[39m
                  [36m>[39m
                    [36m<div[39m
                      [33mdata-testid[39m=[32m"notification-preferences-panel"[39m
                    [36m>[39m
                      [36m<div[39m
                        [33mdata-testid[39m=[32m"preferences-loading"[39m
                      [36m>[39m
                        [0mLoading preferences...[0m
                      [36m</div>[39m
                      [36m<div[39m
                        [33mdata-testid[39m=[32m"bulk-frequency-select"[39m
                      [36m>[39m
                        [36m<select[39m
                          [33mdata-testid[39m=[32m"bulk-frequency-select"[39m
                        [36m>[39m
                          [36m<option[39m
                            [33mvalue[39m=[32m"immediate"[39m
                          [36m>[39m
                            [0mImmediate[0m
                          [36m</option>[39m
                          [36m<option[39m
                            [33mvalue[39m=[32m"weekly"[39m
                          [36m>[39m
                            [0mWeekly[0m
                          [36m</option>[39m
                          [36m<option[39m
                            [33mvalue[39m=[32m"monthly"[39m
                          [36m>[39m
                            [0mMonthly[0m
                          [36m</option>[39m
                        [36m</select>[39m
                      [36m</div>[39m
                      [36m<button[39m
                        [33mdata-testid[39m=[32m"apply-bulk-frequency"[39m
                      [36m>[39m
                        [0mApply Bulk[0m
                      [36m</button>[39m
                      [36m<button[39m
                        [33mdata-testid[39m=[32m"save-preferences"[39m
                      [36m>[39m
                        [0mSave Preferences[0m
                      [36m</button>[39m
                      [36m<button[39m
                        [33mdata-testid[39m=[32m"reset-preferences"[39m
                      [36m>[39m
                        [0mReset Preferences[0m
                      [36m</button>[39m
                      [36m<div[39m
                        [33mdata-testid[39m=[32m"preference-toggle-bill_reminder"[39m
                      [36m>[39m
                        [36m<input[39m
                          [33mchecked[39m=[32m""[39m
                          [33mtype[39m=[32m"checkbox"[39m
                        [36m/>[39m
                      [36m</div>[39m
                      [36m<div>[39m
                        [0mbill_reminder[0m
                      [36m</div>[39m
                      [36m<div>[39m
                        [0mmaintenance_update[0m
                      [36m</div>[39m
                      [36m<div>[39m
                        [0mannouncement[0m
                      [36m</div>[39m
                      [36m<div>[39m
                        [0memergency[0m
                      [36m</div>[39m
                      [36m<div>[39m
                        [0mmeeting_invite[0m
                      [36m</div>[39m
                      [36m<div>[39m
                        [0mpolicy_change[0m
                      [36m</div>[39m
                      [36m<div>[39m
                        [0mseasonal_reminder[0m
                      [36m</div>[39m
                      [36m<select>[39m
                        [36m<option[39m
                          [33mselected[39m=[32m""[39m
                          [33mvalue[39m=[32m"immediate"[39m
                        [36m>[39m
                          [0mimmediate[0m
                        [36m</option>[39m
                        [36m<option[39m
                          [33mvalue[39m=[32m"weekly"[39m
                        [36m>[39m
                          [0mweekly[0m
                        [36m</option>[39m
                        [36m<option[39m
                          [33mvalue[39m=[32m"monthly"[39m
                        [36m>[39m
                          [0mmonthly[0m
                        [36m</option>[39m
                        [36m<option[39m
                          [33mvalue[39m=[32m"quarterly"[39m
                        [36m>[39m
                          [0mquarterly[0m
                        [36m</option>[39m
                      [36m</select>[39m
                    [36m</div>[39m
                    [36m<form[39m
                      [33mdata-testid[39m=[32m"general-communication-form"[39m
                    [36m>[39m
                      [36m<input[39m
                        [33mdata-testid[39m=[32m"input-communication-title"[39m
                        [33mplaceholder[39m=[32m"Title"[39m
                      [36m/>[39m
                      [36m<textarea[39m
                        [33mdata-testid[39m=[32m"textarea-communication-content"[39m
                        [33mplaceholder[39m=[32m"Content"[39m
                      [36m/>[39m
                      [36m<select[39m
                        [33mdata-testid[39m=[32m"select-urgency-level"[39m
                      [36m>[39m
                        [36m<option[39m
                          [33mvalue[39m=[32m"low"[39m
                        [36m>[39m
                          [0mlow[0m
                        [36m</option>[39m
                        [36m<option[39m
                          [33mvalue[39m=[32m"medium"[39m
                        [36m>[39m
                          [0mmedium[0m
                        [36m</option>[39m
                        [36m<option[39m
                          [33mvalue[39m=[32m"high"[39m
                        [36m>[39m
                          [0mhigh[0m
                        [36m</option>[39m
                        [36m<option[39m
                          [33mvalue[39m=[32m"urgent"[39m
                        [36m>[39m
                          [0murgent[0m
                        [36m</option>[39m
                      [36m</select>[39m
                      [36m<select[39m
                        [33mdata-testid[39m=[32m"select-organization"[39m
                      [36m>[39m
                        [36m<option[39m
                          [33mvalue[39m=[32m"org1"[39m
                        [36m>[39m
                          [0mTest Organization 1[0m
                        [36m</option>[39m
                        [36m<option[39m
                          [33mvalue[39m=[32m"org2"[39m
                        [36m>[39m
                          [0mTest Organization 2[0m
                        [36m</option>[39m
                      [36m</select>[39m
                      [36m<select[39m
                        [33mdata-testid[39m=[32m"select-recipient-roles"[39m
                      [36m>[39m
                        [36m<option[39m
                          [33mvalue[39m=[32m"all"[39m
                        [36m>[39m
                          [0mall[0m
                        [36m</option>[39m
                        [36m<option[39m
                          [33mvalue[39m=[32m"resident"[39m
                        [36m>[39m
                          [0mresident[0m
                        [36m</option>[39m
                        [36m<option[39m
                          [33mvalue[39m=[32m"tenant"[39m
                        [36m>[39m
                          [0mtenant[0m
                        [36m</option>[39m
                        [36m<option[39m
                          [33mvalue[39m=[32m"manager"[39m
                        [36m>[39m
                          [0mmanager[0m
                        [36m</option>[39m
                        [36m<option[39m
                          [33mvalue[39m=[32m"admin"[39m
                        [36m>[39m
                          [0madmin[0m
                        [36m</option>[39m
                      [36m</select>[39m
                      [36m<button[39m
                        [33mdata-testid[39m=[32m"button-send-communication"[39m
                        [33mtype[39m=[32m"submit"[39m
                      [36m>[39m
                        [0mSend Communication[0m
                      [36m</button>[39m
                      [36m<div[39m
                        [33mdata-testid[39m=[32m"form-submitting"[39m
                        [33mstyle[39m=[32m"display: none;"[39m
                      [36m>[39m
                        [0mSubmitting...[0m
                      [36m</div>[39m
                      [36m<div[39m
                        [33mdata-testid[39m=[32m"title-required"[39m
                        [33mstyle[39m=[32m"display: none;"[39m
                      [36m>[39m
                        [0mTitle is required[0m
                      [36m</div>[39m
                      [36m<div[39m
                        [33mdata-testid[39m=[32m"content-required"[39m
                        [33mstyle[39m=[32m"display: none;"[39m
                      [36m>[39m
                        [0mContent is required[0m
                      [36m</div>[39m
                    [36m</form>[39m
                    [36m<form[39m
                      [33mdata-testid[39m=[32m"meeting-planning-form"[39m
                    [36m>[39m
                      [36m<input[39m
                        [33mdata-testid[39m=[32m"input-meeting-title"[39m
                        [33mplaceholder[39m=[32m"Meeting Title"[39m
                      [36m/>[39m
                      [36m<textarea[39m
                        [33mdata-testid[39m=[32m"textarea-meeting-description"[39m
                        [33mplaceholder[39m=[32m"Description"[39m
                      [36m/>[39m
                      [36m<input[39m
                        [33mdata-testid[39m=[32m"input-meeting-location"[39m
                        [33mplaceholder[39m=[32m"Location"[39m
                      [36m/>[39m
                      [36m<input[39m
                        [33mdata-testid[39m=[32m"input-meeting-date"[39m
                        [33mtype[39m=[32m"datetime-local"[39m
                      [36m/>[39m
                      [36m<input[39m
                        [33mdata-testid[39m=[32m"input-meeting-duration"[39m
                        [33mtype[39m=[32m"number"[39m
                        [33mvalue[39m=[32m"60"[39m
                      [36m/>[39m
                      [36m<select[39m
                        [33mdata-testid[39m=[32m"select-invited-roles"[39m
                      [36m>[39m
                        [36m<option[39m
                          [33mvalue[39m=[32m"all"[39m
                        [36m>[39m
                          [0mall[0m
                        [36m</option>[39m
                        [36m<option[39m
                          [33mvalue[39m=[32m"resident"[39m
                        [36m>[39m
                          [0mresident[0m
                        [36m</option>[39m
                        [36m<option[39m
                          [33mvalue[39m=[32m"manager"[39m
                        [36m>[39m
                          [0mmanager[0m
                        [36m</option>[39m
                        [36m<option[39m
                          [33mvalue[39m=[32m"admin"[39m
                        [36m>[39m
                          [0madmin[0m
                        [36m</option>[39m
                      [36m</select>[39m
                      [36m<button[39m
                        [33mdata-testid[39m=[32m"button-send-meeting-invite"[39m
                        [33mtype[39m=[32m"submit"[39m
                      [36m>[39m
                        [0mSend Meeting Invite[0m
                      [36m</button>[39m
                      [36m<div[39m
                        [33mdata-testid[39m=[32m"meeting-title-required"[39m
                        [33mstyle[39m=[32m"display: none;"[39m
                      [36m>[39m
                        [0mTitle is required[0m
                      [36m</div>[39m
                      [36m<div[39m
                        [33mdata-testid[39m=[32m"meeting-location-required"[39m
                        [33mstyle[39m=[32m"display: none;"[39m
                      [36m>[39m
                        [0mLocation is required[0m
                      [36m</div>[39m
                      [36m<div[39m
                        [33mdata-testid[39m=[32m"meeting-duration-required"[39m
                        [33mstyle[39m=[32m"display: none;"[39m
                      [36m>[39m
                        [0mDuration must be a positive number[0m
                      [36m</div>[39m
                    [36m</form>[39m
                  [36m</div>[39m
                [36m</div>[39m
              [36m</div>[39m
            [36m</div>[39m
          [36m</div>[39m
        [36m</div>[39m
      [36m</body>[39m
    [36m</html>[39m

      519 |
      520 |       await waitFor(() => {
    > 521 |         expect(mockApiRequest).toHaveBeenCalledWith('GET', '/api/communication/preferences');
          |                                ^
      522 |       });
      523 |
      524 |       // Check for specific notification types

      at tests/unit/communication/communication-page.test.tsx:521:32
      at runWithExpensiveErrorDiagnosticsDisabled (node_modules/@testing-library/dom/dist/config.js:47:12)
      at checkCallback (node_modules/@testing-library/dom/dist/wait-for.js:124:77)
      at checkRealTimersCallback (node_modules/@testing-library/dom/dist/wait-for.js:118:16)
      at Timeout.task [as _onTimeout] (node_modules/jsdom/lib/jsdom/browser/Window.js:579:19)

  ● Communication Page Test Suite › Notification Preferences Panel › should render all 7 frequency options

    Unable to find an element with the display value: weekly.

    Ignored nodes: comments, script, style
    [36m<body>[39m
      [36m<div>[39m
        [36m<div[39m
          [33mdata-testid[39m=[32m"router"[39m
        [36m>[39m
          [36m<div[39m
            [33mdata-testid[39m=[32m"language-provider"[39m
          [36m>[39m
            [36m<div[39m
              [33mdata-testid[39m=[32m"auth-provider"[39m
            [36m>[39m
              [36m<div[39m
                [33mdata-testid[39m=[32m"mobile-menu-provider"[39m
              [36m>[39m
                [36m<div[39m
                  [33mdata-testid[39m=[32m"communication-page"[39m
                [36m>[39m
                  [36m<div[39m
                    [33mdata-testid[39m=[32m"notification-preferences-panel"[39m
                  [36m>[39m
                    [36m<div[39m
                      [33mdata-testid[39m=[32m"preferences-loading"[39m
                    [36m>[39m
                      [0mLoading preferences...[0m
                    [36m</div>[39m
                    [36m<div[39m
                      [33mdata-testid[39m=[32m"bulk-frequency-select"[39m
                    [36m>[39m
                      [36m<select[39m
                        [33mdata-testid[39m=[32m"bulk-frequency-select"[39m
                      [36m>[39m
                        [36m<option[39m
                          [33mvalue[39m=[32m"immediate"[39m
                        [36m>[39m
                          [0mImmediate[0m
                        [36m</option>[39m
                        [36m<option[39m
                          [33mvalue[39m=[32m"weekly"[39m
                        [36m>[39m
                          [0mWeekly[0m
                        [36m</option>[39m
                        [36m<option[39m
                          [33mvalue[39m=[32m"monthly"[39m
                        [36m>[39m
                          [0mMonthly[0m
                        [36m</option>[39m
                      [36m</select>[39m
                    [36m</div>[39m
                    [36m<button[39m
                      [33mdata-testid[39m=[32m"apply-bulk-frequency"[39m
                    [36m>[39m
                      [0mApply Bulk[0m
                    [36m</button>[39m
                    [36m<button[39m
                      [33mdata-testid[39m=[32m"save-preferences"[39m
                    [36m>[39m
                      [0mSave Preferences[0m
                    [36m</button>[39m
                    [36m<button[39m
                      [33mdata-testid[39m=[32m"reset-preferences"[39m
                    [36m>[39m
                      [0mReset Preferences[0m
                    [36m</button>[39m
                    [36m<div[39m
                      [33mdata-testid[39m=[32m"preference-toggle-bill_reminder"[39m
                    [36m>[39m
                      [36m<input[39m
                        [33mchecked[39m=[32m""[39m
                        [33mtype[39m=[32m"checkbox"[39m
                      [36m/>[39m
                    [36m</div>[39m
                    [36m<div>[39m
                      [0mbill_reminder[0m
                    [36m</div>[39m
                    [36m<div>[39m
                      [0mmaintenance_update[0m
                    [36m</div>[39m
                    [36m<div>[39m
                      [0mannouncement[0m
                    [36m</div>[39m
                    [36m<div>[39m
                      [0memergency[0m
                    [36m</div>[39m
                    [36m<div>[39m
                      [0mmeeting_invite[0m
                    [36m</div>[39m
                    [36m<div>[39m
                      [0mpolicy_change[0m
                    [36m</div>[39m
                    [36m<div>[39m
                      [0mseasonal_reminder[0m
                    [36m</div>[39m
                    [36m<select>[39m
                      [36m<option[39m
                        [33mselected[39m=[32m""[39m
                        [33mvalue[39m=[32m"immediate"[39m
                      [36m>[39m
                        [0mimmediate[0m
                      [36m</option>[39m
                      [36m<option[39m
                        [33mvalue[39m=[32m"weekly"[39m
                      [36m>[39m
                        [0mweekly[0m
                      [36m</option>[39m
                      [36m<option[39m
                        [33mvalue[39m=[32m"monthly"[39m
                      [36m>[39m
                        [0mmonthly[0m
                      [36m</option>[39m
                      [36m<option[39m
                        [33mvalue[39m=[32m"quarterly"[39m
                      [36m>[39m
                        [0mquarterly[0m
                      [36m</option>[39m
                    [36m</select>[39m
                  [36m</div>[39m
                  [36m<form[39m
                    [33mdata-testid[39m=[32m"general-communication-form"[39m
                  [36m>[39m
                    [36m<input[39m
                      [33mdata-testid[39m=[32m"input-communication-title"[39m
                      [33mplaceholder[39m=[32m"Title"[39m
                    [36m/>[39m
                    [36m<textarea[39m
                      [33mdata-testid[39m=[32m"textarea-communication-content"[39m
                      [33mplaceholder[39m=[32m"Content"[39m
                    [36m/>[39m
                    [36m<select[39m
                      [33mdata-testid[39m=[32m"select-urgency-level"[39m
                    [36m>[39m
                      [36m<option[39m
                        [33mvalue[39m=[32m"low"[39m
                      [36m>[39m
                        [0mlow[0m
                      [36m</option>[39m
                      [36m<option[39m
                        [33mvalue[39m=[32m"medium"[39m
                      [36m>[39m
                        [0mmedium[0m
                      [36m</option>[39m
                      [36m<option[39m
                        [33mvalue[39m=[32m"high"[39m
                      [36m>[39m
                        [0mhigh[0m
                      [36m</option>[39m
                      [36m<option[39m
                        [33mvalue[39m=[32m"urgent"[39m
                      [36m>[39m
                        [0murgent[0m
                      [36m</option>[39m
                    [36m</select>[39m
                    [36m<select[39m
                      [33mdata-testid[39m=[32m"select-organization"[39m
                    [36m>[39m
                      [36m<option[39m
                        [33mvalue[39m=[32m"org1"[39m
                      [36m>[39m
                        [0mTest Organization 1[0m
                      [36m</option>[39m
                      [36m<option[39m
                        [33mvalue[39m=[32m"org2"[39m
                      [36m>[39m
                        [0mTest Organization 2[0m
                      [36m</option>[39m
                    [36m</select>[39m
                    [36m<select[39m
                      [33mdata-testid[39m=[32m"select-recipient-roles"[39m
                    [36m>[39m
                      [36m<option[39m
                        [33mvalue[39m=[32m"all"[39m
                      [36m>[39m
                        [0mall[0m
                      [36m</option>[39m
                      [36m<option[39m
                        [33mvalue[39m=[32m"resident"[39m
                      [36m>[39m
                        [0mresident[0m
                      [36m</option>[39m
                      [36m<option[39m
                        [33mvalue[39m=[32m"tenant"[39m
                      [36m>[39m
                        [0mtenant[0m
                      [36m</option>[39m
                      [36m<option[39m
                        [33mvalue[39m=[32m"manager"[39m
                      [36m>[39m
                        [0mmanager[0m
                      [36m</option>[39m
                      [36m<option[39m
                        [33mvalue[39m=[32m"admin"[39m
                      [36m>[39m
                        [0madmin[0m
                      [36m</option>[39m
                    [36m</select>[39m
                    [36m<button[39m
                      [33mdata-testid[39m=[32m"button-send-communication"[39m
                      [33mtype[39m=[32m"submit"[39m
                    [36m>[39m
                      [0mSend Communication[0m
                    [36m</button>[39m
                    [36m<div[39m
                      [33mdata-testid[39m=[32m"form-submitting"[39m
                      [33mstyle[39m=[32m"display: none;"[39m
                    [36m>[39m
                      [0mSubmitting...[0m
                    [36m</div>[39m
                    [36m<div[39m
                      [33mdata-testid[39m=[32m"title-required"[39m
                      [33mstyle[39m=[32m"display: none;"[39m
                    [36m>[39m
                      [0mTitle is required[0m
                    [36m</div>[39m
                    [36m<div[39m
                      [33mdata-testid[39m=[32m"content-required"[39m
                      [33mstyle[39m=[32m"display: none;"[39m
                    [36m>[39m
                      [0mContent is required[0m
                    [36m</div>[39m
                  [36m</form>[39m
                  [36m<form[39m
                    [33mdata-testid[39m=[32m"meeting-planning-form"[39m
                  [36m>[39m
                    [36m<input[39m
                      [33mdata-testid[39m=[32m"input-meeting-title"[39m
                      [33mplaceholder[39m=[32m"Meeting Title"[39m
                    [36m/>[39m
                    [36m<textarea[39m
                      [33mdata-testid[39m=[32m"textarea-meeting-description"[39m
                      [33mplaceholder[39m=[32m"Description"[39m
                    [36m/>[39m
                    [36m<input[39m
                      [33mdata-testid[39m=[32m"input-meeting-location"[39m
                      [33mplaceholder[39m=[32m"Location"[39m
                    [36m/>[39m
                    [36m<input[39m
                      [33mdata-testid[39m=[32m"input-meeting-date"[39m
                      [33mtype[39m=[32m"datetime-local"[39m
                    [36m/>[39m
                    [36m<input[39m
                      [33mdata-testid[39m=[32m"input-meeting-duration"[39m
                      [33mtype[39m=[32m"number"[39m
                      [33mvalue[39m=[32m"60"[39m
                    [36m/>[39m
                    [36m<select[39m
                      [33mdata-testid[39m=[32m"select-invited-roles"[39m
                    [36m>[39m
                      [36m<option[39m
                        [33mvalue[39m=[32m"all"[39m
                      [36m>[39m
                        [0mall[0m
                      [36m</option>[39m
                      [36m<option[39m
                        [33mvalue[39m=[32m"resident"[39m
                      [36m>[39m
                        [0mresident[0m
                      [36m</option>[39m
                      [36m<option[39m
                        [33mvalue[39m=[32m"manager"[39m
                      [36m>[39m
                        [0mmanager[0m
                      [36m</option>[39m
                      [36m<option[39m
                        [33mvalue[39m=[32m"admin"[39m
                      [36m>[39m
                        [0madmin[0m
                      [36m</option>[39m
                    [36m</select>[39m
                    [36m<button[39m
                      [33mdata-testid[39m=[32m"button-send-meeting-invite"[39m
                      [33mtype[39m=[32m"submit"[39m
                    [36m>[39m
                      [0mSend Meeting Invite[0m
                    [36m</button>[39m
                    [36m<div[39m
                      [33mdata-testid[39m=[32m"meeting-title-required"[39m
                      [33mstyle[39m=[32m"display: none;"[39m
                    [36m>[39m
                      [0mTitle is required[0m
                    [36m</div>[39m
                    [36m<div[39m
                      [33mdata-testid[39m=[32m"meeting-location-required"[39m
                      [33mstyle[39m=[32m"display: none;"[39m
                    [36m>[39m
                      [0mLocation is required[0m
                    [36m</div>[39m
                    [36m<div[39m
                      [33mdata-testid[39m=[32m"meeting-duration-required"[39m
                      [33mstyle[39m=[32m"display: none;"[39m
                    [36m>[39m
                      [0mDuration must be a positive number[0m
                    [36m</div>[39m
                  [36m</form>[39m
                [36m</div>[39m
              [36m</div>[39m
            [36m</div>[39m
          [36m</div>[39m
        [36m</div>[39m
      [36m</div>[39m
    [36m</body>[39m

      535 |       customRender(<MockCommunicationPage />);
      536 |
    > 537 |       await waitFor(() => {
          |                    ^
      538 |         expect(screen.getByDisplayValue('immediate')).toBeInTheDocument();
      539 |         expect(screen.getByDisplayValue('weekly')).toBeInTheDocument();
      540 |         expect(screen.getByDisplayValue('monthly')).toBeInTheDocument();

      at waitForWrapper (node_modules/@testing-library/dom/dist/wait-for.js:163:27)
      at Object.<anonymous> (tests/unit/communication/communication-page.test.tsx:537:20)

  ● Communication Page Test Suite › Notification Preferences Panel › should handle bulk actions for setting all preferences to same frequency

    Found multiple elements by: [data-testid="bulk-frequency-select"]

    Here are the matching elements:

    Ignored nodes: comments, script, style
    [36m<div[39m
      [33mdata-testid[39m=[32m"bulk-frequency-select"[39m
    [36m>[39m
      [36m<select[39m
        [33mdata-testid[39m=[32m"bulk-frequency-select"[39m
      [36m>[39m
        [36m<option[39m
          [33mvalue[39m=[32m"immediate"[39m
        [36m>[39m
          [0mImmediate[0m
        [36m</option>[39m
        [36m<option[39m
          [33mvalue[39m=[32m"weekly"[39m
        [36m>[39m
          [0mWeekly[0m
        [36m</option>[39m
        [36m<option[39m
          [33mvalue[39m=[32m"monthly"[39m
        [36m>[39m
          [0mMonthly[0m
        [36m</option>[39m
      [36m</select>[39m
    [36m</div>[39m

    Ignored nodes: comments, script, style
    [36m<select[39m
      [33mdata-testid[39m=[32m"bulk-frequency-select"[39m
    [36m>[39m
      [36m<option[39m
        [33mvalue[39m=[32m"immediate"[39m
      [36m>[39m
        [0mImmediate[0m
      [36m</option>[39m
      [36m<option[39m
        [33mvalue[39m=[32m"weekly"[39m
      [36m>[39m
        [0mWeekly[0m
      [36m</option>[39m
      [36m<option[39m
        [33mvalue[39m=[32m"monthly"[39m
      [36m>[39m
        [0mMonthly[0m
      [36m</option>[39m
    [36m</select>[39m

    (If this is intentional, then use the `*AllBy*` variant of the query (like `queryAllByText`, `getAllByText`, or `findAllByText`)).

    Ignored nodes: comments, script, style
    [36m<body>[39m
      [36m<div>[39m
        [36m<div[39m
          [33mdata-testid[39m=[32m"router"[39m
        [36m>[39m
          [36m<div[39m
            [33mdata-testid[39m=[32m"language-provider"[39m
          [36m>[39m
            [36m<div[39m
              [33mdata-testid[39m=[32m"auth-provider"[39m
            [36m>[39m
              [36m<div[39m
                [33mdata-testid[39m=[32m"mobile-menu-provider"[39m
              [36m>[39m
                [36m<div[39m
                  [33mdata-testid[39m=[32m"communication-page"[39m
                [36m>[39m
                  [36m<div[39m
                    [33mdata-testid[39m=[32m"notification-preferences-panel"[39m
                  [36m>[39m
                    [36m<div[39m
                      [33mdata-testid[39m=[32m"preferences-loading"[39m
                    [36m>[39m
                      [0mLoading preferences...[0m
                    [36m</div>[39m
                    [36m<div[39m
                      [33mdata-testid[39m=[32m"bulk-frequency-select"[39m
                    [36m>[39m
                      [36m<select[39m
                        [33mdata-testid[39m=[32m"bulk-frequency-select"[39m
                      [36m>[39m
                        [36m<option[39m
                          [33mvalue[39m=[32m"immediate"[39m
                        [36m>[39m
                          [0mImmediate[0m
                        [36m</option>[39m
                        [36m<option[39m
                          [33mvalue[39m=[32m"weekly"[39m
                        [36m>[39m
                          [0mWeekly[0m
                        [36m</option>[39m
                        [36m<option[39m
                          [33mvalue[39m=[32m"monthly"[39m
                        [36m>[39m
                          [0mMonthly[0m
                        [36m</option>[39m
                      [36m</select>[39m
                    [36m</div>[39m
                    [36m<button[39m
                      [33mdata-testid[39m=[32m"apply-bulk-frequency"[39m
                    [36m>[39m
                      [0mApply Bulk[0m
                    [36m</button>[39m
                    [36m<button[39m
                      [33mdata-testid[39m=[32m"save-preferences"[39m
                    [36m>[39m
                      [0mSave Preferences[0m
                    [36m</button>[39m
                    [36m<button[39m
                      [33mdata-testid[39m=[32m"reset-preferences"[39m
                    [36m>[39m
                      [0mReset Preferences[0m
                    [36m</button>[39m
                    [36m<div[39m
                      [33mdata-testid[39m=[32m"preference-toggle-bill_reminder"[39m
                    [36m>[39m
                      [36m<input[39m
                        [33mchecked[39m=[32m""[39m
                        [33mtype[39m=[32m"checkbox"[39m
                      [36m/>[39m
                    [36m</div>[39m
                    [36m<div>[39m
                      [0mbill_reminder[0m
                    [36m</div>[39m
                    [36m<div>[39m
                      [0mmaintenance_update[0m
                    [36m</div>[39m
                    [36m<div>[39m
                      [0mannouncement[0m
                    [36m</div>[39m
                    [36m<div>[39m
                      [0memergency[0m
                    [36m</div>[39m
                    [36m<div>[39m
                      [0mmeeting_invite[0m
                    [36m</div>[39m
                    [36m<div>[39m
                      [0mpolicy_change[0m
                    [36m</div>[39m
                    [36m<div>[39m
                      [0mseasonal_reminder[0m
                    [36m</div>[39m
                    [36m<select>[39m
                      [36m<option[39m
                        [33mselected[39m=[32m""[39m
                        [33mvalue[39m=[32m"immediate"[39m
                      [36m>[39m
                        [0mimmediate[0m
                      [36m</option>[39m
                      [36m<option[39m
                        [33mvalue[39m=[32m"weekly"[39m
                      [36m>[39m
                        [0mweekly[0m
                      [36m</option>[39m
                      [36m<option[39m
                        [33mvalue[39m=[32m"monthly"[39m
                      [36m>[39m
                        [0mmonthly[0m
                      [36m</option>[39m
                      [36m<option[39m
                        [33mvalue[39m=[32m"quarterly"[39m
                      [36m>[39m
                        [0mquarterly[0m
                      [36m</option>[39m
                    [36m</select>[39m
                  [36m</div>[39m
                  [36m<form[39m
                    [33mdata-testid[39m=[32m"general-communication-form"[39m
                  [36m>[39m
                    [36m<input[39m
                      [33mdata-testid[39m=[32m"input-communication-title"[39m
                      [33mplaceholder[39m=[32m"Title"[39m
                    [36m/>[39m
                    [36m<textarea[39m
                      [33mdata-testid[39m=[32m"textarea-communication-content"[39m
                      [33mplaceholder[39m=[32m"Content"[39m
                    [36m/>[39m
                    [36m<select[39m
                      [33mdata-testid[39m=[32m"select-urgency-level"[39m
                    [36m>[39m
                      [36m<option[39m
                        [33mvalue[39m=[32m"low"[39m
                      [36m>[39m
                        [0mlow[0m
                      [36m</option>[39m
                      [36m<option[39m
                        [33mvalue[39m=[32m"medium"[39m
                      [36m>[39m
                        [0mmedium[0m
                      [36m</option>[39m
                      [36m<option[39m
                        [33mvalue[39m=[32m"high"[39m
                      [36m>[39m
                        [0mhigh[0m
                      [36m</option>[39m
                      [36m<option[39m
                        [33mvalue[39m=[32m"urgent"[39m
                      [36m>[39m
                        [0murgent[0m
                      [36m</option>[39m
                    [36m</select>[39m
                    [36m<select[39m
                      [33mdata-testid[39m=[32m"select-organization"[39m
                    [36m>[39m
                      [36m<option[39m
                        [33mvalue[39m=[32m"org1"[39m
                      [36m>[39m
                        [0mTest Organization 1[0m
                      [36m</option>[39m
                      [36m<option[39m
                        [33mvalue[39m=[32m"org2"[39m
                      [36m>[39m
                        [0mTest Organization 2[0m
                      [36m</option>[39m
                    [36m</select>[39m
                    [36m<select[39m
                      [33mdata-testid[39m=[32m"select-recipient-roles"[39m
                    [36m>[39m
                      [36m<option[39m
                        [33mvalue[39m=[32m"all"[39m
                      [36m>[39m
                        [0mall[0m
                      [36m</option>[39m
                      [36m<option[39m
                        [33mvalue[39m=[32m"resident"[39m
                      [36m>[39m
                        [0mresident[0m
                      [36m</option>[39m
                      [36m<option[39m
                        [33mvalue[39m=[32m"tenant"[39m
                      [36m>[39m
                        [0mtenant[0m
                      [36m</option>[39m
                      [36m<option[39m
                        [33mvalue[39m=[32m"manager"[39m
                      [36m>[39m
                        [0mmanager[0m
                      [36m</option>[39m
                      [36m<option[39m
                        [33mvalue[39m=[32m"admin"[39m
                      [36m>[39m
                        [0madmin[0m
                      [36m</option>[39m
                    [36m</select>[39m
                    [36m<button[39m
                      [33mdata-testid[39m=[32m"button-send-communication"[39m
                      [33mtype[39m=[32m"submit"[39m
                    [36m>[39m
                      [0mSend Communication[0m
                    [36m</button>[39m
                    [36m<div[39m
                      [33mdata-testid[39m=[32m"form-submitting"[39m
                      [33mstyle[39m=[32m"display: none;"[39m
                    [36m>[39m
                      [0mSubmitting...[0m
                    [36m</div>[39m
                    [36m<div[39m
                      [33mdata-testid[39m=[32m"title-required"[39m
                      [33mstyle[39m=[32m"display: none;"[39m
                    [36m>[39m
                      [0mTitle is required[0m
                    [36m</div>[39m
                    [36m<div[39m
                      [33mdata-testid[39m=[32m"content-required"[39m
                      [33mstyle[39m=[32m"display: none;"[39m
                    [36m>[39m
                      [0mContent is required[0m
                    [36m</div>[39m
                  [36m</form>[39m
                  [36m<form[39m
                    [33mdata-testid[39m=[32m"meeting-planning-form"[39m
                  [36m>[39m
                    [36m<input[39m
                      [33mdata-testid[39m=[32m"input-meeting-title"[39m
                      [33mplaceholder[39m=[32m"Meeting Title"[39m
                    [36m/>[39m
                    [36m<textarea[39m
                      [33mdata-testid[39m=[32m"textarea-meeting-description"[39m
                      [33mplaceholder[39m=[32m"Description"[39m
                    [36m/>[39m
                    [36m<input[39m
                      [33mdata-testid[39m=[32m"input-meeting-location"[39m
                      [33mplaceholder[39m=[32m"Location"[39m
                    [36m/>[39m
                    [36m<input[39m
                      [33mdata-testid[39m=[32m"input-meeting-date"[39m
                      [33mtype[39m=[32m"datetime-local"[39m
                    [36m/>[39m
                    [36m<input[39m
                      [33mdata-testid[39m=[32m"input-meeting-duration"[39m
                      [33mtype[39m=[32m"number"[39m
                      [33mvalue[39m=[32m"60"[39m
                    [36m/>[39m
                    [36m<select[39m
                      [33mdata-testid[39m=[32m"select-invited-roles"[39m
                    [36m>[39m
                      [36m<option[39m
                        [33mvalue[39m=[32m"all"[39m
                      [36m>[39m
                        [0mall[0m
                      [36m</option>[39m
                      [36m<option[39m
                        [33mvalue[39m=[32m"resident"[39m
                      [36m>[39m
                        [0mresident[0m
                      [36m</option>[39m
                      [36m<option[39m
                        [33mvalue[39m=[32m"manager"[39m
                      [36m>[39m
                        [0mmanager[0m
                      [36m</option>[39m
                      [36m<option[39m
                        [33mvalue[39m=[32m"admin"[39m
                      [36m>[39m
                        [0madmin[0m
                      [36m</option>[39m
                    [36m</select>[39m
                    [36m<button[39m
                      [33mdata-testid[39m=[32m"button-send-meeting-invite"[39m
                      [33mtype[39m=[32m"submit"[39m
                    [36m>[39m
                      [0mSend Meeting Invite[0m
                    [36m</button>[39m
                    [36m<div[39m
                      [33mdata-testid[39m=[32m"meeting-title-required"[39m
                      [33mstyle[39m=[32m"display: none;"[39m
                    [36m>[39m
                      [0mTitle is required[0m
                    [36m</div>[39m
                    [36m<div[39m
                      [33mdata-testid[39m=[32m"meeting-location-required"[39m
                      [33mstyle[39m=[32m"display: none;"[39m
                    [36m>[39m
                      [0mLocation is required[0m
                    [36m</div>[39m
                    [36m<div[39m
                      [33mdata-testid[39m=[32m"meeting-duration-required"[39m
                      [33mstyle[39m=[32m"display: none;"[39m
                    [36m>[39m
                      [0mDuration must be a positive number[0m
                    [36m</div>[39m
                  [36m</form>[39m
                [36m</div>[39m
              [36m</div>[39m
            [36m</div>[39m
          [36m</div>[39m
        [36m</div>[39m
      [36m</div>[39m
    [36m</body>[39m

      550 |       customRender(<MockCommunicationPage />);
      551 |
    > 552 |       await waitFor(() => {
          |                    ^
      553 |         expect(screen.getByTestId('bulk-frequency-select')).toBeInTheDocument();
      554 |       });
      555 |

      at waitForWrapper (node_modules/@testing-library/dom/dist/wait-for.js:163:27)
      at Object.<anonymous> (tests/unit/communication/communication-page.test.tsx:552:20)

  ● Communication Page Test Suite › Notification Preferences Panel › should toggle notification preference enabled state

    expect(jest.fn()).toHaveBeenCalledWith(...expected)

    Expected: "PUT", "/api/communication/preferences", ObjectContaining {"preferences": ArrayContaining [ObjectContaining {"isEnabled": false, "notificationType": "bill_reminder"}]}

    Number of calls: 0

    Ignored nodes: comments, script, style
    [36m<html>[39m
      [36m<head />[39m
      [36m<body>[39m
        [36m<div>[39m
          [36m<div[39m
            [33mdata-testid[39m=[32m"router"[39m
          [36m>[39m
            [36m<div[39m
              [33mdata-testid[39m=[32m"language-provider"[39m
            [36m>[39m
              [36m<div[39m
                [33mdata-testid[39m=[32m"auth-provider"[39m
              [36m>[39m
                [36m<div[39m
                  [33mdata-testid[39m=[32m"mobile-menu-provider"[39m
                [36m>[39m
                  [36m<div[39m
                    [33mdata-testid[39m=[32m"communication-page"[39m
                  [36m>[39m
                    [36m<div[39m
                      [33mdata-testid[39m=[32m"notification-preferences-panel"[39m
                    [36m>[39m
                      [36m<div[39m
                        [33mdata-testid[39m=[32m"preferences-loading"[39m
                      [36m>[39m
                        [0mLoading preferences...[0m
                      [36m</div>[39m
                      [36m<div[39m
                        [33mdata-testid[39m=[32m"bulk-frequency-select"[39m
                      [36m>[39m
                        [36m<select[39m
                          [33mdata-testid[39m=[32m"bulk-frequency-select"[39m
                        [36m>[39m
                          [36m<option[39m
                            [33mvalue[39m=[32m"immediate"[39m
                          [36m>[39m
                            [0mImmediate[0m
                          [36m</option>[39m
                          [36m<option[39m
                            [33mvalue[39m=[32m"weekly"[39m
                          [36m>[39m
                            [0mWeekly[0m
                          [36m</option>[39m
                          [36m<option[39m
                            [33mvalue[39m=[32m"monthly"[39m
                          [36m>[39m
                            [0mMonthly[0m
                          [36m</option>[39m
                        [36m</select>[39m
                      [36m</div>[39m
                      [36m<button[39m
                        [33mdata-testid[39m=[32m"apply-bulk-frequency"[39m
                      [36m>[39m
                        [0mApply Bulk[0m
                      [36m</button>[39m
                      [36m<button[39m
                        [33mdata-testid[39m=[32m"save-preferences"[39m
                      [36m>[39m
                        [0mSave Preferences[0m
                      [36m</button>[39m
                      [36m<button[39m
                        [33mdata-testid[39m=[32m"reset-preferences"[39m
                      [36m>[39m
                        [0mReset Preferences[0m
                      [36m</button>[39m
                      [36m<div[39m
                        [33mdata-testid[39m=[32m"preference-toggle-bill_reminder"[39m
                      [36m>[39m
                        [36m<input[39m
                          [33mchecked[39m=[32m""[39m
                          [33mtype[39m=[32m"checkbox"[39m
                        [36m/>[39m
                      [36m</div>[39m
                      [36m<div>[39m
                        [0mbill_reminder[0m
                      [36m</div>[39m
                      [36m<div>[39m
                        [0mmaintenance_update[0m
                      [36m</div>[39m
                      [36m<div>[39m
                        [0mannouncement[0m
                      [36m</div>[39m
                      [36m<div>[39m
                        [0memergency[0m
                      [36m</div>[39m
                      [36m<div>[39m
                        [0mmeeting_invite[0m
                      [36m</div>[39m
                      [36m<div>[39m
                        [0mpolicy_change[0m
                      [36m</div>[39m
                      [36m<div>[39m
                        [0mseasonal_reminder[0m
                      [36m</div>[39m
                      [36m<select>[39m
                        [36m<option[39m
                          [33mselected[39m=[32m""[39m
                          [33mvalue[39m=[32m"immediate"[39m
                        [36m>[39m
                          [0mimmediate[0m
                        [36m</option>[39m
                        [36m<option[39m
                          [33mvalue[39m=[32m"weekly"[39m
                        [36m>[39m
                          [0mweekly[0m
                        [36m</option>[39m
                        [36m<option[39m
                          [33mvalue[39m=[32m"monthly"[39m
                        [36m>[39m
                          [0mmonthly[0m
                        [36m</option>[39m
                        [36m<option[39m
                          [33mvalue[39m=[32m"quarterly"[39m
                        [36m>[39m
                          [0mquarterly[0m
                        [36m</option>[39m
                      [36m</select>[39m
                    [36m</div>[39m
                    [36m<form[39m
                      [33mdata-testid[39m=[32m"general-communication-form"[39m
                    [36m>[39m
                      [36m<input[39m
                        [33mdata-testid[39m=[32m"input-communication-title"[39m
                        [33mplaceholder[39m=[32m"Title"[39m
                      [36m/>[39m
                      [36m<textarea[39m
                        [33mdata-testid[39m=[32m"textarea-communication-content"[39m
                        [33mplaceholder[39m=[32m"Content"[39m
                      [36m/>[39m
                      [36m<select[39m
                        [33mdata-testid[39m=[32m"select-urgency-level"[39m
                      [36m>[39m
                        [36m<option[39m
                          [33mvalue[39m=[32m"low"[39m
                        [36m>[39m
                          [0mlow[0m
                        [36m</option>[39m
                        [36m<option[39m
                          [33mvalue[39m=[32m"medium"[39m
                        [36m>[39m
                          [0mmedium[0m
                        [36m</option>[39m
                        [36m<option[39m
                          [33mvalue[39m=[32m"high"[39m
                        [36m>[39m
                          [0mhigh[0m
                        [36m</option>[39m
                        [36m<option[39m
                          [33mvalue[39m=[32m"urgent"[39m
                        [36m>[39m
                          [0murgent[0m
                        [36m</option>[39m
                      [36m</select>[39m
                      [36m<select[39m
                        [33mdata-testid[39m=[32m"select-organization"[39m
                      [36m>[39m
                        [36m<option[39m
                          [33mvalue[39m=[32m"org1"[39m
                        [36m>[39m
                          [0mTest Organization 1[0m
                        [36m</option>[39m
                        [36m<option[39m
                          [33mvalue[39m=[32m"org2"[39m
                        [36m>[39m
                          [0mTest Organization 2[0m
                        [36m</option>[39m
                      [36m</select>[39m
                      [36m<select[39m
                        [33mdata-testid[39m=[32m"select-recipient-roles"[39m
                      [36m>[39m
                        [36m<option[39m
                          [33mvalue[39m=[32m"all"[39m
                        [36m>[39m
                          [0mall[0m
                        [36m</option>[39m
                        [36m<option[39m
                          [33mvalue[39m=[32m"resident"[39m
                        [36m>[39m
                          [0mresident[0m
                        [36m</option>[39m
                        [36m<option[39m
                          [33mvalue[39m=[32m"tenant"[39m
                        [36m>[39m
                          [0mtenant[0m
                        [36m</option>[39m
                        [36m<option[39m
                          [33mvalue[39m=[32m"manager"[39m
                        [36m>[39m
                          [0mmanager[0m
                        [36m</option>[39m
                        [36m<option[39m
                          [33mvalue[39m=[32m"admin"[39m
                        [36m>[39m
                          [0madmin[0m
                        [36m</option>[39m
                      [36m</select>[39m
                      [36m<button[39m
                        [33mdata-testid[39m=[32m"button-send-communication"[39m
                        [33mtype[39m=[32m"submit"[39m
                      [36m>[39m
                        [0mSend Communication[0m
                      [36m</button>[39m
                      [36m<div[39m
                        [33mdata-testid[39m=[32m"form-submitting"[39m
                        [33mstyle[39m=[32m"display: none;"[39m
                      [36m>[39m
                        [0mSubmitting...[0m
                      [36m</div>[39m
                      [36m<div[39m
                        [33mdata-testid[39m=[32m"title-required"[39m
                        [33mstyle[39m=[32m"display: none;"[39m
                      [36m>[39m
                        [0mTitle is required[0m
                      [36m</div>[39m
                      [36m<div[39m
                        [33mdata-testid[39m=[32m"content-required"[39m
                        [33mstyle[39m=[32m"display: none;"[39m
                      [36m>[39m
                        [0mContent is required[0m
                      [36m</div>[39m
                    [36m</form>[39m
                    [36m<form[39m
                      [33mdata-testid[39m=[32m"meeting-planning-form"[39m
                    [36m>[39m
                      [36m<input[39m
                        [33mdata-testid[39m=[32m"input-meeting-title"[39m
                        [33mplaceholder[39m=[32m"Meeting Title"[39m
                      [36m/>[39m
                      [36m<textarea[39m
                        [33mdata-testid[39m=[32m"textarea-meeting-description"[39m
                        [33mplaceholder[39m=[32m"Description"[39m
                      [36m/>[39m
                      [36m<input[39m
                        [33mdata-testid[39m=[32m"input-meeting-location"[39m
                        [33mplaceholder[39m=[32m"Location"[39m
                      [36m/>[39m
                      [36m<input[39m
                        [33mdata-testid[39m=[32m"input-meeting-date"[39m
                        [33mtype[39m=[32m"datetime-local"[39m
                      [36m/>[39m
                      [36m<input[39m
                        [33mdata-testid[39m=[32m"input-meeting-duration"[39m
                        [33mtype[39m=[32m"number"[39m
                        [33mvalue[39m=[32m"60"[39m
                      [36m/>[39m
                      [36m<select[39m
                        [33mdata-testid[39m=[32m"select-invited-roles"[39m
                      [36m>[39m
                        [36m<option[39m
                          [33mvalue[39m=[32m"all"[39m
                        [36m>[39m
                          [0mall[0m
                        [36m</option>[39m
                        [36m<option[39m
                          [33mvalue[39m=[32m"resident"[39m
                        [36m>[39m
                          [0mresident[0m
                        [36m</option>[39m
                        [36m<option[39m
                          [33mvalue[39m=[32m"manager"[39m
                        [36m>[39m
                          [0mmanager[0m
                        [36m</option>[39m
                        [36m<option[39m
                          [33mvalue[39m=[32m"admin"[39m
                        [36m>[39m
                          [0madmin[0m
                        [36m</option>[39m
                      [36m</select>[39m
                      [36m<button[39m
                        [33mdata-testid[39m=[32m"button-send-meeting-invite"[39m
                        [33mtype[39m=[32m"submit"[39m
                      [36m>[39m
                        [0mSend Meeting Invite[0m
                      [36m</button>[39m
                      [36m<div[39m
                        [33mdata-testid[39m=[32m"meeting-title-required"[39m
                        [33mstyle[39m=[32m"display: none;"[39m
                      [36m>[39m
                        [0mTitle is required[0m
                      [36m</div>[39m
                      [36m<div[39m
                        [33mdata-testid[39m=[32m"meeting-location-required"[39m
                        [33mstyle[39m=[32m"display: none;"[39m
                      [36m>[39m
                        [0mLocation is required[0m
                      [36m</div>[39m
                      [36m<div[39m
                        [33mdata-testid[39m=[32m"meeting-duration-required"[39m
                        [33mstyle[39m=[32m"display: none;"[39m
                      [36m>[39m
                        [0mDuration must be a positive number[0m
                      [36m</div>[39m
                    [36m</form>[39m
                  [36m</div>[39m
                [36m</div>[39m
              [36m</div>[39m
            [36m</div>[39m
          [36m</div>[39m
        [36m</div>[39m
      [36m</body>[39m
    [36m</html>[39m

      585 |
      586 |       await waitFor(() => {
    > 587 |         expect(mockApiRequest).toHaveBeenCalledWith(
          |                                ^
      588 |           'PUT',
      589 |           '/api/communication/preferences',
      590 |           expect.objectContaining({

      at tests/unit/communication/communication-page.test.tsx:587:32
      at runWithExpensiveErrorDiagnosticsDisabled (node_modules/@testing-library/dom/dist/config.js:47:12)
      at checkCallback (node_modules/@testing-library/dom/dist/wait-for.js:124:77)
      at checkRealTimersCallback (node_modules/@testing-library/dom/dist/wait-for.js:118:16)
      at Timeout.task [as _onTimeout] (node_modules/jsdom/lib/jsdom/browser/Window.js:579:19)

  ● Communication Page Test Suite › Notification Preferences Panel › should save notification preferences

    expect(jest.fn()).toHaveBeenCalledWith(...expected)

    Expected: "PUT", "/api/communication/preferences", ObjectContaining {"preferences": Any<Array>}

    Number of calls: 0

    Ignored nodes: comments, script, style
    [36m<html>[39m
      [36m<head />[39m
      [36m<body>[39m
        [36m<div>[39m
          [36m<div[39m
            [33mdata-testid[39m=[32m"router"[39m
          [36m>[39m
            [36m<div[39m
              [33mdata-testid[39m=[32m"language-provider"[39m
            [36m>[39m
              [36m<div[39m
                [33mdata-testid[39m=[32m"auth-provider"[39m
              [36m>[39m
                [36m<div[39m
                  [33mdata-testid[39m=[32m"mobile-menu-provider"[39m
                [36m>[39m
                  [36m<div[39m
                    [33mdata-testid[39m=[32m"communication-page"[39m
                  [36m>[39m
                    [36m<div[39m
                      [33mdata-testid[39m=[32m"notification-preferences-panel"[39m
                    [36m>[39m
                      [36m<div[39m
                        [33mdata-testid[39m=[32m"preferences-loading"[39m
                      [36m>[39m
                        [0mLoading preferences...[0m
                      [36m</div>[39m
                      [36m<div[39m
                        [33mdata-testid[39m=[32m"bulk-frequency-select"[39m
                      [36m>[39m
                        [36m<select[39m
                          [33mdata-testid[39m=[32m"bulk-frequency-select"[39m
                        [36m>[39m
                          [36m<option[39m
                            [33mvalue[39m=[32m"immediate"[39m
                          [36m>[39m
                            [0mImmediate[0m
                          [36m</option>[39m
                          [36m<option[39m
                            [33mvalue[39m=[32m"weekly"[39m
                          [36m>[39m
                            [0mWeekly[0m
                          [36m</option>[39m
                          [36m<option[39m
                            [33mvalue[39m=[32m"monthly"[39m
                          [36m>[39m
                            [0mMonthly[0m
                          [36m</option>[39m
                        [36m</select>[39m
                      [36m</div>[39m
                      [36m<button[39m
                        [33mdata-testid[39m=[32m"apply-bulk-frequency"[39m
                      [36m>[39m
                        [0mApply Bulk[0m
                      [36m</button>[39m
                      [36m<button[39m
                        [33mdata-testid[39m=[32m"save-preferences"[39m
                      [36m>[39m
                        [0mSave Preferences[0m
                      [36m</button>[39m
                      [36m<button[39m
                        [33mdata-testid[39m=[32m"reset-preferences"[39m
                      [36m>[39m
                        [0mReset Preferences[0m
                      [36m</button>[39m
                      [36m<div[39m
                        [33mdata-testid[39m=[32m"preference-toggle-bill_reminder"[39m
                      [36m>[39m
                        [36m<input[39m
                          [33mchecked[39m=[32m""[39m
                          [33mtype[39m=[32m"checkbox"[39m
                        [36m/>[39m
                      [36m</div>[39m
                      [36m<div>[39m
                        [0mbill_reminder[0m
                      [36m</div>[39m
                      [36m<div>[39m
                        [0mmaintenance_update[0m
                      [36m</div>[39m
                      [36m<div>[39m
                        [0mannouncement[0m
                      [36m</div>[39m
                      [36m<div>[39m
                        [0memergency[0m
                      [36m</div>[39m
                      [36m<div>[39m
                        [0mmeeting_invite[0m
                      [36m</div>[39m
                      [36m<div>[39m
                        [0mpolicy_change[0m
                      [36m</div>[39m
                      [36m<div>[39m
                        [0mseasonal_reminder[0m
                      [36m</div>[39m
                      [36m<select>[39m
                        [36m<option[39m
                          [33mselected[39m=[32m""[39m
                          [33mvalue[39m=[32m"immediate"[39m
                        [36m>[39m
                          [0mimmediate[0m
                        [36m</option>[39m
                        [36m<option[39m
                          [33mvalue[39m=[32m"weekly"[39m
                        [36m>[39m
                          [0mweekly[0m
                        [36m</option>[39m
                        [36m<option[39m
                          [33mvalue[39m=[32m"monthly"[39m
                        [36m>[39m
                          [0mmonthly[0m
                        [36m</option>[39m
                        [36m<option[39m
                          [33mvalue[39m=[32m"quarterly"[39m
                        [36m>[39m
                          [0mquarterly[0m
                        [36m</option>[39m
                      [36m</select>[39m
                    [36m</div>[39m
                    [36m<form[39m
                      [33mdata-testid[39m=[32m"general-communication-form"[39m
                    [36m>[39m
                      [36m<input[39m
                        [33mdata-testid[39m=[32m"input-communication-title"[39m
                        [33mplaceholder[39m=[32m"Title"[39m
                      [36m/>[39m
                      [36m<textarea[39m
                        [33mdata-testid[39m=[32m"textarea-communication-content"[39m
                        [33mplaceholder[39m=[32m"Content"[39m
                      [36m/>[39m
                      [36m<select[39m
                        [33mdata-testid[39m=[32m"select-urgency-level"[39m
                      [36m>[39m
                        [36m<option[39m
                          [33mvalue[39m=[32m"low"[39m
                        [36m>[39m
                          [0mlow[0m
                        [36m</option>[39m
                        [36m<option[39m
                          [33mvalue[39m=[32m"medium"[39m
                        [36m>[39m
                          [0mmedium[0m
                        [36m</option>[39m
                        [36m<option[39m
                          [33mvalue[39m=[32m"high"[39m
                        [36m>[39m
                          [0mhigh[0m
                        [36m</option>[39m
                        [36m<option[39m
                          [33mvalue[39m=[32m"urgent"[39m
                        [36m>[39m
                          [0murgent[0m
                        [36m</option>[39m
                      [36m</select>[39m
                      [36m<select[39m
                        [33mdata-testid[39m=[32m"select-organization"[39m
                      [36m>[39m
                        [36m<option[39m
                          [33mvalue[39m=[32m"org1"[39m
                        [36m>[39m
                          [0mTest Organization 1[0m
                        [36m</option>[39m
                        [36m<option[39m
                          [33mvalue[39m=[32m"org2"[39m
                        [36m>[39m
                          [0mTest Organization 2[0m
                        [36m</option>[39m
                      [36m</select>[39m
                      [36m<select[39m
                        [33mdata-testid[39m=[32m"select-recipient-roles"[39m
                      [36m>[39m
                        [36m<option[39m
                          [33mvalue[39m=[32m"all"[39m
                        [36m>[39m
                          [0mall[0m
                        [36m</option>[39m
                        [36m<option[39m
                          [33mvalue[39m=[32m"resident"[39m
                        [36m>[39m
                          [0mresident[0m
                        [36m</option>[39m
                        [36m<option[39m
                          [33mvalue[39m=[32m"tenant"[39m
                        [36m>[39m
                          [0mtenant[0m
                        [36m</option>[39m
                        [36m<option[39m
                          [33mvalue[39m=[32m"manager"[39m
                        [36m>[39m
                          [0mmanager[0m
                        [36m</option>[39m
                        [36m<option[39m
                          [33mvalue[39m=[32m"admin"[39m
                        [36m>[39m
                          [0madmin[0m
                        [36m</option>[39m
                      [36m</select>[39m
                      [36m<button[39m
                        [33mdata-testid[39m=[32m"button-send-communication"[39m
                        [33mtype[39m=[32m"submit"[39m
                      [36m>[39m
                        [0mSend Communication[0m
                      [36m</button>[39m
                      [36m<div[39m
                        [33mdata-testid[39m=[32m"form-submitting"[39m
                        [33mstyle[39m=[32m"display: none;"[39m
                      [36m>[39m
                        [0mSubmitting...[0m
                      [36m</div>[39m
                      [36m<div[39m
                        [33mdata-testid[39m=[32m"title-required"[39m
                        [33mstyle[39m=[32m"display: none;"[39m
                      [36m>[39m
                        [0mTitle is required[0m
                      [36m</div>[39m
                      [36m<div[39m
                        [33mdata-testid[39m=[32m"content-required"[39m
                        [33mstyle[39m=[32m"display: none;"[39m
                      [36m>[39m
                        [0mContent is required[0m
                      [36m</div>[39m
                    [36m</form>[39m
                    [36m<form[39m
                      [33mdata-testid[39m=[32m"meeting-planning-form"[39m
                    [36m>[39m
                      [36m<input[39m
                        [33mdata-testid[39m=[32m"input-meeting-title"[39m
                        [33mplaceholder[39m=[32m"Meeting Title"[39m
                      [36m/>[39m
                      [36m<textarea[39m
                        [33mdata-testid[39m=[32m"textarea-meeting-description"[39m
                        [33mplaceholder[39m=[32m"Description"[39m
                      [36m/>[39m
                      [36m<input[39m
                        [33mdata-testid[39m=[32m"input-meeting-location"[39m
                        [33mplaceholder[39m=[32m"Location"[39m
                      [36m/>[39m
                      [36m<input[39m
                        [33mdata-testid[39m=[32m"input-meeting-date"[39m
                        [33mtype[39m=[32m"datetime-local"[39m
                      [36m/>[39m
                      [36m<input[39m
                        [33mdata-testid[39m=[32m"input-meeting-duration"[39m
                        [33mtype[39m=[32m"number"[39m
                        [33mvalue[39m=[32m"60"[39m
                      [36m/>[39m
                      [36m<select[39m
                        [33mdata-testid[39m=[32m"select-invited-roles"[39m
                      [36m>[39m
                        [36m<option[39m
                          [33mvalue[39m=[32m"all"[39m
                        [36m>[39m
                          [0mall[0m
                        [36m</option>[39m
                        [36m<option[39m
                          [33mvalue[39m=[32m"resident"[39m
                        [36m>[39m
                          [0mresident[0m
                        [36m</option>[39m
                        [36m<option[39m
                          [33mvalue[39m=[32m"manager"[39m
                        [36m>[39m
                          [0mmanager[0m
                        [36m</option>[39m
                        [36m<option[39m
                          [33mvalue[39m=[32m"admin"[39m
                        [36m>[39m
                          [0madmin[0m
                        [36m</option>[39m
                      [36m</select>[39m
                      [36m<button[39m
                        [33mdata-testid[39m=[32m"button-send-meeting-invite"[39m
                        [33mtype[39m=[32m"submit"[39m
                      [36m>[39m
                        [0mSend Meeting Invite[0m
                      [36m</button>[39m
                      [36m<div[39m
                        [33mdata-testid[39m=[32m"meeting-title-required"[39m
                        [33mstyle[39m=[32m"display: none;"[39m
                      [36m>[39m
                        [0mTitle is required[0m
                      [36m</div>[39m
                      [36m<div[39m
                        [33mdata-testid[39m=[32m"meeting-location-required"[39m
                        [33mstyle[39m=[32m"display: none;"[39m
                      [36m>[39m
                        [0mLocation is required[0m
                      [36m</div>[39m
                      [36m<div[39m
                        [33mdata-testid[39m=[32m"meeting-duration-required"[39m
                        [33mstyle[39m=[32m"display: none;"[39m
                      [36m>[39m
                        [0mDuration must be a positive number[0m
                      [36m</div>[39m
                    [36m</form>[39m
                  [36m</div>[39m
                [36m</div>[39m
              [36m</div>[39m
            [36m</div>[39m
          [36m</div>[39m
        [36m</div>[39m
      [36m</body>[39m
    [36m</html>[39m

      612 |
      613 |       await waitFor(() => {
    > 614 |         expect(mockApiRequest).toHaveBeenCalledWith(
          |                                ^
      615 |           'PUT',
      616 |           '/api/communication/preferences',
      617 |           expect.objectContaining({

      at tests/unit/communication/communication-page.test.tsx:614:32
      at runWithExpensiveErrorDiagnosticsDisabled (node_modules/@testing-library/dom/dist/config.js:47:12)
      at checkCallback (node_modules/@testing-library/dom/dist/wait-for.js:124:77)
      at checkRealTimersCallback (node_modules/@testing-library/dom/dist/wait-for.js:118:16)
      at Timeout.task [as _onTimeout] (node_modules/jsdom/lib/jsdom/browser/Window.js:579:19)

  ● Communication Page Test Suite › Notification Preferences Panel › should reset notification preferences

    expect(jest.fn()).toHaveBeenCalledWith(...expected)

    Expected: "GET", "/api/communication/preferences"

    Number of calls: 0

    Ignored nodes: comments, script, style
    [36m<html>[39m
      [36m<head />[39m
      [36m<body>[39m
        [36m<div>[39m
          [36m<div[39m
            [33mdata-testid[39m=[32m"router"[39m
          [36m>[39m
            [36m<div[39m
              [33mdata-testid[39m=[32m"language-provider"[39m
            [36m>[39m
              [36m<div[39m
                [33mdata-testid[39m=[32m"auth-provider"[39m
              [36m>[39m
                [36m<div[39m
                  [33mdata-testid[39m=[32m"mobile-menu-provider"[39m
                [36m>[39m
                  [36m<div[39m
                    [33mdata-testid[39m=[32m"communication-page"[39m
                  [36m>[39m
                    [36m<div[39m
                      [33mdata-testid[39m=[32m"notification-preferences-panel"[39m
                    [36m>[39m
                      [36m<div[39m
                        [33mdata-testid[39m=[32m"preferences-loading"[39m
                      [36m>[39m
                        [0mLoading preferences...[0m
                      [36m</div>[39m
                      [36m<div[39m
                        [33mdata-testid[39m=[32m"bulk-frequency-select"[39m
                      [36m>[39m
                        [36m<select[39m
                          [33mdata-testid[39m=[32m"bulk-frequency-select"[39m
                        [36m>[39m
                          [36m<option[39m
                            [33mvalue[39m=[32m"immediate"[39m
                          [36m>[39m
                            [0mImmediate[0m
                          [36m</option>[39m
                          [36m<option[39m
                            [33mvalue[39m=[32m"weekly"[39m
                          [36m>[39m
                            [0mWeekly[0m
                          [36m</option>[39m
                          [36m<option[39m
                            [33mvalue[39m=[32m"monthly"[39m
                          [36m>[39m
                            [0mMonthly[0m
                          [36m</option>[39m
                        [36m</select>[39m
                      [36m</div>[39m
                      [36m<button[39m
                        [33mdata-testid[39m=[32m"apply-bulk-frequency"[39m
                      [36m>[39m
                        [0mApply Bulk[0m
                      [36m</button>[39m
                      [36m<button[39m
                        [33mdata-testid[39m=[32m"save-preferences"[39m
                      [36m>[39m
                        [0mSave Preferences[0m
                      [36m</button>[39m
                      [36m<button[39m
                        [33mdata-testid[39m=[32m"reset-preferences"[39m
                      [36m>[39m
                        [0mReset Preferences[0m
                      [36m</button>[39m
                      [36m<div[39m
                        [33mdata-testid[39m=[32m"preference-toggle-bill_reminder"[39m
                      [36m>[39m
                        [36m<input[39m
                          [33mchecked[39m=[32m""[39m
                          [33mtype[39m=[32m"checkbox"[39m
                        [36m/>[39m
                      [36m</div>[39m
                      [36m<div>[39m
                        [0mbill_reminder[0m
                      [36m</div>[39m
                      [36m<div>[39m
                        [0mmaintenance_update[0m
                      [36m</div>[39m
                      [36m<div>[39m
                        [0mannouncement[0m
                      [36m</div>[39m
                      [36m<div>[39m
                        [0memergency[0m
                      [36m</div>[39m
                      [36m<div>[39m
                        [0mmeeting_invite[0m
                      [36m</div>[39m
                      [36m<div>[39m
                        [0mpolicy_change[0m
                      [36m</div>[39m
                      [36m<div>[39m
                        [0mseasonal_reminder[0m
                      [36m</div>[39m
                      [36m<select>[39m
                        [36m<option[39m
                          [33mselected[39m=[32m""[39m
                          [33mvalue[39m=[32m"immediate"[39m
                        [36m>[39m
                          [0mimmediate[0m
                        [36m</option>[39m
                        [36m<option[39m
                          [33mvalue[39m=[32m"weekly"[39m
                        [36m>[39m
                          [0mweekly[0m
                        [36m</option>[39m
                        [36m<option[39m
                          [33mvalue[39m=[32m"monthly"[39m
                        [36m>[39m
                          [0mmonthly[0m
                        [36m</option>[39m
                        [36m<option[39m
                          [33mvalue[39m=[32m"quarterly"[39m
                        [36m>[39m
                          [0mquarterly[0m
                        [36m</option>[39m
                      [36m</select>[39m
                    [36m</div>[39m
                    [36m<form[39m
                      [33mdata-testid[39m=[32m"general-communication-form"[39m
                    [36m>[39m
                      [36m<input[39m
                        [33mdata-testid[39m=[32m"input-communication-title"[39m
                        [33mplaceholder[39m=[32m"Title"[39m
                      [36m/>[39m
                      [36m<textarea[39m
                        [33mdata-testid[39m=[32m"textarea-communication-content"[39m
                        [33mplaceholder[39m=[32m"Content"[39m
                      [36m/>[39m
                      [36m<select[39m
                        [33mdata-testid[39m=[32m"select-urgency-level"[39m
                      [36m>[39m
                        [36m<option[39m
                          [33mvalue[39m=[32m"low"[39m
                        [36m>[39m
                          [0mlow[0m
                        [36m</option>[39m
                        [36m<option[39m
                          [33mvalue[39m=[32m"medium"[39m
                        [36m>[39m
                          [0mmedium[0m
                        [36m</option>[39m
                        [36m<option[39m
                          [33mvalue[39m=[32m"high"[39m
                        [36m>[39m
                          [0mhigh[0m
                        [36m</option>[39m
                        [36m<option[39m
                          [33mvalue[39m=[32m"urgent"[39m
                        [36m>[39m
                          [0murgent[0m
                        [36m</option>[39m
                      [36m</select>[39m
                      [36m<select[39m
                        [33mdata-testid[39m=[32m"select-organization"[39m
                      [36m>[39m
                        [36m<option[39m
                          [33mvalue[39m=[32m"org1"[39m
                        [36m>[39m
                          [0mTest Organization 1[0m
                        [36m</option>[39m
                        [36m<option[39m
                          [33mvalue[39m=[32m"org2"[39m
                        [36m>[39m
                          [0mTest Organization 2[0m
                        [36m</option>[39m
                      [36m</select>[39m
                      [36m<select[39m
                        [33mdata-testid[39m=[32m"select-recipient-roles"[39m
                      [36m>[39m
                        [36m<option[39m
                          [33mvalue[39m=[32m"all"[39m
                        [36m>[39m
                          [0mall[0m
                        [36m</option>[39m
                        [36m<option[39m
                          [33mvalue[39m=[32m"resident"[39m
                        [36m>[39m
                          [0mresident[0m
                        [36m</option>[39m
                        [36m<option[39m
                          [33mvalue[39m=[32m"tenant"[39m
                        [36m>[39m
                          [0mtenant[0m
                        [36m</option>[39m
                        [36m<option[39m
                          [33mvalue[39m=[32m"manager"[39m
                        [36m>[39m
                          [0mmanager[0m
                        [36m</option>[39m
                        [36m<option[39m
                          [33mvalue[39m=[32m"admin"[39m
                        [36m>[39m
                          [0madmin[0m
                        [36m</option>[39m
                      [36m</select>[39m
                      [36m<button[39m
                        [33mdata-testid[39m=[32m"button-send-communication"[39m
                        [33mtype[39m=[32m"submit"[39m
                      [36m>[39m
                        [0mSend Communication[0m
                      [36m</button>[39m
                      [36m<div[39m
                        [33mdata-testid[39m=[32m"form-submitting"[39m
                        [33mstyle[39m=[32m"display: none;"[39m
                      [36m>[39m
                        [0mSubmitting...[0m
                      [36m</div>[39m
                      [36m<div[39m
                        [33mdata-testid[39m=[32m"title-required"[39m
                        [33mstyle[39m=[32m"display: none;"[39m
                      [36m>[39m
                        [0mTitle is required[0m
                      [36m</div>[39m
                      [36m<div[39m
                        [33mdata-testid[39m=[32m"content-required"[39m
                        [33mstyle[39m=[32m"display: none;"[39m
                      [36m>[39m
                        [0mContent is required[0m
                      [36m</div>[39m
                    [36m</form>[39m
                    [36m<form[39m
                      [33mdata-testid[39m=[32m"meeting-planning-form"[39m
                    [36m>[39m
                      [36m<input[39m
                        [33mdata-testid[39m=[32m"input-meeting-title"[39m
                        [33mplaceholder[39m=[32m"Meeting Title"[39m
                      [36m/>[39m
                      [36m<textarea[39m
                        [33mdata-testid[39m=[32m"textarea-meeting-description"[39m
                        [33mplaceholder[39m=[32m"Description"[39m
                      [36m/>[39m
                      [36m<input[39m
                        [33mdata-testid[39m=[32m"input-meeting-location"[39m
                        [33mplaceholder[39m=[32m"Location"[39m
                      [36m/>[39m
                      [36m<input[39m
                        [33mdata-testid[39m=[32m"input-meeting-date"[39m
                        [33mtype[39m=[32m"datetime-local"[39m
                      [36m/>[39m
                      [36m<input[39m
                        [33mdata-testid[39m=[32m"input-meeting-duration"[39m
                        [33mtype[39m=[32m"number"[39m
                        [33mvalue[39m=[32m"60"[39m
                      [36m/>[39m
                      [36m<select[39m
                        [33mdata-testid[39m=[32m"select-invited-roles"[39m
                      [36m>[39m
                        [36m<option[39m
                          [33mvalue[39m=[32m"all"[39m
                        [36m>[39m
                          [0mall[0m
                        [36m</option>[39m
                        [36m<option[39m
                          [33mvalue[39m=[32m"resident"[39m
                        [36m>[39m
                          [0mresident[0m
                        [36m</option>[39m
                        [36m<option[39m
                          [33mvalue[39m=[32m"manager"[39m
                        [36m>[39m
                          [0mmanager[0m
                        [36m</option>[39m
                        [36m<option[39m
                          [33mvalue[39m=[32m"admin"[39m
                        [36m>[39m
                          [0madmin[0m
                        [36m</option>[39m
                      [36m</select>[39m
                      [36m<button[39m
                        [33mdata-testid[39m=[32m"button-send-meeting-invite"[39m
                        [33mtype[39m=[32m"submit"[39m
                      [36m>[39m
                        [0mSend Meeting Invite[0m
                      [36m</button>[39m
                      [36m<div[39m
                        [33mdata-testid[39m=[32m"meeting-title-required"[39m
                        [33mstyle[39m=[32m"display: none;"[39m
                      [36m>[39m
                        [0mTitle is required[0m
                      [36m</div>[39m
                      [36m<div[39m
                        [33mdata-testid[39m=[32m"meeting-location-required"[39m
                        [33mstyle[39m=[32m"display: none;"[39m
                      [36m>[39m
                        [0mLocation is required[0m
                      [36m</div>[39m
                      [36m<div[39m
                        [33mdata-testid[39m=[32m"meeting-duration-required"[39m
                        [33mstyle[39m=[32m"display: none;"[39m
                      [36m>[39m
                        [0mDuration must be a positive number[0m
                      [36m</div>[39m
                    [36m</form>[39m
                  [36m</div>[39m
                [36m</div>[39m
              [36m</div>[39m
            [36m</div>[39m
          [36m</div>[39m
        [36m</div>[39m
      [36m</body>[39m
    [36m</html>[39m

      640 |       // Should reload preferences from API
      641 |       await waitFor(() => {
    > 642 |         expect(mockApiRequest).toHaveBeenCalledWith('GET', '/api/communication/preferences');
          |                                ^
      643 |       });
      644 |     });
      645 |

      at tests/unit/communication/communication-page.test.tsx:642:32
      at runWithExpensiveErrorDiagnosticsDisabled (node_modules/@testing-library/dom/dist/config.js:47:12)
      at checkCallback (node_modules/@testing-library/dom/dist/wait-for.js:124:77)
      at checkRealTimersCallback (node_modules/@testing-library/dom/dist/wait-for.js:118:16)
      at Timeout.task [as _onTimeout] (node_modules/jsdom/lib/jsdom/browser/Window.js:579:19)

  ● Communication Page Test Suite › Notification Preferences Panel › should handle notification preferences API error

    expect(jest.fn()).toHaveBeenCalledWith(...expected)

    Expected: ObjectContaining {"title": StringContaining "error", "variant": "destructive"}

    Number of calls: 0

    Ignored nodes: comments, script, style
    [36m<html>[39m
      [36m<head />[39m
      [36m<body>[39m
        [36m<div>[39m
          [36m<div[39m
            [33mdata-testid[39m=[32m"router"[39m
          [36m>[39m
            [36m<div[39m
              [33mdata-testid[39m=[32m"language-provider"[39m
            [36m>[39m
              [36m<div[39m
                [33mdata-testid[39m=[32m"auth-provider"[39m
              [36m>[39m
                [36m<div[39m
                  [33mdata-testid[39m=[32m"mobile-menu-provider"[39m
                [36m>[39m
                  [36m<div[39m
                    [33mdata-testid[39m=[32m"communication-page"[39m
                  [36m>[39m
                    [36m<div[39m
                      [33mdata-testid[39m=[32m"notification-preferences-panel"[39m
                    [36m>[39m
                      [36m<div[39m
                        [33mdata-testid[39m=[32m"preferences-loading"[39m
                      [36m>[39m
                        [0mLoading preferences...[0m
                      [36m</div>[39m
                      [36m<div[39m
                        [33mdata-testid[39m=[32m"bulk-frequency-select"[39m
                      [36m>[39m
                        [36m<select[39m
                          [33mdata-testid[39m=[32m"bulk-frequency-select"[39m
                        [36m>[39m
                          [36m<option[39m
                            [33mvalue[39m=[32m"immediate"[39m
                          [36m>[39m
                            [0mImmediate[0m
                          [36m</option>[39m
                          [36m<option[39m
                            [33mvalue[39m=[32m"weekly"[39m
                          [36m>[39m
                            [0mWeekly[0m
                          [36m</option>[39m
                          [36m<option[39m
                            [33mvalue[39m=[32m"monthly"[39m
                          [36m>[39m
                            [0mMonthly[0m
                          [36m</option>[39m
                        [36m</select>[39m
                      [36m</div>[39m
                      [36m<button[39m
                        [33mdata-testid[39m=[32m"apply-bulk-frequency"[39m
                      [36m>[39m
                        [0mApply Bulk[0m
                      [36m</button>[39m
                      [36m<button[39m
                        [33mdata-testid[39m=[32m"save-preferences"[39m
                      [36m>[39m
                        [0mSave Preferences[0m
                      [36m</button>[39m
                      [36m<button[39m
                        [33mdata-testid[39m=[32m"reset-preferences"[39m
                      [36m>[39m
                        [0mReset Preferences[0m
                      [36m</button>[39m
                      [36m<div[39m
                        [33mdata-testid[39m=[32m"preference-toggle-bill_reminder"[39m
                      [36m>[39m
                        [36m<input[39m
                          [33mchecked[39m=[32m""[39m
                          [33mtype[39m=[32m"checkbox"[39m
                        [36m/>[39m
                      [36m</div>[39m
                      [36m<div>[39m
                        [0mbill_reminder[0m
                      [36m</div>[39m
                      [36m<div>[39m
                        [0mmaintenance_update[0m
                      [36m</div>[39m
                      [36m<div>[39m
                        [0mannouncement[0m
                      [36m</div>[39m
                      [36m<div>[39m
                        [0memergency[0m
                      [36m</div>[39m
                      [36m<div>[39m
                        [0mmeeting_invite[0m
                      [36m</div>[39m
                      [36m<div>[39m
                        [0mpolicy_change[0m
                      [36m</div>[39m
                      [36m<div>[39m
                        [0mseasonal_reminder[0m
                      [36m</div>[39m
                      [36m<select>[39m
                        [36m<option[39m
                          [33mselected[39m=[32m""[39m
                          [33mvalue[39m=[32m"immediate"[39m
                        [36m>[39m
                          [0mimmediate[0m
                        [36m</option>[39m
                        [36m<option[39m
                          [33mvalue[39m=[32m"weekly"[39m
                        [36m>[39m
                          [0mweekly[0m
                        [36m</option>[39m
                        [36m<option[39m
                          [33mvalue[39m=[32m"monthly"[39m
                        [36m>[39m
                          [0mmonthly[0m
                        [36m</option>[39m
                        [36m<option[39m
                          [33mvalue[39m=[32m"quarterly"[39m
                        [36m>[39m
                          [0mquarterly[0m
                        [36m</option>[39m
                      [36m</select>[39m
                    [36m</div>[39m
                    [36m<form[39m
                      [33mdata-testid[39m=[32m"general-communication-form"[39m
                    [36m>[39m
                      [36m<input[39m
                        [33mdata-testid[39m=[32m"input-communication-title"[39m
                        [33mplaceholder[39m=[32m"Title"[39m
                      [36m/>[39m
                      [36m<textarea[39m
                        [33mdata-testid[39m=[32m"textarea-communication-content"[39m
                        [33mplaceholder[39m=[32m"Content"[39m
                      [36m/>[39m
                      [36m<select[39m
                        [33mdata-testid[39m=[32m"select-urgency-level"[39m
                      [36m>[39m
                        [36m<option[39m
                          [33mvalue[39m=[32m"low"[39m
                        [36m>[39m
                          [0mlow[0m
                        [36m</option>[39m
                        [36m<option[39m
                          [33mvalue[39m=[32m"medium"[39m
                        [36m>[39m
                          [0mmedium[0m
                        [36m</option>[39m
                        [36m<option[39m
                          [33mvalue[39m=[32m"high"[39m
                        [36m>[39m
                          [0mhigh[0m
                        [36m</option>[39m
                        [36m<option[39m
                          [33mvalue[39m=[32m"urgent"[39m
                        [36m>[39m
                          [0murgent[0m
                        [36m</option>[39m
                      [36m</select>[39m
                      [36m<select[39m
                        [33mdata-testid[39m=[32m"select-organization"[39m
                      [36m>[39m
                        [36m<option[39m
                          [33mvalue[39m=[32m"org1"[39m
                        [36m>[39m
                          [0mTest Organization 1[0m
                        [36m</option>[39m
                        [36m<option[39m
                          [33mvalue[39m=[32m"org2"[39m
                        [36m>[39m
                          [0mTest Organization 2[0m
                        [36m</option>[39m
                      [36m</select>[39m
                      [36m<select[39m
                        [33mdata-testid[39m=[32m"select-recipient-roles"[39m
                      [36m>[39m
                        [36m<option[39m
                          [33mvalue[39m=[32m"all"[39m
                        [36m>[39m
                          [0mall[0m
                        [36m</option>[39m
                        [36m<option[39m
                          [33mvalue[39m=[32m"resident"[39m
                        [36m>[39m
                          [0mresident[0m
                        [36m</option>[39m
                        [36m<option[39m
                          [33mvalue[39m=[32m"tenant"[39m
                        [36m>[39m
                          [0mtenant[0m
                        [36m</option>[39m
                        [36m<option[39m
                          [33mvalue[39m=[32m"manager"[39m
                        [36m>[39m
                          [0mmanager[0m
                        [36m</option>[39m
                        [36m<option[39m
                          [33mvalue[39m=[32m"admin"[39m
                        [36m>[39m
                          [0madmin[0m
                        [36m</option>[39m
                      [36m</select>[39m
                      [36m<button[39m
                        [33mdata-testid[39m=[32m"button-send-communication"[39m
                        [33mtype[39m=[32m"submit"[39m
                      [36m>[39m
                        [0mSend Communication[0m
                      [36m</button>[39m
                      [36m<div[39m
                        [33mdata-testid[39m=[32m"form-submitting"[39m
                        [33mstyle[39m=[32m"display: none;"[39m
                      [36m>[39m
                        [0mSubmitting...[0m
                      [36m</div>[39m
                      [36m<div[39m
                        [33mdata-testid[39m=[32m"title-required"[39m
                        [33mstyle[39m=[32m"display: none;"[39m
                      [36m>[39m
                        [0mTitle is required[0m
                      [36m</div>[39m
                      [36m<div[39m
                        [33mdata-testid[39m=[32m"content-required"[39m
                        [33mstyle[39m=[32m"display: none;"[39m
                      [36m>[39m
                        [0mContent is required[0m
                      [36m</div>[39m
                    [36m</form>[39m
                    [36m<form[39m
                      [33mdata-testid[39m=[32m"meeting-planning-form"[39m
                    [36m>[39m
                      [36m<input[39m
                        [33mdata-testid[39m=[32m"input-meeting-title"[39m
                        [33mplaceholder[39m=[32m"Meeting Title"[39m
                      [36m/>[39m
                      [36m<textarea[39m
                        [33mdata-testid[39m=[32m"textarea-meeting-description"[39m
                        [33mplaceholder[39m=[32m"Description"[39m
                      [36m/>[39m
                      [36m<input[39m
                        [33mdata-testid[39m=[32m"input-meeting-location"[39m
                        [33mplaceholder[39m=[32m"Location"[39m
                      [36m/>[39m
                      [36m<input[39m
                        [33mdata-testid[39m=[32m"input-meeting-date"[39m
                        [33mtype[39m=[32m"datetime-local"[39m
                      [36m/>[39m
                      [36m<input[39m
                        [33mdata-testid[39m=[32m"input-meeting-duration"[39m
                        [33mtype[39m=[32m"number"[39m
                        [33mvalue[39m=[32m"60"[39m
                      [36m/>[39m
                      [36m<select[39m
                        [33mdata-testid[39m=[32m"select-invited-roles"[39m
                      [36m>[39m
                        [36m<option[39m
                          [33mvalue[39m=[32m"all"[39m
                        [36m>[39m
                          [0mall[0m
                        [36m</option>[39m
                        [36m<option[39m
                          [33mvalue[39m=[32m"resident"[39m
                        [36m>[39m
                          [0mresident[0m
                        [36m</option>[39m
                        [36m<option[39m
                          [33mvalue[39m=[32m"manager"[39m
                        [36m>[39m
                          [0mmanager[0m
                        [36m</option>[39m
                        [36m<option[39m
                          [33mvalue[39m=[32m"admin"[39m
                        [36m>[39m
                          [0madmin[0m
                        [36m</option>[39m
                      [36m</select>[39m
                      [36m<button[39m
                        [33mdata-testid[39m=[32m"button-send-meeting-invite"[39m
                        [33mtype[39m=[32m"submit"[39m
                      [36m>[39m
                        [0mSend Meeting Invite[0m
                      [36m</button>[39m
                      [36m<div[39m
                        [33mdata-testid[39m=[32m"meeting-title-required"[39m
                        [33mstyle[39m=[32m"display: none;"[39m
                      [36m>[39m
                        [0mTitle is required[0m
                      [36m</div>[39m
                      [36m<div[39m
                        [33mdata-testid[39m=[32m"meeting-location-required"[39m
                        [33mstyle[39m=[32m"display: none;"[39m
                      [36m>[39m
                        [0mLocation is required[0m
                      [36m</div>[39m
                      [36m<div[39m
                        [33mdata-testid[39m=[32m"meeting-duration-required"[39m
                        [33mstyle[39m=[32m"display: none;"[39m
                      [36m>[39m
                        [0mDuration must be a positive number[0m
                      [36m</div>[39m
                    [36m</form>[39m
                  [36m</div>[39m
                [36m</div>[39m
              [36m</div>[39m
            [36m</div>[39m
          [36m</div>[39m
        [36m</div>[39m
      [36m</body>[39m
    [36m</html>[39m

      650 |
      651 |       await waitFor(() => {
    > 652 |         expect(mockToast).toHaveBeenCalledWith(
          |                           ^
      653 |           expect.objectContaining({
      654 |             title: expect.stringContaining('error'),
      655 |             variant: 'destructive'

      at tests/unit/communication/communication-page.test.tsx:652:27
      at runWithExpensiveErrorDiagnosticsDisabled (node_modules/@testing-library/dom/dist/config.js:47:12)
      at checkCallback (node_modules/@testing-library/dom/dist/wait-for.js:124:77)
      at checkRealTimersCallback (node_modules/@testing-library/dom/dist/wait-for.js:118:16)
      at Timeout.task [as _onTimeout] (node_modules/jsdom/lib/jsdom/browser/Window.js:579:19)

  ● Communication Page Test Suite › General Communication Form › should submit general communication form with correct data

    expect(jest.fn()).toHaveBeenCalledWith(...expected)

    Expected: "POST", "/api/communication/general", ObjectContaining {"content": "This is a test communication message.", "createdBy": "123e4567-e89b-12d3-a456-426614174000", "isUrgent": true, "organizationId": "123e4567-e89b-12d3-a456-426614174001", "title": "Test Communication Title"}
    Received: "POST", "/api/communication/general"

    Number of calls: 1

    Ignored nodes: comments, script, style
    [36m<html>[39m
      [36m<head />[39m
      [36m<body>[39m
        [36m<div>[39m
          [36m<div[39m
            [33mdata-testid[39m=[32m"router"[39m
          [36m>[39m
            [36m<div[39m
              [33mdata-testid[39m=[32m"language-provider"[39m
            [36m>[39m
              [36m<div[39m
                [33mdata-testid[39m=[32m"auth-provider"[39m
              [36m>[39m
                [36m<div[39m
                  [33mdata-testid[39m=[32m"mobile-menu-provider"[39m
                [36m>[39m
                  [36m<div[39m
                    [33mdata-testid[39m=[32m"communication-page"[39m
                  [36m>[39m
                    [36m<div[39m
                      [33mdata-testid[39m=[32m"notification-preferences-panel"[39m
                    [36m>[39m
                      [36m<div[39m
                        [33mdata-testid[39m=[32m"preferences-loading"[39m
                      [36m>[39m
                        [0mLoading preferences...[0m
                      [36m</div>[39m
                      [36m<div[39m
                        [33mdata-testid[39m=[32m"bulk-frequency-select"[39m
                      [36m>[39m
                        [36m<select[39m
                          [33mdata-testid[39m=[32m"bulk-frequency-select"[39m
                        [36m>[39m
                          [36m<option[39m
                            [33mvalue[39m=[32m"immediate"[39m
                          [36m>[39m
                            [0mImmediate[0m
                          [36m</option>[39m
                          [36m<option[39m
                            [33mvalue[39m=[32m"weekly"[39m
                          [36m>[39m
                            [0mWeekly[0m
                          [36m</option>[39m
                          [36m<option[39m
                            [33mvalue[39m=[32m"monthly"[39m
                          [36m>[39m
                            [0mMonthly[0m
                          [36m</option>[39m
                        [36m</select>[39m
                      [36m</div>[39m
                      [36m<button[39m
                        [33mdata-testid[39m=[32m"apply-bulk-frequency"[39m
                      [36m>[39m
                        [0mApply Bulk[0m
                      [36m</button>[39m
                      [36m<button[39m
                        [33mdata-testid[39m=[32m"save-preferences"[39m
                      [36m>[39m
                        [0mSave Preferences[0m
                      [36m</button>[39m
                      [36m<button[39m
                        [33mdata-testid[39m=[32m"reset-preferences"[39m
                      [36m>[39m
                        [0mReset Preferences[0m
                      [36m</button>[39m
                      [36m<div[39m
                        [33mdata-testid[39m=[32m"preference-toggle-bill_reminder"[39m
                      [36m>[39m
                        [36m<input[39m
                          [33mchecked[39m=[32m""[39m
                          [33mtype[39m=[32m"checkbox"[39m
                        [36m/>[39m
                      [36m</div>[39m
                      [36m<div>[39m
                        [0mbill_reminder[0m
                      [36m</div>[39m
                      [36m<div>[39m
                        [0mmaintenance_update[0m
                      [36m</div>[39m
                      [36m<div>[39m
                        [0mannouncement[0m
                      [36m</div>[39m
                      [36m<div>[39m
                        [0memergency[0m
                      [36m</div>[39m
                      [36m<div>[39m
                        [0mmeeting_invite[0m
                      [36m</div>[39m
                      [36m<div>[39m
                        [0mpolicy_change[0m
                      [36m</div>[39m
                      [36m<div>[39m
                        [0mseasonal_reminder[0m
                      [36m</div>[39m
                      [36m<select>[39m
                        [36m<option[39m
                          [33mselected[39m=[32m""[39m
                          [33mvalue[39m=[32m"immediate"[39m
                        [36m>[39m
                          [0mimmediate[0m
                        [36m</option>[39m
                        [36m<option[39m
                          [33mvalue[39m=[32m"weekly"[39m
                        [36m>[39m
                          [0mweekly[0m
                        [36m</option>[39m
                        [36m<option[39m
                          [33mvalue[39m=[32m"monthly"[39m
                        [36m>[39m
                          [0mmonthly[0m
                        [36m</option>[39m
                        [36m<option[39m
                          [33mvalue[39m=[32m"quarterly"[39m
                        [36m>[39m
                          [0mquarterly[0m
                        [36m</option>[39m
                      [36m</select>[39m
                    [36m</div>[39m
                    [36m<form[39m
                      [33mdata-testid[39m=[32m"general-communication-form"[39m
                    [36m>[39m
                      [36m<input[39m
                        [33mdata-testid[39m=[32m"input-communication-title"[39m
                        [33mplaceholder[39m=[32m"Title"[39m
                      [36m/>[39m
                      [36m<textarea[39m
                        [33mdata-testid[39m=[32m"textarea-communication-content"[39m
                        [33mplaceholder[39m=[32m"Content"[39m
                      [36m/>[39m
                      [36m<select[39m
                        [33mdata-testid[39m=[32m"select-urgency-level"[39m
                      [36m>[39m
                        [36m<option[39m
                          [33mvalue[39m=[32m"low"[39m
                        [36m>[39m
                          [0mlow[0m
                        [36m</option>[39m
                        [36m<option[39m
                          [33mvalue[39m=[32m"medium"[39m
                        [36m>[39m
                          [0mmedium[0m
                        [36m</option>[39m
                        [36m<option[39m
                          [33mvalue[39m=[32m"high"[39m
                        [36m>[39m
                          [0mhigh[0m
                        [36m</option>[39m
                        [36m<option[39m
                          [33mvalue[39m=[32m"urgent"[39m
                        [36m>[39m
                          [0murgent[0m
                        [36m</option>[39m
                      [36m</select>[39m
                      [36m<select[39m
                        [33mdata-testid[39m=[32m"select-organization"[39m
                      [36m>[39m
                        [36m<option[39m
                          [33mvalue[39m=[32m"org1"[39m
                        [36m>[39m
                          [0mTest Organization 1[0m
                        [36m</option>[39m
                        [36m<option[39m
                          [33mvalue[39m=[32m"org2"[39m
                        [36m>[39m
                          [0mTest Organization 2[0m
                        [36m</option>[39m
                      [36m</select>[39m
                      [36m<select[39m
                        [33mdata-testid[39m=[32m"select-recipient-roles"[39m
                      [36m>[39m
                        [36m<option[39m
                          [33mvalue[39m=[32m"all"[39m
                        [36m>[39m
                          [0mall[0m
                        [36m</option>[39m
                        [36m<option[39m
                          [33mvalue[39m=[32m"resident"[39m
                        [36m>[39m
                          [0mresident[0m
                        [36m</option>[39m
                        [36m<option[39m
                          [33mvalue[39m=[32m"tenant"[39m
                        [36m>[39m
                          [0mtenant[0m
                        [36m</option>[39m
                        [36m<option[39m
                          [33mvalue[39m=[32m"manager"[39m
                        [36m>[39m
                          [0mmanager[0m
                        [36m</option>[39m
                        [36m<option[39m
                          [33mvalue[39m=[32m"admin"[39m
                        [36m>[39m
                          [0madmin[0m
                        [36m</option>[39m
                      [36m</select>[39m
                      [36m<button[39m
                        [33mdata-testid[39m=[32m"button-send-communication"[39m
                        [33mtype[39m=[32m"submit"[39m
                      [36m>[39m
                        [0mSend Communication[0m
                      [36m</button>[39m
                      [36m<div[39m
                        [33mdata-testid[39m=[32m"form-submitting"[39m
                        [33mstyle[39m=[32m"display: none;"[39m
                      [36m>[39m
                        [0mSubmitting...[0m
                      [36m</div>[39m
                      [36m<div[39m
                        [33mdata-testid[39m=[32m"title-required"[39m
                        [33mstyle[39m=[32m"display: none;"[39m
                      [36m>[39m
                        [0mTitle is required[0m
                      [36m</div>[39m
                      [36m<div[39m
                        [33mdata-testid[39m=[32m"content-required"[39m
                        [33mstyle[39m=[32m"display: none;"[39m
                      [36m>[39m
                        [0mContent is required[0m
                      [36m</div>[39m
                    [36m</form>[39m
                    [36m<form[39m
                      [33mdata-testid[39m=[32m"meeting-planning-form"[39m
                    [36m>[39m
                      [36m<input[39m
                        [33mdata-testid[39m=[32m"input-meeting-title"[39m
                        [33mplaceholder[39m=[32m"Meeting Title"[39m
                      [36m/>[39m
                      [36m<textarea[39m
                        [33mdata-testid[39m=[32m"textarea-meeting-description"[39m
                        [33mplaceholder[39m=[32m"Description"[39m
                      [36m/>[39m
                      [36m<input[39m
                        [33mdata-testid[39m=[32m"input-meeting-location"[39m
                        [33mplaceholder[39m=[32m"Location"[39m
                      [36m/>[39m
                      [36m<input[39m
                        [33mdata-testid[39m=[32m"input-meeting-date"[39m
                        [33mtype[39m=[32m"datetime-local"[39m
                      [36m/>[39m
                      [36m<input[39m
                        [33mdata-testid[39m=[32m"input-meeting-duration"[39m
                        [33mtype[39m=[32m"number"[39m
                        [33mvalue[39m=[32m"60"[39m
                      [36m/>[39m
                      [36m<select[39m
                        [33mdata-testid[39m=[32m"select-invited-roles"[39m
                      [36m>[39m
                        [36m<option[39m
                          [33mvalue[39m=[32m"all"[39m
                        [36m>[39m
                          [0mall[0m
                        [36m</option>[39m
                        [36m<option[39m
                          [33mvalue[39m=[32m"resident"[39m
                        [36m>[39m
                          [0mresident[0m
                        [36m</option>[39m
                        [36m<option[39m
                          [33mvalue[39m=[32m"manager"[39m
                        [36m>[39m
                          [0mmanager[0m
                        [36m</option>[39m
                        [36m<option[39m
                          [33mvalue[39m=[32m"admin"[39m
                        [36m>[39m
                          [0madmin[0m
                        [36m</option>[39m
                      [36m</select>[39m
                      [36m<button[39m
                        [33mdata-testid[39m=[32m"button-send-meeting-invite"[39m
                        [33mtype[39m=[32m"submit"[39m
                      [36m>[39m
                        [0mSend Meeting Invite[0m
                      [36m</button>[39m
                      [36m<div[39m
                        [33mdata-testid[39m=[32m"meeting-title-required"[39m
                        [33mstyle[39m=[32m"display: none;"[39m
                      [36m>[39m
                        [0mTitle is required[0m
                      [36m</div>[39m
                      [36m<div[39m
                        [33mdata-testid[39m=[32m"meeting-location-required"[39m
                        [33mstyle[39m=[32m"display: none;"[39m
                      [36m>[39m
                        [0mLocation is required[0m
                      [36m</div>[39m
                      [36m<div[39m
                        [33mdata-testid[39m=[32m"meeting-duration-required"[39m
                        [33mstyle[39m=[32m"display: none;"[39m
                      [36m>[39m
                        [0mDuration must be a positive number[0m
                      [36m</div>[39m
                    [36m</form>[39m
                  [36m</div>[39m
                [36m</div>[39m
              [36m</div>[39m
            [36m</div>[39m
          [36m</div>[39m
        [36m</div>[39m
      [36m</body>[39m
    [36m</html>[39m

      737 |
      738 |       await waitFor(() => {
    > 739 |         expect(mockApiRequest).toHaveBeenCalledWith(
          |                                ^
      740 |           'POST',
      741 |           '/api/communication/general',
      742 |           expect.objectContaining({

      at tests/unit/communication/communication-page.test.tsx:739:32
      at runWithExpensiveErrorDiagnosticsDisabled (node_modules/@testing-library/dom/dist/config.js:47:12)
      at checkCallback (node_modules/@testing-library/dom/dist/wait-for.js:124:77)
      at checkRealTimersCallback (node_modules/@testing-library/dom/dist/wait-for.js:118:16)
      at Timeout.task [as _onTimeout] (node_modules/jsdom/lib/jsdom/browser/Window.js:579:19)

  ● Communication Page Test Suite › General Communication Form › should handle organization filtering

    expect(jest.fn()).toHaveBeenCalledWith(...expected)

    Expected: "GET", "/api/organizations"

    Number of calls: 0

    Ignored nodes: comments, script, style
    [36m<html>[39m
      [36m<head />[39m
      [36m<body>[39m
        [36m<div>[39m
          [36m<div[39m
            [33mdata-testid[39m=[32m"router"[39m
          [36m>[39m
            [36m<div[39m
              [33mdata-testid[39m=[32m"language-provider"[39m
            [36m>[39m
              [36m<div[39m
                [33mdata-testid[39m=[32m"auth-provider"[39m
              [36m>[39m
                [36m<div[39m
                  [33mdata-testid[39m=[32m"mobile-menu-provider"[39m
                [36m>[39m
                  [36m<div[39m
                    [33mdata-testid[39m=[32m"communication-page"[39m
                  [36m>[39m
                    [36m<div[39m
                      [33mdata-testid[39m=[32m"notification-preferences-panel"[39m
                    [36m>[39m
                      [36m<div[39m
                        [33mdata-testid[39m=[32m"preferences-loading"[39m
                      [36m>[39m
                        [0mLoading preferences...[0m
                      [36m</div>[39m
                      [36m<div[39m
                        [33mdata-testid[39m=[32m"bulk-frequency-select"[39m
                      [36m>[39m
                        [36m<select[39m
                          [33mdata-testid[39m=[32m"bulk-frequency-select"[39m
                        [36m>[39m
                          [36m<option[39m
                            [33mvalue[39m=[32m"immediate"[39m
                          [36m>[39m
                            [0mImmediate[0m
                          [36m</option>[39m
                          [36m<option[39m
                            [33mvalue[39m=[32m"weekly"[39m
                          [36m>[39m
                            [0mWeekly[0m
                          [36m</option>[39m
                          [36m<option[39m
                            [33mvalue[39m=[32m"monthly"[39m
                          [36m>[39m
                            [0mMonthly[0m
                          [36m</option>[39m
                        [36m</select>[39m
                      [36m</div>[39m
                      [36m<button[39m
                        [33mdata-testid[39m=[32m"apply-bulk-frequency"[39m
                      [36m>[39m
                        [0mApply Bulk[0m
                      [36m</button>[39m
                      [36m<button[39m
                        [33mdata-testid[39m=[32m"save-preferences"[39m
                      [36m>[39m
                        [0mSave Preferences[0m
                      [36m</button>[39m
                      [36m<button[39m
                        [33mdata-testid[39m=[32m"reset-preferences"[39m
                      [36m>[39m
                        [0mReset Preferences[0m
                      [36m</button>[39m
                      [36m<div[39m
                        [33mdata-testid[39m=[32m"preference-toggle-bill_reminder"[39m
                      [36m>[39m
                        [36m<input[39m
                          [33mchecked[39m=[32m""[39m
                          [33mtype[39m=[32m"checkbox"[39m
                        [36m/>[39m
                      [36m</div>[39m
                      [36m<div>[39m
                        [0mbill_reminder[0m
                      [36m</div>[39m
                      [36m<div>[39m
                        [0mmaintenance_update[0m
                      [36m</div>[39m
                      [36m<div>[39m
                        [0mannouncement[0m
                      [36m</div>[39m
                      [36m<div>[39m
                        [0memergency[0m
                      [36m</div>[39m
                      [36m<div>[39m
                        [0mmeeting_invite[0m
                      [36m</div>[39m
                      [36m<div>[39m
                        [0mpolicy_change[0m
                      [36m</div>[39m
                      [36m<div>[39m
                        [0mseasonal_reminder[0m
                      [36m</div>[39m
                      [36m<select>[39m
                        [36m<option[39m
                          [33mselected[39m=[32m""[39m
                          [33mvalue[39m=[32m"immediate"[39m
                        [36m>[39m
                          [0mimmediate[0m
                        [36m</option>[39m
                        [36m<option[39m
                          [33mvalue[39m=[32m"weekly"[39m
                        [36m>[39m
                          [0mweekly[0m
                        [36m</option>[39m
                        [36m<option[39m
                          [33mvalue[39m=[32m"monthly"[39m
                        [36m>[39m
                          [0mmonthly[0m
                        [36m</option>[39m
                        [36m<option[39m
                          [33mvalue[39m=[32m"quarterly"[39m
                        [36m>[39m
                          [0mquarterly[0m
                        [36m</option>[39m
                      [36m</select>[39m
                    [36m</div>[39m
                    [36m<form[39m
                      [33mdata-testid[39m=[32m"general-communication-form"[39m
                    [36m>[39m
                      [36m<input[39m
                        [33mdata-testid[39m=[32m"input-communication-title"[39m
                        [33mplaceholder[39m=[32m"Title"[39m
                      [36m/>[39m
                      [36m<textarea[39m
                        [33mdata-testid[39m=[32m"textarea-communication-content"[39m
                        [33mplaceholder[39m=[32m"Content"[39m
                      [36m/>[39m
                      [36m<select[39m
                        [33mdata-testid[39m=[32m"select-urgency-level"[39m
                      [36m>[39m
                        [36m<option[39m
                          [33mvalue[39m=[32m"low"[39m
                        [36m>[39m
                          [0mlow[0m
                        [36m</option>[39m
                        [36m<option[39m
                          [33mvalue[39m=[32m"medium"[39m
                        [36m>[39m
                          [0mmedium[0m
                        [36m</option>[39m
                        [36m<option[39m
                          [33mvalue[39m=[32m"high"[39m
                        [36m>[39m
                          [0mhigh[0m
                        [36m</option>[39m
                        [36m<option[39m
                          [33mvalue[39m=[32m"urgent"[39m
                        [36m>[39m
                          [0murgent[0m
                        [36m</option>[39m
                      [36m</select>[39m
                      [36m<select[39m
                        [33mdata-testid[39m=[32m"select-organization"[39m
                      [36m>[39m
                        [36m<option[39m
                          [33mvalue[39m=[32m"org1"[39m
                        [36m>[39m
                          [0mTest Organization 1[0m
                        [36m</option>[39m
                        [36m<option[39m
                          [33mvalue[39m=[32m"org2"[39m
                        [36m>[39m
                          [0mTest Organization 2[0m
                        [36m</option>[39m
                      [36m</select>[39m
                      [36m<select[39m
                        [33mdata-testid[39m=[32m"select-recipient-roles"[39m
                      [36m>[39m
                        [36m<option[39m
                          [33mvalue[39m=[32m"all"[39m
                        [36m>[39m
                          [0mall[0m
                        [36m</option>[39m
                        [36m<option[39m
                          [33mvalue[39m=[32m"resident"[39m
                        [36m>[39m
                          [0mresident[0m
                        [36m</option>[39m
                        [36m<option[39m
                          [33mvalue[39m=[32m"tenant"[39m
                        [36m>[39m
                          [0mtenant[0m
                        [36m</option>[39m
                        [36m<option[39m
                          [33mvalue[39m=[32m"manager"[39m
                        [36m>[39m
                          [0mmanager[0m
                        [36m</option>[39m
                        [36m<option[39m
                          [33mvalue[39m=[32m"admin"[39m
                        [36m>[39m
                          [0madmin[0m
                        [36m</option>[39m
                      [36m</select>[39m
                      [36m<button[39m
                        [33mdata-testid[39m=[32m"button-send-communication"[39m
                        [33mtype[39m=[32m"submit"[39m
                      [36m>[39m
                        [0mSend Communication[0m
                      [36m</button>[39m
                      [36m<div[39m
                        [33mdata-testid[39m=[32m"form-submitting"[39m
                        [33mstyle[39m=[32m"display: none;"[39m
                      [36m>[39m
                        [0mSubmitting...[0m
                      [36m</div>[39m
                      [36m<div[39m
                        [33mdata-testid[39m=[32m"title-required"[39m
                        [33mstyle[39m=[32m"display: none;"[39m
                      [36m>[39m
                        [0mTitle is required[0m
                      [36m</div>[39m
                      [36m<div[39m
                        [33mdata-testid[39m=[32m"content-required"[39m
                        [33mstyle[39m=[32m"display: none;"[39m
                      [36m>[39m
                        [0mContent is required[0m
                      [36m</div>[39m
                    [36m</form>[39m
                    [36m<form[39m
                      [33mdata-testid[39m=[32m"meeting-planning-form"[39m
                    [36m>[39m
                      [36m<input[39m
                        [33mdata-testid[39m=[32m"input-meeting-title"[39m
                        [33mplaceholder[39m=[32m"Meeting Title"[39m
                      [36m/>[39m
                      [36m<textarea[39m
                        [33mdata-testid[39m=[32m"textarea-meeting-description"[39m
                        [33mplaceholder[39m=[32m"Description"[39m
                      [36m/>[39m
                      [36m<input[39m
                        [33mdata-testid[39m=[32m"input-meeting-location"[39m
                        [33mplaceholder[39m=[32m"Location"[39m
                      [36m/>[39m
                      [36m<input[39m
                        [33mdata-testid[39m=[32m"input-meeting-date"[39m
                        [33mtype[39m=[32m"datetime-local"[39m
                      [36m/>[39m
                      [36m<input[39m
                        [33mdata-testid[39m=[32m"input-meeting-duration"[39m
                        [33mtype[39m=[32m"number"[39m
                        [33mvalue[39m=[32m"60"[39m
                      [36m/>[39m
                      [36m<select[39m
                        [33mdata-testid[39m=[32m"select-invited-roles"[39m
                      [36m>[39m
                        [36m<option[39m
                          [33mvalue[39m=[32m"all"[39m
                        [36m>[39m
                          [0mall[0m
                        [36m</option>[39m
                        [36m<option[39m
                          [33mvalue[39m=[32m"resident"[39m
                        [36m>[39m
                          [0mresident[0m
                        [36m</option>[39m
                        [36m<option[39m
                          [33mvalue[39m=[32m"manager"[39m
                        [36m>[39m
                          [0mmanager[0m
                        [36m</option>[39m
                        [36m<option[39m
                          [33mvalue[39m=[32m"admin"[39m
                        [36m>[39m
                          [0madmin[0m
                        [36m</option>[39m
                      [36m</select>[39m
                      [36m<button[39m
                        [33mdata-testid[39m=[32m"button-send-meeting-invite"[39m
                        [33mtype[39m=[32m"submit"[39m
                      [36m>[39m
                        [0mSend Meeting Invite[0m
                      [36m</button>[39m
                      [36m<div[39m
                        [33mdata-testid[39m=[32m"meeting-title-required"[39m
                        [33mstyle[39m=[32m"display: none;"[39m
                      [36m>[39m
                        [0mTitle is required[0m
                      [36m</div>[39m
                      [36m<div[39m
                        [33mdata-testid[39m=[32m"meeting-location-required"[39m
                        [33mstyle[39m=[32m"display: none;"[39m
                      [36m>[39m
                        [0mLocation is required[0m
                      [36m</div>[39m
                      [36m<div[39m
                        [33mdata-testid[39m=[32m"meeting-duration-required"[39m
                        [33mstyle[39m=[32m"display: none;"[39m
                      [36m>[39m
                        [0mDuration must be a positive number[0m
                      [36m</div>[39m
                    [36m</form>[39m
                  [36m</div>[39m
                [36m</div>[39m
              [36m</div>[39m
            [36m</div>[39m
          [36m</div>[39m
        [36m</div>[39m
      [36m</body>[39m
    [36m</html>[39m

      760 |
      761 |       await waitFor(() => {
    > 762 |         expect(mockApiRequest).toHaveBeenCalledWith('GET', '/api/organizations');
          |                                ^
      763 |       });
      764 |
      765 |       // Should display organization selector for multi-org users

      at tests/unit/communication/communication-page.test.tsx:762:32
      at runWithExpensiveErrorDiagnosticsDisabled (node_modules/@testing-library/dom/dist/config.js:47:12)
      at checkCallback (node_modules/@testing-library/dom/dist/wait-for.js:124:77)
      at checkRealTimersCallback (node_modules/@testing-library/dom/dist/wait-for.js:118:16)
      at Timeout.task [as _onTimeout] (node_modules/jsdom/lib/jsdom/browser/Window.js:579:19)

  ● Communication Page Test Suite › General Communication Form › should handle recipient role selection

    TestingLibraryElementError: Found multiple elements with the text: all

    Here are the matching elements:

    Ignored nodes: comments, script, style
    [36m<option[39m
      [33mvalue[39m=[32m"all"[39m
    [36m>[39m
      [0mall[0m
    [36m</option>[39m

    Ignored nodes: comments, script, style
    [36m<option[39m
      [33mvalue[39m=[32m"all"[39m
    [36m>[39m
      [0mall[0m
    [36m</option>[39m

    (If this is intentional, then use the `*AllBy*` variant of the query (like `queryAllByText`, `getAllByText`, or `findAllByText`)).

    Ignored nodes: comments, script, style
    [36m<body>[39m
      [36m<div>[39m
        [36m<div[39m
          [33mdata-testid[39m=[32m"router"[39m
        [36m>[39m
          [36m<div[39m
            [33mdata-testid[39m=[32m"language-provider"[39m
          [36m>[39m
            [36m<div[39m
              [33mdata-testid[39m=[32m"auth-provider"[39m
            [36m>[39m
              [36m<div[39m
                [33mdata-testid[39m=[32m"mobile-menu-provider"[39m
              [36m>[39m
                [36m<div[39m
                  [33mdata-testid[39m=[32m"communication-page"[39m
                [36m>[39m
                  [36m<div[39m
                    [33mdata-testid[39m=[32m"notification-preferences-panel"[39m
                  [36m>[39m
                    [36m<div[39m
                      [33mdata-testid[39m=[32m"preferences-loading"[39m
                    [36m>[39m
                      [0mLoading preferences...[0m
                    [36m</div>[39m
                    [36m<div[39m
                      [33mdata-testid[39m=[32m"bulk-frequency-select"[39m
                    [36m>[39m
                      [36m<select[39m
                        [33mdata-testid[39m=[32m"bulk-frequency-select"[39m
                      [36m>[39m
                        [36m<option[39m
                          [33mvalue[39m=[32m"immediate"[39m
                        [36m>[39m
                          [0mImmediate[0m
                        [36m</option>[39m
                        [36m<option[39m
                          [33mvalue[39m=[32m"weekly"[39m
                        [36m>[39m
                          [0mWeekly[0m
                        [36m</option>[39m
                        [36m<option[39m
                          [33mvalue[39m=[32m"monthly"[39m
                        [36m>[39m
                          [0mMonthly[0m
                        [36m</option>[39m
                      [36m</select>[39m
                    [36m</div>[39m
                    [36m<button[39m
                      [33mdata-testid[39m=[32m"apply-bulk-frequency"[39m
                    [36m>[39m
                      [0mApply Bulk[0m
                    [36m</button>[39m
                    [36m<button[39m
                      [33mdata-testid[39m=[32m"save-preferences"[39m
                    [36m>[39m
                      [0mSave Preferences[0m
                    [36m</button>[39m
                    [36m<button[39m
                      [33mdata-testid[39m=[32m"reset-preferences"[39m
                    [36m>[39m
                      [0mReset Preferences[0m
                    [36m</button>[39m
                    [36m<div[39m
                      [33mdata-testid[39m=[32m"preference-toggle-bill_reminder"[39m
                    [36m>[39m
                      [36m<input[39m
                        [33mchecked[39m=[32m""[39m
                        [33mtype[39m=[32m"checkbox"[39m
                      [36m/>[39m
                    [36m</div>[39m
                    [36m<div>[39m
                      [0mbill_reminder[0m
                    [36m</div>[39m
                    [36m<div>[39m
                      [0mmaintenance_update[0m
                    [36m</div>[39m
                    [36m<div>[39m
                      [0mannouncement[0m
                    [36m</div>[39m
                    [36m<div>[39m
                      [0memergency[0m
                    [36m</div>[39m
                    [36m<div>[39m
                      [0mmeeting_invite[0m
                    [36m</div>[39m
                    [36m<div>[39m
                      [0mpolicy_change[0m
                    [36m</div>[39m
                    [36m<div>[39m
                      [0mseasonal_reminder[0m
                    [36m</div>[39m
                    [36m<select>[39m
                      [36m<option[39m
                        [33mselected[39m=[32m""[39m
                        [33mvalue[39m=[32m"immediate"[39m
                      [36m>[39m
                        [0mimmediate[0m
                      [36m</option>[39m
                      [36m<option[39m
                        [33mvalue[39m=[32m"weekly"[39m
                      [36m>[39m
                        [0mweekly[0m
                      [36m</option>[39m
                      [36m<option[39m
                        [33mvalue[39m=[32m"monthly"[39m
                      [36m>[39m
                        [0mmonthly[0m
                      [36m</option>[39m
                      [36m<option[39m
                        [33mvalue[39m=[32m"quarterly"[39m
                      [36m>[39m
                        [0mquarterly[0m
                      [36m</option>[39m
                    [36m</select>[39m
                  [36m</div>[39m
                  [36m<form[39m
                    [33mdata-testid[39m=[32m"general-communication-form"[39m
                  [36m>[39m
                    [36m<input[39m
                      [33mdata-testid[39m=[32m"input-communication-title"[39m
                      [33mplaceholder[39m=[32m"Title"[39m
                    [36m/>[39m
                    [36m<textarea[39m
                      [33mdata-testid[39m=[32m"textarea-communication-content"[39m
                      [33mplaceholder[39m=[32m"Content"[39m
                    [36m/>[39m
                    [36m<select[39m
                      [33mdata-testid[39m=[32m"select-urgency-level"[39m
                    [36m>[39m
                      [36m<option[39m
                        [33mvalue[39m=[32m"low"[39m
                      [36m>[39m
                        [0mlow[0m
                      [36m</option>[39m
                      [36m<option[39m
                        [33mvalue[39m=[32m"medium"[39m
                      [36m>[39m
                        [0mmedium[0m
                      [36m</option>[39m
                      [36m<option[39m
                        [33mvalue[39m=[32m"high"[39m
                      [36m>[39m
                        [0mhigh[0m
                      [36m</option>[39m
                      [36m<option[39m
                        [33mvalue[39m=[32m"urgent"[39m
                      [36m>[39m
                        [0murgent[0m
                      [36m</option>[39m
                    [36m</select>[39m
                    [36m<select[39m
                      [33mdata-testid[39m=[32m"select-organization"[39m
                    [36m>[39m
                      [36m<option[39m
                        [33mvalue[39m=[32m"org1"[39m
                      [36m>[39m
                        [0mTest Organization 1[0m
                      [36m</option>[39m
                      [36m<option[39m
                        [33mvalue[39m=[32m"org2"[39m
                      [36m>[39m
                        [0mTest Organization 2[0m
                      [36m</option>[39m
                    [36m</select>[39m
                    [36m<select[39m
                      [33mdata-testid[39m=[32m"select-recipient-roles"[39m
                    [36m>[39m
                      [36m<option[39m
                        [33mvalue[39m=[32m"all"[39m
                      [36m>[39m
                        [0mall[0m
                      [36m</option>[39m
                      [36m<option[39m
                        [33mvalue[39m=[32m"resident"[39m
                      [36m>[39m
                        [0mresident[0m
                      [36m</option>[39m
                      [36m<option[39m
                        [33mvalue[39m=[32m"tenant"[39m
                      [36m>[39m
                        [0mtenant[0m
                      [36m</option>[39m
                      [36m<option[39m
                        [33mvalue[39m=[32m"manager"[39m
                      [36m>[39m
                        [0mmanager[0m
                      [36m</option>[39m
                      [36m<option[39m
                        [33mvalue[39m=[32m"admin"[39m
                      [36m>[39m
                        [0madmin[0m
                      [36m</option>[39m
                    [36m</select>[39m
                    [36m<button[39m
                      [33mdata-testid[39m=[32m"button-send-communication"[39m
                      [33mtype[39m=[32m"submit"[39m
                    [36m>[39m
                      [0mSend Communication[0m
                    [36m</button>[39m
                    [36m<div[39m
                      [33mdata-testid[39m=[32m"form-submitting"[39m
                      [33mstyle[39m=[32m"display: none;"[39m
                    [36m>[39m
                      [0mSubmitting...[0m
                    [36m</div>[39m
                    [36m<div[39m
                      [33mdata-testid[39m=[32m"title-required"[39m
                      [33mstyle[39m=[32m"display: none;"[39m
                    [36m>[39m
                      [0mTitle is required[0m
                    [36m</div>[39m
                    [36m<div[39m
                      [33mdata-testid[39m=[32m"content-required"[39m
                      [33mstyle[39m=[32m"display: none;"[39m
                    [36m>[39m
                      [0mContent is required[0m
                    [36m</div>[39m
                  [36m</form>[39m
                  [36m<form[39m
                    [33mdata-testid[39m=[32m"meeting-planning-form"[39m
                  [36m>[39m
                    [36m<input[39m
                      [33mdata-testid[39m=[32m"input-meeting-title"[39m
                      [33mplaceholder[39m=[32m"Meeting Title"[39m
                    [36m/>[39m
                    [36m<textarea[39m
                      [33mdata-testid[39m=[32m"textarea-meeting-description"[39m
                      [33mplaceholder[39m=[32m"Description"[39m
                    [36m/>[39m
                    [36m<input[39m
                      [33mdata-testid[39m=[32m"input-meeting-location"[39m
                      [33mplaceholder[39m=[32m"Location"[39m
                    [36m/>[39m
                    [36m<input[39m
                      [33mdata-testid[39m=[32m"input-meeting-date"[39m
                      [33mtype[39m=[32m"datetime-local"[39m
                    [36m/>[39m
                    [36m<input[39m
                      [33mdata-testid[39m=[32m"input-meeting-duration"[39m
                      [33mtype[39m=[32m"number"[39m
                      [33mvalue[39m=[32m"60"[39m
                    [36m/>[39m
                    [36m<select[39m
                      [33mdata-testid[39m=[32m"select-invited-roles"[39m
                    [36m>[39m
                      [36m<option[39m
                        [33mvalue[39m=[32m"all"[39m
                      [36m>[39m
                        [0mall[0m
                      [36m</option>[39m
                      [36m<option[39m
                        [33mvalue[39m=[32m"resident"[39m
                      [36m>[39m
                        [0mresident[0m
                      [36m</option>[39m
                      [36m<option[39m
                        [33mvalue[39m=[32m"manager"[39m
                      [36m>[39m
                        [0mmanager[0m
                      [36m</option>[39m
                      [36m<option[39m
                        [33mvalue[39m=[32m"admin"[39m
                      [36m>[39m
                        [0madmin[0m
                      [36m</option>[39m
                    [36m</select>[39m
                    [36m<button[39m
                      [33mdata-testid[39m=[32m"button-send-meeting-invite"[39m
                      [33mtype[39m=[32m"submit"[39m
                    [36m>[39m
                      [0mSend Meeting Invite[0m
                    [36m</button>[39m
                    [36m<div[39m
                      [33mdata-testid[39m=[32m"meeting-title-required"[39m
                      [33mstyle[39m=[32m"display: none;"[39m
                    [36m>[39m
                      [0mTitle is required[0m
                    [36m</div>[39m
                    [36m<div[39m
                      [33mdata-testid[39m=[32m"meeting-location-required"[39m
                      [33mstyle[39m=[32m"display: none;"[39m
                    [36m>[39m
                      [0mLocation is required[0m
                    [36m</div>[39m
                    [36m<div[39m
                      [33mdata-testid[39m=[32m"meeting-duration-required"[39m
                      [33mstyle[39m=[32m"display: none;"[39m
                    [36m>[39m
                      [0mDuration must be a positive number[0m
                    [36m</div>[39m
                  [36m</form>[39m
                [36m</div>[39m
              [36m</div>[39m
            [36m</div>[39m
          [36m</div>[39m
        [36m</div>[39m
      [36m</div>[39m
    [36m</body>[39m

      778 |       await userEvent.click(recipientSelect);
      779 |
    > 780 |       expect(screen.getByText('all')).toBeInTheDocument();
          |                     ^
      781 |       expect(screen.getByText('resident')).toBeInTheDocument();
      782 |       expect(screen.getByText('tenant')).toBeInTheDocument();
      783 |       expect(screen.getByText('manager')).toBeInTheDocument();

      at Object.getElementError (node_modules/@testing-library/dom/dist/config.js:37:19)
      at getElementError (node_modules/@testing-library/dom/dist/query-helpers.js:20:35)
      at getMultipleElementsFoundError (node_modules/@testing-library/dom/dist/query-helpers.js:23:10)
      at node_modules/@testing-library/dom/dist/query-helpers.js:55:13
      at node_modules/@testing-library/dom/dist/query-helpers.js:95:19
      at Object.<anonymous> (tests/unit/communication/communication-page.test.tsx:780:21)

  ● Communication Page Test Suite › Meeting Planning Form › should submit meeting invitation with correct data

    expect(jest.fn()).toHaveBeenCalledWith(...expected)

    Expected: "POST", "/api/communication/meetings", ObjectContaining {"createdBy": "123e4567-e89b-12d3-a456-426614174000", "description": "Monthly board meeting discussion", "duration": 120, "location": "Conference Room A", "organizationId": "123e4567-e89b-12d3-a456-426614174001", "title": "Board Meeting"}
    Received: "POST", "/api/communication/meetings"

    Number of calls: 1

    Ignored nodes: comments, script, style
    [36m<html>[39m
      [36m<head />[39m
      [36m<body>[39m
        [36m<div>[39m
          [36m<div[39m
            [33mdata-testid[39m=[32m"router"[39m
          [36m>[39m
            [36m<div[39m
              [33mdata-testid[39m=[32m"language-provider"[39m
            [36m>[39m
              [36m<div[39m
                [33mdata-testid[39m=[32m"auth-provider"[39m
              [36m>[39m
                [36m<div[39m
                  [33mdata-testid[39m=[32m"mobile-menu-provider"[39m
                [36m>[39m
                  [36m<div[39m
                    [33mdata-testid[39m=[32m"communication-page"[39m
                  [36m>[39m
                    [36m<div[39m
                      [33mdata-testid[39m=[32m"notification-preferences-panel"[39m
                    [36m>[39m
                      [36m<div[39m
                        [33mdata-testid[39m=[32m"preferences-loading"[39m
                      [36m>[39m
                        [0mLoading preferences...[0m
                      [36m</div>[39m
                      [36m<div[39m
                        [33mdata-testid[39m=[32m"bulk-frequency-select"[39m
                      [36m>[39m
                        [36m<select[39m
                          [33mdata-testid[39m=[32m"bulk-frequency-select"[39m
                        [36m>[39m
                          [36m<option[39m
                            [33mvalue[39m=[32m"immediate"[39m
                          [36m>[39m
                            [0mImmediate[0m
                          [36m</option>[39m
                          [36m<option[39m
                            [33mvalue[39m=[32m"weekly"[39m
                          [36m>[39m
                            [0mWeekly[0m
                          [36m</option>[39m
                          [36m<option[39m
                            [33mvalue[39m=[32m"monthly"[39m
                          [36m>[39m
                            [0mMonthly[0m
                          [36m</option>[39m
                        [36m</select>[39m
                      [36m</div>[39m
                      [36m<button[39m
                        [33mdata-testid[39m=[32m"apply-bulk-frequency"[39m
                      [36m>[39m
                        [0mApply Bulk[0m
                      [36m</button>[39m
                      [36m<button[39m
                        [33mdata-testid[39m=[32m"save-preferences"[39m
                      [36m>[39m
                        [0mSave Preferences[0m
                      [36m</button>[39m
                      [36m<button[39m
                        [33mdata-testid[39m=[32m"reset-preferences"[39m
                      [36m>[39m
                        [0mReset Preferences[0m
                      [36m</button>[39m
                      [36m<div[39m
                        [33mdata-testid[39m=[32m"preference-toggle-bill_reminder"[39m
                      [36m>[39m
                        [36m<input[39m
                          [33mchecked[39m=[32m""[39m
                          [33mtype[39m=[32m"checkbox"[39m
                        [36m/>[39m
                      [36m</div>[39m
                      [36m<div>[39m
                        [0mbill_reminder[0m
                      [36m</div>[39m
                      [36m<div>[39m
                        [0mmaintenance_update[0m
                      [36m</div>[39m
                      [36m<div>[39m
                        [0mannouncement[0m
                      [36m</div>[39m
                      [36m<div>[39m
                        [0memergency[0m
                      [36m</div>[39m
                      [36m<div>[39m
                        [0mmeeting_invite[0m
                      [36m</div>[39m
                      [36m<div>[39m
                        [0mpolicy_change[0m
                      [36m</div>[39m
                      [36m<div>[39m
                        [0mseasonal_reminder[0m
                      [36m</div>[39m
                      [36m<select>[39m
                        [36m<option[39m
                          [33mselected[39m=[32m""[39m
                          [33mvalue[39m=[32m"immediate"[39m
                        [36m>[39m
                          [0mimmediate[0m
                        [36m</option>[39m
                        [36m<option[39m
                          [33mvalue[39m=[32m"weekly"[39m
                        [36m>[39m
                          [0mweekly[0m
                        [36m</option>[39m
                        [36m<option[39m
                          [33mvalue[39m=[32m"monthly"[39m
                        [36m>[39m
                          [0mmonthly[0m
                        [36m</option>[39m
                        [36m<option[39m
                          [33mvalue[39m=[32m"quarterly"[39m
                        [36m>[39m
                          [0mquarterly[0m
                        [36m</option>[39m
                      [36m</select>[39m
                    [36m</div>[39m
                    [36m<form[39m
                      [33mdata-testid[39m=[32m"general-communication-form"[39m
                    [36m>[39m
                      [36m<input[39m
                        [33mdata-testid[39m=[32m"input-communication-title"[39m
                        [33mplaceholder[39m=[32m"Title"[39m
                      [36m/>[39m
                      [36m<textarea[39m
                        [33mdata-testid[39m=[32m"textarea-communication-content"[39m
                        [33mplaceholder[39m=[32m"Content"[39m
                      [36m/>[39m
                      [36m<select[39m
                        [33mdata-testid[39m=[32m"select-urgency-level"[39m
                      [36m>[39m
                        [36m<option[39m
                          [33mvalue[39m=[32m"low"[39m
                        [36m>[39m
                          [0mlow[0m
                        [36m</option>[39m
                        [36m<option[39m
                          [33mvalue[39m=[32m"medium"[39m
                        [36m>[39m
                          [0mmedium[0m
                        [36m</option>[39m
                        [36m<option[39m
                          [33mvalue[39m=[32m"high"[39m
                        [36m>[39m
                          [0mhigh[0m
                        [36m</option>[39m
                        [36m<option[39m
                          [33mvalue[39m=[32m"urgent"[39m
                        [36m>[39m
                          [0murgent[0m
                        [36m</option>[39m
                      [36m</select>[39m
                      [36m<select[39m
                        [33mdata-testid[39m=[32m"select-organization"[39m
                      [36m>[39m
                        [36m<option[39m
                          [33mvalue[39m=[32m"org1"[39m
                        [36m>[39m
                          [0mTest Organization 1[0m
                        [36m</option>[39m
                        [36m<option[39m
                          [33mvalue[39m=[32m"org2"[39m
                        [36m>[39m
                          [0mTest Organization 2[0m
                        [36m</option>[39m
                      [36m</select>[39m
                      [36m<select[39m
                        [33mdata-testid[39m=[32m"select-recipient-roles"[39m
                      [36m>[39m
                        [36m<option[39m
                          [33mvalue[39m=[32m"all"[39m
                        [36m>[39m
                          [0mall[0m
                        [36m</option>[39m
                        [36m<option[39m
                          [33mvalue[39m=[32m"resident"[39m
                        [36m>[39m
                          [0mresident[0m
                        [36m</option>[39m
                        [36m<option[39m
                          [33mvalue[39m=[32m"tenant"[39m
                        [36m>[39m
                          [0mtenant[0m
                        [36m</option>[39m
                        [36m<option[39m
                          [33mvalue[39m=[32m"manager"[39m
                        [36m>[39m
                          [0mmanager[0m
                        [36m</option>[39m
                        [36m<option[39m
                          [33mvalue[39m=[32m"admin"[39m
                        [36m>[39m
                          [0madmin[0m
                        [36m</option>[39m
                      [36m</select>[39m
                      [36m<button[39m
                        [33mdata-testid[39m=[32m"button-send-communication"[39m
                        [33mtype[39m=[32m"submit"[39m
                      [36m>[39m
                        [0mSend Communication[0m
                      [36m</button>[39m
                      [36m<div[39m
                        [33mdata-testid[39m=[32m"form-submitting"[39m
                        [33mstyle[39m=[32m"display: none;"[39m
                      [36m>[39m
                        [0mSubmitting...[0m
                      [36m</div>[39m
                      [36m<div[39m
                        [33mdata-testid[39m=[32m"title-required"[39m
                        [33mstyle[39m=[32m"display: none;"[39m
                      [36m>[39m
                        [0mTitle is required[0m
                      [36m</div>[39m
                      [36m<div[39m
                        [33mdata-testid[39m=[32m"content-required"[39m
                        [33mstyle[39m=[32m"display: none;"[39m
                      [36m>[39m
                        [0mContent is required[0m
                      [36m</div>[39m
                    [36m</form>[39m
                    [36m<form[39m
                      [33mdata-testid[39m=[32m"meeting-planning-form"[39m
                    [36m>[39m
                      [36m<input[39m
                        [33mdata-testid[39m=[32m"input-meeting-title"[39m
                        [33mplaceholder[39m=[32m"Meeting Title"[39m
                      [36m/>[39m
                      [36m<textarea[39m
                        [33mdata-testid[39m=[32m"textarea-meeting-description"[39m
                        [33mplaceholder[39m=[32m"Description"[39m
                      [36m/>[39m
                      [36m<input[39m
                        [33mdata-testid[39m=[32m"input-meeting-location"[39m
                        [33mplaceholder[39m=[32m"Location"[39m
                      [36m/>[39m
                      [36m<input[39m
                        [33mdata-testid[39m=[32m"input-meeting-date"[39m
                        [33mtype[39m=[32m"datetime-local"[39m
                      [36m/>[39m
                      [36m<input[39m
                        [33mdata-testid[39m=[32m"input-meeting-duration"[39m
                        [33mtype[39m=[32m"number"[39m
                        [33mvalue[39m=[32m"60"[39m
                      [36m/>[39m
                      [36m<select[39m
                        [33mdata-testid[39m=[32m"select-invited-roles"[39m
                      [36m>[39m
                        [36m<option[39m
                          [33mvalue[39m=[32m"all"[39m
                        [36m>[39m
                          [0mall[0m
                        [36m</option>[39m
                        [36m<option[39m
                          [33mvalue[39m=[32m"resident"[39m
                        [36m>[39m
                          [0mresident[0m
                        [36m</option>[39m
                        [36m<option[39m
                          [33mvalue[39m=[32m"manager"[39m
                        [36m>[39m
                          [0mmanager[0m
                        [36m</option>[39m
                        [36m<option[39m
                          [33mvalue[39m=[32m"admin"[39m
                        [36m>[39m
                          [0madmin[0m
                        [36m</option>[39m
                      [36m</select>[39m
                      [36m<button[39m
                        [33mdata-testid[39m=[32m"button-send-meeting-invite"[39m
                        [33mtype[39m=[32m"submit"[39m
                      [36m>[39m
                        [0mSend Meeting Invite[0m
                      [36m</button>[39m
                      [36m<div[39m
                        [33mdata-testid[39m=[32m"meeting-title-required"[39m
                        [33mstyle[39m=[32m"display: none;"[39m
                      [36m>[39m
                        [0mTitle is required[0m
                      [36m</div>[39m
                      [36m<div[39m
                        [33mdata-testid[39m=[32m"meeting-location-required"[39m
                        [33mstyle[39m=[32m"display: none;"[39m
                      [36m>[39m
                        [0mLocation is required[0m
                      [36m</div>[39m
                      [36m<div[39m
                        [33mdata-testid[39m=[32m"meeting-duration-required"[39m
                        [33mstyle[39m=[32m"display: none;"[39m
                      [36m>[39m
                        [0mDuration must be a positive number[0m
                      [36m</div>[39m
                    [36m</form>[39m
                  [36m</div>[39m
                [36m</div>[39m
              [36m</div>[39m
            [36m</div>[39m
          [36m</div>[39m
        [36m</div>[39m
      [36m</body>[39m
    [36m</html>[39m

      887 |
      888 |       await waitFor(() => {
    > 889 |         expect(mockApiRequest).toHaveBeenCalledWith(
          |                                ^
      890 |           'POST',
      891 |           '/api/communication/meetings',
      892 |           expect.objectContaining({

      at tests/unit/communication/communication-page.test.tsx:889:32
      at runWithExpensiveErrorDiagnosticsDisabled (node_modules/@testing-library/dom/dist/config.js:47:12)
      at checkCallback (node_modules/@testing-library/dom/dist/wait-for.js:124:77)
      at checkRealTimersCallback (node_modules/@testing-library/dom/dist/wait-for.js:118:16)
      at Timeout.task [as _onTimeout] (node_modules/jsdom/lib/jsdom/browser/Window.js:579:19)

  ● Communication Page Test Suite › Meeting Planning Form › should handle invited roles selection for meetings

    TestingLibraryElementError: Found multiple elements with the text: all

    Here are the matching elements:

    Ignored nodes: comments, script, style
    [36m<option[39m
      [33mvalue[39m=[32m"all"[39m
    [36m>[39m
      [0mall[0m
    [36m</option>[39m

    Ignored nodes: comments, script, style
    [36m<option[39m
      [33mvalue[39m=[32m"all"[39m
    [36m>[39m
      [0mall[0m
    [36m</option>[39m

    (If this is intentional, then use the `*AllBy*` variant of the query (like `queryAllByText`, `getAllByText`, or `findAllByText`)).

    Ignored nodes: comments, script, style
    [36m<body>[39m
      [36m<div>[39m
        [36m<div[39m
          [33mdata-testid[39m=[32m"router"[39m
        [36m>[39m
          [36m<div[39m
            [33mdata-testid[39m=[32m"language-provider"[39m
          [36m>[39m
            [36m<div[39m
              [33mdata-testid[39m=[32m"auth-provider"[39m
            [36m>[39m
              [36m<div[39m
                [33mdata-testid[39m=[32m"mobile-menu-provider"[39m
              [36m>[39m
                [36m<div[39m
                  [33mdata-testid[39m=[32m"communication-page"[39m
                [36m>[39m
                  [36m<div[39m
                    [33mdata-testid[39m=[32m"notification-preferences-panel"[39m
                  [36m>[39m
                    [36m<div[39m
                      [33mdata-testid[39m=[32m"preferences-loading"[39m
                    [36m>[39m
                      [0mLoading preferences...[0m
                    [36m</div>[39m
                    [36m<div[39m
                      [33mdata-testid[39m=[32m"bulk-frequency-select"[39m
                    [36m>[39m
                      [36m<select[39m
                        [33mdata-testid[39m=[32m"bulk-frequency-select"[39m
                      [36m>[39m
                        [36m<option[39m
                          [33mvalue[39m=[32m"immediate"[39m
                        [36m>[39m
                          [0mImmediate[0m
                        [36m</option>[39m
                        [36m<option[39m
                          [33mvalue[39m=[32m"weekly"[39m
                        [36m>[39m
                          [0mWeekly[0m
                        [36m</option>[39m
                        [36m<option[39m
                          [33mvalue[39m=[32m"monthly"[39m
                        [36m>[39m
                          [0mMonthly[0m
                        [36m</option>[39m
                      [36m</select>[39m
                    [36m</div>[39m
                    [36m<button[39m
                      [33mdata-testid[39m=[32m"apply-bulk-frequency"[39m
                    [36m>[39m
                      [0mApply Bulk[0m
                    [36m</button>[39m
                    [36m<button[39m
                      [33mdata-testid[39m=[32m"save-preferences"[39m
                    [36m>[39m
                      [0mSave Preferences[0m
                    [36m</button>[39m
                    [36m<button[39m
                      [33mdata-testid[39m=[32m"reset-preferences"[39m
                    [36m>[39m
                      [0mReset Preferences[0m
                    [36m</button>[39m
                    [36m<div[39m
                      [33mdata-testid[39m=[32m"preference-toggle-bill_reminder"[39m
                    [36m>[39m
                      [36m<input[39m
                        [33mchecked[39m=[32m""[39m
                        [33mtype[39m=[32m"checkbox"[39m
                      [36m/>[39m
                    [36m</div>[39m
                    [36m<div>[39m
                      [0mbill_reminder[0m
                    [36m</div>[39m
                    [36m<div>[39m
                      [0mmaintenance_update[0m
                    [36m</div>[39m
                    [36m<div>[39m
                      [0mannouncement[0m
                    [36m</div>[39m
                    [36m<div>[39m
                      [0memergency[0m
                    [36m</div>[39m
                    [36m<div>[39m
                      [0mmeeting_invite[0m
                    [36m</div>[39m
                    [36m<div>[39m
                      [0mpolicy_change[0m
                    [36m</div>[39m
                    [36m<div>[39m
                      [0mseasonal_reminder[0m
                    [36m</div>[39m
                    [36m<select>[39m
                      [36m<option[39m
                        [33mselected[39m=[32m""[39m
                        [33mvalue[39m=[32m"immediate"[39m
                      [36m>[39m
                        [0mimmediate[0m
                      [36m</option>[39m
                      [36m<option[39m
                        [33mvalue[39m=[32m"weekly"[39m
                      [36m>[39m
                        [0mweekly[0m
                      [36m</option>[39m
                      [36m<option[39m
                        [33mvalue[39m=[32m"monthly"[39m
                      [36m>[39m
                        [0mmonthly[0m
                      [36m</option>[39m
                      [36m<option[39m
                        [33mvalue[39m=[32m"quarterly"[39m
                      [36m>[39m
                        [0mquarterly[0m
                      [36m</option>[39m
                    [36m</select>[39m
                  [36m</div>[39m
                  [36m<form[39m
                    [33mdata-testid[39m=[32m"general-communication-form"[39m
                  [36m>[39m
                    [36m<input[39m
                      [33mdata-testid[39m=[32m"input-communication-title"[39m
                      [33mplaceholder[39m=[32m"Title"[39m
                    [36m/>[39m
                    [36m<textarea[39m
                      [33mdata-testid[39m=[32m"textarea-communication-content"[39m
                      [33mplaceholder[39m=[32m"Content"[39m
                    [36m/>[39m
                    [36m<select[39m
                      [33mdata-testid[39m=[32m"select-urgency-level"[39m
                    [36m>[39m
                      [36m<option[39m
                        [33mvalue[39m=[32m"low"[39m
                      [36m>[39m
                        [0mlow[0m
                      [36m</option>[39m
                      [36m<option[39m
                        [33mvalue[39m=[32m"medium"[39m
                      [36m>[39m
                        [0mmedium[0m
                      [36m</option>[39m
                      [36m<option[39m
                        [33mvalue[39m=[32m"high"[39m
                      [36m>[39m
                        [0mhigh[0m
                      [36m</option>[39m
                      [36m<option[39m
                        [33mvalue[39m=[32m"urgent"[39m
                      [36m>[39m
                        [0murgent[0m
                      [36m</option>[39m
                    [36m</select>[39m
                    [36m<select[39m
                      [33mdata-testid[39m=[32m"select-organization"[39m
                    [36m>[39m
                      [36m<option[39m
                        [33mvalue[39m=[32m"org1"[39m
                      [36m>[39m
                        [0mTest Organization 1[0m
                      [36m</option>[39m
                      [36m<option[39m
                        [33mvalue[39m=[32m"org2"[39m
                      [36m>[39m
                        [0mTest Organization 2[0m
                      [36m</option>[39m
                    [36m</select>[39m
                    [36m<select[39m
                      [33mdata-testid[39m=[32m"select-recipient-roles"[39m
                    [36m>[39m
                      [36m<option[39m
                        [33mvalue[39m=[32m"all"[39m
                      [36m>[39m
                        [0mall[0m
                      [36m</option>[39m
                      [36m<option[39m
                        [33mvalue[39m=[32m"resident"[39m
                      [36m>[39m
                        [0mresident[0m
                      [36m</option>[39m
                      [36m<option[39m
                        [33mvalue[39m=[32m"tenant"[39m
                      [36m>[39m
                        [0mtenant[0m
                      [36m</option>[39m
                      [36m<option[39m
                        [33mvalue[39m=[32m"manager"[39m
                      [36m>[39m
                        [0mmanager[0m
                      [36m</option>[39m
                      [36m<option[39m
                        [33mvalue[39m=[32m"admin"[39m
                      [36m>[39m
                        [0madmin[0m
                      [36m</option>[39m
                    [36m</select>[39m
                    [36m<button[39m
                      [33mdata-testid[39m=[32m"button-send-communication"[39m
                      [33mtype[39m=[32m"submit"[39m
                    [36m>[39m
                      [0mSend Communication[0m
                    [36m</button>[39m
                    [36m<div[39m
                      [33mdata-testid[39m=[32m"form-submitting"[39m
                      [33mstyle[39m=[32m"display: none;"[39m
                    [36m>[39m
                      [0mSubmitting...[0m
                    [36m</div>[39m
                    [36m<div[39m
                      [33mdata-testid[39m=[32m"title-required"[39m
                      [33mstyle[39m=[32m"display: none;"[39m
                    [36m>[39m
                      [0mTitle is required[0m
                    [36m</div>[39m
                    [36m<div[39m
                      [33mdata-testid[39m=[32m"content-required"[39m
                      [33mstyle[39m=[32m"display: none;"[39m
                    [36m>[39m
                      [0mContent is required[0m
                    [36m</div>[39m
                  [36m</form>[39m
                  [36m<form[39m
                    [33mdata-testid[39m=[32m"meeting-planning-form"[39m
                  [36m>[39m
                    [36m<input[39m
                      [33mdata-testid[39m=[32m"input-meeting-title"[39m
                      [33mplaceholder[39m=[32m"Meeting Title"[39m
                    [36m/>[39m
                    [36m<textarea[39m
                      [33mdata-testid[39m=[32m"textarea-meeting-description"[39m
                      [33mplaceholder[39m=[32m"Description"[39m
                    [36m/>[39m
                    [36m<input[39m
                      [33mdata-testid[39m=[32m"input-meeting-location"[39m
                      [33mplaceholder[39m=[32m"Location"[39m
                    [36m/>[39m
                    [36m<input[39m
                      [33mdata-testid[39m=[32m"input-meeting-date"[39m
                      [33mtype[39m=[32m"datetime-local"[39m
                    [36m/>[39m
                    [36m<input[39m
                      [33mdata-testid[39m=[32m"input-meeting-duration"[39m
                      [33mtype[39m=[32m"number"[39m
                      [33mvalue[39m=[32m"60"[39m
                    [36m/>[39m
                    [36m<select[39m
                      [33mdata-testid[39m=[32m"select-invited-roles"[39m
                    [36m>[39m
                      [36m<option[39m
                        [33mvalue[39m=[32m"all"[39m
                      [36m>[39m
                        [0mall[0m
                      [36m</option>[39m
                      [36m<option[39m
                        [33mvalue[39m=[32m"resident"[39m
                      [36m>[39m
                        [0mresident[0m
                      [36m</option>[39m
                      [36m<option[39m
                        [33mvalue[39m=[32m"manager"[39m
                      [36m>[39m
                        [0mmanager[0m
                      [36m</option>[39m
                      [36m<option[39m
                        [33mvalue[39m=[32m"admin"[39m
                      [36m>[39m
                        [0madmin[0m
                      [36m</option>[39m
                    [36m</select>[39m
                    [36m<button[39m
                      [33mdata-testid[39m=[32m"button-send-meeting-invite"[39m
                      [33mtype[39m=[32m"submit"[39m
                    [36m>[39m
                      [0mSend Meeting Invite[0m
                    [36m</button>[39m
                    [36m<div[39m
                      [33mdata-testid[39m=[32m"meeting-title-required"[39m
                      [33mstyle[39m=[32m"display: none;"[39m
                    [36m>[39m
                      [0mTitle is required[0m
                    [36m</div>[39m
                    [36m<div[39m
                      [33mdata-testid[39m=[32m"meeting-location-required"[39m
                      [33mstyle[39m=[32m"display: none;"[39m
                    [36m>[39m
                      [0mLocation is required[0m
                    [36m</div>[39m
                    [36m<div[39m
                      [33mdata-testid[39m=[32m"meeting-duration-required"[39m
                      [33mstyle[39m=[32m"display: none;"[39m
                    [36m>[39m
                      [0mDuration must be a positive number[0m
                    [36m</div>[39m
                  [36m</form>[39m
                [36m</div>[39m
              [36m</div>[39m
            [36m</div>[39m
          [36m</div>[39m
        [36m</div>[39m
      [36m</div>[39m
    [36m</body>[39m

      913 |       await userEvent.click(invitedRolesSelect);
      914 |
    > 915 |       expect(screen.getByText('all')).toBeInTheDocument();
          |                     ^
      916 |       expect(screen.getByText('resident')).toBeInTheDocument();
      917 |       expect(screen.getByText('manager')).toBeInTheDocument();
      918 |       expect(screen.getByText('admin')).toBeInTheDocument();

      at Object.getElementError (node_modules/@testing-library/dom/dist/config.js:37:19)
      at getElementError (node_modules/@testing-library/dom/dist/query-helpers.js:20:35)
      at getMultipleElementsFoundError (node_modules/@testing-library/dom/dist/query-helpers.js:23:10)
      at node_modules/@testing-library/dom/dist/query-helpers.js:55:13
      at node_modules/@testing-library/dom/dist/query-helpers.js:95:19
      at Object.<anonymous> (tests/unit/communication/communication-page.test.tsx:915:21)

  ● Communication Page Test Suite › Loading States and Error Handling › should handle network errors gracefully

    expect(jest.fn()).toHaveBeenCalledWith(...expected)

    Expected: ObjectContaining {"title": StringContaining "error", "variant": "destructive"}

    Number of calls: 0

    Ignored nodes: comments, script, style
    [36m<html>[39m
      [36m<head />[39m
      [36m<body>[39m
        [36m<div>[39m
          [36m<div[39m
            [33mdata-testid[39m=[32m"router"[39m
          [36m>[39m
            [36m<div[39m
              [33mdata-testid[39m=[32m"language-provider"[39m
            [36m>[39m
              [36m<div[39m
                [33mdata-testid[39m=[32m"auth-provider"[39m
              [36m>[39m
                [36m<div[39m
                  [33mdata-testid[39m=[32m"mobile-menu-provider"[39m
                [36m>[39m
                  [36m<div[39m
                    [33mdata-testid[39m=[32m"communication-page"[39m
                  [36m>[39m
                    [36m<div[39m
                      [33mdata-testid[39m=[32m"notification-preferences-panel"[39m
                    [36m>[39m
                      [36m<div[39m
                        [33mdata-testid[39m=[32m"preferences-loading"[39m
                      [36m>[39m
                        [0mLoading preferences...[0m
                      [36m</div>[39m
                      [36m<div[39m
                        [33mdata-testid[39m=[32m"bulk-frequency-select"[39m
                      [36m>[39m
                        [36m<select[39m
                          [33mdata-testid[39m=[32m"bulk-frequency-select"[39m
                        [36m>[39m
                          [36m<option[39m
                            [33mvalue[39m=[32m"immediate"[39m
                          [36m>[39m
                            [0mImmediate[0m
                          [36m</option>[39m
                          [36m<option[39m
                            [33mvalue[39m=[32m"weekly"[39m
                          [36m>[39m
                            [0mWeekly[0m
                          [36m</option>[39m
                          [36m<option[39m
                            [33mvalue[39m=[32m"monthly"[39m
                          [36m>[39m
                            [0mMonthly[0m
                          [36m</option>[39m
                        [36m</select>[39m
                      [36m</div>[39m
                      [36m<button[39m
                        [33mdata-testid[39m=[32m"apply-bulk-frequency"[39m
                      [36m>[39m
                        [0mApply Bulk[0m
                      [36m</button>[39m
                      [36m<button[39m
                        [33mdata-testid[39m=[32m"save-preferences"[39m
                      [36m>[39m
                        [0mSave Preferences[0m
                      [36m</button>[39m
                      [36m<button[39m
                        [33mdata-testid[39m=[32m"reset-preferences"[39m
                      [36m>[39m
                        [0mReset Preferences[0m
                      [36m</button>[39m
                      [36m<div[39m
                        [33mdata-testid[39m=[32m"preference-toggle-bill_reminder"[39m
                      [36m>[39m
                        [36m<input[39m
                          [33mchecked[39m=[32m""[39m
                          [33mtype[39m=[32m"checkbox"[39m
                        [36m/>[39m
                      [36m</div>[39m
                      [36m<div>[39m
                        [0mbill_reminder[0m
                      [36m</div>[39m
                      [36m<div>[39m
                        [0mmaintenance_update[0m
                      [36m</div>[39m
                      [36m<div>[39m
                        [0mannouncement[0m
                      [36m</div>[39m
                      [36m<div>[39m
                        [0memergency[0m
                      [36m</div>[39m
                      [36m<div>[39m
                        [0mmeeting_invite[0m
                      [36m</div>[39m
                      [36m<div>[39m
                        [0mpolicy_change[0m
                      [36m</div>[39m
                      [36m<div>[39m
                        [0mseasonal_reminder[0m
                      [36m</div>[39m
                      [36m<select>[39m
                        [36m<option[39m
                          [33mselected[39m=[32m""[39m
                          [33mvalue[39m=[32m"immediate"[39m
                        [36m>[39m
                          [0mimmediate[0m
                        [36m</option>[39m
                        [36m<option[39m
                          [33mvalue[39m=[32m"weekly"[39m
                        [36m>[39m
                          [0mweekly[0m
                        [36m</option>[39m
                        [36m<option[39m
                          [33mvalue[39m=[32m"monthly"[39m
                        [36m>[39m
                          [0mmonthly[0m
                        [36m</option>[39m
                        [36m<option[39m
                          [33mvalue[39m=[32m"quarterly"[39m
                        [36m>[39m
                          [0mquarterly[0m
                        [36m</option>[39m
                      [36m</select>[39m
                    [36m</div>[39m
                    [36m<form[39m
                      [33mdata-testid[39m=[32m"general-communication-form"[39m
                    [36m>[39m
                      [36m<input[39m
                        [33mdata-testid[39m=[32m"input-communication-title"[39m
                        [33mplaceholder[39m=[32m"Title"[39m
                      [36m/>[39m
                      [36m<textarea[39m
                        [33mdata-testid[39m=[32m"textarea-communication-content"[39m
                        [33mplaceholder[39m=[32m"Content"[39m
                      [36m/>[39m
                      [36m<select[39m
                        [33mdata-testid[39m=[32m"select-urgency-level"[39m
                      [36m>[39m
                        [36m<option[39m
                          [33mvalue[39m=[32m"low"[39m
                        [36m>[39m
                          [0mlow[0m
                        [36m</option>[39m
                        [36m<option[39m
                          [33mvalue[39m=[32m"medium"[39m
                        [36m>[39m
                          [0mmedium[0m
                        [36m</option>[39m
                        [36m<option[39m
                          [33mvalue[39m=[32m"high"[39m
                        [36m>[39m
                          [0mhigh[0m
                        [36m</option>[39m
                        [36m<option[39m
                          [33mvalue[39m=[32m"urgent"[39m
                        [36m>[39m
                          [0murgent[0m
                        [36m</option>[39m
                      [36m</select>[39m
                      [36m<select[39m
                        [33mdata-testid[39m=[32m"select-organization"[39m
                      [36m>[39m
                        [36m<option[39m
                          [33mvalue[39m=[32m"org1"[39m
                        [36m>[39m
                          [0mTest Organization 1[0m
                        [36m</option>[39m
                        [36m<option[39m
                          [33mvalue[39m=[32m"org2"[39m
                        [36m>[39m
                          [0mTest Organization 2[0m
                        [36m</option>[39m
                      [36m</select>[39m
                      [36m<select[39m
                        [33mdata-testid[39m=[32m"select-recipient-roles"[39m
                      [36m>[39m
                        [36m<option[39m
                          [33mvalue[39m=[32m"all"[39m
                        [36m>[39m
                          [0mall[0m
                        [36m</option>[39m
                        [36m<option[39m
                          [33mvalue[39m=[32m"resident"[39m
                        [36m>[39m
                          [0mresident[0m
                        [36m</option>[39m
                        [36m<option[39m
                          [33mvalue[39m=[32m"tenant"[39m
                        [36m>[39m
                          [0mtenant[0m
                        [36m</option>[39m
                        [36m<option[39m
                          [33mvalue[39m=[32m"manager"[39m
                        [36m>[39m
                          [0mmanager[0m
                        [36m</option>[39m
                        [36m<option[39m
                          [33mvalue[39m=[32m"admin"[39m
                        [36m>[39m
                          [0madmin[0m
                        [36m</option>[39m
                      [36m</select>[39m
                      [36m<button[39m
                        [33mdata-testid[39m=[32m"button-send-communication"[39m
                        [33mtype[39m=[32m"submit"[39m
                      [36m>[39m
                        [0mSend Communication[0m
                      [36m</button>[39m
                      [36m<div[39m
                        [33mdata-testid[39m=[32m"form-submitting"[39m
                        [33mstyle[39m=[32m"display: none;"[39m
                      [36m>[39m
                        [0mSubmitting...[0m
                      [36m</div>[39m
                      [36m<div[39m
                        [33mdata-testid[39m=[32m"title-required"[39m
                        [33mstyle[39m=[32m"display: none;"[39m
                      [36m>[39m
                        [0mTitle is required[0m
                      [36m</div>[39m
                      [36m<div[39m
                        [33mdata-testid[39m=[32m"content-required"[39m
                        [33mstyle[39m=[32m"display: none;"[39m
                      [36m>[39m
                        [0mContent is required[0m
                      [36m</div>[39m
                    [36m</form>[39m
                    [36m<form[39m
                      [33mdata-testid[39m=[32m"meeting-planning-form"[39m
                    [36m>[39m
                      [36m<input[39m
                        [33mdata-testid[39m=[32m"input-meeting-title"[39m
                        [33mplaceholder[39m=[32m"Meeting Title"[39m
                      [36m/>[39m
                      [36m<textarea[39m
                        [33mdata-testid[39m=[32m"textarea-meeting-description"[39m
                        [33mplaceholder[39m=[32m"Description"[39m
                      [36m/>[39m
                      [36m<input[39m
                        [33mdata-testid[39m=[32m"input-meeting-location"[39m
                        [33mplaceholder[39m=[32m"Location"[39m
                      [36m/>[39m
                      [36m<input[39m
                        [33mdata-testid[39m=[32m"input-meeting-date"[39m
                        [33mtype[39m=[32m"datetime-local"[39m
                      [36m/>[39m
                      [36m<input[39m
                        [33mdata-testid[39m=[32m"input-meeting-duration"[39m
                        [33mtype[39m=[32m"number"[39m
                        [33mvalue[39m=[32m"60"[39m
                      [36m/>[39m
                      [36m<select[39m
                        [33mdata-testid[39m=[32m"select-invited-roles"[39m
                      [36m>[39m
                        [36m<option[39m
                          [33mvalue[39m=[32m"all"[39m
                        [36m>[39m
                          [0mall[0m
                        [36m</option>[39m
                        [36m<option[39m
                          [33mvalue[39m=[32m"resident"[39m
                        [36m>[39m
                          [0mresident[0m
                        [36m</option>[39m
                        [36m<option[39m
                          [33mvalue[39m=[32m"manager"[39m
                        [36m>[39m
                          [0mmanager[0m
                        [36m</option>[39m
                        [36m<option[39m
                          [33mvalue[39m=[32m"admin"[39m
                        [36m>[39m
                          [0madmin[0m
                        [36m</option>[39m
                      [36m</select>[39m
                      [36m<button[39m
                        [33mdata-testid[39m=[32m"button-send-meeting-invite"[39m
                        [33mtype[39m=[32m"submit"[39m
                      [36m>[39m
                        [0mSend Meeting Invite[0m
                      [36m</button>[39m
                      [36m<div[39m
                        [33mdata-testid[39m=[32m"meeting-title-required"[39m
                        [33mstyle[39m=[32m"display: none;"[39m
                      [36m>[39m
                        [0mTitle is required[0m
                      [36m</div>[39m
                      [36m<div[39m
                        [33mdata-testid[39m=[32m"meeting-location-required"[39m
                        [33mstyle[39m=[32m"display: none;"[39m
                      [36m>[39m
                        [0mLocation is required[0m
                      [36m</div>[39m
                      [36m<div[39m
                        [33mdata-testid[39m=[32m"meeting-duration-required"[39m
                        [33mstyle[39m=[32m"display: none;"[39m
                      [36m>[39m
                        [0mDuration must be a positive number[0m
                      [36m</div>[39m
                    [36m</form>[39m
                  [36m</div>[39m
                [36m</div>[39m
              [36m</div>[39m
            [36m</div>[39m
          [36m</div>[39m
        [36m</div>[39m
      [36m</body>[39m
    [36m</html>[39m

      1023 |
      1024 |       await waitFor(() => {
    > 1025 |         expect(mockToast).toHaveBeenCalledWith(
           |                           ^
      1026 |           expect.objectContaining({
      1027 |             title: expect.stringContaining('error'),
      1028 |             variant: 'destructive'

      at tests/unit/communication/communication-page.test.tsx:1025:27
      at runWithExpensiveErrorDiagnosticsDisabled (node_modules/@testing-library/dom/dist/config.js:47:12)
      at checkCallback (node_modules/@testing-library/dom/dist/wait-for.js:124:77)
      at checkRealTimersCallback (node_modules/@testing-library/dom/dist/wait-for.js:118:16)
      at Timeout.task [as _onTimeout] (node_modules/jsdom/lib/jsdom/browser/Window.js:579:19)

  ● Communication Page Test Suite › Form Reset and State Management › should reset general communication form after successful submission

    expect(received).toBe(expected) // Object.is equality

    Expected: ""
    Received: "Test Title"

    Ignored nodes: comments, script, style
    [36m<html>[39m
      [36m<head />[39m
      [36m<body>[39m
        [36m<div>[39m
          [36m<div[39m
            [33mdata-testid[39m=[32m"router"[39m
          [36m>[39m
            [36m<div[39m
              [33mdata-testid[39m=[32m"language-provider"[39m
            [36m>[39m
              [36m<div[39m
                [33mdata-testid[39m=[32m"auth-provider"[39m
              [36m>[39m
                [36m<div[39m
                  [33mdata-testid[39m=[32m"mobile-menu-provider"[39m
                [36m>[39m
                  [36m<div[39m
                    [33mdata-testid[39m=[32m"communication-page"[39m
                  [36m>[39m
                    [36m<div[39m
                      [33mdata-testid[39m=[32m"notification-preferences-panel"[39m
                    [36m>[39m
                      [36m<div[39m
                        [33mdata-testid[39m=[32m"preferences-loading"[39m
                      [36m>[39m
                        [0mLoading preferences...[0m
                      [36m</div>[39m
                      [36m<div[39m
                        [33mdata-testid[39m=[32m"bulk-frequency-select"[39m
                      [36m>[39m
                        [36m<select[39m
                          [33mdata-testid[39m=[32m"bulk-frequency-select"[39m
                        [36m>[39m
                          [36m<option[39m
                            [33mvalue[39m=[32m"immediate"[39m
                          [36m>[39m
                            [0mImmediate[0m
                          [36m</option>[39m
                          [36m<option[39m
                            [33mvalue[39m=[32m"weekly"[39m
                          [36m>[39m
                            [0mWeekly[0m
                          [36m</option>[39m
                          [36m<option[39m
                            [33mvalue[39m=[32m"monthly"[39m
                          [36m>[39m
                            [0mMonthly[0m
                          [36m</option>[39m
                        [36m</select>[39m
                      [36m</div>[39m
                      [36m<button[39m
                        [33mdata-testid[39m=[32m"apply-bulk-frequency"[39m
                      [36m>[39m
                        [0mApply Bulk[0m
                      [36m</button>[39m
                      [36m<button[39m
                        [33mdata-testid[39m=[32m"save-preferences"[39m
                      [36m>[39m
                        [0mSave Preferences[0m
                      [36m</button>[39m
                      [36m<button[39m
                        [33mdata-testid[39m=[32m"reset-preferences"[39m
                      [36m>[39m
                        [0mReset Preferences[0m
                      [36m</button>[39m
                      [36m<div[39m
                        [33mdata-testid[39m=[32m"preference-toggle-bill_reminder"[39m
                      [36m>[39m
                        [36m<input[39m
                          [33mchecked[39m=[32m""[39m
                          [33mtype[39m=[32m"checkbox"[39m
                        [36m/>[39m
                      [36m</div>[39m
                      [36m<div>[39m
                        [0mbill_reminder[0m
                      [36m</div>[39m
                      [36m<div>[39m
                        [0mmaintenance_update[0m
                      [36m</div>[39m
                      [36m<div>[39m
                        [0mannouncement[0m
                      [36m</div>[39m
                      [36m<div>[39m
                        [0memergency[0m
                      [36m</div>[39m
                      [36m<div>[39m
                        [0mmeeting_invite[0m
                      [36m</div>[39m
                      [36m<div>[39m
                        [0mpolicy_change[0m
                      [36m</div>[39m
                      [36m<div>[39m
                        [0mseasonal_reminder[0m
                      [36m</div>[39m
                      [36m<select>[39m
                        [36m<option[39m
                          [33mselected[39m=[32m""[39m
                          [33mvalue[39m=[32m"immediate"[39m
                        [36m>[39m
                          [0mimmediate[0m
                        [36m</option>[39m
                        [36m<option[39m
                          [33mvalue[39m=[32m"weekly"[39m
                        [36m>[39m
                          [0mweekly[0m
                        [36m</option>[39m
                        [36m<option[39m
                          [33mvalue[39m=[32m"monthly"[39m
                        [36m>[39m
                          [0mmonthly[0m
                        [36m</option>[39m
                        [36m<option[39m
                          [33mvalue[39m=[32m"quarterly"[39m
                        [36m>[39m
                          [0mquarterly[0m
                        [36m</option>[39m
                      [36m</select>[39m
                    [36m</div>[39m
                    [36m<form[39m
                      [33mdata-testid[39m=[32m"general-communication-form"[39m
                    [36m>[39m
                      [36m<input[39m
                        [33mdata-testid[39m=[32m"input-communication-title"[39m
                        [33mplaceholder[39m=[32m"Title"[39m
                      [36m/>[39m
                      [36m<textarea[39m
                        [33mdata-testid[39m=[32m"textarea-communication-content"[39m
                        [33mplaceholder[39m=[32m"Content"[39m
                      [36m/>[39m
                      [36m<select[39m
                        [33mdata-testid[39m=[32m"select-urgency-level"[39m
                      [36m>[39m
                        [36m<option[39m
                          [33mvalue[39m=[32m"low"[39m
                        [36m>[39m
                          [0mlow[0m
                        [36m</option>[39m
                        [36m<option[39m
                          [33mvalue[39m=[32m"medium"[39m
                        [36m>[39m
                          [0mmedium[0m
                        [36m</option>[39m
                        [36m<option[39m
                          [33mvalue[39m=[32m"high"[39m
                        [36m>[39m
                          [0mhigh[0m
                        [36m</option>[39m
                        [36m<option[39m
                          [33mvalue[39m=[32m"urgent"[39m
                        [36m>[39m
                          [0murgent[0m
                        [36m</option>[39m
                      [36m</select>[39m
                      [36m<select[39m
                        [33mdata-testid[39m=[32m"select-organization"[39m
                      [36m>[39m
                        [36m<option[39m
                          [33mvalue[39m=[32m"org1"[39m
                        [36m>[39m
                          [0mTest Organization 1[0m
                        [36m</option>[39m
                        [36m<option[39m
                          [33mvalue[39m=[32m"org2"[39m
                        [36m>[39m
                          [0mTest Organization 2[0m
                        [36m</option>[39m
                      [36m</select>[39m
                      [36m<select[39m
                        [33mdata-testid[39m=[32m"select-recipient-roles"[39m
                      [36m>[39m
                        [36m<option[39m
                          [33mvalue[39m=[32m"all"[39m
                        [36m>[39m
                          [0mall[0m
                        [36m</option>[39m
                        [36m<option[39m
                          [33mvalue[39m=[32m"resident"[39m
                        [36m>[39m
                          [0mresident[0m
                        [36m</option>[39m
                        [36m<option[39m
                          [33mvalue[39m=[32m"tenant"[39m
                        [36m>[39m
                          [0mtenant[0m
                        [36m</option>[39m
                        [36m<option[39m
                          [33mvalue[39m=[32m"manager"[39m
                        [36m>[39m
                          [0mmanager[0m
                        [36m</option>[39m
                        [36m<option[39m
                          [33mvalue[39m=[32m"admin"[39m
                        [36m>[39m
                          [0madmin[0m
                        [36m</option>[39m
                      [36m</select>[39m
                      [36m<button[39m
                        [33mdata-testid[39m=[32m"button-send-communication"[39m
                        [33mtype[39m=[32m"submit"[39m
                      [36m>[39m
                        [0mSend Communication[0m
                      [36m</button>[39m
                      [36m<div[39m
                        [33mdata-testid[39m=[32m"form-submitting"[39m
                        [33mstyle[39m=[32m"display: none;"[39m
                      [36m>[39m
                        [0mSubmitting...[0m
                      [36m</div>[39m
                      [36m<div[39m
                        [33mdata-testid[39m=[32m"title-required"[39m
                        [33mstyle[39m=[32m"display: none;"[39m
                      [36m>[39m
                        [0mTitle is required[0m
                      [36m</div>[39m
                      [36m<div[39m
                        [33mdata-testid[39m=[32m"content-required"[39m
                        [33mstyle[39m=[32m"display: none;"[39m
                      [36m>[39m
                        [0mContent is required[0m
                      [36m</div>[39m
                    [36m</form>[39m
                    [36m<form[39m
                      [33mdata-testid[39m=[32m"meeting-planning-form"[39m
                    [36m>[39m
                      [36m<input[39m
                        [33mdata-testid[39m=[32m"input-meeting-title"[39m
                        [33mplaceholder[39m=[32m"Meeting Title"[39m
                      [36m/>[39m
                      [36m<textarea[39m
                        [33mdata-testid[39m=[32m"textarea-meeting-description"[39m
                        [33mplaceholder[39m=[32m"Description"[39m
                      [36m/>[39m
                      [36m<input[39m
                        [33mdata-testid[39m=[32m"input-meeting-location"[39m
                        [33mplaceholder[39m=[32m"Location"[39m
                      [36m/>[39m
                      [36m<input[39m
                        [33mdata-testid[39m=[32m"input-meeting-date"[39m
                        [33mtype[39m=[32m"datetime-local"[39m
                      [36m/>[39m
                      [36m<input[39m
                        [33mdata-testid[39m=[32m"input-meeting-duration"[39m
                        [33mtype[39m=[32m"number"[39m
                        [33mvalue[39m=[32m"60"[39m
                      [36m/>[39m
                      [36m<select[39m
                        [33mdata-testid[39m=[32m"select-invited-roles"[39m
                      [36m>[39m
                        [36m<option[39m
                          [33mvalue[39m=[32m"all"[39m
                        [36m>[39m
                          [0mall[0m
                        [36m</option>[39m
                        [36m<option[39m
                          [33mvalue[39m=[32m"resident"[39m
                        [36m>[39m
                          [0mresident[0m
                        [36m</option>[39m
                        [36m<option[39m
                          [33mvalue[39m=[32m"manager"[39m
                        [36m>[39m
                          [0mmanager[0m
                        [36m</option>[39m
                        [36m<option[39m
                          [33mvalue[39m=[32m"admin"[39m
                        [36m>[39m
                          [0madmin[0m
                        [36m</option>[39m
                      [36m</select>[39m
                      [36m<button[39m
                        [33mdata-testid[39m=[32m"button-send-meeting-invite"[39m
                        [33mtype[39m=[32m"submit"[39m
                      [36m>[39m
                        [0mSend Meeting Invite[0m
                      [36m</button>[39m
                      [36m<div[39m
                        [33mdata-testid[39m=[32m"meeting-title-required"[39m
                        [33mstyle[39m=[32m"display: none;"[39m
                      [36m>[39m
                        [0mTitle is required[0m
                      [36m</div>[39m
                      [36m<div[39m
                        [33mdata-testid[39m=[32m"meeting-location-required"[39m
                        [33mstyle[39m=[32m"display: none;"[39m
                      [36m>[39m
                        [0mLocation is required[0m
                      [36m</div>[39m
                      [36m<div[39m
                        [33mdata-testid[39m=[32m"meeting-duration-required"[39m
                        [33mstyle[39m=[32m"display: none;"[39m
                      [36m>[39m
                        [0mDuration must be a positive number[0m
                      [36m</div>[39m
                    [36m</form>[39m
                  [36m</div>[39m
                [36m</div>[39m
              [36m</div>[39m
            [36m</div>[39m
          [36m</div>[39m
        [36m</div>[39m
      [36m</body>[39m
    [36m</html>[39m

      1050 |
      1051 |       await waitFor(() => {
    > 1052 |         expect((titleInput as HTMLInputElement).value).toBe('');
           |                                                        ^
      1053 |         expect((contentTextarea as HTMLTextAreaElement).value).toBe('');
      1054 |       });
      1055 |     });

      at tests/unit/communication/communication-page.test.tsx:1052:56
      at runWithExpensiveErrorDiagnosticsDisabled (node_modules/@testing-library/dom/dist/config.js:47:12)
      at checkCallback (node_modules/@testing-library/dom/dist/wait-for.js:124:77)
      at checkRealTimersCallback (node_modules/@testing-library/dom/dist/wait-for.js:118:16)
      at Timeout.task [as _onTimeout] (node_modules/jsdom/lib/jsdom/browser/Window.js:579:19)

Summary of all failing tests
FAIL tests/unit/communication/communication-page.test.tsx (14.722 s)
  ● Communication Page Test Suite › Notification Preferences Panel › should render all 17 notification types

    expect(jest.fn()).toHaveBeenCalledWith(...expected)

    Expected: "GET", "/api/communication/preferences"

    Number of calls: 0

    Ignored nodes: comments, script, style
    [36m<html>[39m
      [36m<head />[39m
      [36m<body>[39m
        [36m<div>[39m
          [36m<div[39m
            [33mdata-testid[39m=[32m"router"[39m
          [36m>[39m
            [36m<div[39m
              [33mdata-testid[39m=[32m"language-provider"[39m
            [36m>[39m
              [36m<div[39m
                [33mdata-testid[39m=[32m"auth-provider"[39m
              [36m>[39m
                [36m<div[39m
                  [33mdata-testid[39m=[32m"mobile-menu-provider"[39m
                [36m>[39m
                  [36m<div[39m
                    [33mdata-testid[39m=[32m"communication-page"[39m
                  [36m>[39m
                    [36m<div[39m
                      [33mdata-testid[39m=[32m"notification-preferences-panel"[39m
                    [36m>[39m
                      [36m<div[39m
                        [33mdata-testid[39m=[32m"preferences-loading"[39m
                      [36m>[39m
                        [0mLoading preferences...[0m
                      [36m</div>[39m
                      [36m<div[39m
                        [33mdata-testid[39m=[32m"bulk-frequency-select"[39m
                      [36m>[39m
                        [36m<select[39m
                          [33mdata-testid[39m=[32m"bulk-frequency-select"[39m
                        [36m>[39m
                          [36m<option[39m
                            [33mvalue[39m=[32m"immediate"[39m
                          [36m>[39m
                            [0mImmediate[0m
                          [36m</option>[39m
                          [36m<option[39m
                            [33mvalue[39m=[32m"weekly"[39m
                          [36m>[39m
                            [0mWeekly[0m
                          [36m</option>[39m
                          [36m<option[39m
                            [33mvalue[39m=[32m"monthly"[39m
                          [36m>[39m
                            [0mMonthly[0m
                          [36m</option>[39m
                        [36m</select>[39m
                      [36m</div>[39m
                      [36m<button[39m
                        [33mdata-testid[39m=[32m"apply-bulk-frequency"[39m
                      [36m>[39m
                        [0mApply Bulk[0m
                      [36m</button>[39m
                      [36m<button[39m
                        [33mdata-testid[39m=[32m"save-preferences"[39m
                      [36m>[39m
                        [0mSave Preferences[0m
                      [36m</button>[39m
                      [36m<button[39m
                        [33mdata-testid[39m=[32m"reset-preferences"[39m
                      [36m>[39m
                        [0mReset Preferences[0m
                      [36m</button>[39m
                      [36m<div[39m
                        [33mdata-testid[39m=[32m"preference-toggle-bill_reminder"[39m
                      [36m>[39m
                        [36m<input[39m
                          [33mchecked[39m=[32m""[39m
                          [33mtype[39m=[32m"checkbox"[39m
                        [36m/>[39m
                      [36m</div>[39m
                      [36m<div>[39m
                        [0mbill_reminder[0m
                      [36m</div>[39m
                      [36m<div>[39m
                        [0mmaintenance_update[0m
                      [36m</div>[39m
                      [36m<div>[39m
                        [0mannouncement[0m
                      [36m</div>[39m
                      [36m<div>[39m
                        [0memergency[0m
                      [36m</div>[39m
                      [36m<div>[39m
                        [0mmeeting_invite[0m
                      [36m</div>[39m
                      [36m<div>[39m
                        [0mpolicy_change[0m
                      [36m</div>[39m
                      [36m<div>[39m
                        [0mseasonal_reminder[0m
                      [36m</div>[39m
                      [36m<select>[39m
                        [36m<option[39m
                          [33mselected[39m=[32m""[39m
                          [33mvalue[39m=[32m"immediate"[39m
                        [36m>[39m
                          [0mimmediate[0m
                        [36m</option>[39m
                        [36m<option[39m
                          [33mvalue[39m=[32m"weekly"[39m
                        [36m>[39m
                          [0mweekly[0m
                        [36m</option>[39m
                        [36m<option[39m
                          [33mvalue[39m=[32m"monthly"[39m
                        [36m>[39m
                          [0mmonthly[0m
                        [36m</option>[39m
                        [36m<option[39m
                          [33mvalue[39m=[32m"quarterly"[39m
                        [36m>[39m
                          [0mquarterly[0m
                        [36m</option>[39m
                      [36m</select>[39m
                    [36m</div>[39m
                    [36m<form[39m
                      [33mdata-testid[39m=[32m"general-communication-form"[39m
                    [36m>[39m
                      [36m<input[39m
                        [33mdata-testid[39m=[32m"input-communication-title"[39m
                        [33mplaceholder[39m=[32m"Title"[39m
                      [36m/>[39m
                      [36m<textarea[39m
                        [33mdata-testid[39m=[32m"textarea-communication-content"[39m
                        [33mplaceholder[39m=[32m"Content"[39m
                      [36m/>[39m
                      [36m<select[39m
                        [33mdata-testid[39m=[32m"select-urgency-level"[39m
                      [36m>[39m
                        [36m<option[39m
                          [33mvalue[39m=[32m"low"[39m
                        [36m>[39m
                          [0mlow[0m
                        [36m</option>[39m
                        [36m<option[39m
                          [33mvalue[39m=[32m"medium"[39m
                        [36m>[39m
                          [0mmedium[0m
                        [36m</option>[39m
                        [36m<option[39m
                          [33mvalue[39m=[32m"high"[39m
                        [36m>[39m
                          [0mhigh[0m
                        [36m</option>[39m
                        [36m<option[39m
                          [33mvalue[39m=[32m"urgent"[39m
                        [36m>[39m
                          [0murgent[0m
                        [36m</option>[39m
                      [36m</select>[39m
                      [36m<select[39m
                        [33mdata-testid[39m=[32m"select-organization"[39m
                      [36m>[39m
                        [36m<option[39m
                          [33mvalue[39m=[32m"org1"[39m
                        [36m>[39m
                          [0mTest Organization 1[0m
                        [36m</option>[39m
                        [36m<option[39m
                          [33mvalue[39m=[32m"org2"[39m
                        [36m>[39m
                          [0mTest Organization 2[0m
                        [36m</option>[39m
                      [36m</select>[39m
                      [36m<select[39m
                        [33mdata-testid[39m=[32m"select-recipient-roles"[39m
                      [36m>[39m
                        [36m<option[39m
                          [33mvalue[39m=[32m"all"[39m
                        [36m>[39m
                          [0mall[0m
                        [36m</option>[39m
                        [36m<option[39m
                          [33mvalue[39m=[32m"resident"[39m
                        [36m>[39m
                          [0mresident[0m
                        [36m</option>[39m
                        [36m<option[39m
                          [33mvalue[39m=[32m"tenant"[39m
                        [36m>[39m
                          [0mtenant[0m
                        [36m</option>[39m
                        [36m<option[39m
                          [33mvalue[39m=[32m"manager"[39m
                        [36m>[39m
                          [0mmanager[0m
                        [36m</option>[39m
                        [36m<option[39m
                          [33mvalue[39m=[32m"admin"[39m
                        [36m>[39m
                          [0madmin[0m
                        [36m</option>[39m
                      [36m</select>[39m
                      [36m<button[39m
                        [33mdata-testid[39m=[32m"button-send-communication"[39m
                        [33mtype[39m=[32m"submit"[39m
                      [36m>[39m
                        [0mSend Communication[0m
                      [36m</button>[39m
                      [36m<div[39m
                        [33mdata-testid[39m=[32m"form-submitting"[39m
                        [33mstyle[39m=[32m"display: none;"[39m
                      [36m>[39m
                        [0mSubmitting...[0m
                      [36m</div>[39m
                      [36m<div[39m
                        [33mdata-testid[39m=[32m"title-required"[39m
                        [33mstyle[39m=[32m"display: none;"[39m
                      [36m>[39m
                        [0mTitle is required[0m
                      [36m</div>[39m
                      [36m<div[39m
                        [33mdata-testid[39m=[32m"content-required"[39m
                        [33mstyle[39m=[32m"display: none;"[39m
                      [36m>[39m
                        [0mContent is required[0m
                      [36m</div>[39m
                    [36m</form>[39m
                    [36m<form[39m
                      [33mdata-testid[39m=[32m"meeting-planning-form"[39m
                    [36m>[39m
                      [36m<input[39m
                        [33mdata-testid[39m=[32m"input-meeting-title"[39m
                        [33mplaceholder[39m=[32m"Meeting Title"[39m
                      [36m/>[39m
                      [36m<textarea[39m
                        [33mdata-testid[39m=[32m"textarea-meeting-description"[39m
                        [33mplaceholder[39m=[32m"Description"[39m
                      [36m/>[39m
                      [36m<input[39m
                        [33mdata-testid[39m=[32m"input-meeting-location"[39m
                        [33mplaceholder[39m=[32m"Location"[39m
                      [36m/>[39m
                      [36m<input[39m
                        [33mdata-testid[39m=[32m"input-meeting-date"[39m
                        [33mtype[39m=[32m"datetime-local"[39m
                      [36m/>[39m
                      [36m<input[39m
                        [33mdata-testid[39m=[32m"input-meeting-duration"[39m
                        [33mtype[39m=[32m"number"[39m
                        [33mvalue[39m=[32m"60"[39m
                      [36m/>[39m
                      [36m<select[39m
                        [33mdata-testid[39m=[32m"select-invited-roles"[39m
                      [36m>[39m
                        [36m<option[39m
                          [33mvalue[39m=[32m"all"[39m
                        [36m>[39m
                          [0mall[0m
                        [36m</option>[39m
                        [36m<option[39m
                          [33mvalue[39m=[32m"resident"[39m
                        [36m>[39m
                          [0mresident[0m
                        [36m</option>[39m
                        [36m<option[39m
                          [33mvalue[39m=[32m"manager"[39m
                        [36m>[39m
                          [0mmanager[0m
                        [36m</option>[39m
                        [36m<option[39m
                          [33mvalue[39m=[32m"admin"[39m
                        [36m>[39m
                          [0madmin[0m
                        [36m</option>[39m
                      [36m</select>[39m
                      [36m<button[39m
                        [33mdata-testid[39m=[32m"button-send-meeting-invite"[39m
                        [33mtype[39m=[32m"submit"[39m
                      [36m>[39m
                        [0mSend Meeting Invite[0m
                      [36m</button>[39m
                      [36m<div[39m
                        [33mdata-testid[39m=[32m"meeting-title-required"[39m
                        [33mstyle[39m=[32m"display: none;"[39m
                      [36m>[39m
                        [0mTitle is required[0m
                      [36m</div>[39m
                      [36m<div[39m
                        [33mdata-testid[39m=[32m"meeting-location-required"[39m
                        [33mstyle[39m=[32m"display: none;"[39m
                      [36m>[39m
                        [0mLocation is required[0m
                      [36m</div>[39m
                      [36m<div[39m
                        [33mdata-testid[39m=[32m"meeting-duration-required"[39m
                        [33mstyle[39m=[32m"display: none;"[39m
                      [36m>[39m
                        [0mDuration must be a positive number[0m
                      [36m</div>[39m
                    [36m</form>[39m
                  [36m</div>[39m
                [36m</div>[39m
              [36m</div>[39m
            [36m</div>[39m
          [36m</div>[39m
        [36m</div>[39m
      [36m</body>[39m
    [36m</html>[39m

      519 |
      520 |       await waitFor(() => {
    > 521 |         expect(mockApiRequest).toHaveBeenCalledWith('GET', '/api/communication/preferences');
          |                                ^
      522 |       });
      523 |
      524 |       // Check for specific notification types

      at tests/unit/communication/communication-page.test.tsx:521:32
      at runWithExpensiveErrorDiagnosticsDisabled (node_modules/@testing-library/dom/dist/config.js:47:12)
      at checkCallback (node_modules/@testing-library/dom/dist/wait-for.js:124:77)
      at checkRealTimersCallback (node_modules/@testing-library/dom/dist/wait-for.js:118:16)
      at Timeout.task [as _onTimeout] (node_modules/jsdom/lib/jsdom/browser/Window.js:579:19)

  ● Communication Page Test Suite › Notification Preferences Panel › should render all 7 frequency options

    Unable to find an element with the display value: weekly.

    Ignored nodes: comments, script, style
    [36m<body>[39m
      [36m<div>[39m
        [36m<div[39m
          [33mdata-testid[39m=[32m"router"[39m
        [36m>[39m
          [36m<div[39m
            [33mdata-testid[39m=[32m"language-provider"[39m
          [36m>[39m
            [36m<div[39m
              [33mdata-testid[39m=[32m"auth-provider"[39m
            [36m>[39m
              [36m<div[39m
                [33mdata-testid[39m=[32m"mobile-menu-provider"[39m
              [36m>[39m
                [36m<div[39m
                  [33mdata-testid[39m=[32m"communication-page"[39m
                [36m>[39m
                  [36m<div[39m
                    [33mdata-testid[39m=[32m"notification-preferences-panel"[39m
                  [36m>[39m
                    [36m<div[39m
                      [33mdata-testid[39m=[32m"preferences-loading"[39m
                    [36m>[39m
                      [0mLoading preferences...[0m
                    [36m</div>[39m
                    [36m<div[39m
                      [33mdata-testid[39m=[32m"bulk-frequency-select"[39m
                    [36m>[39m
                      [36m<select[39m
                        [33mdata-testid[39m=[32m"bulk-frequency-select"[39m
                      [36m>[39m
                        [36m<option[39m
                          [33mvalue[39m=[32m"immediate"[39m
                        [36m>[39m
                          [0mImmediate[0m
                        [36m</option>[39m
                        [36m<option[39m
                          [33mvalue[39m=[32m"weekly"[39m
                        [36m>[39m
                          [0mWeekly[0m
                        [36m</option>[39m
                        [36m<option[39m
                          [33mvalue[39m=[32m"monthly"[39m
                        [36m>[39m
                          [0mMonthly[0m
                        [36m</option>[39m
                      [36m</select>[39m
                    [36m</div>[39m
                    [36m<button[39m
                      [33mdata-testid[39m=[32m"apply-bulk-frequency"[39m
                    [36m>[39m
                      [0mApply Bulk[0m
                    [36m</button>[39m
                    [36m<button[39m
                      [33mdata-testid[39m=[32m"save-preferences"[39m
                    [36m>[39m
                      [0mSave Preferences[0m
                    [36m</button>[39m
                    [36m<button[39m
                      [33mdata-testid[39m=[32m"reset-preferences"[39m
                    [36m>[39m
                      [0mReset Preferences[0m
                    [36m</button>[39m
                    [36m<div[39m
                      [33mdata-testid[39m=[32m"preference-toggle-bill_reminder"[39m
                    [36m>[39m
                      [36m<input[39m
                        [33mchecked[39m=[32m""[39m
                        [33mtype[39m=[32m"checkbox"[39m
                      [36m/>[39m
                    [36m</div>[39m
                    [36m<div>[39m
                      [0mbill_reminder[0m
                    [36m</div>[39m
                    [36m<div>[39m
                      [0mmaintenance_update[0m
                    [36m</div>[39m
                    [36m<div>[39m
                      [0mannouncement[0m
                    [36m</div>[39m
                    [36m<div>[39m
                      [0memergency[0m
                    [36m</div>[39m
                    [36m<div>[39m
                      [0mmeeting_invite[0m
                    [36m</div>[39m
                    [36m<div>[39m
                      [0mpolicy_change[0m
                    [36m</div>[39m
                    [36m<div>[39m
                      [0mseasonal_reminder[0m
                    [36m</div>[39m
                    [36m<select>[39m
                      [36m<option[39m
                        [33mselected[39m=[32m""[39m
                        [33mvalue[39m=[32m"immediate"[39m
                      [36m>[39m
                        [0mimmediate[0m
                      [36m</option>[39m
                      [36m<option[39m
                        [33mvalue[39m=[32m"weekly"[39m
                      [36m>[39m
                        [0mweekly[0m
                      [36m</option>[39m
                      [36m<option[39m
                        [33mvalue[39m=[32m"monthly"[39m
                      [36m>[39m
                        [0mmonthly[0m
                      [36m</option>[39m
                      [36m<option[39m
                        [33mvalue[39m=[32m"quarterly"[39m
                      [36m>[39m
                        [0mquarterly[0m
                      [36m</option>[39m
                    [36m</select>[39m
                  [36m</div>[39m
                  [36m<form[39m
                    [33mdata-testid[39m=[32m"general-communication-form"[39m
                  [36m>[39m
                    [36m<input[39m
                      [33mdata-testid[39m=[32m"input-communication-title"[39m
                      [33mplaceholder[39m=[32m"Title"[39m
                    [36m/>[39m
                    [36m<textarea[39m
                      [33mdata-testid[39m=[32m"textarea-communication-content"[39m
                      [33mplaceholder[39m=[32m"Content"[39m
                    [36m/>[39m
                    [36m<select[39m
                      [33mdata-testid[39m=[32m"select-urgency-level"[39m
                    [36m>[39m
                      [36m<option[39m
                        [33mvalue[39m=[32m"low"[39m
                      [36m>[39m
                        [0mlow[0m
                      [36m</option>[39m
                      [36m<option[39m
                        [33mvalue[39m=[32m"medium"[39m
                      [36m>[39m
                        [0mmedium[0m
                      [36m</option>[39m
                      [36m<option[39m
                        [33mvalue[39m=[32m"high"[39m
                      [36m>[39m
                        [0mhigh[0m
                      [36m</option>[39m
                      [36m<option[39m
                        [33mvalue[39m=[32m"urgent"[39m
                      [36m>[39m
                        [0murgent[0m
                      [36m</option>[39m
                    [36m</select>[39m
                    [36m<select[39m
                      [33mdata-testid[39m=[32m"select-organization"[39m
                    [36m>[39m
                      [36m<option[39m
                        [33mvalue[39m=[32m"org1"[39m
                      [36m>[39m
                        [0mTest Organization 1[0m
                      [36m</option>[39m
                      [36m<option[39m
                        [33mvalue[39m=[32m"org2"[39m
                      [36m>[39m
                        [0mTest Organization 2[0m
                      [36m</option>[39m
                    [36m</select>[39m
                    [36m<select[39m
                      [33mdata-testid[39m=[32m"select-recipient-roles"[39m
                    [36m>[39m
                      [36m<option[39m
                        [33mvalue[39m=[32m"all"[39m
                      [36m>[39m
                        [0mall[0m
                      [36m</option>[39m
                      [36m<option[39m
                        [33mvalue[39m=[32m"resident"[39m
                      [36m>[39m
                        [0mresident[0m
                      [36m</option>[39m
                      [36m<option[39m
                        [33mvalue[39m=[32m"tenant"[39m
                      [36m>[39m
                        [0mtenant[0m
                      [36m</option>[39m
                      [36m<option[39m
                        [33mvalue[39m=[32m"manager"[39m
                      [36m>[39m
                        [0mmanager[0m
                      [36m</option>[39m
                      [36m<option[39m
                        [33mvalue[39m=[32m"admin"[39m
                      [36m>[39m
                        [0madmin[0m
                      [36m</option>[39m
                    [36m</select>[39m
                    [36m<button[39m
                      [33mdata-testid[39m=[32m"button-send-communication"[39m
                      [33mtype[39m=[32m"submit"[39m
                    [36m>[39m
                      [0mSend Communication[0m
                    [36m</button>[39m
                    [36m<div[39m
                      [33mdata-testid[39m=[32m"form-submitting"[39m
                      [33mstyle[39m=[32m"display: none;"[39m
                    [36m>[39m
                      [0mSubmitting...[0m
                    [36m</div>[39m
                    [36m<div[39m
                      [33mdata-testid[39m=[32m"title-required"[39m
                      [33mstyle[39m=[32m"display: none;"[39m
                    [36m>[39m
                      [0mTitle is required[0m
                    [36m</div>[39m
                    [36m<div[39m
                      [33mdata-testid[39m=[32m"content-required"[39m
                      [33mstyle[39m=[32m"display: none;"[39m
                    [36m>[39m
                      [0mContent is required[0m
                    [36m</div>[39m
                  [36m</form>[39m
                  [36m<form[39m
                    [33mdata-testid[39m=[32m"meeting-planning-form"[39m
                  [36m>[39m
                    [36m<input[39m
                      [33mdata-testid[39m=[32m"input-meeting-title"[39m
                      [33mplaceholder[39m=[32m"Meeting Title"[39m
                    [36m/>[39m
                    [36m<textarea[39m
                      [33mdata-testid[39m=[32m"textarea-meeting-description"[39m
                      [33mplaceholder[39m=[32m"Description"[39m
                    [36m/>[39m
                    [36m<input[39m
                      [33mdata-testid[39m=[32m"input-meeting-location"[39m
                      [33mplaceholder[39m=[32m"Location"[39m
                    [36m/>[39m
                    [36m<input[39m
                      [33mdata-testid[39m=[32m"input-meeting-date"[39m
                      [33mtype[39m=[32m"datetime-local"[39m
                    [36m/>[39m
                    [36m<input[39m
                      [33mdata-testid[39m=[32m"input-meeting-duration"[39m
                      [33mtype[39m=[32m"number"[39m
                      [33mvalue[39m=[32m"60"[39m
                    [36m/>[39m
                    [36m<select[39m
                      [33mdata-testid[39m=[32m"select-invited-roles"[39m
                    [36m>[39m
                      [36m<option[39m
                        [33mvalue[39m=[32m"all"[39m
                      [36m>[39m
                        [0mall[0m
                      [36m</option>[39m
                      [36m<option[39m
                        [33mvalue[39m=[32m"resident"[39m
                      [36m>[39m
                        [0mresident[0m
                      [36m</option>[39m
                      [36m<option[39m
                        [33mvalue[39m=[32m"manager"[39m
                      [36m>[39m
                        [0mmanager[0m
                      [36m</option>[39m
                      [36m<option[39m
                        [33mvalue[39m=[32m"admin"[39m
                      [36m>[39m
                        [0madmin[0m
                      [36m</option>[39m
                    [36m</select>[39m
                    [36m<button[39m
                      [33mdata-testid[39m=[32m"button-send-meeting-invite"[39m
                      [33mtype[39m=[32m"submit"[39m
                    [36m>[39m
                      [0mSend Meeting Invite[0m
                    [36m</button>[39m
                    [36m<div[39m
                      [33mdata-testid[39m=[32m"meeting-title-required"[39m
                      [33mstyle[39m=[32m"display: none;"[39m
                    [36m>[39m
                      [0mTitle is required[0m
                    [36m</div>[39m
                    [36m<div[39m
                      [33mdata-testid[39m=[32m"meeting-location-required"[39m
                      [33mstyle[39m=[32m"display: none;"[39m
                    [36m>[39m
                      [0mLocation is required[0m
                    [36m</div>[39m
                    [36m<div[39m
                      [33mdata-testid[39m=[32m"meeting-duration-required"[39m
                      [33mstyle[39m=[32m"display: none;"[39m
                    [36m>[39m
                      [0mDuration must be a positive number[0m
                    [36m</div>[39m
                  [36m</form>[39m
                [36m</div>[39m
              [36m</div>[39m
            [36m</div>[39m
          [36m</div>[39m
        [36m</div>[39m
      [36m</div>[39m
    [36m</body>[39m

      535 |       customRender(<MockCommunicationPage />);
      536 |
    > 537 |       await waitFor(() => {
          |                    ^
      538 |         expect(screen.getByDisplayValue('immediate')).toBeInTheDocument();
      539 |         expect(screen.getByDisplayValue('weekly')).toBeInTheDocument();
      540 |         expect(screen.getByDisplayValue('monthly')).toBeInTheDocument();

      at waitForWrapper (node_modules/@testing-library/dom/dist/wait-for.js:163:27)
      at Object.<anonymous> (tests/unit/communication/communication-page.test.tsx:537:20)

  ● Communication Page Test Suite › Notification Preferences Panel › should handle bulk actions for setting all preferences to same frequency

    Found multiple elements by: [data-testid="bulk-frequency-select"]

    Here are the matching elements:

    Ignored nodes: comments, script, style
    [36m<div[39m
      [33mdata-testid[39m=[32m"bulk-frequency-select"[39m
    [36m>[39m
      [36m<select[39m
        [33mdata-testid[39m=[32m"bulk-frequency-select"[39m
      [36m>[39m
        [36m<option[39m
          [33mvalue[39m=[32m"immediate"[39m
        [36m>[39m
          [0mImmediate[0m
        [36m</option>[39m
        [36m<option[39m
          [33mvalue[39m=[32m"weekly"[39m
        [36m>[39m
          [0mWeekly[0m
        [36m</option>[39m
        [36m<option[39m
          [33mvalue[39m=[32m"monthly"[39m
        [36m>[39m
          [0mMonthly[0m
        [36m</option>[39m
      [36m</select>[39m
    [36m</div>[39m

    Ignored nodes: comments, script, style
    [36m<select[39m
      [33mdata-testid[39m=[32m"bulk-frequency-select"[39m
    [36m>[39m
      [36m<option[39m
        [33mvalue[39m=[32m"immediate"[39m
      [36m>[39m
        [0mImmediate[0m
      [36m</option>[39m
      [36m<option[39m
        [33mvalue[39m=[32m"weekly"[39m
      [36m>[39m
        [0mWeekly[0m
      [36m</option>[39m
      [36m<option[39m
        [33mvalue[39m=[32m"monthly"[39m
      [36m>[39m
        [0mMonthly[0m
      [36m</option>[39m
    [36m</select>[39m

    (If this is intentional, then use the `*AllBy*` variant of the query (like `queryAllByText`, `getAllByText`, or `findAllByText`)).

    Ignored nodes: comments, script, style
    [36m<body>[39m
      [36m<div>[39m
        [36m<div[39m
          [33mdata-testid[39m=[32m"router"[39m
        [36m>[39m
          [36m<div[39m
            [33mdata-testid[39m=[32m"language-provider"[39m
          [36m>[39m
            [36m<div[39m
              [33mdata-testid[39m=[32m"auth-provider"[39m
            [36m>[39m
              [36m<div[39m
                [33mdata-testid[39m=[32m"mobile-menu-provider"[39m
              [36m>[39m
                [36m<div[39m
                  [33mdata-testid[39m=[32m"communication-page"[39m
                [36m>[39m
                  [36m<div[39m
                    [33mdata-testid[39m=[32m"notification-preferences-panel"[39m
                  [36m>[39m
                    [36m<div[39m
                      [33mdata-testid[39m=[32m"preferences-loading"[39m
                    [36m>[39m
                      [0mLoading preferences...[0m
                    [36m</div>[39m
                    [36m<div[39m
                      [33mdata-testid[39m=[32m"bulk-frequency-select"[39m
                    [36m>[39m
                      [36m<select[39m
                        [33mdata-testid[39m=[32m"bulk-frequency-select"[39m
                      [36m>[39m
                        [36m<option[39m
                          [33mvalue[39m=[32m"immediate"[39m
                        [36m>[39m
                          [0mImmediate[0m
                        [36m</option>[39m
                        [36m<option[39m
                          [33mvalue[39m=[32m"weekly"[39m
                        [36m>[39m
                          [0mWeekly[0m
                        [36m</option>[39m
                        [36m<option[39m
                          [33mvalue[39m=[32m"monthly"[39m
                        [36m>[39m
                          [0mMonthly[0m
                        [36m</option>[39m
                      [36m</select>[39m
                    [36m</div>[39m
                    [36m<button[39m
                      [33mdata-testid[39m=[32m"apply-bulk-frequency"[39m
                    [36m>[39m
                      [0mApply Bulk[0m
                    [36m</button>[39m
                    [36m<button[39m
                      [33mdata-testid[39m=[32m"save-preferences"[39m
                    [36m>[39m
                      [0mSave Preferences[0m
                    [36m</button>[39m
                    [36m<button[39m
                      [33mdata-testid[39m=[32m"reset-preferences"[39m
                    [36m>[39m
                      [0mReset Preferences[0m
                    [36m</button>[39m
                    [36m<div[39m
                      [33mdata-testid[39m=[32m"preference-toggle-bill_reminder"[39m
                    [36m>[39m
                      [36m<input[39m
                        [33mchecked[39m=[32m""[39m
                        [33mtype[39m=[32m"checkbox"[39m
                      [36m/>[39m
                    [36m</div>[39m
                    [36m<div>[39m
                      [0mbill_reminder[0m
                    [36m</div>[39m
                    [36m<div>[39m
                      [0mmaintenance_update[0m
                    [36m</div>[39m
                    [36m<div>[39m
                      [0mannouncement[0m
                    [36m</div>[39m
                    [36m<div>[39m
                      [0memergency[0m
                    [36m</div>[39m
                    [36m<div>[39m
                      [0mmeeting_invite[0m
                    [36m</div>[39m
                    [36m<div>[39m
                      [0mpolicy_change[0m
                    [36m</div>[39m
                    [36m<div>[39m
                      [0mseasonal_reminder[0m
                    [36m</div>[39m
                    [36m<select>[39m
                      [36m<option[39m
                        [33mselected[39m=[32m""[39m
                        [33mvalue[39m=[32m"immediate"[39m
                      [36m>[39m
                        [0mimmediate[0m
                      [36m</option>[39m
                      [36m<option[39m
                        [33mvalue[39m=[32m"weekly"[39m
                      [36m>[39m
                        [0mweekly[0m
                      [36m</option>[39m
                      [36m<option[39m
                        [33mvalue[39m=[32m"monthly"[39m
                      [36m>[39m
                        [0mmonthly[0m
                      [36m</option>[39m
                      [36m<option[39m
                        [33mvalue[39m=[32m"quarterly"[39m
                      [36m>[39m
                        [0mquarterly[0m
                      [36m</option>[39m
                    [36m</select>[39m
                  [36m</div>[39m
                  [36m<form[39m
                    [33mdata-testid[39m=[32m"general-communication-form"[39m
                  [36m>[39m
                    [36m<input[39m
                      [33mdata-testid[39m=[32m"input-communication-title"[39m
                      [33mplaceholder[39m=[32m"Title"[39m
                    [36m/>[39m
                    [36m<textarea[39m
                      [33mdata-testid[39m=[32m"textarea-communication-content"[39m
                      [33mplaceholder[39m=[32m"Content"[39m
                    [36m/>[39m
                    [36m<select[39m
                      [33mdata-testid[39m=[32m"select-urgency-level"[39m
                    [36m>[39m
                      [36m<option[39m
                        [33mvalue[39m=[32m"low"[39m
                      [36m>[39m
                        [0mlow[0m
                      [36m</option>[39m
                      [36m<option[39m
                        [33mvalue[39m=[32m"medium"[39m
                      [36m>[39m
                        [0mmedium[0m
                      [36m</option>[39m
                      [36m<option[39m
                        [33mvalue[39m=[32m"high"[39m
                      [36m>[39m
                        [0mhigh[0m
                      [36m</option>[39m
                      [36m<option[39m
                        [33mvalue[39m=[32m"urgent"[39m
                      [36m>[39m
                        [0murgent[0m
                      [36m</option>[39m
                    [36m</select>[39m
                    [36m<select[39m
                      [33mdata-testid[39m=[32m"select-organization"[39m
                    [36m>[39m
                      [36m<option[39m
                        [33mvalue[39m=[32m"org1"[39m
                      [36m>[39m
                        [0mTest Organization 1[0m
                      [36m</option>[39m
                      [36m<option[39m
                        [33mvalue[39m=[32m"org2"[39m
                      [36m>[39m
                        [0mTest Organization 2[0m
                      [36m</option>[39m
                    [36m</select>[39m
                    [36m<select[39m
                      [33mdata-testid[39m=[32m"select-recipient-roles"[39m
                    [36m>[39m
                      [36m<option[39m
                        [33mvalue[39m=[32m"all"[39m
                      [36m>[39m
                        [0mall[0m
                      [36m</option>[39m
                      [36m<option[39m
                        [33mvalue[39m=[32m"resident"[39m
                      [36m>[39m
                        [0mresident[0m
                      [36m</option>[39m
                      [36m<option[39m
                        [33mvalue[39m=[32m"tenant"[39m
                      [36m>[39m
                        [0mtenant[0m
                      [36m</option>[39m
                      [36m<option[39m
                        [33mvalue[39m=[32m"manager"[39m
                      [36m>[39m
                        [0mmanager[0m
                      [36m</option>[39m
                      [36m<option[39m
                        [33mvalue[39m=[32m"admin"[39m
                      [36m>[39m
                        [0madmin[0m
                      [36m</option>[39m
                    [36m</select>[39m
                    [36m<button[39m
                      [33mdata-testid[39m=[32m"button-send-communication"[39m
                      [33mtype[39m=[32m"submit"[39m
                    [36m>[39m
                      [0mSend Communication[0m
                    [36m</button>[39m
                    [36m<div[39m
                      [33mdata-testid[39m=[32m"form-submitting"[39m
                      [33mstyle[39m=[32m"display: none;"[39m
                    [36m>[39m
                      [0mSubmitting...[0m
                    [36m</div>[39m
                    [36m<div[39m
                      [33mdata-testid[39m=[32m"title-required"[39m
                      [33mstyle[39m=[32m"display: none;"[39m
                    [36m>[39m
                      [0mTitle is required[0m
                    [36m</div>[39m
                    [36m<div[39m
                      [33mdata-testid[39m=[32m"content-required"[39m
                      [33mstyle[39m=[32m"display: none;"[39m
                    [36m>[39m
                      [0mContent is required[0m
                    [36m</div>[39m
                  [36m</form>[39m
                  [36m<form[39m
                    [33mdata-testid[39m=[32m"meeting-planning-form"[39m
                  [36m>[39m
                    [36m<input[39m
                      [33mdata-testid[39m=[32m"input-meeting-title"[39m
                      [33mplaceholder[39m=[32m"Meeting Title"[39m
                    [36m/>[39m
                    [36m<textarea[39m
                      [33mdata-testid[39m=[32m"textarea-meeting-description"[39m
                      [33mplaceholder[39m=[32m"Description"[39m
                    [36m/>[39m
                    [36m<input[39m
                      [33mdata-testid[39m=[32m"input-meeting-location"[39m
                      [33mplaceholder[39m=[32m"Location"[39m
                    [36m/>[39m
                    [36m<input[39m
                      [33mdata-testid[39m=[32m"input-meeting-date"[39m
                      [33mtype[39m=[32m"datetime-local"[39m
                    [36m/>[39m
                    [36m<input[39m
                      [33mdata-testid[39m=[32m"input-meeting-duration"[39m
                      [33mtype[39m=[32m"number"[39m
                      [33mvalue[39m=[32m"60"[39m
                    [36m/>[39m
                    [36m<select[39m
                      [33mdata-testid[39m=[32m"select-invited-roles"[39m
                    [36m>[39m
                      [36m<option[39m
                        [33mvalue[39m=[32m"all"[39m
                      [36m>[39m
                        [0mall[0m
                      [36m</option>[39m
                      [36m<option[39m
                        [33mvalue[39m=[32m"resident"[39m
                      [36m>[39m
                        [0mresident[0m
                      [36m</option>[39m
                      [36m<option[39m
                        [33mvalue[39m=[32m"manager"[39m
                      [36m>[39m
                        [0mmanager[0m
                      [36m</option>[39m
                      [36m<option[39m
                        [33mvalue[39m=[32m"admin"[39m
                      [36m>[39m
                        [0madmin[0m
                      [36m</option>[39m
                    [36m</select>[39m
                    [36m<button[39m
                      [33mdata-testid[39m=[32m"button-send-meeting-invite"[39m
                      [33mtype[39m=[32m"submit"[39m
                    [36m>[39m
                      [0mSend Meeting Invite[0m
                    [36m</button>[39m
                    [36m<div[39m
                      [33mdata-testid[39m=[32m"meeting-title-required"[39m
                      [33mstyle[39m=[32m"display: none;"[39m
                    [36m>[39m
                      [0mTitle is required[0m
                    [36m</div>[39m
                    [36m<div[39m
                      [33mdata-testid[39m=[32m"meeting-location-required"[39m
                      [33mstyle[39m=[32m"display: none;"[39m
                    [36m>[39m
                      [0mLocation is required[0m
                    [36m</div>[39m
                    [36m<div[39m
                      [33mdata-testid[39m=[32m"meeting-duration-required"[39m
                      [33mstyle[39m=[32m"display: none;"[39m
                    [36m>[39m
                      [0mDuration must be a positive number[0m
                    [36m</div>[39m
                  [36m</form>[39m
                [36m</div>[39m
              [36m</div>[39m
            [36m</div>[39m
          [36m</div>[39m
        [36m</div>[39m
      [36m</div>[39m
    [36m</body>[39m

      550 |       customRender(<MockCommunicationPage />);
      551 |
    > 552 |       await waitFor(() => {
          |                    ^
      553 |         expect(screen.getByTestId('bulk-frequency-select')).toBeInTheDocument();
      554 |       });
      555 |

      at waitForWrapper (node_modules/@testing-library/dom/dist/wait-for.js:163:27)
      at Object.<anonymous> (tests/unit/communication/communication-page.test.tsx:552:20)

  ● Communication Page Test Suite › Notification Preferences Panel › should toggle notification preference enabled state

    expect(jest.fn()).toHaveBeenCalledWith(...expected)

    Expected: "PUT", "/api/communication/preferences", ObjectContaining {"preferences": ArrayContaining [ObjectContaining {"isEnabled": false, "notificationType": "bill_reminder"}]}

    Number of calls: 0

    Ignored nodes: comments, script, style
    [36m<html>[39m
      [36m<head />[39m
      [36m<body>[39m
        [36m<div>[39m
          [36m<div[39m
            [33mdata-testid[39m=[32m"router"[39m
          [36m>[39m
            [36m<div[39m
              [33mdata-testid[39m=[32m"language-provider"[39m
            [36m>[39m
              [36m<div[39m
                [33mdata-testid[39m=[32m"auth-provider"[39m
              [36m>[39m
                [36m<div[39m
                  [33mdata-testid[39m=[32m"mobile-menu-provider"[39m
                [36m>[39m
                  [36m<div[39m
                    [33mdata-testid[39m=[32m"communication-page"[39m
                  [36m>[39m
                    [36m<div[39m
                      [33mdata-testid[39m=[32m"notification-preferences-panel"[39m
                    [36m>[39m
                      [36m<div[39m
                        [33mdata-testid[39m=[32m"preferences-loading"[39m
                      [36m>[39m
                        [0mLoading preferences...[0m
                      [36m</div>[39m
                      [36m<div[39m
                        [33mdata-testid[39m=[32m"bulk-frequency-select"[39m
                      [36m>[39m
                        [36m<select[39m
                          [33mdata-testid[39m=[32m"bulk-frequency-select"[39m
                        [36m>[39m
                          [36m<option[39m
                            [33mvalue[39m=[32m"immediate"[39m
                          [36m>[39m
                            [0mImmediate[0m
                          [36m</option>[39m
                          [36m<option[39m
                            [33mvalue[39m=[32m"weekly"[39m
                          [36m>[39m
                            [0mWeekly[0m
                          [36m</option>[39m
                          [36m<option[39m
                            [33mvalue[39m=[32m"monthly"[39m
                          [36m>[39m
                            [0mMonthly[0m
                          [36m</option>[39m
                        [36m</select>[39m
                      [36m</div>[39m
                      [36m<button[39m
                        [33mdata-testid[39m=[32m"apply-bulk-frequency"[39m
                      [36m>[39m
                        [0mApply Bulk[0m
                      [36m</button>[39m
                      [36m<button[39m
                        [33mdata-testid[39m=[32m"save-preferences"[39m
                      [36m>[39m
                        [0mSave Preferences[0m
                      [36m</button>[39m
                      [36m<button[39m
                        [33mdata-testid[39m=[32m"reset-preferences"[39m
                      [36m>[39m
                        [0mReset Preferences[0m
                      [36m</button>[39m
                      [36m<div[39m
                        [33mdata-testid[39m=[32m"preference-toggle-bill_reminder"[39m
                      [36m>[39m
                        [36m<input[39m
                          [33mchecked[39m=[32m""[39m
                          [33mtype[39m=[32m"checkbox"[39m
                        [36m/>[39m
                      [36m</div>[39m
                      [36m<div>[39m
                        [0mbill_reminder[0m
                      [36m</div>[39m
                      [36m<div>[39m
                        [0mmaintenance_update[0m
                      [36m</div>[39m
                      [36m<div>[39m
                        [0mannouncement[0m
                      [36m</div>[39m
                      [36m<div>[39m
                        [0memergency[0m
                      [36m</div>[39m
                      [36m<div>[39m
                        [0mmeeting_invite[0m
                      [36m</div>[39m
                      [36m<div>[39m
                        [0mpolicy_change[0m
                      [36m</div>[39m
                      [36m<div>[39m
                        [0mseasonal_reminder[0m
                      [36m</div>[39m
                      [36m<select>[39m
                        [36m<option[39m
                          [33mselected[39m=[32m""[39m
                          [33mvalue[39m=[32m"immediate"[39m
                        [36m>[39m
                          [0mimmediate[0m
                        [36m</option>[39m
                        [36m<option[39m
                          [33mvalue[39m=[32m"weekly"[39m
                        [36m>[39m
                          [0mweekly[0m
                        [36m</option>[39m
                        [36m<option[39m
                          [33mvalue[39m=[32m"monthly"[39m
                        [36m>[39m
                          [0mmonthly[0m
                        [36m</option>[39m
                        [36m<option[39m
                          [33mvalue[39m=[32m"quarterly"[39m
                        [36m>[39m
                          [0mquarterly[0m
                        [36m</option>[39m
                      [36m</select>[39m
                    [36m</div>[39m
                    [36m<form[39m
                      [33mdata-testid[39m=[32m"general-communication-form"[39m
                    [36m>[39m
                      [36m<input[39m
                        [33mdata-testid[39m=[32m"input-communication-title"[39m
                        [33mplaceholder[39m=[32m"Title"[39m
                      [36m/>[39m
                      [36m<textarea[39m
                        [33mdata-testid[39m=[32m"textarea-communication-content"[39m
                        [33mplaceholder[39m=[32m"Content"[39m
                      [36m/>[39m
                      [36m<select[39m
                        [33mdata-testid[39m=[32m"select-urgency-level"[39m
                      [36m>[39m
                        [36m<option[39m
                          [33mvalue[39m=[32m"low"[39m
                        [36m>[39m
                          [0mlow[0m
                        [36m</option>[39m
                        [36m<option[39m
                          [33mvalue[39m=[32m"medium"[39m
                        [36m>[39m
                          [0mmedium[0m
                        [36m</option>[39m
                        [36m<option[39m
                          [33mvalue[39m=[32m"high"[39m
                        [36m>[39m
                          [0mhigh[0m
                        [36m</option>[39m
                        [36m<option[39m
                          [33mvalue[39m=[32m"urgent"[39m
                        [36m>[39m
                          [0murgent[0m
                        [36m</option>[39m
                      [36m</select>[39m
                      [36m<select[39m
                        [33mdata-testid[39m=[32m"select-organization"[39m
                      [36m>[39m
                        [36m<option[39m
                          [33mvalue[39m=[32m"org1"[39m
                        [36m>[39m
                          [0mTest Organization 1[0m
                        [36m</option>[39m
                        [36m<option[39m
                          [33mvalue[39m=[32m"org2"[39m
                        [36m>[39m
                          [0mTest Organization 2[0m
                        [36m</option>[39m
                      [36m</select>[39m
                      [36m<select[39m
                        [33mdata-testid[39m=[32m"select-recipient-roles"[39m
                      [36m>[39m
                        [36m<option[39m
                          [33mvalue[39m=[32m"all"[39m
                        [36m>[39m
                          [0mall[0m
                        [36m</option>[39m
                        [36m<option[39m
                          [33mvalue[39m=[32m"resident"[39m
                        [36m>[39m
                          [0mresident[0m
                        [36m</option>[39m
                        [36m<option[39m
                          [33mvalue[39m=[32m"tenant"[39m
                        [36m>[39m
                          [0mtenant[0m
                        [36m</option>[39m
                        [36m<option[39m
                          [33mvalue[39m=[32m"manager"[39m
                        [36m>[39m
                          [0mmanager[0m
                        [36m</option>[39m
                        [36m<option[39m
                          [33mvalue[39m=[32m"admin"[39m
                        [36m>[39m
                          [0madmin[0m
                        [36m</option>[39m
                      [36m</select>[39m
                      [36m<button[39m
                        [33mdata-testid[39m=[32m"button-send-communication"[39m
                        [33mtype[39m=[32m"submit"[39m
                      [36m>[39m
                        [0mSend Communication[0m
                      [36m</button>[39m
                      [36m<div[39m
                        [33mdata-testid[39m=[32m"form-submitting"[39m
                        [33mstyle[39m=[32m"display: none;"[39m
                      [36m>[39m
                        [0mSubmitting...[0m
                      [36m</div>[39m
                      [36m<div[39m
                        [33mdata-testid[39m=[32m"title-required"[39m
                        [33mstyle[39m=[32m"display: none;"[39m
                      [36m>[39m
                        [0mTitle is required[0m
                      [36m</div>[39m
                      [36m<div[39m
                        [33mdata-testid[39m=[32m"content-required"[39m
                        [33mstyle[39m=[32m"display: none;"[39m
                      [36m>[39m
                        [0mContent is required[0m
                      [36m</div>[39m
                    [36m</form>[39m
                    [36m<form[39m
                      [33mdata-testid[39m=[32m"meeting-planning-form"[39m
                    [36m>[39m
                      [36m<input[39m
                        [33mdata-testid[39m=[32m"input-meeting-title"[39m
                        [33mplaceholder[39m=[32m"Meeting Title"[39m
                      [36m/>[39m
                      [36m<textarea[39m
                        [33mdata-testid[39m=[32m"textarea-meeting-description"[39m
                        [33mplaceholder[39m=[32m"Description"[39m
                      [36m/>[39m
                      [36m<input[39m
                        [33mdata-testid[39m=[32m"input-meeting-location"[39m
                        [33mplaceholder[39m=[32m"Location"[39m
                      [36m/>[39m
                      [36m<input[39m
                        [33mdata-testid[39m=[32m"input-meeting-date"[39m
                        [33mtype[39m=[32m"datetime-local"[39m
                      [36m/>[39m
                      [36m<input[39m
                        [33mdata-testid[39m=[32m"input-meeting-duration"[39m
                        [33mtype[39m=[32m"number"[39m
                        [33mvalue[39m=[32m"60"[39m
                      [36m/>[39m
                      [36m<select[39m
                        [33mdata-testid[39m=[32m"select-invited-roles"[39m
                      [36m>[39m
                        [36m<option[39m
                          [33mvalue[39m=[32m"all"[39m
                        [36m>[39m
                          [0mall[0m
                        [36m</option>[39m
                        [36m<option[39m
                          [33mvalue[39m=[32m"resident"[39m
                        [36m>[39m
                          [0mresident[0m
                        [36m</option>[39m
                        [36m<option[39m
                          [33mvalue[39m=[32m"manager"[39m
                        [36m>[39m
                          [0mmanager[0m
                        [36m</option>[39m
                        [36m<option[39m
                          [33mvalue[39m=[32m"admin"[39m
                        [36m>[39m
                          [0madmin[0m
                        [36m</option>[39m
                      [36m</select>[39m
                      [36m<button[39m
                        [33mdata-testid[39m=[32m"button-send-meeting-invite"[39m
                        [33mtype[39m=[32m"submit"[39m
                      [36m>[39m
                        [0mSend Meeting Invite[0m
                      [36m</button>[39m
                      [36m<div[39m
                        [33mdata-testid[39m=[32m"meeting-title-required"[39m
                        [33mstyle[39m=[32m"display: none;"[39m
                      [36m>[39m
                        [0mTitle is required[0m
                      [36m</div>[39m
                      [36m<div[39m
                        [33mdata-testid[39m=[32m"meeting-location-required"[39m
                        [33mstyle[39m=[32m"display: none;"[39m
                      [36m>[39m
                        [0mLocation is required[0m
                      [36m</div>[39m
                      [36m<div[39m
                        [33mdata-testid[39m=[32m"meeting-duration-required"[39m
                        [33mstyle[39m=[32m"display: none;"[39m
                      [36m>[39m
                        [0mDuration must be a positive number[0m
                      [36m</div>[39m
                    [36m</form>[39m
                  [36m</div>[39m
                [36m</div>[39m
              [36m</div>[39m
            [36m</div>[39m
          [36m</div>[39m
        [36m</div>[39m
      [36m</body>[39m
    [36m</html>[39m

      585 |
      586 |       await waitFor(() => {
    > 587 |         expect(mockApiRequest).toHaveBeenCalledWith(
          |                                ^
      588 |           'PUT',
      589 |           '/api/communication/preferences',
      590 |           expect.objectContaining({

      at tests/unit/communication/communication-page.test.tsx:587:32
      at runWithExpensiveErrorDiagnosticsDisabled (node_modules/@testing-library/dom/dist/config.js:47:12)
      at checkCallback (node_modules/@testing-library/dom/dist/wait-for.js:124:77)
      at checkRealTimersCallback (node_modules/@testing-library/dom/dist/wait-for.js:118:16)
      at Timeout.task [as _onTimeout] (node_modules/jsdom/lib/jsdom/browser/Window.js:579:19)

  ● Communication Page Test Suite › Notification Preferences Panel › should save notification preferences

    expect(jest.fn()).toHaveBeenCalledWith(...expected)

    Expected: "PUT", "/api/communication/preferences", ObjectContaining {"preferences": Any<Array>}

    Number of calls: 0

    Ignored nodes: comments, script, style
    [36m<html>[39m
      [36m<head />[39m
      [36m<body>[39m
        [36m<div>[39m
          [36m<div[39m
            [33mdata-testid[39m=[32m"router"[39m
          [36m>[39m
            [36m<div[39m
              [33mdata-testid[39m=[32m"language-provider"[39m
            [36m>[39m
              [36m<div[39m
                [33mdata-testid[39m=[32m"auth-provider"[39m
              [36m>[39m
                [36m<div[39m
                  [33mdata-testid[39m=[32m"mobile-menu-provider"[39m
                [36m>[39m
                  [36m<div[39m
                    [33mdata-testid[39m=[32m"communication-page"[39m
                  [36m>[39m
                    [36m<div[39m
                      [33mdata-testid[39m=[32m"notification-preferences-panel"[39m
                    [36m>[39m
                      [36m<div[39m
                        [33mdata-testid[39m=[32m"preferences-loading"[39m
                      [36m>[39m
                        [0mLoading preferences...[0m
                      [36m</div>[39m
                      [36m<div[39m
                        [33mdata-testid[39m=[32m"bulk-frequency-select"[39m
                      [36m>[39m
                        [36m<select[39m
                          [33mdata-testid[39m=[32m"bulk-frequency-select"[39m
                        [36m>[39m
                          [36m<option[39m
                            [33mvalue[39m=[32m"immediate"[39m
                          [36m>[39m
                            [0mImmediate[0m
                          [36m</option>[39m
                          [36m<option[39m
                            [33mvalue[39m=[32m"weekly"[39m
                          [36m>[39m
                            [0mWeekly[0m
                          [36m</option>[39m
                          [36m<option[39m
                            [33mvalue[39m=[32m"monthly"[39m
                          [36m>[39m
                            [0mMonthly[0m
                          [36m</option>[39m
                        [36m</select>[39m
                      [36m</div>[39m
                      [36m<button[39m
                        [33mdata-testid[39m=[32m"apply-bulk-frequency"[39m
                      [36m>[39m
                        [0mApply Bulk[0m
                      [36m</button>[39m
                      [36m<button[39m
                        [33mdata-testid[39m=[32m"save-preferences"[39m
                      [36m>[39m
                        [0mSave Preferences[0m
                      [36m</button>[39m
                      [36m<button[39m
                        [33mdata-testid[39m=[32m"reset-preferences"[39m
                      [36m>[39m
                        [0mReset Preferences[0m
                      [36m</button>[39m
                      [36m<div[39m
                        [33mdata-testid[39m=[32m"preference-toggle-bill_reminder"[39m
                      [36m>[39m
                        [36m<input[39m
                          [33mchecked[39m=[32m""[39m
                          [33mtype[39m=[32m"checkbox"[39m
                        [36m/>[39m
                      [36m</div>[39m
                      [36m<div>[39m
                        [0mbill_reminder[0m
                      [36m</div>[39m
                      [36m<div>[39m
                        [0mmaintenance_update[0m
                      [36m</div>[39m
                      [36m<div>[39m
                        [0mannouncement[0m
                      [36m</div>[39m
                      [36m<div>[39m
                        [0memergency[0m
                      [36m</div>[39m
                      [36m<div>[39m
                        [0mmeeting_invite[0m
                      [36m</div>[39m
                      [36m<div>[39m
                        [0mpolicy_change[0m
                      [36m</div>[39m
                      [36m<div>[39m
                        [0mseasonal_reminder[0m
                      [36m</div>[39m
                      [36m<select>[39m
                        [36m<option[39m
                          [33mselected[39m=[32m""[39m
                          [33mvalue[39m=[32m"immediate"[39m
                        [36m>[39m
                          [0mimmediate[0m
                        [36m</option>[39m
                        [36m<option[39m
                          [33mvalue[39m=[32m"weekly"[39m
                        [36m>[39m
                          [0mweekly[0m
                        [36m</option>[39m
                        [36m<option[39m
                          [33mvalue[39m=[32m"monthly"[39m
                        [36m>[39m
                          [0mmonthly[0m
                        [36m</option>[39m
                        [36m<option[39m
                          [33mvalue[39m=[32m"quarterly"[39m
                        [36m>[39m
                          [0mquarterly[0m
                        [36m</option>[39m
                      [36m</select>[39m
                    [36m</div>[39m
                    [36m<form[39m
                      [33mdata-testid[39m=[32m"general-communication-form"[39m
                    [36m>[39m
                      [36m<input[39m
                        [33mdata-testid[39m=[32m"input-communication-title"[39m
                        [33mplaceholder[39m=[32m"Title"[39m
                      [36m/>[39m
                      [36m<textarea[39m
                        [33mdata-testid[39m=[32m"textarea-communication-content"[39m
                        [33mplaceholder[39m=[32m"Content"[39m
                      [36m/>[39m
                      [36m<select[39m
                        [33mdata-testid[39m=[32m"select-urgency-level"[39m
                      [36m>[39m
                        [36m<option[39m
                          [33mvalue[39m=[32m"low"[39m
                        [36m>[39m
                          [0mlow[0m
                        [36m</option>[39m
                        [36m<option[39m
                          [33mvalue[39m=[32m"medium"[39m
                        [36m>[39m
                          [0mmedium[0m
                        [36m</option>[39m
                        [36m<option[39m
                          [33mvalue[39m=[32m"high"[39m
                        [36m>[39m
                          [0mhigh[0m
                        [36m</option>[39m
                        [36m<option[39m
                          [33mvalue[39m=[32m"urgent"[39m
                        [36m>[39m
                          [0murgent[0m
                        [36m</option>[39m
                      [36m</select>[39m
                      [36m<select[39m
                        [33mdata-testid[39m=[32m"select-organization"[39m
                      [36m>[39m
                        [36m<option[39m
                          [33mvalue[39m=[32m"org1"[39m
                        [36m>[39m
                          [0mTest Organization 1[0m
                        [36m</option>[39m
                        [36m<option[39m
                          [33mvalue[39m=[32m"org2"[39m
                        [36m>[39m
                          [0mTest Organization 2[0m
                        [36m</option>[39m
                      [36m</select>[39m
                      [36m<select[39m
                        [33mdata-testid[39m=[32m"select-recipient-roles"[39m
                      [36m>[39m
                        [36m<option[39m
                          [33mvalue[39m=[32m"all"[39m
                        [36m>[39m
                          [0mall[0m
                        [36m</option>[39m
                        [36m<option[39m
                          [33mvalue[39m=[32m"resident"[39m
                        [36m>[39m
                          [0mresident[0m
                        [36m</option>[39m
                        [36m<option[39m
                          [33mvalue[39m=[32m"tenant"[39m
                        [36m>[39m
                          [0mtenant[0m
                        [36m</option>[39m
                        [36m<option[39m
                          [33mvalue[39m=[32m"manager"[39m
                        [36m>[39m
                          [0mmanager[0m
                        [36m</option>[39m
                        [36m<option[39m
                          [33mvalue[39m=[32m"admin"[39m
                        [36m>[39m
                          [0madmin[0m
                        [36m</option>[39m
                      [36m</select>[39m
                      [36m<button[39m
                        [33mdata-testid[39m=[32m"button-send-communication"[39m
                        [33mtype[39m=[32m"submit"[39m
                      [36m>[39m
                        [0mSend Communication[0m
                      [36m</button>[39m
                      [36m<div[39m
                        [33mdata-testid[39m=[32m"form-submitting"[39m
                        [33mstyle[39m=[32m"display: none;"[39m
                      [36m>[39m
                        [0mSubmitting...[0m
                      [36m</div>[39m
                      [36m<div[39m
                        [33mdata-testid[39m=[32m"title-required"[39m
                        [33mstyle[39m=[32m"display: none;"[39m
                      [36m>[39m
                        [0mTitle is required[0m
                      [36m</div>[39m
                      [36m<div[39m
                        [33mdata-testid[39m=[32m"content-required"[39m
                        [33mstyle[39m=[32m"display: none;"[39m
                      [36m>[39m
                        [0mContent is required[0m
                      [36m</div>[39m
                    [36m</form>[39m
                    [36m<form[39m
                      [33mdata-testid[39m=[32m"meeting-planning-form"[39m
                    [36m>[39m
                      [36m<input[39m
                        [33mdata-testid[39m=[32m"input-meeting-title"[39m
                        [33mplaceholder[39m=[32m"Meeting Title"[39m
                      [36m/>[39m
                      [36m<textarea[39m
                        [33mdata-testid[39m=[32m"textarea-meeting-description"[39m
                        [33mplaceholder[39m=[32m"Description"[39m
                      [36m/>[39m
                      [36m<input[39m
                        [33mdata-testid[39m=[32m"input-meeting-location"[39m
                        [33mplaceholder[39m=[32m"Location"[39m
                      [36m/>[39m
                      [36m<input[39m
                        [33mdata-testid[39m=[32m"input-meeting-date"[39m
                        [33mtype[39m=[32m"datetime-local"[39m
                      [36m/>[39m
                      [36m<input[39m
                        [33mdata-testid[39m=[32m"input-meeting-duration"[39m
                        [33mtype[39m=[32m"number"[39m
                        [33mvalue[39m=[32m"60"[39m
                      [36m/>[39m
                      [36m<select[39m
                        [33mdata-testid[39m=[32m"select-invited-roles"[39m
                      [36m>[39m
                        [36m<option[39m
                          [33mvalue[39m=[32m"all"[39m
                        [36m>[39m
                          [0mall[0m
                        [36m</option>[39m
                        [36m<option[39m
                          [33mvalue[39m=[32m"resident"[39m
                        [36m>[39m
                          [0mresident[0m
                        [36m</option>[39m
                        [36m<option[39m
                          [33mvalue[39m=[32m"manager"[39m
                        [36m>[39m
                          [0mmanager[0m
                        [36m</option>[39m
                        [36m<option[39m
                          [33mvalue[39m=[32m"admin"[39m
                        [36m>[39m
                          [0madmin[0m
                        [36m</option>[39m
                      [36m</select>[39m
                      [36m<button[39m
                        [33mdata-testid[39m=[32m"button-send-meeting-invite"[39m
                        [33mtype[39m=[32m"submit"[39m
                      [36m>[39m
                        [0mSend Meeting Invite[0m
                      [36m</button>[39m
                      [36m<div[39m
                        [33mdata-testid[39m=[32m"meeting-title-required"[39m
                        [33mstyle[39m=[32m"display: none;"[39m
                      [36m>[39m
                        [0mTitle is required[0m
                      [36m</div>[39m
                      [36m<div[39m
                        [33mdata-testid[39m=[32m"meeting-location-required"[39m
                        [33mstyle[39m=[32m"display: none;"[39m
                      [36m>[39m
                        [0mLocation is required[0m
                      [36m</div>[39m
                      [36m<div[39m
                        [33mdata-testid[39m=[32m"meeting-duration-required"[39m
                        [33mstyle[39m=[32m"display: none;"[39m
                      [36m>[39m
                        [0mDuration must be a positive number[0m
                      [36m</div>[39m
                    [36m</form>[39m
                  [36m</div>[39m
                [36m</div>[39m
              [36m</div>[39m
            [36m</div>[39m
          [36m</div>[39m
        [36m</div>[39m
      [36m</body>[39m
    [36m</html>[39m

      612 |
      613 |       await waitFor(() => {
    > 614 |         expect(mockApiRequest).toHaveBeenCalledWith(
          |                                ^
      615 |           'PUT',
      616 |           '/api/communication/preferences',
      617 |           expect.objectContaining({

      at tests/unit/communication/communication-page.test.tsx:614:32
      at runWithExpensiveErrorDiagnosticsDisabled (node_modules/@testing-library/dom/dist/config.js:47:12)
      at checkCallback (node_modules/@testing-library/dom/dist/wait-for.js:124:77)
      at checkRealTimersCallback (node_modules/@testing-library/dom/dist/wait-for.js:118:16)
      at Timeout.task [as _onTimeout] (node_modules/jsdom/lib/jsdom/browser/Window.js:579:19)

  ● Communication Page Test Suite › Notification Preferences Panel › should reset notification preferences

    expect(jest.fn()).toHaveBeenCalledWith(...expected)

    Expected: "GET", "/api/communication/preferences"

    Number of calls: 0

    Ignored nodes: comments, script, style
    [36m<html>[39m
      [36m<head />[39m
      [36m<body>[39m
        [36m<div>[39m
          [36m<div[39m
            [33mdata-testid[39m=[32m"router"[39m
          [36m>[39m
            [36m<div[39m
              [33mdata-testid[39m=[32m"language-provider"[39m
            [36m>[39m
              [36m<div[39m
                [33mdata-testid[39m=[32m"auth-provider"[39m
              [36m>[39m
                [36m<div[39m
                  [33mdata-testid[39m=[32m"mobile-menu-provider"[39m
                [36m>[39m
                  [36m<div[39m
                    [33mdata-testid[39m=[32m"communication-page"[39m
                  [36m>[39m
                    [36m<div[39m
                      [33mdata-testid[39m=[32m"notification-preferences-panel"[39m
                    [36m>[39m
                      [36m<div[39m
                        [33mdata-testid[39m=[32m"preferences-loading"[39m
                      [36m>[39m
                        [0mLoading preferences...[0m
                      [36m</div>[39m
                      [36m<div[39m
                        [33mdata-testid[39m=[32m"bulk-frequency-select"[39m
                      [36m>[39m
                        [36m<select[39m
                          [33mdata-testid[39m=[32m"bulk-frequency-select"[39m
                        [36m>[39m
                          [36m<option[39m
                            [33mvalue[39m=[32m"immediate"[39m
                          [36m>[39m
                            [0mImmediate[0m
                          [36m</option>[39m
                          [36m<option[39m
                            [33mvalue[39m=[32m"weekly"[39m
                          [36m>[39m
                            [0mWeekly[0m
                          [36m</option>[39m
                          [36m<option[39m
                            [33mvalue[39m=[32m"monthly"[39m
                          [36m>[39m
                            [0mMonthly[0m
                          [36m</option>[39m
                        [36m</select>[39m
                      [36m</div>[39m
                      [36m<button[39m
                        [33mdata-testid[39m=[32m"apply-bulk-frequency"[39m
                      [36m>[39m
                        [0mApply Bulk[0m
                      [36m</button>[39m
                      [36m<button[39m
                        [33mdata-testid[39m=[32m"save-preferences"[39m
                      [36m>[39m
                        [0mSave Preferences[0m
                      [36m</button>[39m
                      [36m<button[39m
                        [33mdata-testid[39m=[32m"reset-preferences"[39m
                      [36m>[39m
                        [0mReset Preferences[0m
                      [36m</button>[39m
                      [36m<div[39m
                        [33mdata-testid[39m=[32m"preference-toggle-bill_reminder"[39m
                      [36m>[39m
                        [36m<input[39m
                          [33mchecked[39m=[32m""[39m
                          [33mtype[39m=[32m"checkbox"[39m
                        [36m/>[39m
                      [36m</div>[39m
                      [36m<div>[39m
                        [0mbill_reminder[0m
                      [36m</div>[39m
                      [36m<div>[39m
                        [0mmaintenance_update[0m
                      [36m</div>[39m
                      [36m<div>[39m
                        [0mannouncement[0m
                      [36m</div>[39m
                      [36m<div>[39m
                        [0memergency[0m
                      [36m</div>[39m
                      [36m<div>[39m
                        [0mmeeting_invite[0m
                      [36m</div>[39m
                      [36m<div>[39m
                        [0mpolicy_change[0m
                      [36m</div>[39m
                      [36m<div>[39m
                        [0mseasonal_reminder[0m
                      [36m</div>[39m
                      [36m<select>[39m
                        [36m<option[39m
                          [33mselected[39m=[32m""[39m
                          [33mvalue[39m=[32m"immediate"[39m
                        [36m>[39m
                          [0mimmediate[0m
                        [36m</option>[39m
                        [36m<option[39m
                          [33mvalue[39m=[32m"weekly"[39m
                        [36m>[39m
                          [0mweekly[0m
                        [36m</option>[39m
                        [36m<option[39m
                          [33mvalue[39m=[32m"monthly"[39m
                        [36m>[39m
                          [0mmonthly[0m
                        [36m</option>[39m
                        [36m<option[39m
                          [33mvalue[39m=[32m"quarterly"[39m
                        [36m>[39m
                          [0mquarterly[0m
                        [36m</option>[39m
                      [36m</select>[39m
                    [36m</div>[39m
                    [36m<form[39m
                      [33mdata-testid[39m=[32m"general-communication-form"[39m
                    [36m>[39m
                      [36m<input[39m
                        [33mdata-testid[39m=[32m"input-communication-title"[39m
                        [33mplaceholder[39m=[32m"Title"[39m
                      [36m/>[39m
                      [36m<textarea[39m
                        [33mdata-testid[39m=[32m"textarea-communication-content"[39m
                        [33mplaceholder[39m=[32m"Content"[39m
                      [36m/>[39m
                      [36m<select[39m
                        [33mdata-testid[39m=[32m"select-urgency-level"[39m
                      [36m>[39m
                        [36m<option[39m
                          [33mvalue[39m=[32m"low"[39m
                        [36m>[39m
                          [0mlow[0m
                        [36m</option>[39m
                        [36m<option[39m
                          [33mvalue[39m=[32m"medium"[39m
                        [36m>[39m
                          [0mmedium[0m
                        [36m</option>[39m
                        [36m<option[39m
                          [33mvalue[39m=[32m"high"[39m
                        [36m>[39m
                          [0mhigh[0m
                        [36m</option>[39m
                        [36m<option[39m
                          [33mvalue[39m=[32m"urgent"[39m
                        [36m>[39m
                          [0murgent[0m
                        [36m</option>[39m
                      [36m</select>[39m
                      [36m<select[39m
                        [33mdata-testid[39m=[32m"select-organization"[39m
                      [36m>[39m
                        [36m<option[39m
                          [33mvalue[39m=[32m"org1"[39m
                        [36m>[39m
                          [0mTest Organization 1[0m
                        [36m</option>[39m
                        [36m<option[39m
                          [33mvalue[39m=[32m"org2"[39m
                        [36m>[39m
                          [0mTest Organization 2[0m
                        [36m</option>[39m
                      [36m</select>[39m
                      [36m<select[39m
                        [33mdata-testid[39m=[32m"select-recipient-roles"[39m
                      [36m>[39m
                        [36m<option[39m
                          [33mvalue[39m=[32m"all"[39m
                        [36m>[39m
                          [0mall[0m
                        [36m</option>[39m
                        [36m<option[39m
                          [33mvalue[39m=[32m"resident"[39m
                        [36m>[39m
                          [0mresident[0m
                        [36m</option>[39m
                        [36m<option[39m
                          [33mvalue[39m=[32m"tenant"[39m
                        [36m>[39m
                          [0mtenant[0m
                        [36m</option>[39m
                        [36m<option[39m
                          [33mvalue[39m=[32m"manager"[39m
                        [36m>[39m
                          [0mmanager[0m
                        [36m</option>[39m
                        [36m<option[39m
                          [33mvalue[39m=[32m"admin"[39m
                        [36m>[39m
                          [0madmin[0m
                        [36m</option>[39m
                      [36m</select>[39m
                      [36m<button[39m
                        [33mdata-testid[39m=[32m"button-send-communication"[39m
                        [33mtype[39m=[32m"submit"[39m
                      [36m>[39m
                        [0mSend Communication[0m
                      [36m</button>[39m
                      [36m<div[39m
                        [33mdata-testid[39m=[32m"form-submitting"[39m
                        [33mstyle[39m=[32m"display: none;"[39m
                      [36m>[39m
                        [0mSubmitting...[0m
                      [36m</div>[39m
                      [36m<div[39m
                        [33mdata-testid[39m=[32m"title-required"[39m
                        [33mstyle[39m=[32m"display: none;"[39m
                      [36m>[39m
                        [0mTitle is required[0m
                      [36m</div>[39m
                      [36m<div[39m
                        [33mdata-testid[39m=[32m"content-required"[39m
                        [33mstyle[39m=[32m"display: none;"[39m
                      [36m>[39m
                        [0mContent is required[0m
                      [36m</div>[39m
                    [36m</form>[39m
                    [36m<form[39m
                      [33mdata-testid[39m=[32m"meeting-planning-form"[39m
                    [36m>[39m
                      [36m<input[39m
                        [33mdata-testid[39m=[32m"input-meeting-title"[39m
                        [33mplaceholder[39m=[32m"Meeting Title"[39m
                      [36m/>[39m
                      [36m<textarea[39m
                        [33mdata-testid[39m=[32m"textarea-meeting-description"[39m
                        [33mplaceholder[39m=[32m"Description"[39m
                      [36m/>[39m
                      [36m<input[39m
                        [33mdata-testid[39m=[32m"input-meeting-location"[39m
                        [33mplaceholder[39m=[32m"Location"[39m
                      [36m/>[39m
                      [36m<input[39m
                        [33mdata-testid[39m=[32m"input-meeting-date"[39m
                        [33mtype[39m=[32m"datetime-local"[39m
                      [36m/>[39m
                      [36m<input[39m
                        [33mdata-testid[39m=[32m"input-meeting-duration"[39m
                        [33mtype[39m=[32m"number"[39m
                        [33mvalue[39m=[32m"60"[39m
                      [36m/>[39m
                      [36m<select[39m
                        [33mdata-testid[39m=[32m"select-invited-roles"[39m
                      [36m>[39m
                        [36m<option[39m
                          [33mvalue[39m=[32m"all"[39m
                        [36m>[39m
                          [0mall[0m
                        [36m</option>[39m
                        [36m<option[39m
                          [33mvalue[39m=[32m"resident"[39m
                        [36m>[39m
                          [0mresident[0m
                        [36m</option>[39m
                        [36m<option[39m
                          [33mvalue[39m=[32m"manager"[39m
                        [36m>[39m
                          [0mmanager[0m
                        [36m</option>[39m
                        [36m<option[39m
                          [33mvalue[39m=[32m"admin"[39m
                        [36m>[39m
                          [0madmin[0m
                        [36m</option>[39m
                      [36m</select>[39m
                      [36m<button[39m
                        [33mdata-testid[39m=[32m"button-send-meeting-invite"[39m
                        [33mtype[39m=[32m"submit"[39m
                      [36m>[39m
                        [0mSend Meeting Invite[0m
                      [36m</button>[39m
                      [36m<div[39m
                        [33mdata-testid[39m=[32m"meeting-title-required"[39m
                        [33mstyle[39m=[32m"display: none;"[39m
                      [36m>[39m
                        [0mTitle is required[0m
                      [36m</div>[39m
                      [36m<div[39m
                        [33mdata-testid[39m=[32m"meeting-location-required"[39m
                        [33mstyle[39m=[32m"display: none;"[39m
                      [36m>[39m
                        [0mLocation is required[0m
                      [36m</div>[39m
                      [36m<div[39m
                        [33mdata-testid[39m=[32m"meeting-duration-required"[39m
                        [33mstyle[39m=[32m"display: none;"[39m
                      [36m>[39m
                        [0mDuration must be a positive number[0m
                      [36m</div>[39m
                    [36m</form>[39m
                  [36m</div>[39m
                [36m</div>[39m
              [36m</div>[39m
            [36m</div>[39m
          [36m</div>[39m
        [36m</div>[39m
      [36m</body>[39m
    [36m</html>[39m

      640 |       // Should reload preferences from API
      641 |       await waitFor(() => {
    > 642 |         expect(mockApiRequest).toHaveBeenCalledWith('GET', '/api/communication/preferences');
          |                                ^
      643 |       });
      644 |     });
      645 |

      at tests/unit/communication/communication-page.test.tsx:642:32
      at runWithExpensiveErrorDiagnosticsDisabled (node_modules/@testing-library/dom/dist/config.js:47:12)
      at checkCallback (node_modules/@testing-library/dom/dist/wait-for.js:124:77)
      at checkRealTimersCallback (node_modules/@testing-library/dom/dist/wait-for.js:118:16)
      at Timeout.task [as _onTimeout] (node_modules/jsdom/lib/jsdom/browser/Window.js:579:19)

  ● Communication Page Test Suite › Notification Preferences Panel › should handle notification preferences API error

    expect(jest.fn()).toHaveBeenCalledWith(...expected)

    Expected: ObjectContaining {"title": StringContaining "error", "variant": "destructive"}

    Number of calls: 0

    Ignored nodes: comments, script, style
    [36m<html>[39m
      [36m<head />[39m
      [36m<body>[39m
        [36m<div>[39m
          [36m<div[39m
            [33mdata-testid[39m=[32m"router"[39m
          [36m>[39m
            [36m<div[39m
              [33mdata-testid[39m=[32m"language-provider"[39m
            [36m>[39m
              [36m<div[39m
                [33mdata-testid[39m=[32m"auth-provider"[39m
              [36m>[39m
                [36m<div[39m
                  [33mdata-testid[39m=[32m"mobile-menu-provider"[39m
                [36m>[39m
                  [36m<div[39m
                    [33mdata-testid[39m=[32m"communication-page"[39m
                  [36m>[39m
                    [36m<div[39m
                      [33mdata-testid[39m=[32m"notification-preferences-panel"[39m
                    [36m>[39m
                      [36m<div[39m
                        [33mdata-testid[39m=[32m"preferences-loading"[39m
                      [36m>[39m
                        [0mLoading preferences...[0m
                      [36m</div>[39m
                      [36m<div[39m
                        [33mdata-testid[39m=[32m"bulk-frequency-select"[39m
                      [36m>[39m
                        [36m<select[39m
                          [33mdata-testid[39m=[32m"bulk-frequency-select"[39m
                        [36m>[39m
                          [36m<option[39m
                            [33mvalue[39m=[32m"immediate"[39m
                          [36m>[39m
                            [0mImmediate[0m
                          [36m</option>[39m
                          [36m<option[39m
                            [33mvalue[39m=[32m"weekly"[39m
                          [36m>[39m
                            [0mWeekly[0m
                          [36m</option>[39m
                          [36m<option[39m
                            [33mvalue[39m=[32m"monthly"[39m
                          [36m>[39m
                            [0mMonthly[0m
                          [36m</option>[39m
                        [36m</select>[39m
                      [36m</div>[39m
                      [36m<button[39m
                        [33mdata-testid[39m=[32m"apply-bulk-frequency"[39m
                      [36m>[39m
                        [0mApply Bulk[0m
                      [36m</button>[39m
                      [36m<button[39m
                        [33mdata-testid[39m=[32m"save-preferences"[39m
                      [36m>[39m
                        [0mSave Preferences[0m
                      [36m</button>[39m
                      [36m<button[39m
                        [33mdata-testid[39m=[32m"reset-preferences"[39m
                      [36m>[39m
                        [0mReset Preferences[0m
                      [36m</button>[39m
                      [36m<div[39m
                        [33mdata-testid[39m=[32m"preference-toggle-bill_reminder"[39m
                      [36m>[39m
                        [36m<input[39m
                          [33mchecked[39m=[32m""[39m
                          [33mtype[39m=[32m"checkbox"[39m
                        [36m/>[39m
                      [36m</div>[39m
                      [36m<div>[39m
                        [0mbill_reminder[0m
                      [36m</div>[39m
                      [36m<div>[39m
                        [0mmaintenance_update[0m
                      [36m</div>[39m
                      [36m<div>[39m
                        [0mannouncement[0m
                      [36m</div>[39m
                      [36m<div>[39m
                        [0memergency[0m
                      [36m</div>[39m
                      [36m<div>[39m
                        [0mmeeting_invite[0m
                      [36m</div>[39m
                      [36m<div>[39m
                        [0mpolicy_change[0m
                      [36m</div>[39m
                      [36m<div>[39m
                        [0mseasonal_reminder[0m
                      [36m</div>[39m
                      [36m<select>[39m
                        [36m<option[39m
                          [33mselected[39m=[32m""[39m
                          [33mvalue[39m=[32m"immediate"[39m
                        [36m>[39m
                          [0mimmediate[0m
                        [36m</option>[39m
                        [36m<option[39m
                          [33mvalue[39m=[32m"weekly"[39m
                        [36m>[39m
                          [0mweekly[0m
                        [36m</option>[39m
                        [36m<option[39m
                          [33mvalue[39m=[32m"monthly"[39m
                        [36m>[39m
                          [0mmonthly[0m
                        [36m</option>[39m
                        [36m<option[39m
                          [33mvalue[39m=[32m"quarterly"[39m
                        [36m>[39m
                          [0mquarterly[0m
                        [36m</option>[39m
                      [36m</select>[39m
                    [36m</div>[39m
                    [36m<form[39m
                      [33mdata-testid[39m=[32m"general-communication-form"[39m
                    [36m>[39m
                      [36m<input[39m
                        [33mdata-testid[39m=[32m"input-communication-title"[39m
                        [33mplaceholder[39m=[32m"Title"[39m
                      [36m/>[39m
                      [36m<textarea[39m
                        [33mdata-testid[39m=[32m"textarea-communication-content"[39m
                        [33mplaceholder[39m=[32m"Content"[39m
                      [36m/>[39m
                      [36m<select[39m
                        [33mdata-testid[39m=[32m"select-urgency-level"[39m
                      [36m>[39m
                        [36m<option[39m
                          [33mvalue[39m=[32m"low"[39m
                        [36m>[39m
                          [0mlow[0m
                        [36m</option>[39m
                        [36m<option[39m
                          [33mvalue[39m=[32m"medium"[39m
                        [36m>[39m
                          [0mmedium[0m
                        [36m</option>[39m
                        [36m<option[39m
                          [33mvalue[39m=[32m"high"[39m
                        [36m>[39m
                          [0mhigh[0m
                        [36m</option>[39m
                        [36m<option[39m
                          [33mvalue[39m=[32m"urgent"[39m
                        [36m>[39m
                          [0murgent[0m
                        [36m</option>[39m
                      [36m</select>[39m
                      [36m<select[39m
                        [33mdata-testid[39m=[32m"select-organization"[39m
                      [36m>[39m
                        [36m<option[39m
                          [33mvalue[39m=[32m"org1"[39m
                        [36m>[39m
                          [0mTest Organization 1[0m
                        [36m</option>[39m
                        [36m<option[39m
                          [33mvalue[39m=[32m"org2"[39m
                        [36m>[39m
                          [0mTest Organization 2[0m
                        [36m</option>[39m
                      [36m</select>[39m
                      [36m<select[39m
                        [33mdata-testid[39m=[32m"select-recipient-roles"[39m
                      [36m>[39m
                        [36m<option[39m
                          [33mvalue[39m=[32m"all"[39m
                        [36m>[39m
                          [0mall[0m
                        [36m</option>[39m
                        [36m<option[39m
                          [33mvalue[39m=[32m"resident"[39m
                        [36m>[39m
                          [0mresident[0m
                        [36m</option>[39m
                        [36m<option[39m
                          [33mvalue[39m=[32m"tenant"[39m
                        [36m>[39m
                          [0mtenant[0m
                        [36m</option>[39m
                        [36m<option[39m
                          [33mvalue[39m=[32m"manager"[39m
                        [36m>[39m
                          [0mmanager[0m
                        [36m</option>[39m
                        [36m<option[39m
                          [33mvalue[39m=[32m"admin"[39m
                        [36m>[39m
                          [0madmin[0m
                        [36m</option>[39m
                      [36m</select>[39m
                      [36m<button[39m
                        [33mdata-testid[39m=[32m"button-send-communication"[39m
                        [33mtype[39m=[32m"submit"[39m
                      [36m>[39m
                        [0mSend Communication[0m
                      [36m</button>[39m
                      [36m<div[39m
                        [33mdata-testid[39m=[32m"form-submitting"[39m
                        [33mstyle[39m=[32m"display: none;"[39m
                      [36m>[39m
                        [0mSubmitting...[0m
                      [36m</div>[39m
                      [36m<div[39m
                        [33mdata-testid[39m=[32m"title-required"[39m
                        [33mstyle[39m=[32m"display: none;"[39m
                      [36m>[39m
                        [0mTitle is required[0m
                      [36m</div>[39m
                      [36m<div[39m
                        [33mdata-testid[39m=[32m"content-required"[39m
                        [33mstyle[39m=[32m"display: none;"[39m
                      [36m>[39m
                        [0mContent is required[0m
                      [36m</div>[39m
                    [36m</form>[39m
                    [36m<form[39m
                      [33mdata-testid[39m=[32m"meeting-planning-form"[39m
                    [36m>[39m
                      [36m<input[39m
                        [33mdata-testid[39m=[32m"input-meeting-title"[39m
                        [33mplaceholder[39m=[32m"Meeting Title"[39m
                      [36m/>[39m
                      [36m<textarea[39m
                        [33mdata-testid[39m=[32m"textarea-meeting-description"[39m
                        [33mplaceholder[39m=[32m"Description"[39m
                      [36m/>[39m
                      [36m<input[39m
                        [33mdata-testid[39m=[32m"input-meeting-location"[39m
                        [33mplaceholder[39m=[32m"Location"[39m
                      [36m/>[39m
                      [36m<input[39m
                        [33mdata-testid[39m=[32m"input-meeting-date"[39m
                        [33mtype[39m=[32m"datetime-local"[39m
                      [36m/>[39m
                      [36m<input[39m
                        [33mdata-testid[39m=[32m"input-meeting-duration"[39m
                        [33mtype[39m=[32m"number"[39m
                        [33mvalue[39m=[32m"60"[39m
                      [36m/>[39m
                      [36m<select[39m
                        [33mdata-testid[39m=[32m"select-invited-roles"[39m
                      [36m>[39m
                        [36m<option[39m
                          [33mvalue[39m=[32m"all"[39m
                        [36m>[39m
                          [0mall[0m
                        [36m</option>[39m
                        [36m<option[39m
                          [33mvalue[39m=[32m"resident"[39m
                        [36m>[39m
                          [0mresident[0m
                        [36m</option>[39m
                        [36m<option[39m
                          [33mvalue[39m=[32m"manager"[39m
                        [36m>[39m
                          [0mmanager[0m
                        [36m</option>[39m
                        [36m<option[39m
                          [33mvalue[39m=[32m"admin"[39m
                        [36m>[39m
                          [0madmin[0m
                        [36m</option>[39m
                      [36m</select>[39m
                      [36m<button[39m
                        [33mdata-testid[39m=[32m"button-send-meeting-invite"[39m
                        [33mtype[39m=[32m"submit"[39m
                      [36m>[39m
                        [0mSend Meeting Invite[0m
                      [36m</button>[39m
                      [36m<div[39m
                        [33mdata-testid[39m=[32m"meeting-title-required"[39m
                        [33mstyle[39m=[32m"display: none;"[39m
                      [36m>[39m
                        [0mTitle is required[0m
                      [36m</div>[39m
                      [36m<div[39m
                        [33mdata-testid[39m=[32m"meeting-location-required"[39m
                        [33mstyle[39m=[32m"display: none;"[39m
                      [36m>[39m
                        [0mLocation is required[0m
                      [36m</div>[39m
                      [36m<div[39m
                        [33mdata-testid[39m=[32m"meeting-duration-required"[39m
                        [33mstyle[39m=[32m"display: none;"[39m
                      [36m>[39m
                        [0mDuration must be a positive number[0m
                      [36m</div>[39m
                    [36m</form>[39m
                  [36m</div>[39m
                [36m</div>[39m
              [36m</div>[39m
            [36m</div>[39m
          [36m</div>[39m
        [36m</div>[39m
      [36m</body>[39m
    [36m</html>[39m

      650 |
      651 |       await waitFor(() => {
    > 652 |         expect(mockToast).toHaveBeenCalledWith(
          |                           ^
      653 |           expect.objectContaining({
      654 |             title: expect.stringContaining('error'),
      655 |             variant: 'destructive'

      at tests/unit/communication/communication-page.test.tsx:652:27
      at runWithExpensiveErrorDiagnosticsDisabled (node_modules/@testing-library/dom/dist/config.js:47:12)
      at checkCallback (node_modules/@testing-library/dom/dist/wait-for.js:124:77)
      at checkRealTimersCallback (node_modules/@testing-library/dom/dist/wait-for.js:118:16)
      at Timeout.task [as _onTimeout] (node_modules/jsdom/lib/jsdom/browser/Window.js:579:19)

  ● Communication Page Test Suite › General Communication Form › should submit general communication form with correct data

    expect(jest.fn()).toHaveBeenCalledWith(...expected)

    Expected: "POST", "/api/communication/general", ObjectContaining {"content": "This is a test communication message.", "createdBy": "123e4567-e89b-12d3-a456-426614174000", "isUrgent": true, "organizationId": "123e4567-e89b-12d3-a456-426614174001", "title": "Test Communication Title"}
    Received: "POST", "/api/communication/general"

    Number of calls: 1

    Ignored nodes: comments, script, style
    [36m<html>[39m
      [36m<head />[39m
      [36m<body>[39m
        [36m<div>[39m
          [36m<div[39m
            [33mdata-testid[39m=[32m"router"[39m
          [36m>[39m
            [36m<div[39m
              [33mdata-testid[39m=[32m"language-provider"[39m
            [36m>[39m
              [36m<div[39m
                [33mdata-testid[39m=[32m"auth-provider"[39m
              [36m>[39m
                [36m<div[39m
                  [33mdata-testid[39m=[32m"mobile-menu-provider"[39m
                [36m>[39m
                  [36m<div[39m
                    [33mdata-testid[39m=[32m"communication-page"[39m
                  [36m>[39m
                    [36m<div[39m
                      [33mdata-testid[39m=[32m"notification-preferences-panel"[39m
                    [36m>[39m
                      [36m<div[39m
                        [33mdata-testid[39m=[32m"preferences-loading"[39m
                      [36m>[39m
                        [0mLoading preferences...[0m
                      [36m</div>[39m
                      [36m<div[39m
                        [33mdata-testid[39m=[32m"bulk-frequency-select"[39m
                      [36m>[39m
                        [36m<select[39m
                          [33mdata-testid[39m=[32m"bulk-frequency-select"[39m
                        [36m>[39m
                          [36m<option[39m
                            [33mvalue[39m=[32m"immediate"[39m
                          [36m>[39m
                            [0mImmediate[0m
                          [36m</option>[39m
                          [36m<option[39m
                            [33mvalue[39m=[32m"weekly"[39m
                          [36m>[39m
                            [0mWeekly[0m
                          [36m</option>[39m
                          [36m<option[39m
                            [33mvalue[39m=[32m"monthly"[39m
                          [36m>[39m
                            [0mMonthly[0m
                          [36m</option>[39m
                        [36m</select>[39m
                      [36m</div>[39m
                      [36m<button[39m
                        [33mdata-testid[39m=[32m"apply-bulk-frequency"[39m
                      [36m>[39m
                        [0mApply Bulk[0m
                      [36m</button>[39m
                      [36m<button[39m
                        [33mdata-testid[39m=[32m"save-preferences"[39m
                      [36m>[39m
                        [0mSave Preferences[0m
                      [36m</button>[39m
                      [36m<button[39m
                        [33mdata-testid[39m=[32m"reset-preferences"[39m
                      [36m>[39m
                        [0mReset Preferences[0m
                      [36m</button>[39m
                      [36m<div[39m
                        [33mdata-testid[39m=[32m"preference-toggle-bill_reminder"[39m
                      [36m>[39m
                        [36m<input[39m
                          [33mchecked[39m=[32m""[39m
                          [33mtype[39m=[32m"checkbox"[39m
                        [36m/>[39m
                      [36m</div>[39m
                      [36m<div>[39m
                        [0mbill_reminder[0m
                      [36m</div>[39m
                      [36m<div>[39m
                        [0mmaintenance_update[0m
                      [36m</div>[39m
                      [36m<div>[39m
                        [0mannouncement[0m
                      [36m</div>[39m
                      [36m<div>[39m
                        [0memergency[0m
                      [36m</div>[39m
                      [36m<div>[39m
                        [0mmeeting_invite[0m
                      [36m</div>[39m
                      [36m<div>[39m
                        [0mpolicy_change[0m
                      [36m</div>[39m
                      [36m<div>[39m
                        [0mseasonal_reminder[0m
                      [36m</div>[39m
                      [36m<select>[39m
                        [36m<option[39m
                          [33mselected[39m=[32m""[39m
                          [33mvalue[39m=[32m"immediate"[39m
                        [36m>[39m
                          [0mimmediate[0m
                        [36m</option>[39m
                        [36m<option[39m
                          [33mvalue[39m=[32m"weekly"[39m
                        [36m>[39m
                          [0mweekly[0m
                        [36m</option>[39m
                        [36m<option[39m
                          [33mvalue[39m=[32m"monthly"[39m
                        [36m>[39m
                          [0mmonthly[0m
                        [36m</option>[39m
                        [36m<option[39m
                          [33mvalue[39m=[32m"quarterly"[39m
                        [36m>[39m
                          [0mquarterly[0m
                        [36m</option>[39m
                      [36m</select>[39m
                    [36m</div>[39m
                    [36m<form[39m
                      [33mdata-testid[39m=[32m"general-communication-form"[39m
                    [36m>[39m
                      [36m<input[39m
                        [33mdata-testid[39m=[32m"input-communication-title"[39m
                        [33mplaceholder[39m=[32m"Title"[39m
                      [36m/>[39m
                      [36m<textarea[39m
                        [33mdata-testid[39m=[32m"textarea-communication-content"[39m
                        [33mplaceholder[39m=[32m"Content"[39m
                      [36m/>[39m
                      [36m<select[39m
                        [33mdata-testid[39m=[32m"select-urgency-level"[39m
                      [36m>[39m
                        [36m<option[39m
                          [33mvalue[39m=[32m"low"[39m
                        [36m>[39m
                          [0mlow[0m
                        [36m</option>[39m
                        [36m<option[39m
                          [33mvalue[39m=[32m"medium"[39m
                        [36m>[39m
                          [0mmedium[0m
                        [36m</option>[39m
                        [36m<option[39m
                          [33mvalue[39m=[32m"high"[39m
                        [36m>[39m
                          [0mhigh[0m
                        [36m</option>[39m
                        [36m<option[39m
                          [33mvalue[39m=[32m"urgent"[39m
                        [36m>[39m
                          [0murgent[0m
                        [36m</option>[39m
                      [36m</select>[39m
                      [36m<select[39m
                        [33mdata-testid[39m=[32m"select-organization"[39m
                      [36m>[39m
                        [36m<option[39m
                          [33mvalue[39m=[32m"org1"[39m
                        [36m>[39m
                          [0mTest Organization 1[0m
                        [36m</option>[39m
                        [36m<option[39m
                          [33mvalue[39m=[32m"org2"[39m
                        [36m>[39m
                          [0mTest Organization 2[0m
                        [36m</option>[39m
                      [36m</select>[39m
                      [36m<select[39m
                        [33mdata-testid[39m=[32m"select-recipient-roles"[39m
                      [36m>[39m
                        [36m<option[39m
                          [33mvalue[39m=[32m"all"[39m
                        [36m>[39m
                          [0mall[0m
                        [36m</option>[39m
                        [36m<option[39m
                          [33mvalue[39m=[32m"resident"[39m
                        [36m>[39m
                          [0mresident[0m
                        [36m</option>[39m
                        [36m<option[39m
                          [33mvalue[39m=[32m"tenant"[39m
                        [36m>[39m
                          [0mtenant[0m
                        [36m</option>[39m
                        [36m<option[39m
                          [33mvalue[39m=[32m"manager"[39m
                        [36m>[39m
                          [0mmanager[0m
                        [36m</option>[39m
                        [36m<option[39m
                          [33mvalue[39m=[32m"admin"[39m
                        [36m>[39m
                          [0madmin[0m
                        [36m</option>[39m
                      [36m</select>[39m
                      [36m<button[39m
                        [33mdata-testid[39m=[32m"button-send-communication"[39m
                        [33mtype[39m=[32m"submit"[39m
                      [36m>[39m
                        [0mSend Communication[0m
                      [36m</button>[39m
                      [36m<div[39m
                        [33mdata-testid[39m=[32m"form-submitting"[39m
                        [33mstyle[39m=[32m"display: none;"[39m
                      [36m>[39m
                        [0mSubmitting...[0m
                      [36m</div>[39m
                      [36m<div[39m
                        [33mdata-testid[39m=[32m"title-required"[39m
                        [33mstyle[39m=[32m"display: none;"[39m
                      [36m>[39m
                        [0mTitle is required[0m
                      [36m</div>[39m
                      [36m<div[39m
                        [33mdata-testid[39m=[32m"content-required"[39m
                        [33mstyle[39m=[32m"display: none;"[39m
                      [36m>[39m
                        [0mContent is required[0m
                      [36m</div>[39m
                    [36m</form>[39m
                    [36m<form[39m
                      [33mdata-testid[39m=[32m"meeting-planning-form"[39m
                    [36m>[39m
                      [36m<input[39m
                        [33mdata-testid[39m=[32m"input-meeting-title"[39m
                        [33mplaceholder[39m=[32m"Meeting Title"[39m
                      [36m/>[39m
                      [36m<textarea[39m
                        [33mdata-testid[39m=[32m"textarea-meeting-description"[39m
                        [33mplaceholder[39m=[32m"Description"[39m
                      [36m/>[39m
                      [36m<input[39m
                        [33mdata-testid[39m=[32m"input-meeting-location"[39m
                        [33mplaceholder[39m=[32m"Location"[39m
                      [36m/>[39m
                      [36m<input[39m
                        [33mdata-testid[39m=[32m"input-meeting-date"[39m
                        [33mtype[39m=[32m"datetime-local"[39m
                      [36m/>[39m
                      [36m<input[39m
                        [33mdata-testid[39m=[32m"input-meeting-duration"[39m
                        [33mtype[39m=[32m"number"[39m
                        [33mvalue[39m=[32m"60"[39m
                      [36m/>[39m
                      [36m<select[39m
                        [33mdata-testid[39m=[32m"select-invited-roles"[39m
                      [36m>[39m
                        [36m<option[39m
                          [33mvalue[39m=[32m"all"[39m
                        [36m>[39m
                          [0mall[0m
                        [36m</option>[39m
                        [36m<option[39m
                          [33mvalue[39m=[32m"resident"[39m
                        [36m>[39m
                          [0mresident[0m
                        [36m</option>[39m
                        [36m<option[39m
                          [33mvalue[39m=[32m"manager"[39m
                        [36m>[39m
                          [0mmanager[0m
                        [36m</option>[39m
                        [36m<option[39m
                          [33mvalue[39m=[32m"admin"[39m
                        [36m>[39m
                          [0madmin[0m
                        [36m</option>[39m
                      [36m</select>[39m
                      [36m<button[39m
                        [33mdata-testid[39m=[32m"button-send-meeting-invite"[39m
                        [33mtype[39m=[32m"submit"[39m
                      [36m>[39m
                        [0mSend Meeting Invite[0m
                      [36m</button>[39m
                      [36m<div[39m
                        [33mdata-testid[39m=[32m"meeting-title-required"[39m
                        [33mstyle[39m=[32m"display: none;"[39m
                      [36m>[39m
                        [0mTitle is required[0m
                      [36m</div>[39m
                      [36m<div[39m
                        [33mdata-testid[39m=[32m"meeting-location-required"[39m
                        [33mstyle[39m=[32m"display: none;"[39m
                      [36m>[39m
                        [0mLocation is required[0m
                      [36m</div>[39m
                      [36m<div[39m
                        [33mdata-testid[39m=[32m"meeting-duration-required"[39m
                        [33mstyle[39m=[32m"display: none;"[39m
                      [36m>[39m
                        [0mDuration must be a positive number[0m
                      [36m</div>[39m
                    [36m</form>[39m
                  [36m</div>[39m
                [36m</div>[39m
              [36m</div>[39m
            [36m</div>[39m
          [36m</div>[39m
        [36m</div>[39m
      [36m</body>[39m
    [36m</html>[39m

      737 |
      738 |       await waitFor(() => {
    > 739 |         expect(mockApiRequest).toHaveBeenCalledWith(
          |                                ^
      740 |           'POST',
      741 |           '/api/communication/general',
      742 |           expect.objectContaining({

      at tests/unit/communication/communication-page.test.tsx:739:32
      at runWithExpensiveErrorDiagnosticsDisabled (node_modules/@testing-library/dom/dist/config.js:47:12)
      at checkCallback (node_modules/@testing-library/dom/dist/wait-for.js:124:77)
      at checkRealTimersCallback (node_modules/@testing-library/dom/dist/wait-for.js:118:16)
      at Timeout.task [as _onTimeout] (node_modules/jsdom/lib/jsdom/browser/Window.js:579:19)

  ● Communication Page Test Suite › General Communication Form › should handle organization filtering

    expect(jest.fn()).toHaveBeenCalledWith(...expected)

    Expected: "GET", "/api/organizations"

    Number of calls: 0

    Ignored nodes: comments, script, style
    [36m<html>[39m
      [36m<head />[39m
      [36m<body>[39m
        [36m<div>[39m
          [36m<div[39m
            [33mdata-testid[39m=[32m"router"[39m
          [36m>[39m
            [36m<div[39m
              [33mdata-testid[39m=[32m"language-provider"[39m
            [36m>[39m
              [36m<div[39m
                [33mdata-testid[39m=[32m"auth-provider"[39m
              [36m>[39m
                [36m<div[39m
                  [33mdata-testid[39m=[32m"mobile-menu-provider"[39m
                [36m>[39m
                  [36m<div[39m
                    [33mdata-testid[39m=[32m"communication-page"[39m
                  [36m>[39m
                    [36m<div[39m
                      [33mdata-testid[39m=[32m"notification-preferences-panel"[39m
                    [36m>[39m
                      [36m<div[39m
                        [33mdata-testid[39m=[32m"preferences-loading"[39m
                      [36m>[39m
                        [0mLoading preferences...[0m
                      [36m</div>[39m
                      [36m<div[39m
                        [33mdata-testid[39m=[32m"bulk-frequency-select"[39m
                      [36m>[39m
                        [36m<select[39m
                          [33mdata-testid[39m=[32m"bulk-frequency-select"[39m
                        [36m>[39m
                          [36m<option[39m
                            [33mvalue[39m=[32m"immediate"[39m
                          [36m>[39m
                            [0mImmediate[0m
                          [36m</option>[39m
                          [36m<option[39m
                            [33mvalue[39m=[32m"weekly"[39m
                          [36m>[39m
                            [0mWeekly[0m
                          [36m</option>[39m
                          [36m<option[39m
                            [33mvalue[39m=[32m"monthly"[39m
                          [36m>[39m
                            [0mMonthly[0m
                          [36m</option>[39m
                        [36m</select>[39m
                      [36m</div>[39m
                      [36m<button[39m
                        [33mdata-testid[39m=[32m"apply-bulk-frequency"[39m
                      [36m>[39m
                        [0mApply Bulk[0m
                      [36m</button>[39m
                      [36m<button[39m
                        [33mdata-testid[39m=[32m"save-preferences"[39m
                      [36m>[39m
                        [0mSave Preferences[0m
                      [36m</button>[39m
                      [36m<button[39m
                        [33mdata-testid[39m=[32m"reset-preferences"[39m
                      [36m>[39m
                        [0mReset Preferences[0m
                      [36m</button>[39m
                      [36m<div[39m
                        [33mdata-testid[39m=[32m"preference-toggle-bill_reminder"[39m
                      [36m>[39m
                        [36m<input[39m
                          [33mchecked[39m=[32m""[39m
                          [33mtype[39m=[32m"checkbox"[39m
                        [36m/>[39m
                      [36m</div>[39m
                      [36m<div>[39m
                        [0mbill_reminder[0m
                      [36m</div>[39m
                      [36m<div>[39m
                        [0mmaintenance_update[0m
                      [36m</div>[39m
                      [36m<div>[39m
                        [0mannouncement[0m
                      [36m</div>[39m
                      [36m<div>[39m
                        [0memergency[0m
                      [36m</div>[39m
                      [36m<div>[39m
                        [0mmeeting_invite[0m
                      [36m</div>[39m
                      [36m<div>[39m
                        [0mpolicy_change[0m
                      [36m</div>[39m
                      [36m<div>[39m
                        [0mseasonal_reminder[0m
                      [36m</div>[39m
                      [36m<select>[39m
                        [36m<option[39m
                          [33mselected[39m=[32m""[39m
                          [33mvalue[39m=[32m"immediate"[39m
                        [36m>[39m
                          [0mimmediate[0m
                        [36m</option>[39m
                        [36m<option[39m
                          [33mvalue[39m=[32m"weekly"[39m
                        [36m>[39m
                          [0mweekly[0m
                        [36m</option>[39m
                        [36m<option[39m
                          [33mvalue[39m=[32m"monthly"[39m
                        [36m>[39m
                          [0mmonthly[0m
                        [36m</option>[39m
                        [36m<option[39m
                          [33mvalue[39m=[32m"quarterly"[39m
                        [36m>[39m
                          [0mquarterly[0m
                        [36m</option>[39m
                      [36m</select>[39m
                    [36m</div>[39m
                    [36m<form[39m
                      [33mdata-testid[39m=[32m"general-communication-form"[39m
                    [36m>[39m
                      [36m<input[39m
                        [33mdata-testid[39m=[32m"input-communication-title"[39m
                        [33mplaceholder[39m=[32m"Title"[39m
                      [36m/>[39m
                      [36m<textarea[39m
                        [33mdata-testid[39m=[32m"textarea-communication-content"[39m
                        [33mplaceholder[39m=[32m"Content"[39m
                      [36m/>[39m
                      [36m<select[39m
                        [33mdata-testid[39m=[32m"select-urgency-level"[39m
                      [36m>[39m
                        [36m<option[39m
                          [33mvalue[39m=[32m"low"[39m
                        [36m>[39m
                          [0mlow[0m
                        [36m</option>[39m
                        [36m<option[39m
                          [33mvalue[39m=[32m"medium"[39m
                        [36m>[39m
                          [0mmedium[0m
                        [36m</option>[39m
                        [36m<option[39m
                          [33mvalue[39m=[32m"high"[39m
                        [36m>[39m
                          [0mhigh[0m
                        [36m</option>[39m
                        [36m<option[39m
                          [33mvalue[39m=[32m"urgent"[39m
                        [36m>[39m
                          [0murgent[0m
                        [36m</option>[39m
                      [36m</select>[39m
                      [36m<select[39m
                        [33mdata-testid[39m=[32m"select-organization"[39m
                      [36m>[39m
                        [36m<option[39m
                          [33mvalue[39m=[32m"org1"[39m
                        [36m>[39m
                          [0mTest Organization 1[0m
                        [36m</option>[39m
                        [36m<option[39m
                          [33mvalue[39m=[32m"org2"[39m
                        [36m>[39m
                          [0mTest Organization 2[0m
                        [36m</option>[39m
                      [36m</select>[39m
                      [36m<select[39m
                        [33mdata-testid[39m=[32m"select-recipient-roles"[39m
                      [36m>[39m
                        [36m<option[39m
                          [33mvalue[39m=[32m"all"[39m
                        [36m>[39m
                          [0mall[0m
                        [36m</option>[39m
                        [36m<option[39m
                          [33mvalue[39m=[32m"resident"[39m
                        [36m>[39m
                          [0mresident[0m
                        [36m</option>[39m
                        [36m<option[39m
                          [33mvalue[39m=[32m"tenant"[39m
                        [36m>[39m
                          [0mtenant[0m
                        [36m</option>[39m
                        [36m<option[39m
                          [33mvalue[39m=[32m"manager"[39m
                        [36m>[39m
                          [0mmanager[0m
                        [36m</option>[39m
                        [36m<option[39m
                          [33mvalue[39m=[32m"admin"[39m
                        [36m>[39m
                          [0madmin[0m
                        [36m</option>[39m
                      [36m</select>[39m
                      [36m<button[39m
                        [33mdata-testid[39m=[32m"button-send-communication"[39m
                        [33mtype[39m=[32m"submit"[39m
                      [36m>[39m
                        [0mSend Communication[0m
                      [36m</button>[39m
                      [36m<div[39m
                        [33mdata-testid[39m=[32m"form-submitting"[39m
                        [33mstyle[39m=[32m"display: none;"[39m
                      [36m>[39m
                        [0mSubmitting...[0m
                      [36m</div>[39m
                      [36m<div[39m
                        [33mdata-testid[39m=[32m"title-required"[39m
                        [33mstyle[39m=[32m"display: none;"[39m
                      [36m>[39m
                        [0mTitle is required[0m
                      [36m</div>[39m
                      [36m<div[39m
                        [33mdata-testid[39m=[32m"content-required"[39m
                        [33mstyle[39m=[32m"display: none;"[39m
                      [36m>[39m
                        [0mContent is required[0m
                      [36m</div>[39m
                    [36m</form>[39m
                    [36m<form[39m
                      [33mdata-testid[39m=[32m"meeting-planning-form"[39m
                    [36m>[39m
                      [36m<input[39m
                        [33mdata-testid[39m=[32m"input-meeting-title"[39m
                        [33mplaceholder[39m=[32m"Meeting Title"[39m
                      [36m/>[39m
                      [36m<textarea[39m
                        [33mdata-testid[39m=[32m"textarea-meeting-description"[39m
                        [33mplaceholder[39m=[32m"Description"[39m
                      [36m/>[39m
                      [36m<input[39m
                        [33mdata-testid[39m=[32m"input-meeting-location"[39m
                        [33mplaceholder[39m=[32m"Location"[39m
                      [36m/>[39m
                      [36m<input[39m
                        [33mdata-testid[39m=[32m"input-meeting-date"[39m
                        [33mtype[39m=[32m"datetime-local"[39m
                      [36m/>[39m
                      [36m<input[39m
                        [33mdata-testid[39m=[32m"input-meeting-duration"[39m
                        [33mtype[39m=[32m"number"[39m
                        [33mvalue[39m=[32m"60"[39m
                      [36m/>[39m
                      [36m<select[39m
                        [33mdata-testid[39m=[32m"select-invited-roles"[39m
                      [36m>[39m
                        [36m<option[39m
                          [33mvalue[39m=[32m"all"[39m
                        [36m>[39m
                          [0mall[0m
                        [36m</option>[39m
                        [36m<option[39m
                          [33mvalue[39m=[32m"resident"[39m
                        [36m>[39m
                          [0mresident[0m
                        [36m</option>[39m
                        [36m<option[39m
                          [33mvalue[39m=[32m"manager"[39m
                        [36m>[39m
                          [0mmanager[0m
                        [36m</option>[39m
                        [36m<option[39m
                          [33mvalue[39m=[32m"admin"[39m
                        [36m>[39m
                          [0madmin[0m
                        [36m</option>[39m
                      [36m</select>[39m
                      [36m<button[39m
                        [33mdata-testid[39m=[32m"button-send-meeting-invite"[39m
                        [33mtype[39m=[32m"submit"[39m
                      [36m>[39m
                        [0mSend Meeting Invite[0m
                      [36m</button>[39m
                      [36m<div[39m
                        [33mdata-testid[39m=[32m"meeting-title-required"[39m
                        [33mstyle[39m=[32m"display: none;"[39m
                      [36m>[39m
                        [0mTitle is required[0m
                      [36m</div>[39m
                      [36m<div[39m
                        [33mdata-testid[39m=[32m"meeting-location-required"[39m
                        [33mstyle[39m=[32m"display: none;"[39m
                      [36m>[39m
                        [0mLocation is required[0m
                      [36m</div>[39m
                      [36m<div[39m
                        [33mdata-testid[39m=[32m"meeting-duration-required"[39m
                        [33mstyle[39m=[32m"display: none;"[39m
                      [36m>[39m
                        [0mDuration must be a positive number[0m
                      [36m</div>[39m
                    [36m</form>[39m
                  [36m</div>[39m
                [36m</div>[39m
              [36m</div>[39m
            [36m</div>[39m
          [36m</div>[39m
        [36m</div>[39m
      [36m</body>[39m
    [36m</html>[39m

      760 |
      761 |       await waitFor(() => {
    > 762 |         expect(mockApiRequest).toHaveBeenCalledWith('GET', '/api/organizations');
          |                                ^
      763 |       });
      764 |
      765 |       // Should display organization selector for multi-org users

      at tests/unit/communication/communication-page.test.tsx:762:32
      at runWithExpensiveErrorDiagnosticsDisabled (node_modules/@testing-library/dom/dist/config.js:47:12)
      at checkCallback (node_modules/@testing-library/dom/dist/wait-for.js:124:77)
      at checkRealTimersCallback (node_modules/@testing-library/dom/dist/wait-for.js:118:16)
      at Timeout.task [as _onTimeout] (node_modules/jsdom/lib/jsdom/browser/Window.js:579:19)

  ● Communication Page Test Suite › General Communication Form › should handle recipient role selection

    TestingLibraryElementError: Found multiple elements with the text: all

    Here are the matching elements:

    Ignored nodes: comments, script, style
    [36m<option[39m
      [33mvalue[39m=[32m"all"[39m
    [36m>[39m
      [0mall[0m
    [36m</option>[39m

    Ignored nodes: comments, script, style
    [36m<option[39m
      [33mvalue[39m=[32m"all"[39m
    [36m>[39m
      [0mall[0m
    [36m</option>[39m

    (If this is intentional, then use the `*AllBy*` variant of the query (like `queryAllByText`, `getAllByText`, or `findAllByText`)).

    Ignored nodes: comments, script, style
    [36m<body>[39m
      [36m<div>[39m
        [36m<div[39m
          [33mdata-testid[39m=[32m"router"[39m
        [36m>[39m
          [36m<div[39m
            [33mdata-testid[39m=[32m"language-provider"[39m
          [36m>[39m
            [36m<div[39m
              [33mdata-testid[39m=[32m"auth-provider"[39m
            [36m>[39m
              [36m<div[39m
                [33mdata-testid[39m=[32m"mobile-menu-provider"[39m
              [36m>[39m
                [36m<div[39m
                  [33mdata-testid[39m=[32m"communication-page"[39m
                [36m>[39m
                  [36m<div[39m
                    [33mdata-testid[39m=[32m"notification-preferences-panel"[39m
                  [36m>[39m
                    [36m<div[39m
                      [33mdata-testid[39m=[32m"preferences-loading"[39m
                    [36m>[39m
                      [0mLoading preferences...[0m
                    [36m</div>[39m
                    [36m<div[39m
                      [33mdata-testid[39m=[32m"bulk-frequency-select"[39m
                    [36m>[39m
                      [36m<select[39m
                        [33mdata-testid[39m=[32m"bulk-frequency-select"[39m
                      [36m>[39m
                        [36m<option[39m
                          [33mvalue[39m=[32m"immediate"[39m
                        [36m>[39m
                          [0mImmediate[0m
                        [36m</option>[39m
                        [36m<option[39m
                          [33mvalue[39m=[32m"weekly"[39m
                        [36m>[39m
                          [0mWeekly[0m
                        [36m</option>[39m
                        [36m<option[39m
                          [33mvalue[39m=[32m"monthly"[39m
                        [36m>[39m
                          [0mMonthly[0m
                        [36m</option>[39m
                      [36m</select>[39m
                    [36m</div>[39m
                    [36m<button[39m
                      [33mdata-testid[39m=[32m"apply-bulk-frequency"[39m
                    [36m>[39m
                      [0mApply Bulk[0m
                    [36m</button>[39m
                    [36m<button[39m
                      [33mdata-testid[39m=[32m"save-preferences"[39m
                    [36m>[39m
                      [0mSave Preferences[0m
                    [36m</button>[39m
                    [36m<button[39m
                      [33mdata-testid[39m=[32m"reset-preferences"[39m
                    [36m>[39m
                      [0mReset Preferences[0m
                    [36m</button>[39m
                    [36m<div[39m
                      [33mdata-testid[39m=[32m"preference-toggle-bill_reminder"[39m
                    [36m>[39m
                      [36m<input[39m
                        [33mchecked[39m=[32m""[39m
                        [33mtype[39m=[32m"checkbox"[39m
                      [36m/>[39m
                    [36m</div>[39m
                    [36m<div>[39m
                      [0mbill_reminder[0m
                    [36m</div>[39m
                    [36m<div>[39m
                      [0mmaintenance_update[0m
                    [36m</div>[39m
                    [36m<div>[39m
                      [0mannouncement[0m
                    [36m</div>[39m
                    [36m<div>[39m
                      [0memergency[0m
                    [36m</div>[39m
                    [36m<div>[39m
                      [0mmeeting_invite[0m
                    [36m</div>[39m
                    [36m<div>[39m
                      [0mpolicy_change[0m
                    [36m</div>[39m
                    [36m<div>[39m
                      [0mseasonal_reminder[0m
                    [36m</div>[39m
                    [36m<select>[39m
                      [36m<option[39m
                        [33mselected[39m=[32m""[39m
                        [33mvalue[39m=[32m"immediate"[39m
                      [36m>[39m
                        [0mimmediate[0m
                      [36m</option>[39m
                      [36m<option[39m
                        [33mvalue[39m=[32m"weekly"[39m
                      [36m>[39m
                        [0mweekly[0m
                      [36m</option>[39m
                      [36m<option[39m
                        [33mvalue[39m=[32m"monthly"[39m
                      [36m>[39m
                        [0mmonthly[0m
                      [36m</option>[39m
                      [36m<option[39m
                        [33mvalue[39m=[32m"quarterly"[39m
                      [36m>[39m
                        [0mquarterly[0m
                      [36m</option>[39m
                    [36m</select>[39m
                  [36m</div>[39m
                  [36m<form[39m
                    [33mdata-testid[39m=[32m"general-communication-form"[39m
                  [36m>[39m
                    [36m<input[39m
                      [33mdata-testid[39m=[32m"input-communication-title"[39m
                      [33mplaceholder[39m=[32m"Title"[39m
                    [36m/>[39m
                    [36m<textarea[39m
                      [33mdata-testid[39m=[32m"textarea-communication-content"[39m
                      [33mplaceholder[39m=[32m"Content"[39m
                    [36m/>[39m
                    [36m<select[39m
                      [33mdata-testid[39m=[32m"select-urgency-level"[39m
                    [36m>[39m
                      [36m<option[39m
                        [33mvalue[39m=[32m"low"[39m
                      [36m>[39m
                        [0mlow[0m
                      [36m</option>[39m
                      [36m<option[39m
                        [33mvalue[39m=[32m"medium"[39m
                      [36m>[39m
                        [0mmedium[0m
                      [36m</option>[39m
                      [36m<option[39m
                        [33mvalue[39m=[32m"high"[39m
                      [36m>[39m
                        [0mhigh[0m
                      [36m</option>[39m
                      [36m<option[39m
                        [33mvalue[39m=[32m"urgent"[39m
                      [36m>[39m
                        [0murgent[0m
                      [36m</option>[39m
                    [36m</select>[39m
                    [36m<select[39m
                      [33mdata-testid[39m=[32m"select-organization"[39m
                    [36m>[39m
                      [36m<option[39m
                        [33mvalue[39m=[32m"org1"[39m
                      [36m>[39m
                        [0mTest Organization 1[0m
                      [36m</option>[39m
                      [36m<option[39m
                        [33mvalue[39m=[32m"org2"[39m
                      [36m>[39m
                        [0mTest Organization 2[0m
                      [36m</option>[39m
                    [36m</select>[39m
                    [36m<select[39m
                      [33mdata-testid[39m=[32m"select-recipient-roles"[39m
                    [36m>[39m
                      [36m<option[39m
                        [33mvalue[39m=[32m"all"[39m
                      [36m>[39m
                        [0mall[0m
                      [36m</option>[39m
                      [36m<option[39m
                        [33mvalue[39m=[32m"resident"[39m
                      [36m>[39m
                        [0mresident[0m
                      [36m</option>[39m
                      [36m<option[39m
                        [33mvalue[39m=[32m"tenant"[39m
                      [36m>[39m
                        [0mtenant[0m
                      [36m</option>[39m
                      [36m<option[39m
                        [33mvalue[39m=[32m"manager"[39m
                      [36m>[39m
                        [0mmanager[0m
                      [36m</option>[39m
                      [36m<option[39m
                        [33mvalue[39m=[32m"admin"[39m
                      [36m>[39m
                        [0madmin[0m
                      [36m</option>[39m
                    [36m</select>[39m
                    [36m<button[39m
                      [33mdata-testid[39m=[32m"button-send-communication"[39m
                      [33mtype[39m=[32m"submit"[39m
                    [36m>[39m
                      [0mSend Communication[0m
                    [36m</button>[39m
                    [36m<div[39m
                      [33mdata-testid[39m=[32m"form-submitting"[39m
                      [33mstyle[39m=[32m"display: none;"[39m
                    [36m>[39m
                      [0mSubmitting...[0m
                    [36m</div>[39m
                    [36m<div[39m
                      [33mdata-testid[39m=[32m"title-required"[39m
                      [33mstyle[39m=[32m"display: none;"[39m
                    [36m>[39m
                      [0mTitle is required[0m
                    [36m</div>[39m
                    [36m<div[39m
                      [33mdata-testid[39m=[32m"content-required"[39m
                      [33mstyle[39m=[32m"display: none;"[39m
                    [36m>[39m
                      [0mContent is required[0m
                    [36m</div>[39m
                  [36m</form>[39m
                  [36m<form[39m
                    [33mdata-testid[39m=[32m"meeting-planning-form"[39m
                  [36m>[39m
                    [36m<input[39m
                      [33mdata-testid[39m=[32m"input-meeting-title"[39m
                      [33mplaceholder[39m=[32m"Meeting Title"[39m
                    [36m/>[39m
                    [36m<textarea[39m
                      [33mdata-testid[39m=[32m"textarea-meeting-description"[39m
                      [33mplaceholder[39m=[32m"Description"[39m
                    [36m/>[39m
                    [36m<input[39m
                      [33mdata-testid[39m=[32m"input-meeting-location"[39m
                      [33mplaceholder[39m=[32m"Location"[39m
                    [36m/>[39m
                    [36m<input[39m
                      [33mdata-testid[39m=[32m"input-meeting-date"[39m
                      [33mtype[39m=[32m"datetime-local"[39m
                    [36m/>[39m
                    [36m<input[39m
                      [33mdata-testid[39m=[32m"input-meeting-duration"[39m
                      [33mtype[39m=[32m"number"[39m
                      [33mvalue[39m=[32m"60"[39m
                    [36m/>[39m
                    [36m<select[39m
                      [33mdata-testid[39m=[32m"select-invited-roles"[39m
                    [36m>[39m
                      [36m<option[39m
                        [33mvalue[39m=[32m"all"[39m
                      [36m>[39m
                        [0mall[0m
                      [36m</option>[39m
                      [36m<option[39m
                        [33mvalue[39m=[32m"resident"[39m
                      [36m>[39m
                        [0mresident[0m
                      [36m</option>[39m
                      [36m<option[39m
                        [33mvalue[39m=[32m"manager"[39m
                      [36m>[39m
                        [0mmanager[0m
                      [36m</option>[39m
                      [36m<option[39m
                        [33mvalue[39m=[32m"admin"[39m
                      [36m>[39m
                        [0madmin[0m
                      [36m</option>[39m
                    [36m</select>[39m
                    [36m<button[39m
                      [33mdata-testid[39m=[32m"button-send-meeting-invite"[39m
                      [33mtype[39m=[32m"submit"[39m
                    [36m>[39m
                      [0mSend Meeting Invite[0m
                    [36m</button>[39m
                    [36m<div[39m
                      [33mdata-testid[39m=[32m"meeting-title-required"[39m
                      [33mstyle[39m=[32m"display: none;"[39m
                    [36m>[39m
                      [0mTitle is required[0m
                    [36m</div>[39m
                    [36m<div[39m
                      [33mdata-testid[39m=[32m"meeting-location-required"[39m
                      [33mstyle[39m=[32m"display: none;"[39m
                    [36m>[39m
                      [0mLocation is required[0m
                    [36m</div>[39m
                    [36m<div[39m
                      [33mdata-testid[39m=[32m"meeting-duration-required"[39m
                      [33mstyle[39m=[32m"display: none;"[39m
                    [36m>[39m
                      [0mDuration must be a positive number[0m
                    [36m</div>[39m
                  [36m</form>[39m
                [36m</div>[39m
              [36m</div>[39m
            [36m</div>[39m
          [36m</div>[39m
        [36m</div>[39m
      [36m</div>[39m
    [36m</body>[39m

      778 |       await userEvent.click(recipientSelect);
      779 |
    > 780 |       expect(screen.getByText('all')).toBeInTheDocument();
          |                     ^
      781 |       expect(screen.getByText('resident')).toBeInTheDocument();
      782 |       expect(screen.getByText('tenant')).toBeInTheDocument();
      783 |       expect(screen.getByText('manager')).toBeInTheDocument();

      at Object.getElementError (node_modules/@testing-library/dom/dist/config.js:37:19)
      at getElementError (node_modules/@testing-library/dom/dist/query-helpers.js:20:35)
      at getMultipleElementsFoundError (node_modules/@testing-library/dom/dist/query-helpers.js:23:10)
      at node_modules/@testing-library/dom/dist/query-helpers.js:55:13
      at node_modules/@testing-library/dom/dist/query-helpers.js:95:19
      at Object.<anonymous> (tests/unit/communication/communication-page.test.tsx:780:21)

  ● Communication Page Test Suite › Meeting Planning Form › should submit meeting invitation with correct data

    expect(jest.fn()).toHaveBeenCalledWith(...expected)

    Expected: "POST", "/api/communication/meetings", ObjectContaining {"createdBy": "123e4567-e89b-12d3-a456-426614174000", "description": "Monthly board meeting discussion", "duration": 120, "location": "Conference Room A", "organizationId": "123e4567-e89b-12d3-a456-426614174001", "title": "Board Meeting"}
    Received: "POST", "/api/communication/meetings"

    Number of calls: 1

    Ignored nodes: comments, script, style
    [36m<html>[39m
      [36m<head />[39m
      [36m<body>[39m
        [36m<div>[39m
          [36m<div[39m
            [33mdata-testid[39m=[32m"router"[39m
          [36m>[39m
            [36m<div[39m
              [33mdata-testid[39m=[32m"language-provider"[39m
            [36m>[39m
              [36m<div[39m
                [33mdata-testid[39m=[32m"auth-provider"[39m
              [36m>[39m
                [36m<div[39m
                  [33mdata-testid[39m=[32m"mobile-menu-provider"[39m
                [36m>[39m
                  [36m<div[39m
                    [33mdata-testid[39m=[32m"communication-page"[39m
                  [36m>[39m
                    [36m<div[39m
                      [33mdata-testid[39m=[32m"notification-preferences-panel"[39m
                    [36m>[39m
                      [36m<div[39m
                        [33mdata-testid[39m=[32m"preferences-loading"[39m
                      [36m>[39m
                        [0mLoading preferences...[0m
                      [36m</div>[39m
                      [36m<div[39m
                        [33mdata-testid[39m=[32m"bulk-frequency-select"[39m
                      [36m>[39m
                        [36m<select[39m
                          [33mdata-testid[39m=[32m"bulk-frequency-select"[39m
                        [36m>[39m
                          [36m<option[39m
                            [33mvalue[39m=[32m"immediate"[39m
                          [36m>[39m
                            [0mImmediate[0m
                          [36m</option>[39m
                          [36m<option[39m
                            [33mvalue[39m=[32m"weekly"[39m
                          [36m>[39m
                            [0mWeekly[0m
                          [36m</option>[39m
                          [36m<option[39m
                            [33mvalue[39m=[32m"monthly"[39m
                          [36m>[39m
                            [0mMonthly[0m
                          [36m</option>[39m
                        [36m</select>[39m
                      [36m</div>[39m
                      [36m<button[39m
                        [33mdata-testid[39m=[32m"apply-bulk-frequency"[39m
                      [36m>[39m
                        [0mApply Bulk[0m
                      [36m</button>[39m
                      [36m<button[39m
                        [33mdata-testid[39m=[32m"save-preferences"[39m
                      [36m>[39m
                        [0mSave Preferences[0m
                      [36m</button>[39m
                      [36m<button[39m
                        [33mdata-testid[39m=[32m"reset-preferences"[39m
                      [36m>[39m
                        [0mReset Preferences[0m
                      [36m</button>[39m
                      [36m<div[39m
                        [33mdata-testid[39m=[32m"preference-toggle-bill_reminder"[39m
                      [36m>[39m
                        [36m<input[39m
                          [33mchecked[39m=[32m""[39m
                          [33mtype[39m=[32m"checkbox"[39m
                        [36m/>[39m
                      [36m</div>[39m
                      [36m<div>[39m
                        [0mbill_reminder[0m
                      [36m</div>[39m
                      [36m<div>[39m
                        [0mmaintenance_update[0m
                      [36m</div>[39m
                      [36m<div>[39m
                        [0mannouncement[0m
                      [36m</div>[39m
                      [36m<div>[39m
                        [0memergency[0m
                      [36m</div>[39m
                      [36m<div>[39m
                        [0mmeeting_invite[0m
                      [36m</div>[39m
                      [36m<div>[39m
                        [0mpolicy_change[0m
                      [36m</div>[39m
                      [36m<div>[39m
                        [0mseasonal_reminder[0m
                      [36m</div>[39m
                      [36m<select>[39m
                        [36m<option[39m
                          [33mselected[39m=[32m""[39m
                          [33mvalue[39m=[32m"immediate"[39m
                        [36m>[39m
                          [0mimmediate[0m
                        [36m</option>[39m
                        [36m<option[39m
                          [33mvalue[39m=[32m"weekly"[39m
                        [36m>[39m
                          [0mweekly[0m
                        [36m</option>[39m
                        [36m<option[39m
                          [33mvalue[39m=[32m"monthly"[39m
                        [36m>[39m
                          [0mmonthly[0m
                        [36m</option>[39m
                        [36m<option[39m
                          [33mvalue[39m=[32m"quarterly"[39m
                        [36m>[39m
                          [0mquarterly[0m
                        [36m</option>[39m
                      [36m</select>[39m
                    [36m</div>[39m
                    [36m<form[39m
                      [33mdata-testid[39m=[32m"general-communication-form"[39m
                    [36m>[39m
                      [36m<input[39m
                        [33mdata-testid[39m=[32m"input-communication-title"[39m
                        [33mplaceholder[39m=[32m"Title"[39m
                      [36m/>[39m
                      [36m<textarea[39m
                        [33mdata-testid[39m=[32m"textarea-communication-content"[39m
                        [33mplaceholder[39m=[32m"Content"[39m
                      [36m/>[39m
                      [36m<select[39m
                        [33mdata-testid[39m=[32m"select-urgency-level"[39m
                      [36m>[39m
                        [36m<option[39m
                          [33mvalue[39m=[32m"low"[39m
                        [36m>[39m
                          [0mlow[0m
                        [36m</option>[39m
                        [36m<option[39m
                          [33mvalue[39m=[32m"medium"[39m
                        [36m>[39m
                          [0mmedium[0m
                        [36m</option>[39m
                        [36m<option[39m
                          [33mvalue[39m=[32m"high"[39m
                        [36m>[39m
                          [0mhigh[0m
                        [36m</option>[39m
                        [36m<option[39m
                          [33mvalue[39m=[32m"urgent"[39m
                        [36m>[39m
                          [0murgent[0m
                        [36m</option>[39m
                      [36m</select>[39m
                      [36m<select[39m
                        [33mdata-testid[39m=[32m"select-organization"[39m
                      [36m>[39m
                        [36m<option[39m
                          [33mvalue[39m=[32m"org1"[39m
                        [36m>[39m
                          [0mTest Organization 1[0m
                        [36m</option>[39m
                        [36m<option[39m
                          [33mvalue[39m=[32m"org2"[39m
                        [36m>[39m
                          [0mTest Organization 2[0m
                        [36m</option>[39m
                      [36m</select>[39m
                      [36m<select[39m
                        [33mdata-testid[39m=[32m"select-recipient-roles"[39m
                      [36m>[39m
                        [36m<option[39m
                          [33mvalue[39m=[32m"all"[39m
                        [36m>[39m
                          [0mall[0m
                        [36m</option>[39m
                        [36m<option[39m
                          [33mvalue[39m=[32m"resident"[39m
                        [36m>[39m
                          [0mresident[0m
                        [36m</option>[39m
                        [36m<option[39m
                          [33mvalue[39m=[32m"tenant"[39m
                        [36m>[39m
                          [0mtenant[0m
                        [36m</option>[39m
                        [36m<option[39m
                          [33mvalue[39m=[32m"manager"[39m
                        [36m>[39m
                          [0mmanager[0m
                        [36m</option>[39m
                        [36m<option[39m
                          [33mvalue[39m=[32m"admin"[39m
                        [36m>[39m
                          [0madmin[0m
                        [36m</option>[39m
                      [36m</select>[39m
                      [36m<button[39m
                        [33mdata-testid[39m=[32m"button-send-communication"[39m
                        [33mtype[39m=[32m"submit"[39m
                      [36m>[39m
                        [0mSend Communication[0m
                      [36m</button>[39m
                      [36m<div[39m
                        [33mdata-testid[39m=[32m"form-submitting"[39m
                        [33mstyle[39m=[32m"display: none;"[39m
                      [36m>[39m
                        [0mSubmitting...[0m
                      [36m</div>[39m
                      [36m<div[39m
                        [33mdata-testid[39m=[32m"title-required"[39m
                        [33mstyle[39m=[32m"display: none;"[39m
                      [36m>[39m
                        [0mTitle is required[0m
                      [36m</div>[39m
                      [36m<div[39m
                        [33mdata-testid[39m=[32m"content-required"[39m
                        [33mstyle[39m=[32m"display: none;"[39m
                      [36m>[39m
                        [0mContent is required[0m
                      [36m</div>[39m
                    [36m</form>[39m
                    [36m<form[39m
                      [33mdata-testid[39m=[32m"meeting-planning-form"[39m
                    [36m>[39m
                      [36m<input[39m
                        [33mdata-testid[39m=[32m"input-meeting-title"[39m
                        [33mplaceholder[39m=[32m"Meeting Title"[39m
                      [36m/>[39m
                      [36m<textarea[39m
                        [33mdata-testid[39m=[32m"textarea-meeting-description"[39m
                        [33mplaceholder[39m=[32m"Description"[39m
                      [36m/>[39m
                      [36m<input[39m
                        [33mdata-testid[39m=[32m"input-meeting-location"[39m
                        [33mplaceholder[39m=[32m"Location"[39m
                      [36m/>[39m
                      [36m<input[39m
                        [33mdata-testid[39m=[32m"input-meeting-date"[39m
                        [33mtype[39m=[32m"datetime-local"[39m
                      [36m/>[39m
                      [36m<input[39m
                        [33mdata-testid[39m=[32m"input-meeting-duration"[39m
                        [33mtype[39m=[32m"number"[39m
                        [33mvalue[39m=[32m"60"[39m
                      [36m/>[39m
                      [36m<select[39m
                        [33mdata-testid[39m=[32m"select-invited-roles"[39m
                      [36m>[39m
                        [36m<option[39m
                          [33mvalue[39m=[32m"all"[39m
                        [36m>[39m
                          [0mall[0m
                        [36m</option>[39m
                        [36m<option[39m
                          [33mvalue[39m=[32m"resident"[39m
                        [36m>[39m
                          [0mresident[0m
                        [36m</option>[39m
                        [36m<option[39m
                          [33mvalue[39m=[32m"manager"[39m
                        [36m>[39m
                          [0mmanager[0m
                        [36m</option>[39m
                        [36m<option[39m
                          [33mvalue[39m=[32m"admin"[39m
                        [36m>[39m
                          [0madmin[0m
                        [36m</option>[39m
                      [36m</select>[39m
                      [36m<button[39m
                        [33mdata-testid[39m=[32m"button-send-meeting-invite"[39m
                        [33mtype[39m=[32m"submit"[39m
                      [36m>[39m
                        [0mSend Meeting Invite[0m
                      [36m</button>[39m
                      [36m<div[39m
                        [33mdata-testid[39m=[32m"meeting-title-required"[39m
                        [33mstyle[39m=[32m"display: none;"[39m
                      [36m>[39m
                        [0mTitle is required[0m
                      [36m</div>[39m
                      [36m<div[39m
                        [33mdata-testid[39m=[32m"meeting-location-required"[39m
                        [33mstyle[39m=[32m"display: none;"[39m
                      [36m>[39m
                        [0mLocation is required[0m
                      [36m</div>[39m
                      [36m<div[39m
                        [33mdata-testid[39m=[32m"meeting-duration-required"[39m
                        [33mstyle[39m=[32m"display: none;"[39m
                      [36m>[39m
                        [0mDuration must be a positive number[0m
                      [36m</div>[39m
                    [36m</form>[39m
                  [36m</div>[39m
                [36m</div>[39m
              [36m</div>[39m
            [36m</div>[39m
          [36m</div>[39m
        [36m</div>[39m
      [36m</body>[39m
    [36m</html>[39m

      887 |
      888 |       await waitFor(() => {
    > 889 |         expect(mockApiRequest).toHaveBeenCalledWith(
          |                                ^
      890 |           'POST',
      891 |           '/api/communication/meetings',
      892 |           expect.objectContaining({

      at tests/unit/communication/communication-page.test.tsx:889:32
      at runWithExpensiveErrorDiagnosticsDisabled (node_modules/@testing-library/dom/dist/config.js:47:12)
      at checkCallback (node_modules/@testing-library/dom/dist/wait-for.js:124:77)
      at checkRealTimersCallback (node_modules/@testing-library/dom/dist/wait-for.js:118:16)
      at Timeout.task [as _onTimeout] (node_modules/jsdom/lib/jsdom/browser/Window.js:579:19)

  ● Communication Page Test Suite › Meeting Planning Form › should handle invited roles selection for meetings

    TestingLibraryElementError: Found multiple elements with the text: all

    Here are the matching elements:

    Ignored nodes: comments, script, style
    [36m<option[39m
      [33mvalue[39m=[32m"all"[39m
    [36m>[39m
      [0mall[0m
    [36m</option>[39m

    Ignored nodes: comments, script, style
    [36m<option[39m
      [33mvalue[39m=[32m"all"[39m
    [36m>[39m
      [0mall[0m
    [36m</option>[39m

    (If this is intentional, then use the `*AllBy*` variant of the query (like `queryAllByText`, `getAllByText`, or `findAllByText`)).

    Ignored nodes: comments, script, style
    [36m<body>[39m
      [36m<div>[39m
        [36m<div[39m
          [33mdata-testid[39m=[32m"router"[39m
        [36m>[39m
          [36m<div[39m
            [33mdata-testid[39m=[32m"language-provider"[39m
          [36m>[39m
            [36m<div[39m
              [33mdata-testid[39m=[32m"auth-provider"[39m
            [36m>[39m
              [36m<div[39m
                [33mdata-testid[39m=[32m"mobile-menu-provider"[39m
              [36m>[39m
                [36m<div[39m
                  [33mdata-testid[39m=[32m"communication-page"[39m
                [36m>[39m
                  [36m<div[39m
                    [33mdata-testid[39m=[32m"notification-preferences-panel"[39m
                  [36m>[39m
                    [36m<div[39m
                      [33mdata-testid[39m=[32m"preferences-loading"[39m
                    [36m>[39m
                      [0mLoading preferences...[0m
                    [36m</div>[39m
                    [36m<div[39m
                      [33mdata-testid[39m=[32m"bulk-frequency-select"[39m
                    [36m>[39m
                      [36m<select[39m
                        [33mdata-testid[39m=[32m"bulk-frequency-select"[39m
                      [36m>[39m
                        [36m<option[39m
                          [33mvalue[39m=[32m"immediate"[39m
                        [36m>[39m
                          [0mImmediate[0m
                        [36m</option>[39m
                        [36m<option[39m
                          [33mvalue[39m=[32m"weekly"[39m
                        [36m>[39m
                          [0mWeekly[0m
                        [36m</option>[39m
                        [36m<option[39m
                          [33mvalue[39m=[32m"monthly"[39m
                        [36m>[39m
                          [0mMonthly[0m
                        [36m</option>[39m
                      [36m</select>[39m
                    [36m</div>[39m
                    [36m<button[39m
                      [33mdata-testid[39m=[32m"apply-bulk-frequency"[39m
                    [36m>[39m
                      [0mApply Bulk[0m
                    [36m</button>[39m
                    [36m<button[39m
                      [33mdata-testid[39m=[32m"save-preferences"[39m
                    [36m>[39m
                      [0mSave Preferences[0m
                    [36m</button>[39m
                    [36m<button[39m
                      [33mdata-testid[39m=[32m"reset-preferences"[39m
                    [36m>[39m
                      [0mReset Preferences[0m
                    [36m</button>[39m
                    [36m<div[39m
                      [33mdata-testid[39m=[32m"preference-toggle-bill_reminder"[39m
                    [36m>[39m
                      [36m<input[39m
                        [33mchecked[39m=[32m""[39m
                        [33mtype[39m=[32m"checkbox"[39m
                      [36m/>[39m
                    [36m</div>[39m
                    [36m<div>[39m
                      [0mbill_reminder[0m
                    [36m</div>[39m
                    [36m<div>[39m
                      [0mmaintenance_update[0m
                    [36m</div>[39m
                    [36m<div>[39m
                      [0mannouncement[0m
                    [36m</div>[39m
                    [36m<div>[39m
                      [0memergency[0m
                    [36m</div>[39m
                    [36m<div>[39m
                      [0mmeeting_invite[0m
                    [36m</div>[39m
                    [36m<div>[39m
                      [0mpolicy_change[0m
                    [36m</div>[39m
                    [36m<div>[39m
                      [0mseasonal_reminder[0m
                    [36m</div>[39m
                    [36m<select>[39m
                      [36m<option[39m
                        [33mselected[39m=[32m""[39m
                        [33mvalue[39m=[32m"immediate"[39m
                      [36m>[39m
                        [0mimmediate[0m
                      [36m</option>[39m
                      [36m<option[39m
                        [33mvalue[39m=[32m"weekly"[39m
                      [36m>[39m
                        [0mweekly[0m
                      [36m</option>[39m
                      [36m<option[39m
                        [33mvalue[39m=[32m"monthly"[39m
                      [36m>[39m
                        [0mmonthly[0m
                      [36m</option>[39m
                      [36m<option[39m
                        [33mvalue[39m=[32m"quarterly"[39m
                      [36m>[39m
                        [0mquarterly[0m
                      [36m</option>[39m
                    [36m</select>[39m
                  [36m</div>[39m
                  [36m<form[39m
                    [33mdata-testid[39m=[32m"general-communication-form"[39m
                  [36m>[39m
                    [36m<input[39m
                      [33mdata-testid[39m=[32m"input-communication-title"[39m
                      [33mplaceholder[39m=[32m"Title"[39m
                    [36m/>[39m
                    [36m<textarea[39m
                      [33mdata-testid[39m=[32m"textarea-communication-content"[39m
                      [33mplaceholder[39m=[32m"Content"[39m
                    [36m/>[39m
                    [36m<select[39m
                      [33mdata-testid[39m=[32m"select-urgency-level"[39m
                    [36m>[39m
                      [36m<option[39m
                        [33mvalue[39m=[32m"low"[39m
                      [36m>[39m
                        [0mlow[0m
                      [36m</option>[39m
                      [36m<option[39m
                        [33mvalue[39m=[32m"medium"[39m
                      [36m>[39m
                        [0mmedium[0m
                      [36m</option>[39m
                      [36m<option[39m
                        [33mvalue[39m=[32m"high"[39m
                      [36m>[39m
                        [0mhigh[0m
                      [36m</option>[39m
                      [36m<option[39m
                        [33mvalue[39m=[32m"urgent"[39m
                      [36m>[39m
                        [0murgent[0m
                      [36m</option>[39m
                    [36m</select>[39m
                    [36m<select[39m
                      [33mdata-testid[39m=[32m"select-organization"[39m
                    [36m>[39m
                      [36m<option[39m
                        [33mvalue[39m=[32m"org1"[39m
                      [36m>[39m
                        [0mTest Organization 1[0m
                      [36m</option>[39m
                      [36m<option[39m
                        [33mvalue[39m=[32m"org2"[39m
                      [36m>[39m
                        [0mTest Organization 2[0m
                      [36m</option>[39m
                    [36m</select>[39m
                    [36m<select[39m
                      [33mdata-testid[39m=[32m"select-recipient-roles"[39m
                    [36m>[39m
                      [36m<option[39m
                        [33mvalue[39m=[32m"all"[39m
                      [36m>[39m
                        [0mall[0m
                      [36m</option>[39m
                      [36m<option[39m
                        [33mvalue[39m=[32m"resident"[39m
                      [36m>[39m
                        [0mresident[0m
                      [36m</option>[39m
                      [36m<option[39m
                        [33mvalue[39m=[32m"tenant"[39m
                      [36m>[39m
                        [0mtenant[0m
                      [36m</option>[39m
                      [36m<option[39m
                        [33mvalue[39m=[32m"manager"[39m
                      [36m>[39m
                        [0mmanager[0m
                      [36m</option>[39m
                      [36m<option[39m
                        [33mvalue[39m=[32m"admin"[39m
                      [36m>[39m
                        [0madmin[0m
                      [36m</option>[39m
                    [36m</select>[39m
                    [36m<button[39m
                      [33mdata-testid[39m=[32m"button-send-communication"[39m
                      [33mtype[39m=[32m"submit"[39m
                    [36m>[39m
                      [0mSend Communication[0m
                    [36m</button>[39m
                    [36m<div[39m
                      [33mdata-testid[39m=[32m"form-submitting"[39m
                      [33mstyle[39m=[32m"display: none;"[39m
                    [36m>[39m
                      [0mSubmitting...[0m
                    [36m</div>[39m
                    [36m<div[39m
                      [33mdata-testid[39m=[32m"title-required"[39m
                      [33mstyle[39m=[32m"display: none;"[39m
                    [36m>[39m
                      [0mTitle is required[0m
                    [36m</div>[39m
                    [36m<div[39m
                      [33mdata-testid[39m=[32m"content-required"[39m
                      [33mstyle[39m=[32m"display: none;"[39m
                    [36m>[39m
                      [0mContent is required[0m
                    [36m</div>[39m
                  [36m</form>[39m
                  [36m<form[39m
                    [33mdata-testid[39m=[32m"meeting-planning-form"[39m
                  [36m>[39m
                    [36m<input[39m
                      [33mdata-testid[39m=[32m"input-meeting-title"[39m
                      [33mplaceholder[39m=[32m"Meeting Title"[39m
                    [36m/>[39m
                    [36m<textarea[39m
                      [33mdata-testid[39m=[32m"textarea-meeting-description"[39m
                      [33mplaceholder[39m=[32m"Description"[39m
                    [36m/>[39m
                    [36m<input[39m
                      [33mdata-testid[39m=[32m"input-meeting-location"[39m
                      [33mplaceholder[39m=[32m"Location"[39m
                    [36m/>[39m
                    [36m<input[39m
                      [33mdata-testid[39m=[32m"input-meeting-date"[39m
                      [33mtype[39m=[32m"datetime-local"[39m
                    [36m/>[39m
                    [36m<input[39m
                      [33mdata-testid[39m=[32m"input-meeting-duration"[39m
                      [33mtype[39m=[32m"number"[39m
                      [33mvalue[39m=[32m"60"[39m
                    [36m/>[39m
                    [36m<select[39m
                      [33mdata-testid[39m=[32m"select-invited-roles"[39m
                    [36m>[39m
                      [36m<option[39m
                        [33mvalue[39m=[32m"all"[39m
                      [36m>[39m
                        [0mall[0m
                      [36m</option>[39m
                      [36m<option[39m
                        [33mvalue[39m=[32m"resident"[39m
                      [36m>[39m
                        [0mresident[0m
                      [36m</option>[39m
                      [36m<option[39m
                        [33mvalue[39m=[32m"manager"[39m
                      [36m>[39m
                        [0mmanager[0m
                      [36m</option>[39m
                      [36m<option[39m
                        [33mvalue[39m=[32m"admin"[39m
                      [36m>[39m
                        [0madmin[0m
                      [36m</option>[39m
                    [36m</select>[39m
                    [36m<button[39m
                      [33mdata-testid[39m=[32m"button-send-meeting-invite"[39m
                      [33mtype[39m=[32m"submit"[39m
                    [36m>[39m
                      [0mSend Meeting Invite[0m
                    [36m</button>[39m
                    [36m<div[39m
                      [33mdata-testid[39m=[32m"meeting-title-required"[39m
                      [33mstyle[39m=[32m"display: none;"[39m
                    [36m>[39m
                      [0mTitle is required[0m
                    [36m</div>[39m
                    [36m<div[39m
                      [33mdata-testid[39m=[32m"meeting-location-required"[39m
                      [33mstyle[39m=[32m"display: none;"[39m
                    [36m>[39m
                      [0mLocation is required[0m
                    [36m</div>[39m
                    [36m<div[39m
                      [33mdata-testid[39m=[32m"meeting-duration-required"[39m
                      [33mstyle[39m=[32m"display: none;"[39m
                    [36m>[39m
                      [0mDuration must be a positive number[0m
                    [36m</div>[39m
                  [36m</form>[39m
                [36m</div>[39m
              [36m</div>[39m
            [36m</div>[39m
          [36m</div>[39m
        [36m</div>[39m
      [36m</div>[39m
    [36m</body>[39m

      913 |       await userEvent.click(invitedRolesSelect);
      914 |
    > 915 |       expect(screen.getByText('all')).toBeInTheDocument();
          |                     ^
      916 |       expect(screen.getByText('resident')).toBeInTheDocument();
      917 |       expect(screen.getByText('manager')).toBeInTheDocument();
      918 |       expect(screen.getByText('admin')).toBeInTheDocument();

      at Object.getElementError (node_modules/@testing-library/dom/dist/config.js:37:19)
      at getElementError (node_modules/@testing-library/dom/dist/query-helpers.js:20:35)
      at getMultipleElementsFoundError (node_modules/@testing-library/dom/dist/query-helpers.js:23:10)
      at node_modules/@testing-library/dom/dist/query-helpers.js:55:13
      at node_modules/@testing-library/dom/dist/query-helpers.js:95:19
      at Object.<anonymous> (tests/unit/communication/communication-page.test.tsx:915:21)

  ● Communication Page Test Suite › Loading States and Error Handling › should handle network errors gracefully

    expect(jest.fn()).toHaveBeenCalledWith(...expected)

    Expected: ObjectContaining {"title": StringContaining "error", "variant": "destructive"}

    Number of calls: 0

    Ignored nodes: comments, script, style
    [36m<html>[39m
      [36m<head />[39m
      [36m<body>[39m
        [36m<div>[39m
          [36m<div[39m
            [33mdata-testid[39m=[32m"router"[39m
          [36m>[39m
            [36m<div[39m
              [33mdata-testid[39m=[32m"language-provider"[39m
            [36m>[39m
              [36m<div[39m
                [33mdata-testid[39m=[32m"auth-provider"[39m
              [36m>[39m
                [36m<div[39m
                  [33mdata-testid[39m=[32m"mobile-menu-provider"[39m
                [36m>[39m
                  [36m<div[39m
                    [33mdata-testid[39m=[32m"communication-page"[39m
                  [36m>[39m
                    [36m<div[39m
                      [33mdata-testid[39m=[32m"notification-preferences-panel"[39m
                    [36m>[39m
                      [36m<div[39m
                        [33mdata-testid[39m=[32m"preferences-loading"[39m
                      [36m>[39m
                        [0mLoading preferences...[0m
                      [36m</div>[39m
                      [36m<div[39m
                        [33mdata-testid[39m=[32m"bulk-frequency-select"[39m
                      [36m>[39m
                        [36m<select[39m
                          [33mdata-testid[39m=[32m"bulk-frequency-select"[39m
                        [36m>[39m
                          [36m<option[39m
                            [33mvalue[39m=[32m"immediate"[39m
                          [36m>[39m
                            [0mImmediate[0m
                          [36m</option>[39m
                          [36m<option[39m
                            [33mvalue[39m=[32m"weekly"[39m
                          [36m>[39m
                            [0mWeekly[0m
                          [36m</option>[39m
                          [36m<option[39m
                            [33mvalue[39m=[32m"monthly"[39m
                          [36m>[39m
                            [0mMonthly[0m
                          [36m</option>[39m
                        [36m</select>[39m
                      [36m</div>[39m
                      [36m<button[39m
                        [33mdata-testid[39m=[32m"apply-bulk-frequency"[39m
                      [36m>[39m
                        [0mApply Bulk[0m
                      [36m</button>[39m
                      [36m<button[39m
                        [33mdata-testid[39m=[32m"save-preferences"[39m
                      [36m>[39m
                        [0mSave Preferences[0m
                      [36m</button>[39m
                      [36m<button[39m
                        [33mdata-testid[39m=[32m"reset-preferences"[39m
                      [36m>[39m
                        [0mReset Preferences[0m
                      [36m</button>[39m
                      [36m<div[39m
                        [33mdata-testid[39m=[32m"preference-toggle-bill_reminder"[39m
                      [36m>[39m
                        [36m<input[39m
                          [33mchecked[39m=[32m""[39m
                          [33mtype[39m=[32m"checkbox"[39m
                        [36m/>[39m
                      [36m</div>[39m
                      [36m<div>[39m
                        [0mbill_reminder[0m
                      [36m</div>[39m
                      [36m<div>[39m
                        [0mmaintenance_update[0m
                      [36m</div>[39m
                      [36m<div>[39m
                        [0mannouncement[0m
                      [36m</div>[39m
                      [36m<div>[39m
                        [0memergency[0m
                      [36m</div>[39m
                      [36m<div>[39m
                        [0mmeeting_invite[0m
                      [36m</div>[39m
                      [36m<div>[39m
                        [0mpolicy_change[0m
                      [36m</div>[39m
                      [36m<div>[39m
                        [0mseasonal_reminder[0m
                      [36m</div>[39m
                      [36m<select>[39m
                        [36m<option[39m
                          [33mselected[39m=[32m""[39m
                          [33mvalue[39m=[32m"immediate"[39m
                        [36m>[39m
                          [0mimmediate[0m
                        [36m</option>[39m
                        [36m<option[39m
                          [33mvalue[39m=[32m"weekly"[39m
                        [36m>[39m
                          [0mweekly[0m
                        [36m</option>[39m
                        [36m<option[39m
                          [33mvalue[39m=[32m"monthly"[39m
                        [36m>[39m
                          [0mmonthly[0m
                        [36m</option>[39m
                        [36m<option[39m
                          [33mvalue[39m=[32m"quarterly"[39m
                        [36m>[39m
                          [0mquarterly[0m
                        [36m</option>[39m
                      [36m</select>[39m
                    [36m</div>[39m
                    [36m<form[39m
                      [33mdata-testid[39m=[32m"general-communication-form"[39m
                    [36m>[39m
                      [36m<input[39m
                        [33mdata-testid[39m=[32m"input-communication-title"[39m
                        [33mplaceholder[39m=[32m"Title"[39m
                      [36m/>[39m
                      [36m<textarea[39m
                        [33mdata-testid[39m=[32m"textarea-communication-content"[39m
                        [33mplaceholder[39m=[32m"Content"[39m
                      [36m/>[39m
                      [36m<select[39m
                        [33mdata-testid[39m=[32m"select-urgency-level"[39m
                      [36m>[39m
                        [36m<option[39m
                          [33mvalue[39m=[32m"low"[39m
                        [36m>[39m
                          [0mlow[0m
                        [36m</option>[39m
                        [36m<option[39m
                          [33mvalue[39m=[32m"medium"[39m
                        [36m>[39m
                          [0mmedium[0m
                        [36m</option>[39m
                        [36m<option[39m
                          [33mvalue[39m=[32m"high"[39m
                        [36m>[39m
                          [0mhigh[0m
                        [36m</option>[39m
                        [36m<option[39m
                          [33mvalue[39m=[32m"urgent"[39m
                        [36m>[39m
                          [0murgent[0m
                        [36m</option>[39m
                      [36m</select>[39m
                      [36m<select[39m
                        [33mdata-testid[39m=[32m"select-organization"[39m
                      [36m>[39m
                        [36m<option[39m
                          [33mvalue[39m=[32m"org1"[39m
                        [36m>[39m
                          [0mTest Organization 1[0m
                        [36m</option>[39m
                        [36m<option[39m
                          [33mvalue[39m=[32m"org2"[39m
                        [36m>[39m
                          [0mTest Organization 2[0m
                        [36m</option>[39m
                      [36m</select>[39m
                      [36m<select[39m
                        [33mdata-testid[39m=[32m"select-recipient-roles"[39m
                      [36m>[39m
                        [36m<option[39m
                          [33mvalue[39m=[32m"all"[39m
                        [36m>[39m
                          [0mall[0m
                        [36m</option>[39m
                        [36m<option[39m
                          [33mvalue[39m=[32m"resident"[39m
                        [36m>[39m
                          [0mresident[0m
                        [36m</option>[39m
                        [36m<option[39m
                          [33mvalue[39m=[32m"tenant"[39m
                        [36m>[39m
                          [0mtenant[0m
                        [36m</option>[39m
                        [36m<option[39m
                          [33mvalue[39m=[32m"manager"[39m
                        [36m>[39m
                          [0mmanager[0m
                        [36m</option>[39m
                        [36m<option[39m
                          [33mvalue[39m=[32m"admin"[39m
                        [36m>[39m
                          [0madmin[0m
                        [36m</option>[39m
                      [36m</select>[39m
                      [36m<button[39m
                        [33mdata-testid[39m=[32m"button-send-communication"[39m
                        [33mtype[39m=[32m"submit"[39m
                      [36m>[39m
                        [0mSend Communication[0m
                      [36m</button>[39m
                      [36m<div[39m
                        [33mdata-testid[39m=[32m"form-submitting"[39m
                        [33mstyle[39m=[32m"display: none;"[39m
                      [36m>[39m
                        [0mSubmitting...[0m
                      [36m</div>[39m
                      [36m<div[39m
                        [33mdata-testid[39m=[32m"title-required"[39m
                        [33mstyle[39m=[32m"display: none;"[39m
                      [36m>[39m
                        [0mTitle is required[0m
                      [36m</div>[39m
                      [36m<div[39m
                        [33mdata-testid[39m=[32m"content-required"[39m
                        [33mstyle[39m=[32m"display: none;"[39m
                      [36m>[39m
                        [0mContent is required[0m
                      [36m</div>[39m
                    [36m</form>[39m
                    [36m<form[39m
                      [33mdata-testid[39m=[32m"meeting-planning-form"[39m
                    [36m>[39m
                      [36m<input[39m
                        [33mdata-testid[39m=[32m"input-meeting-title"[39m
                        [33mplaceholder[39m=[32m"Meeting Title"[39m
                      [36m/>[39m
                      [36m<textarea[39m
                        [33mdata-testid[39m=[32m"textarea-meeting-description"[39m
                        [33mplaceholder[39m=[32m"Description"[39m
                      [36m/>[39m
                      [36m<input[39m
                        [33mdata-testid[39m=[32m"input-meeting-location"[39m
                        [33mplaceholder[39m=[32m"Location"[39m
                      [36m/>[39m
                      [36m<input[39m
                        [33mdata-testid[39m=[32m"input-meeting-date"[39m
                        [33mtype[39m=[32m"datetime-local"[39m
                      [36m/>[39m
                      [36m<input[39m
                        [33mdata-testid[39m=[32m"input-meeting-duration"[39m
                        [33mtype[39m=[32m"number"[39m
                        [33mvalue[39m=[32m"60"[39m
                      [36m/>[39m
                      [36m<select[39m
                        [33mdata-testid[39m=[32m"select-invited-roles"[39m
                      [36m>[39m
                        [36m<option[39m
                          [33mvalue[39m=[32m"all"[39m
                        [36m>[39m
                          [0mall[0m
                        [36m</option>[39m
                        [36m<option[39m
                          [33mvalue[39m=[32m"resident"[39m
                        [36m>[39m
                          [0mresident[0m
                        [36m</option>[39m
                        [36m<option[39m
                          [33mvalue[39m=[32m"manager"[39m
                        [36m>[39m
                          [0mmanager[0m
                        [36m</option>[39m
                        [36m<option[39m
                          [33mvalue[39m=[32m"admin"[39m
                        [36m>[39m
                          [0madmin[0m
                        [36m</option>[39m
                      [36m</select>[39m
                      [36m<button[39m
                        [33mdata-testid[39m=[32m"button-send-meeting-invite"[39m
                        [33mtype[39m=[32m"submit"[39m
                      [36m>[39m
                        [0mSend Meeting Invite[0m
                      [36m</button>[39m
                      [36m<div[39m
                        [33mdata-testid[39m=[32m"meeting-title-required"[39m
                        [33mstyle[39m=[32m"display: none;"[39m
                      [36m>[39m
                        [0mTitle is required[0m
                      [36m</div>[39m
                      [36m<div[39m
                        [33mdata-testid[39m=[32m"meeting-location-required"[39m
                        [33mstyle[39m=[32m"display: none;"[39m
                      [36m>[39m
                        [0mLocation is required[0m
                      [36m</div>[39m
                      [36m<div[39m
                        [33mdata-testid[39m=[32m"meeting-duration-required"[39m
                        [33mstyle[39m=[32m"display: none;"[39m
                      [36m>[39m
                        [0mDuration must be a positive number[0m
                      [36m</div>[39m
                    [36m</form>[39m
                  [36m</div>[39m
                [36m</div>[39m
              [36m</div>[39m
            [36m</div>[39m
          [36m</div>[39m
        [36m</div>[39m
      [36m</body>[39m
    [36m</html>[39m

      1023 |
      1024 |       await waitFor(() => {
    > 1025 |         expect(mockToast).toHaveBeenCalledWith(
           |                           ^
      1026 |           expect.objectContaining({
      1027 |             title: expect.stringContaining('error'),
      1028 |             variant: 'destructive'

      at tests/unit/communication/communication-page.test.tsx:1025:27
      at runWithExpensiveErrorDiagnosticsDisabled (node_modules/@testing-library/dom/dist/config.js:47:12)
      at checkCallback (node_modules/@testing-library/dom/dist/wait-for.js:124:77)
      at checkRealTimersCallback (node_modules/@testing-library/dom/dist/wait-for.js:118:16)
      at Timeout.task [as _onTimeout] (node_modules/jsdom/lib/jsdom/browser/Window.js:579:19)

  ● Communication Page Test Suite › Form Reset and State Management › should reset general communication form after successful submission

    expect(received).toBe(expected) // Object.is equality

    Expected: ""
    Received: "Test Title"

    Ignored nodes: comments, script, style
    [36m<html>[39m
      [36m<head />[39m
      [36m<body>[39m
        [36m<div>[39m
          [36m<div[39m
            [33mdata-testid[39m=[32m"router"[39m
          [36m>[39m
            [36m<div[39m
              [33mdata-testid[39m=[32m"language-provider"[39m
            [36m>[39m
              [36m<div[39m
                [33mdata-testid[39m=[32m"auth-provider"[39m
              [36m>[39m
                [36m<div[39m
                  [33mdata-testid[39m=[32m"mobile-menu-provider"[39m
                [36m>[39m
                  [36m<div[39m
                    [33mdata-testid[39m=[32m"communication-page"[39m
                  [36m>[39m
                    [36m<div[39m
                      [33mdata-testid[39m=[32m"notification-preferences-panel"[39m
                    [36m>[39m
                      [36m<div[39m
                        [33mdata-testid[39m=[32m"preferences-loading"[39m
                      [36m>[39m
                        [0mLoading preferences...[0m
                      [36m</div>[39m
                      [36m<div[39m
                        [33mdata-testid[39m=[32m"bulk-frequency-select"[39m
                      [36m>[39m
                        [36m<select[39m
                          [33mdata-testid[39m=[32m"bulk-frequency-select"[39m
                        [36m>[39m
                          [36m<option[39m
                            [33mvalue[39m=[32m"immediate"[39m
                          [36m>[39m
                            [0mImmediate[0m
                          [36m</option>[39m
                          [36m<option[39m
                            [33mvalue[39m=[32m"weekly"[39m
                          [36m>[39m
                            [0mWeekly[0m
                          [36m</option>[39m
                          [36m<option[39m
                            [33mvalue[39m=[32m"monthly"[39m
                          [36m>[39m
                            [0mMonthly[0m
                          [36m</option>[39m
                        [36m</select>[39m
                      [36m</div>[39m
                      [36m<button[39m
                        [33mdata-testid[39m=[32m"apply-bulk-frequency"[39m
                      [36m>[39m
                        [0mApply Bulk[0m
                      [36m</button>[39m
                      [36m<button[39m
                        [33mdata-testid[39m=[32m"save-preferences"[39m
                      [36m>[39m
                        [0mSave Preferences[0m
                      [36m</button>[39m
                      [36m<button[39m
                        [33mdata-testid[39m=[32m"reset-preferences"[39m
                      [36m>[39m
                        [0mReset Preferences[0m
                      [36m</button>[39m
                      [36m<div[39m
                        [33mdata-testid[39m=[32m"preference-toggle-bill_reminder"[39m
                      [36m>[39m
                        [36m<input[39m
                          [33mchecked[39m=[32m""[39m
                          [33mtype[39m=[32m"checkbox"[39m
                        [36m/>[39m
                      [36m</div>[39m
                      [36m<div>[39m
                        [0mbill_reminder[0m
                      [36m</div>[39m
                      [36m<div>[39m
                        [0mmaintenance_update[0m
                      [36m</div>[39m
                      [36m<div>[39m
                        [0mannouncement[0m
                      [36m</div>[39m
                      [36m<div>[39m
                        [0memergency[0m
                      [36m</div>[39m
                      [36m<div>[39m
                        [0mmeeting_invite[0m
                      [36m</div>[39m
                      [36m<div>[39m
                        [0mpolicy_change[0m
                      [36m</div>[39m
                      [36m<div>[39m
                        [0mseasonal_reminder[0m
                      [36m</div>[39m
                      [36m<select>[39m
                        [36m<option[39m
                          [33mselected[39m=[32m""[39m
                          [33mvalue[39m=[32m"immediate"[39m
                        [36m>[39m
                          [0mimmediate[0m
                        [36m</option>[39m
                        [36m<option[39m
                          [33mvalue[39m=[32m"weekly"[39m
                        [36m>[39m
                          [0mweekly[0m
                        [36m</option>[39m
                        [36m<option[39m
                          [33mvalue[39m=[32m"monthly"[39m
                        [36m>[39m
                          [0mmonthly[0m
                        [36m</option>[39m
                        [36m<option[39m
                          [33mvalue[39m=[32m"quarterly"[39m
                        [36m>[39m
                          [0mquarterly[0m
                        [36m</option>[39m
                      [36m</select>[39m
                    [36m</div>[39m
                    [36m<form[39m
                      [33mdata-testid[39m=[32m"general-communication-form"[39m
                    [36m>[39m
                      [36m<input[39m
                        [33mdata-testid[39m=[32m"input-communication-title"[39m
                        [33mplaceholder[39m=[32m"Title"[39m
                      [36m/>[39m
                      [36m<textarea[39m
                        [33mdata-testid[39m=[32m"textarea-communication-content"[39m
                        [33mplaceholder[39m=[32m"Content"[39m
                      [36m/>[39m
                      [36m<select[39m
                        [33mdata-testid[39m=[32m"select-urgency-level"[39m
                      [36m>[39m
                        [36m<option[39m
                          [33mvalue[39m=[32m"low"[39m
                        [36m>[39m
                          [0mlow[0m
                        [36m</option>[39m
                        [36m<option[39m
                          [33mvalue[39m=[32m"medium"[39m
                        [36m>[39m
                          [0mmedium[0m
                        [36m</option>[39m
                        [36m<option[39m
                          [33mvalue[39m=[32m"high"[39m
                        [36m>[39m
                          [0mhigh[0m
                        [36m</option>[39m
                        [36m<option[39m
                          [33mvalue[39m=[32m"urgent"[39m
                        [36m>[39m
                          [0murgent[0m
                        [36m</option>[39m
                      [36m</select>[39m
                      [36m<select[39m
                        [33mdata-testid[39m=[32m"select-organization"[39m
                      [36m>[39m
                        [36m<option[39m
                          [33mvalue[39m=[32m"org1"[39m
                        [36m>[39m
                          [0mTest Organization 1[0m
                        [36m</option>[39m
                        [36m<option[39m
                          [33mvalue[39m=[32m"org2"[39m
                        [36m>[39m
                          [0mTest Organization 2[0m
                        [36m</option>[39m
                      [36m</select>[39m
                      [36m<select[39m
                        [33mdata-testid[39m=[32m"select-recipient-roles"[39m
                      [36m>[39m
                        [36m<option[39m
                          [33mvalue[39m=[32m"all"[39m
                        [36m>[39m
                          [0mall[0m
                        [36m</option>[39m
                        [36m<option[39m
                          [33mvalue[39m=[32m"resident"[39m
                        [36m>[39m
                          [0mresident[0m
                        [36m</option>[39m
                        [36m<option[39m
                          [33mvalue[39m=[32m"tenant"[39m
                        [36m>[39m
                          [0mtenant[0m
                        [36m</option>[39m
                        [36m<option[39m
                          [33mvalue[39m=[32m"manager"[39m
                        [36m>[39m
                          [0mmanager[0m
                        [36m</option>[39m
                        [36m<option[39m
                          [33mvalue[39m=[32m"admin"[39m
                        [36m>[39m
                          [0madmin[0m
                        [36m</option>[39m
                      [36m</select>[39m
                      [36m<button[39m
                        [33mdata-testid[39m=[32m"button-send-communication"[39m
                        [33mtype[39m=[32m"submit"[39m
                      [36m>[39m
                        [0mSend Communication[0m
                      [36m</button>[39m
                      [36m<div[39m
                        [33mdata-testid[39m=[32m"form-submitting"[39m
                        [33mstyle[39m=[32m"display: none;"[39m
                      [36m>[39m
                        [0mSubmitting...[0m
                      [36m</div>[39m
                      [36m<div[39m
                        [33mdata-testid[39m=[32m"title-required"[39m
                        [33mstyle[39m=[32m"display: none;"[39m
                      [36m>[39m
                        [0mTitle is required[0m
                      [36m</div>[39m
                      [36m<div[39m
                        [33mdata-testid[39m=[32m"content-required"[39m
                        [33mstyle[39m=[32m"display: none;"[39m
                      [36m>[39m
                        [0mContent is required[0m
                      [36m</div>[39m
                    [36m</form>[39m
                    [36m<form[39m
                      [33mdata-testid[39m=[32m"meeting-planning-form"[39m
                    [36m>[39m
                      [36m<input[39m
                        [33mdata-testid[39m=[32m"input-meeting-title"[39m
                        [33mplaceholder[39m=[32m"Meeting Title"[39m
                      [36m/>[39m
                      [36m<textarea[39m
                        [33mdata-testid[39m=[32m"textarea-meeting-description"[39m
                        [33mplaceholder[39m=[32m"Description"[39m
                      [36m/>[39m
                      [36m<input[39m
                        [33mdata-testid[39m=[32m"input-meeting-location"[39m
                        [33mplaceholder[39m=[32m"Location"[39m
                      [36m/>[39m
                      [36m<input[39m
                        [33mdata-testid[39m=[32m"input-meeting-date"[39m
                        [33mtype[39m=[32m"datetime-local"[39m
                      [36m/>[39m
                      [36m<input[39m
                        [33mdata-testid[39m=[32m"input-meeting-duration"[39m
                        [33mtype[39m=[32m"number"[39m
                        [33mvalue[39m=[32m"60"[39m
                      [36m/>[39m
                      [36m<select[39m
                        [33mdata-testid[39m=[32m"select-invited-roles"[39m
                      [36m>[39m
                        [36m<option[39m
                          [33mvalue[39m=[32m"all"[39m
                        [36m>[39m
                          [0mall[0m
                        [36m</option>[39m
                        [36m<option[39m
                          [33mvalue[39m=[32m"resident"[39m
                        [36m>[39m
                          [0mresident[0m
                        [36m</option>[39m
                        [36m<option[39m
                          [33mvalue[39m=[32m"manager"[39m
                        [36m>[39m
                          [0mmanager[0m
                        [36m</option>[39m
                        [36m<option[39m
                          [33mvalue[39m=[32m"admin"[39m
                        [36m>[39m
                          [0madmin[0m
                        [36m</option>[39m
                      [36m</select>[39m
                      [36m<button[39m
                        [33mdata-testid[39m=[32m"button-send-meeting-invite"[39m
                        [33mtype[39m=[32m"submit"[39m
                      [36m>[39m
                        [0mSend Meeting Invite[0m
                      [36m</button>[39m
                      [36m<div[39m
                        [33mdata-testid[39m=[32m"meeting-title-required"[39m
                        [33mstyle[39m=[32m"display: none;"[39m
                      [36m>[39m
                        [0mTitle is required[0m
                      [36m</div>[39m
                      [36m<div[39m
                        [33mdata-testid[39m=[32m"meeting-location-required"[39m
                        [33mstyle[39m=[32m"display: none;"[39m
                      [36m>[39m
                        [0mLocation is required[0m
                      [36m</div>[39m
                      [36m<div[39m
                        [33mdata-testid[39m=[32m"meeting-duration-required"[39m
                        [33mstyle[39m=[32m"display: none;"[39m
                      [36m>[39m
                        [0mDuration must be a positive number[0m
                      [36m</div>[39m
                    [36m</form>[39m
                  [36m</div>[39m
                [36m</div>[39m
              [36m</div>[39m
            [36m</div>[39m
          [36m</div>[39m
        [36m</div>[39m
      [36m</body>[39m
    [36m</html>[39m

      1050 |
      1051 |       await waitFor(() => {
    > 1052 |         expect((titleInput as HTMLInputElement).value).toBe('');
           |                                                        ^
      1053 |         expect((contentTextarea as HTMLTextAreaElement).value).toBe('');
      1054 |       });
      1055 |     });

      at tests/unit/communication/communication-page.test.tsx:1052:56
      at runWithExpensiveErrorDiagnosticsDisabled (node_modules/@testing-library/dom/dist/config.js:47:12)
      at checkCallback (node_modules/@testing-library/dom/dist/wait-for.js:124:77)
      at checkRealTimersCallback (node_modules/@testing-library/dom/dist/wait-for.js:118:16)
      at Timeout.task [as _onTimeout] (node_modules/jsdom/lib/jsdom/browser/Window.js:579:19)


Test Suites: 1 failed, 2 passed, 3 of 167 total
Tests:       14 failed, 140 passed, 154 total
Snapshots:   0 total
Time:        22.045 s
Ran all test suites.
Summary of all failing tests
FAIL tests/unit/communication/communication-page.test.tsx (14.722 s)
  ● Communication Page Test Suite › Notification Preferences Panel › should render all 17 notification types

    expect(jest.fn()).toHaveBeenCalledWith(...expected)

    Expected: "GET", "/api/communication/preferences"

    Number of calls: 0

    Ignored nodes: comments, script, style
    [36m<html>[39m
      [36m<head />[39m
      [36m<body>[39m
        [36m<div>[39m
          [36m<div[39m
            [33mdata-testid[39m=[32m"router"[39m
          [36m>[39m
            [36m<div[39m
              [33mdata-testid[39m=[32m"language-provider"[39m
            [36m>[39m
              [36m<div[39m
                [33mdata-testid[39m=[32m"auth-provider"[39m
              [36m>[39m
                [36m<div[39m
                  [33mdata-testid[39m=[32m"mobile-menu-provider"[39m
                [36m>[39m
                  [36m<div[39m
                    [33mdata-testid[39m=[32m"communication-page"[39m
                  [36m>[39m
                    [36m<div[39m
                      [33mdata-testid[39m=[32m"notification-preferences-panel"[39m
                    [36m>[39m
                      [36m<div[39m
                        [33mdata-testid[39m=[32m"preferences-loading"[39m
                      [36m>[39m
                        [0mLoading preferences...[0m
                      [36m</div>[39m
                      [36m<div[39m
                        [33mdata-testid[39m=[32m"bulk-frequency-select"[39m
                      [36m>[39m
                        [36m<select[39m
                          [33mdata-testid[39m=[32m"bulk-frequency-select"[39m
                        [36m>[39m
                          [36m<option[39m
                            [33mvalue[39m=[32m"immediate"[39m
                          [36m>[39m
                            [0mImmediate[0m
                          [36m</option>[39m
                          [36m<option[39m
                            [33mvalue[39m=[32m"weekly"[39m
                          [36m>[39m
                            [0mWeekly[0m
                          [36m</option>[39m
                          [36m<option[39m
                            [33mvalue[39m=[32m"monthly"[39m
                          [36m>[39m
                            [0mMonthly[0m
                          [36m</option>[39m
                        [36m</select>[39m
                      [36m</div>[39m
                      [36m<button[39m
                        [33mdata-testid[39m=[32m"apply-bulk-frequency"[39m
                      [36m>[39m
                        [0mApply Bulk[0m
                      [36m</button>[39m
                      [36m<button[39m
                        [33mdata-testid[39m=[32m"save-preferences"[39m
                      [36m>[39m
                        [0mSave Preferences[0m
                      [36m</button>[39m
                      [36m<button[39m
                        [33mdata-testid[39m=[32m"reset-preferences"[39m
                      [36m>[39m
                        [0mReset Preferences[0m
                      [36m</button>[39m
                      [36m<div[39m
                        [33mdata-testid[39m=[32m"preference-toggle-bill_reminder"[39m
                      [36m>[39m
                        [36m<input[39m
                          [33mchecked[39m=[32m""[39m
                          [33mtype[39m=[32m"checkbox"[39m
                        [36m/>[39m
                      [36m</div>[39m
                      [36m<div>[39m
                        [0mbill_reminder[0m
                      [36m</div>[39m
                      [36m<div>[39m
                        [0mmaintenance_update[0m
                      [36m</div>[39m
                      [36m<div>[39m
                        [0mannouncement[0m
                      [36m</div>[39m
                      [36m<div>[39m
                        [0memergency[0m
                      [36m</div>[39m
                      [36m<div>[39m
                        [0mmeeting_invite[0m
                      [36m</div>[39m
                      [36m<div>[39m
                        [0mpolicy_change[0m
                      [36m</div>[39m
                      [36m<div>[39m
                        [0mseasonal_reminder[0m
                      [36m</div>[39m
                      [36m<select>[39m
                        [36m<option[39m
                          [33mselected[39m=[32m""[39m
                          [33mvalue[39m=[32m"immediate"[39m
                        [36m>[39m
                          [0mimmediate[0m
                        [36m</option>[39m
                        [36m<option[39m
                          [33mvalue[39m=[32m"weekly"[39m
                        [36m>[39m
                          [0mweekly[0m
                        [36m</option>[39m
                        [36m<option[39m
                          [33mvalue[39m=[32m"monthly"[39m
                        [36m>[39m
                          [0mmonthly[0m
                        [36m</option>[39m
                        [36m<option[39m
                          [33mvalue[39m=[32m"quarterly"[39m
                        [36m>[39m
                          [0mquarterly[0m
                        [36m</option>[39m
                      [36m</select>[39m
                    [36m</div>[39m
                    [36m<form[39m
                      [33mdata-testid[39m=[32m"general-communication-form"[39m
                    [36m>[39m
                      [36m<input[39m
                        [33mdata-testid[39m=[32m"input-communication-title"[39m
                        [33mplaceholder[39m=[32m"Title"[39m
                      [36m/>[39m
                      [36m<textarea[39m
                        [33mdata-testid[39m=[32m"textarea-communication-content"[39m
                        [33mplaceholder[39m=[32m"Content"[39m
                      [36m/>[39m
                      [36m<select[39m
                        [33mdata-testid[39m=[32m"select-urgency-level"[39m
                      [36m>[39m
                        [36m<option[39m
                          [33mvalue[39m=[32m"low"[39m
                        [36m>[39m
                          [0mlow[0m
                        [36m</option>[39m
                        [36m<option[39m
                          [33mvalue[39m=[32m"medium"[39m
                        [36m>[39m
                          [0mmedium[0m
                        [36m</option>[39m
                        [36m<option[39m
                          [33mvalue[39m=[32m"high"[39m
                        [36m>[39m
                          [0mhigh[0m
                        [36m</option>[39m
                        [36m<option[39m
                          [33mvalue[39m=[32m"urgent"[39m
                        [36m>[39m
                          [0murgent[0m
                        [36m</option>[39m
                      [36m</select>[39m
                      [36m<select[39m
                        [33mdata-testid[39m=[32m"select-organization"[39m
                      [36m>[39m
                        [36m<option[39m
                          [33mvalue[39m=[32m"org1"[39m
                        [36m>[39m
                          [0mTest Organization 1[0m
                        [36m</option>[39m
                        [36m<option[39m
                          [33mvalue[39m=[32m"org2"[39m
                        [36m>[39m
                          [0mTest Organization 2[0m
                        [36m</option>[39m
                      [36m</select>[39m
                      [36m<select[39m
                        [33mdata-testid[39m=[32m"select-recipient-roles"[39m
                      [36m>[39m
                        [36m<option[39m
                          [33mvalue[39m=[32m"all"[39m
                        [36m>[39m
                          [0mall[0m
                        [36m</option>[39m
                        [36m<option[39m
                          [33mvalue[39m=[32m"resident"[39m
                        [36m>[39m
                          [0mresident[0m
                        [36m</option>[39m
                        [36m<option[39m
                          [33mvalue[39m=[32m"tenant"[39m
                        [36m>[39m
                          [0mtenant[0m
                        [36m</option>[39m
                        [36m<option[39m
                          [33mvalue[39m=[32m"manager"[39m
                        [36m>[39m
                          [0mmanager[0m
                        [36m</option>[39m
                        [36m<option[39m
                          [33mvalue[39m=[32m"admin"[39m
                        [36m>[39m
                          [0madmin[0m
                        [36m</option>[39m
                      [36m</select>[39m
                      [36m<button[39m
                        [33mdata-testid[39m=[32m"button-send-communication"[39m
                        [33mtype[39m=[32m"submit"[39m
                      [36m>[39m
                        [0mSend Communication[0m
                      [36m</button>[39m
                      [36m<div[39m
                        [33mdata-testid[39m=[32m"form-submitting"[39m
                        [33mstyle[39m=[32m"display: none;"[39m
                      [36m>[39m
                        [0mSubmitting...[0m
                      [36m</div>[39m
                      [36m<div[39m
                        [33mdata-testid[39m=[32m"title-required"[39m
                        [33mstyle[39m=[32m"display: none;"[39m
                      [36m>[39m
                        [0mTitle is required[0m
                      [36m</div>[39m
                      [36m<div[39m
                        [33mdata-testid[39m=[32m"content-required"[39m
                        [33mstyle[39m=[32m"display: none;"[39m
                      [36m>[39m
                        [0mContent is required[0m
                      [36m</div>[39m
                    [36m</form>[39m
                    [36m<form[39m
                      [33mdata-testid[39m=[32m"meeting-planning-form"[39m
                    [36m>[39m
                      [36m<input[39m
                        [33mdata-testid[39m=[32m"input-meeting-title"[39m
                        [33mplaceholder[39m=[32m"Meeting Title"[39m
                      [36m/>[39m
                      [36m<textarea[39m
                        [33mdata-testid[39m=[32m"textarea-meeting-description"[39m
                        [33mplaceholder[39m=[32m"Description"[39m
                      [36m/>[39m
                      [36m<input[39m
                        [33mdata-testid[39m=[32m"input-meeting-location"[39m
                        [33mplaceholder[39m=[32m"Location"[39m
                      [36m/>[39m
                      [36m<input[39m
                        [33mdata-testid[39m=[32m"input-meeting-date"[39m
                        [33mtype[39m=[32m"datetime-local"[39m
                      [36m/>[39m
                      [36m<input[39m
                        [33mdata-testid[39m=[32m"input-meeting-duration"[39m
                        [33mtype[39m=[32m"number"[39m
                        [33mvalue[39m=[32m"60"[39m
                      [36m/>[39m
                      [36m<select[39m
                        [33mdata-testid[39m=[32m"select-invited-roles"[39m
                      [36m>[39m
                        [36m<option[39m
                          [33mvalue[39m=[32m"all"[39m
                        [36m>[39m
                          [0mall[0m
                        [36m</option>[39m
                        [36m<option[39m
                          [33mvalue[39m=[32m"resident"[39m
                        [36m>[39m
                          [0mresident[0m
                        [36m</option>[39m
                        [36m<option[39m
                          [33mvalue[39m=[32m"manager"[39m
                        [36m>[39m
                          [0mmanager[0m
                        [36m</option>[39m
                        [36m<option[39m
                          [33mvalue[39m=[32m"admin"[39m
                        [36m>[39m
                          [0madmin[0m
                        [36m</option>[39m
                      [36m</select>[39m
                      [36m<button[39m
                        [33mdata-testid[39m=[32m"button-send-meeting-invite"[39m
                        [33mtype[39m=[32m"submit"[39m
                      [36m>[39m
                        [0mSend Meeting Invite[0m
                      [36m</button>[39m
                      [36m<div[39m
                        [33mdata-testid[39m=[32m"meeting-title-required"[39m
                        [33mstyle[39m=[32m"display: none;"[39m
                      [36m>[39m
                        [0mTitle is required[0m
                      [36m</div>[39m
                      [36m<div[39m
                        [33mdata-testid[39m=[32m"meeting-location-required"[39m
                        [33mstyle[39m=[32m"display: none;"[39m
                      [36m>[39m
                        [0mLocation is required[0m
                      [36m</div>[39m
                      [36m<div[39m
                        [33mdata-testid[39m=[32m"meeting-duration-required"[39m
                        [33mstyle[39m=[32m"display: none;"[39m
                      [36m>[39m
                        [0mDuration must be a positive number[0m
                      [36m</div>[39m
                    [36m</form>[39m
                  [36m</div>[39m
                [36m</div>[39m
              [36m</div>[39m
            [36m</div>[39m
          [36m</div>[39m
        [36m</div>[39m
      [36m</body>[39m
    [36m</html>[39m

      519 |
      520 |       await waitFor(() => {
    > 521 |         expect(mockApiRequest).toHaveBeenCalledWith('GET', '/api/communication/preferences');
          |                                ^
      522 |       });
      523 |
      524 |       // Check for specific notification types

      at tests/unit/communication/communication-page.test.tsx:521:32
      at runWithExpensiveErrorDiagnosticsDisabled (node_modules/@testing-library/dom/dist/config.js:47:12)
      at checkCallback (node_modules/@testing-library/dom/dist/wait-for.js:124:77)
      at checkRealTimersCallback (node_modules/@testing-library/dom/dist/wait-for.js:118:16)
      at Timeout.task [as _onTimeout] (node_modules/jsdom/lib/jsdom/browser/Window.js:579:19)

  ● Communication Page Test Suite › Notification Preferences Panel › should render all 7 frequency options

    Unable to find an element with the display value: weekly.

    Ignored nodes: comments, script, style
    [36m<body>[39m
      [36m<div>[39m
        [36m<div[39m
          [33mdata-testid[39m=[32m"router"[39m
        [36m>[39m
          [36m<div[39m
            [33mdata-testid[39m=[32m"language-provider"[39m
          [36m>[39m
            [36m<div[39m
              [33mdata-testid[39m=[32m"auth-provider"[39m
            [36m>[39m
              [36m<div[39m
                [33mdata-testid[39m=[32m"mobile-menu-provider"[39m
              [36m>[39m
                [36m<div[39m
                  [33mdata-testid[39m=[32m"communication-page"[39m
                [36m>[39m
                  [36m<div[39m
                    [33mdata-testid[39m=[32m"notification-preferences-panel"[39m
                  [36m>[39m
                    [36m<div[39m
                      [33mdata-testid[39m=[32m"preferences-loading"[39m
                    [36m>[39m
                      [0mLoading preferences...[0m
                    [36m</div>[39m
                    [36m<div[39m
                      [33mdata-testid[39m=[32m"bulk-frequency-select"[39m
                    [36m>[39m
                      [36m<select[39m
                        [33mdata-testid[39m=[32m"bulk-frequency-select"[39m
                      [36m>[39m
                        [36m<option[39m
                          [33mvalue[39m=[32m"immediate"[39m
                        [36m>[39m
                          [0mImmediate[0m
                        [36m</option>[39m
                        [36m<option[39m
                          [33mvalue[39m=[32m"weekly"[39m
                        [36m>[39m
                          [0mWeekly[0m
                        [36m</option>[39m
                        [36m<option[39m
                          [33mvalue[39m=[32m"monthly"[39m
                        [36m>[39m
                          [0mMonthly[0m
                        [36m</option>[39m
                      [36m</select>[39m
                    [36m</div>[39m
                    [36m<button[39m
                      [33mdata-testid[39m=[32m"apply-bulk-frequency"[39m
                    [36m>[39m
                      [0mApply Bulk[0m
                    [36m</button>[39m
                    [36m<button[39m
                      [33mdata-testid[39m=[32m"save-preferences"[39m
                    [36m>[39m
                      [0mSave Preferences[0m
                    [36m</button>[39m
                    [36m<button[39m
                      [33mdata-testid[39m=[32m"reset-preferences"[39m
                    [36m>[39m
                      [0mReset Preferences[0m
                    [36m</button>[39m
                    [36m<div[39m
                      [33mdata-testid[39m=[32m"preference-toggle-bill_reminder"[39m
                    [36m>[39m
                      [36m<input[39m
                        [33mchecked[39m=[32m""[39m
                        [33mtype[39m=[32m"checkbox"[39m
                      [36m/>[39m
                    [36m</div>[39m
                    [36m<div>[39m
                      [0mbill_reminder[0m
                    [36m</div>[39m
                    [36m<div>[39m
                      [0mmaintenance_update[0m
                    [36m</div>[39m
                    [36m<div>[39m
                      [0mannouncement[0m
                    [36m</div>[39m
                    [36m<div>[39m
                      [0memergency[0m
                    [36m</div>[39m
                    [36m<div>[39m
                      [0mmeeting_invite[0m
                    [36m</div>[39m
                    [36m<div>[39m
                      [0mpolicy_change[0m
                    [36m</div>[39m
                    [36m<div>[39m
                      [0mseasonal_reminder[0m
                    [36m</div>[39m
                    [36m<select>[39m
                      [36m<option[39m
                        [33mselected[39m=[32m""[39m
                        [33mvalue[39m=[32m"immediate"[39m
                      [36m>[39m
                        [0mimmediate[0m
                      [36m</option>[39m
                      [36m<option[39m
                        [33mvalue[39m=[32m"weekly"[39m
                      [36m>[39m
                        [0mweekly[0m
                      [36m</option>[39m
                      [36m<option[39m
                        [33mvalue[39m=[32m"monthly"[39m
                      [36m>[39m
                        [0mmonthly[0m
                      [36m</option>[39m
                      [36m<option[39m
                        [33mvalue[39m=[32m"quarterly"[39m
                      [36m>[39m
                        [0mquarterly[0m
                      [36m</option>[39m
                    [36m</select>[39m
                  [36m</div>[39m
                  [36m<form[39m
                    [33mdata-testid[39m=[32m"general-communication-form"[39m
                  [36m>[39m
                    [36m<input[39m
                      [33mdata-testid[39m=[32m"input-communication-title"[39m
                      [33mplaceholder[39m=[32m"Title"[39m
                    [36m/>[39m
                    [36m<textarea[39m
                      [33mdata-testid[39m=[32m"textarea-communication-content"[39m
                      [33mplaceholder[39m=[32m"Content"[39m
                    [36m/>[39m
                    [36m<select[39m
                      [33mdata-testid[39m=[32m"select-urgency-level"[39m
                    [36m>[39m
                      [36m<option[39m
                        [33mvalue[39m=[32m"low"[39m
                      [36m>[39m
                        [0mlow[0m
                      [36m</option>[39m
                      [36m<option[39m
                        [33mvalue[39m=[32m"medium"[39m
                      [36m>[39m
                        [0mmedium[0m
                      [36m</option>[39m
                      [36m<option[39m
                        [33mvalue[39m=[32m"high"[39m
                      [36m>[39m
                        [0mhigh[0m
                      [36m</option>[39m
                      [36m<option[39m
                        [33mvalue[39m=[32m"urgent"[39m
                      [36m>[39m
                        [0murgent[0m
                      [36m</option>[39m
                    [36m</select>[39m
                    [36m<select[39m
                      [33mdata-testid[39m=[32m"select-organization"[39m
                    [36m>[39m
                      [36m<option[39m
                        [33mvalue[39m=[32m"org1"[39m
                      [36m>[39m
                        [0mTest Organization 1[0m
                      [36m</option>[39m
                      [36m<option[39m
                        [33mvalue[39m=[32m"org2"[39m
                      [36m>[39m
                        [0mTest Organization 2[0m
                      [36m</option>[39m
                    [36m</select>[39m
                    [36m<select[39m
                      [33mdata-testid[39m=[32m"select-recipient-roles"[39m
                    [36m>[39m
                      [36m<option[39m
                        [33mvalue[39m=[32m"all"[39m
                      [36m>[39m
                        [0mall[0m
                      [36m</option>[39m
                      [36m<option[39m
                        [33mvalue[39m=[32m"resident"[39m
                      [36m>[39m
                        [0mresident[0m
                      [36m</option>[39m
                      [36m<option[39m
                        [33mvalue[39m=[32m"tenant"[39m
                      [36m>[39m
                        [0mtenant[0m
                      [36m</option>[39m
                      [36m<option[39m
                        [33mvalue[39m=[32m"manager"[39m
                      [36m>[39m
                        [0mmanager[0m
                      [36m</option>[39m
                      [36m<option[39m
                        [33mvalue[39m=[32m"admin"[39m
                      [36m>[39m
                        [0madmin[0m
                      [36m</option>[39m
                    [36m</select>[39m
                    [36m<button[39m
                      [33mdata-testid[39m=[32m"button-send-communication"[39m
                      [33mtype[39m=[32m"submit"[39m
                    [36m>[39m
                      [0mSend Communication[0m
                    [36m</button>[39m
                    [36m<div[39m
                      [33mdata-testid[39m=[32m"form-submitting"[39m
                      [33mstyle[39m=[32m"display: none;"[39m
                    [36m>[39m
                      [0mSubmitting...[0m
                    [36m</div>[39m
                    [36m<div[39m
                      [33mdata-testid[39m=[32m"title-required"[39m
                      [33mstyle[39m=[32m"display: none;"[39m
                    [36m>[39m
                      [0mTitle is required[0m
                    [36m</div>[39m
                    [36m<div[39m
                      [33mdata-testid[39m=[32m"content-required"[39m
                      [33mstyle[39m=[32m"display: none;"[39m
                    [36m>[39m
                      [0mContent is required[0m
                    [36m</div>[39m
                  [36m</form>[39m
                  [36m<form[39m
                    [33mdata-testid[39m=[32m"meeting-planning-form"[39m
                  [36m>[39m
                    [36m<input[39m
                      [33mdata-testid[39m=[32m"input-meeting-title"[39m
                      [33mplaceholder[39m=[32m"Meeting Title"[39m
                    [36m/>[39m
                    [36m<textarea[39m
                      [33mdata-testid[39m=[32m"textarea-meeting-description"[39m
                      [33mplaceholder[39m=[32m"Description"[39m
                    [36m/>[39m
                    [36m<input[39m
                      [33mdata-testid[39m=[32m"input-meeting-location"[39m
                      [33mplaceholder[39m=[32m"Location"[39m
                    [36m/>[39m
                    [36m<input[39m
                      [33mdata-testid[39m=[32m"input-meeting-date"[39m
                      [33mtype[39m=[32m"datetime-local"[39m
                    [36m/>[39m
                    [36m<input[39m
                      [33mdata-testid[39m=[32m"input-meeting-duration"[39m
                      [33mtype[39m=[32m"number"[39m
                      [33mvalue[39m=[32m"60"[39m
                    [36m/>[39m
                    [36m<select[39m
                      [33mdata-testid[39m=[32m"select-invited-roles"[39m
                    [36m>[39m
                      [36m<option[39m
                        [33mvalue[39m=[32m"all"[39m
                      [36m>[39m
                        [0mall[0m
                      [36m</option>[39m
                      [36m<option[39m
                        [33mvalue[39m=[32m"resident"[39m
                      [36m>[39m
                        [0mresident[0m
                      [36m</option>[39m
                      [36m<option[39m
                        [33mvalue[39m=[32m"manager"[39m
                      [36m>[39m
                        [0mmanager[0m
                      [36m</option>[39m
                      [36m<option[39m
                        [33mvalue[39m=[32m"admin"[39m
                      [36m>[39m
                        [0madmin[0m
                      [36m</option>[39m
                    [36m</select>[39m
                    [36m<button[39m
                      [33mdata-testid[39m=[32m"button-send-meeting-invite"[39m
                      [33mtype[39m=[32m"submit"[39m
                    [36m>[39m
                      [0mSend Meeting Invite[0m
                    [36m</button>[39m
                    [36m<div[39m
                      [33mdata-testid[39m=[32m"meeting-title-required"[39m
                      [33mstyle[39m=[32m"display: none;"[39m
                    [36m>[39m
                      [0mTitle is required[0m
                    [36m</div>[39m
                    [36m<div[39m
                      [33mdata-testid[39m=[32m"meeting-location-required"[39m
                      [33mstyle[39m=[32m"display: none;"[39m
                    [36m>[39m
                      [0mLocation is required[0m
                    [36m</div>[39m
                    [36m<div[39m
                      [33mdata-testid[39m=[32m"meeting-duration-required"[39m
                      [33mstyle[39m=[32m"display: none;"[39m
                    [36m>[39m
                      [0mDuration must be a positive number[0m
                    [36m</div>[39m
                  [36m</form>[39m
                [36m</div>[39m
              [36m</div>[39m
            [36m</div>[39m
          [36m</div>[39m
        [36m</div>[39m
      [36m</div>[39m
    [36m</body>[39m

      535 |       customRender(<MockCommunicationPage />);
      536 |
    > 537 |       await waitFor(() => {
          |                    ^
      538 |         expect(screen.getByDisplayValue('immediate')).toBeInTheDocument();
      539 |         expect(screen.getByDisplayValue('weekly')).toBeInTheDocument();
      540 |         expect(screen.getByDisplayValue('monthly')).toBeInTheDocument();

      at waitForWrapper (node_modules/@testing-library/dom/dist/wait-for.js:163:27)
      at Object.<anonymous> (tests/unit/communication/communication-page.test.tsx:537:20)

  ● Communication Page Test Suite › Notification Preferences Panel › should handle bulk actions for setting all preferences to same frequency

    Found multiple elements by: [data-testid="bulk-frequency-select"]

    Here are the matching elements:

    Ignored nodes: comments, script, style
    [36m<div[39m
      [33mdata-testid[39m=[32m"bulk-frequency-select"[39m
    [36m>[39m
      [36m<select[39m
        [33mdata-testid[39m=[32m"bulk-frequency-select"[39m
      [36m>[39m
        [36m<option[39m
          [33mvalue[39m=[32m"immediate"[39m
        [36m>[39m
          [0mImmediate[0m
        [36m</option>[39m
        [36m<option[39m
          [33mvalue[39m=[32m"weekly"[39m
        [36m>[39m
          [0mWeekly[0m
        [36m</option>[39m
        [36m<option[39m
          [33mvalue[39m=[32m"monthly"[39m
        [36m>[39m
          [0mMonthly[0m
        [36m</option>[39m
      [36m</select>[39m
    [36m</div>[39m

    Ignored nodes: comments, script, style
    [36m<select[39m
      [33mdata-testid[39m=[32m"bulk-frequency-select"[39m
    [36m>[39m
      [36m<option[39m
        [33mvalue[39m=[32m"immediate"[39m
      [36m>[39m
        [0mImmediate[0m
      [36m</option>[39m
      [36m<option[39m
        [33mvalue[39m=[32m"weekly"[39m
      [36m>[39m
        [0mWeekly[0m
      [36m</option>[39m
      [36m<option[39m
        [33mvalue[39m=[32m"monthly"[39m
      [36m>[39m
        [0mMonthly[0m
      [36m</option>[39m
    [36m</select>[39m

    (If this is intentional, then use the `*AllBy*` variant of the query (like `queryAllByText`, `getAllByText`, or `findAllByText`)).

    Ignored nodes: comments, script, style
    [36m<body>[39m
      [36m<div>[39m
        [36m<div[39m
          [33mdata-testid[39m=[32m"router"[39m
        [36m>[39m
          [36m<div[39m
            [33mdata-testid[39m=[32m"language-provider"[39m
          [36m>[39m
            [36m<div[39m
              [33mdata-testid[39m=[32m"auth-provider"[39m
            [36m>[39m
              [36m<div[39m
                [33mdata-testid[39m=[32m"mobile-menu-provider"[39m
              [36m>[39m
                [36m<div[39m
                  [33mdata-testid[39m=[32m"communication-page"[39m
                [36m>[39m
                  [36m<div[39m
                    [33mdata-testid[39m=[32m"notification-preferences-panel"[39m
                  [36m>[39m
                    [36m<div[39m
                      [33mdata-testid[39m=[32m"preferences-loading"[39m
                    [36m>[39m
                      [0mLoading preferences...[0m
                    [36m</div>[39m
                    [36m<div[39m
                      [33mdata-testid[39m=[32m"bulk-frequency-select"[39m
                    [36m>[39m
                      [36m<select[39m
                        [33mdata-testid[39m=[32m"bulk-frequency-select"[39m
                      [36m>[39m
                        [36m<option[39m
                          [33mvalue[39m=[32m"immediate"[39m
                        [36m>[39m
                          [0mImmediate[0m
                        [36m</option>[39m
                        [36m<option[39m
                          [33mvalue[39m=[32m"weekly"[39m
                        [36m>[39m
                          [0mWeekly[0m
                        [36m</option>[39m
                        [36m<option[39m
                          [33mvalue[39m=[32m"monthly"[39m
                        [36m>[39m
                          [0mMonthly[0m
                        [36m</option>[39m
                      [36m</select>[39m
                    [36m</div>[39m
                    [36m<button[39m
                      [33mdata-testid[39m=[32m"apply-bulk-frequency"[39m
                    [36m>[39m
                      [0mApply Bulk[0m
                    [36m</button>[39m
                    [36m<button[39m
                      [33mdata-testid[39m=[32m"save-preferences"[39m
                    [36m>[39m
                      [0mSave Preferences[0m
                    [36m</button>[39m
                    [36m<button[39m
                      [33mdata-testid[39m=[32m"reset-preferences"[39m
                    [36m>[39m
                      [0mReset Preferences[0m
                    [36m</button>[39m
                    [36m<div[39m
                      [33mdata-testid[39m=[32m"preference-toggle-bill_reminder"[39m
                    [36m>[39m
                      [36m<input[39m
                        [33mchecked[39m=[32m""[39m
                        [33mtype[39m=[32m"checkbox"[39m
                      [36m/>[39m
                    [36m</div>[39m
                    [36m<div>[39m
                      [0mbill_reminder[0m
                    [36m</div>[39m
                    [36m<div>[39m
                      [0mmaintenance_update[0m
                    [36m</div>[39m
                    [36m<div>[39m
                      [0mannouncement[0m
                    [36m</div>[39m
                    [36m<div>[39m
                      [0memergency[0m
                    [36m</div>[39m
                    [36m<div>[39m
                      [0mmeeting_invite[0m
                    [36m</div>[39m
                    [36m<div>[39m
                      [0mpolicy_change[0m
                    [36m</div>[39m
                    [36m<div>[39m
                      [0mseasonal_reminder[0m
                    [36m</div>[39m
                    [36m<select>[39m
                      [36m<option[39m
                        [33mselected[39m=[32m""[39m
                        [33mvalue[39m=[32m"immediate"[39m
                      [36m>[39m
                        [0mimmediate[0m
                      [36m</option>[39m
                      [36m<option[39m
                        [33mvalue[39m=[32m"weekly"[39m
                      [36m>[39m
                        [0mweekly[0m
                      [36m</option>[39m
                      [36m<option[39m
                        [33mvalue[39m=[32m"monthly"[39m
                      [36m>[39m
                        [0mmonthly[0m
                      [36m</option>[39m
                      [36m<option[39m
                        [33mvalue[39m=[32m"quarterly"[39m
                      [36m>[39m
                        [0mquarterly[0m
                      [36m</option>[39m
                    [36m</select>[39m
                  [36m</div>[39m
                  [36m<form[39m
                    [33mdata-testid[39m=[32m"general-communication-form"[39m
                  [36m>[39m
                    [36m<input[39m
                      [33mdata-testid[39m=[32m"input-communication-title"[39m
                      [33mplaceholder[39m=[32m"Title"[39m
                    [36m/>[39m
                    [36m<textarea[39m
                      [33mdata-testid[39m=[32m"textarea-communication-content"[39m
                      [33mplaceholder[39m=[32m"Content"[39m
                    [36m/>[39m
                    [36m<select[39m
                      [33mdata-testid[39m=[32m"select-urgency-level"[39m
                    [36m>[39m
                      [36m<option[39m
                        [33mvalue[39m=[32m"low"[39m
                      [36m>[39m
                        [0mlow[0m
                      [36m</option>[39m
                      [36m<option[39m
                        [33mvalue[39m=[32m"medium"[39m
                      [36m>[39m
                        [0mmedium[0m
                      [36m</option>[39m
                      [36m<option[39m
                        [33mvalue[39m=[32m"high"[39m
                      [36m>[39m
                        [0mhigh[0m
                      [36m</option>[39m
                      [36m<option[39m
                        [33mvalue[39m=[32m"urgent"[39m
                      [36m>[39m
                        [0murgent[0m
                      [36m</option>[39m
                    [36m</select>[39m
                    [36m<select[39m
                      [33mdata-testid[39m=[32m"select-organization"[39m
                    [36m>[39m
                      [36m<option[39m
                        [33mvalue[39m=[32m"org1"[39m
                      [36m>[39m
                        [0mTest Organization 1[0m
                      [36m</option>[39m
                      [36m<option[39m
                        [33mvalue[39m=[32m"org2"[39m
                      [36m>[39m
                        [0mTest Organization 2[0m
                      [36m</option>[39m
                    [36m</select>[39m
                    [36m<select[39m
                      [33mdata-testid[39m=[32m"select-recipient-roles"[39m
                    [36m>[39m
                      [36m<option[39m
                        [33mvalue[39m=[32m"all"[39m
                      [36m>[39m
                        [0mall[0m
                      [36m</option>[39m
                      [36m<option[39m
                        [33mvalue[39m=[32m"resident"[39m
                      [36m>[39m
                        [0mresident[0m
                      [36m</option>[39m
                      [36m<option[39m
                        [33mvalue[39m=[32m"tenant"[39m
                      [36m>[39m
                        [0mtenant[0m
                      [36m</option>[39m
                      [36m<option[39m
                        [33mvalue[39m=[32m"manager"[39m
                      [36m>[39m
                        [0mmanager[0m
                      [36m</option>[39m
                      [36m<option[39m
                        [33mvalue[39m=[32m"admin"[39m
                      [36m>[39m
                        [0madmin[0m
                      [36m</option>[39m
                    [36m</select>[39m
                    [36m<button[39m
                      [33mdata-testid[39m=[32m"button-send-communication"[39m
                      [33mtype[39m=[32m"submit"[39m
                    [36m>[39m
                      [0mSend Communication[0m
                    [36m</button>[39m
                    [36m<div[39m
                      [33mdata-testid[39m=[32m"form-submitting"[39m
                      [33mstyle[39m=[32m"display: none;"[39m
                    [36m>[39m
                      [0mSubmitting...[0m
                    [36m</div>[39m
                    [36m<div[39m
                      [33mdata-testid[39m=[32m"title-required"[39m
                      [33mstyle[39m=[32m"display: none;"[39m
                    [36m>[39m
                      [0mTitle is required[0m
                    [36m</div>[39m
                    [36m<div[39m
                      [33mdata-testid[39m=[32m"content-required"[39m
                      [33mstyle[39m=[32m"display: none;"[39m
                    [36m>[39m
                      [0mContent is required[0m
                    [36m</div>[39m
                  [36m</form>[39m
                  [36m<form[39m
                    [33mdata-testid[39m=[32m"meeting-planning-form"[39m
                  [36m>[39m
                    [36m<input[39m
                      [33mdata-testid[39m=[32m"input-meeting-title"[39m
                      [33mplaceholder[39m=[32m"Meeting Title"[39m
                    [36m/>[39m
                    [36m<textarea[39m
                      [33mdata-testid[39m=[32m"textarea-meeting-description"[39m
                      [33mplaceholder[39m=[32m"Description"[39m
                    [36m/>[39m
                    [36m<input[39m
                      [33mdata-testid[39m=[32m"input-meeting-location"[39m
                      [33mplaceholder[39m=[32m"Location"[39m
                    [36m/>[39m
                    [36m<input[39m
                      [33mdata-testid[39m=[32m"input-meeting-date"[39m
                      [33mtype[39m=[32m"datetime-local"[39m
                    [36m/>[39m
                    [36m<input[39m
                      [33mdata-testid[39m=[32m"input-meeting-duration"[39m
                      [33mtype[39m=[32m"number"[39m
                      [33mvalue[39m=[32m"60"[39m
                    [36m/>[39m
                    [36m<select[39m
                      [33mdata-testid[39m=[32m"select-invited-roles"[39m
                    [36m>[39m
                      [36m<option[39m
                        [33mvalue[39m=[32m"all"[39m
                      [36m>[39m
                        [0mall[0m
                      [36m</option>[39m
                      [36m<option[39m
                        [33mvalue[39m=[32m"resident"[39m
                      [36m>[39m
                        [0mresident[0m
                      [36m</option>[39m
                      [36m<option[39m
                        [33mvalue[39m=[32m"manager"[39m
                      [36m>[39m
                        [0mmanager[0m
                      [36m</option>[39m
                      [36m<option[39m
                        [33mvalue[39m=[32m"admin"[39m
                      [36m>[39m
                        [0madmin[0m
                      [36m</option>[39m
                    [36m</select>[39m
                    [36m<button[39m
                      [33mdata-testid[39m=[32m"button-send-meeting-invite"[39m
                      [33mtype[39m=[32m"submit"[39m
                    [36m>[39m
                      [0mSend Meeting Invite[0m
                    [36m</button>[39m
                    [36m<div[39m
                      [33mdata-testid[39m=[32m"meeting-title-required"[39m
                      [33mstyle[39m=[32m"display: none;"[39m
                    [36m>[39m
                      [0mTitle is required[0m
                    [36m</div>[39m
                    [36m<div[39m
                      [33mdata-testid[39m=[32m"meeting-location-required"[39m
                      [33mstyle[39m=[32m"display: none;"[39m
                    [36m>[39m
                      [0mLocation is required[0m
                    [36m</div>[39m
                    [36m<div[39m
                      [33mdata-testid[39m=[32m"meeting-duration-required"[39m
                      [33mstyle[39m=[32m"display: none;"[39m
                    [36m>[39m
                      [0mDuration must be a positive number[0m
                    [36m</div>[39m
                  [36m</form>[39m
                [36m</div>[39m
              [36m</div>[39m
            [36m</div>[39m
          [36m</div>[39m
        [36m</div>[39m
      [36m</div>[39m
    [36m</body>[39m

      550 |       customRender(<MockCommunicationPage />);
      551 |
    > 552 |       await waitFor(() => {
          |                    ^
      553 |         expect(screen.getByTestId('bulk-frequency-select')).toBeInTheDocument();
      554 |       });
      555 |

      at waitForWrapper (node_modules/@testing-library/dom/dist/wait-for.js:163:27)
      at Object.<anonymous> (tests/unit/communication/communication-page.test.tsx:552:20)

  ● Communication Page Test Suite › Notification Preferences Panel › should toggle notification preference enabled state

    expect(jest.fn()).toHaveBeenCalledWith(...expected)

    Expected: "PUT", "/api/communication/preferences", ObjectContaining {"preferences": ArrayContaining [ObjectContaining {"isEnabled": false, "notificationType": "bill_reminder"}]}

    Number of calls: 0

    Ignored nodes: comments, script, style
    [36m<html>[39m
      [36m<head />[39m
      [36m<body>[39m
        [36m<div>[39m
          [36m<div[39m
            [33mdata-testid[39m=[32m"router"[39m
          [36m>[39m
            [36m<div[39m
              [33mdata-testid[39m=[32m"language-provider"[39m
            [36m>[39m
              [36m<div[39m
                [33mdata-testid[39m=[32m"auth-provider"[39m
              [36m>[39m
                [36m<div[39m
                  [33mdata-testid[39m=[32m"mobile-menu-provider"[39m
                [36m>[39m
                  [36m<div[39m
                    [33mdata-testid[39m=[32m"communication-page"[39m
                  [36m>[39m
                    [36m<div[39m
                      [33mdata-testid[39m=[32m"notification-preferences-panel"[39m
                    [36m>[39m
                      [36m<div[39m
                        [33mdata-testid[39m=[32m"preferences-loading"[39m
                      [36m>[39m
                        [0mLoading preferences...[0m
                      [36m</div>[39m
                      [36m<div[39m
                        [33mdata-testid[39m=[32m"bulk-frequency-select"[39m
                      [36m>[39m
                        [36m<select[39m
                          [33mdata-testid[39m=[32m"bulk-frequency-select"[39m
                        [36m>[39m
                          [36m<option[39m
                            [33mvalue[39m=[32m"immediate"[39m
                          [36m>[39m
                            [0mImmediate[0m
                          [36m</option>[39m
                          [36m<option[39m
                            [33mvalue[39m=[32m"weekly"[39m
                          [36m>[39m
                            [0mWeekly[0m
                          [36m</option>[39m
                          [36m<option[39m
                            [33mvalue[39m=[32m"monthly"[39m
                          [36m>[39m
                            [0mMonthly[0m
                          [36m</option>[39m
                        [36m</select>[39m
                      [36m</div>[39m
                      [36m<button[39m
                        [33mdata-testid[39m=[32m"apply-bulk-frequency"[39m
                      [36m>[39m
                        [0mApply Bulk[0m
                      [36m</button>[39m
                      [36m<button[39m
                        [33mdata-testid[39m=[32m"save-preferences"[39m
                      [36m>[39m
                        [0mSave Preferences[0m
                      [36m</button>[39m
                      [36m<button[39m
                        [33mdata-testid[39m=[32m"reset-preferences"[39m
                      [36m>[39m
                        [0mReset Preferences[0m
                      [36m</button>[39m
                      [36m<div[39m
                        [33mdata-testid[39m=[32m"preference-toggle-bill_reminder"[39m
                      [36m>[39m
                        [36m<input[39m
                          [33mchecked[39m=[32m""[39m
                          [33mtype[39m=[32m"checkbox"[39m
                        [36m/>[39m
                      [36m</div>[39m
                      [36m<div>[39m
                        [0mbill_reminder[0m
                      [36m</div>[39m
                      [36m<div>[39m
                        [0mmaintenance_update[0m
                      [36m</div>[39m
                      [36m<div>[39m
                        [0mannouncement[0m
                      [36m</div>[39m
                      [36m<div>[39m
                        [0memergency[0m
                      [36m</div>[39m
                      [36m<div>[39m
                        [0mmeeting_invite[0m
                      [36m</div>[39m
                      [36m<div>[39m
                        [0mpolicy_change[0m
                      [36m</div>[39m
                      [36m<div>[39m
                        [0mseasonal_reminder[0m
                      [36m</div>[39m
                      [36m<select>[39m
                        [36m<option[39m
                          [33mselected[39m=[32m""[39m
                          [33mvalue[39m=[32m"immediate"[39m
                        [36m>[39m
                          [0mimmediate[0m
                        [36m</option>[39m
                        [36m<option[39m
                          [33mvalue[39m=[32m"weekly"[39m
                        [36m>[39m
                          [0mweekly[0m
                        [36m</option>[39m
                        [36m<option[39m
                          [33mvalue[39m=[32m"monthly"[39m
                        [36m>[39m
                          [0mmonthly[0m
                        [36m</option>[39m
                        [36m<option[39m
                          [33mvalue[39m=[32m"quarterly"[39m
                        [36m>[39m
                          [0mquarterly[0m
                        [36m</option>[39m
                      [36m</select>[39m
                    [36m</div>[39m
                    [36m<form[39m
                      [33mdata-testid[39m=[32m"general-communication-form"[39m
                    [36m>[39m
                      [36m<input[39m
                        [33mdata-testid[39m=[32m"input-communication-title"[39m
                        [33mplaceholder[39m=[32m"Title"[39m
                      [36m/>[39m
                      [36m<textarea[39m
                        [33mdata-testid[39m=[32m"textarea-communication-content"[39m
                        [33mplaceholder[39m=[32m"Content"[39m
                      [36m/>[39m
                      [36m<select[39m
                        [33mdata-testid[39m=[32m"select-urgency-level"[39m
                      [36m>[39m
                        [36m<option[39m
                          [33mvalue[39m=[32m"low"[39m
                        [36m>[39m
                          [0mlow[0m
                        [36m</option>[39m
                        [36m<option[39m
                          [33mvalue[39m=[32m"medium"[39m
                        [36m>[39m
                          [0mmedium[0m
                        [36m</option>[39m
                        [36m<option[39m
                          [33mvalue[39m=[32m"high"[39m
                        [36m>[39m
                          [0mhigh[0m
                        [36m</option>[39m
                        [36m<option[39m
                          [33mvalue[39m=[32m"urgent"[39m
                        [36m>[39m
                          [0murgent[0m
                        [36m</option>[39m
                      [36m</select>[39m
                      [36m<select[39m
                        [33mdata-testid[39m=[32m"select-organization"[39m
                      [36m>[39m
                        [36m<option[39m
                          [33mvalue[39m=[32m"org1"[39m
                        [36m>[39m
                          [0mTest Organization 1[0m
                        [36m</option>[39m
                        [36m<option[39m
                          [33mvalue[39m=[32m"org2"[39m
                        [36m>[39m
                          [0mTest Organization 2[0m
                        [36m</option>[39m
                      [36m</select>[39m
                      [36m<select[39m
                        [33mdata-testid[39m=[32m"select-recipient-roles"[39m
                      [36m>[39m
                        [36m<option[39m
                          [33mvalue[39m=[32m"all"[39m
                        [36m>[39m
                          [0mall[0m
                        [36m</option>[39m
                        [36m<option[39m
                          [33mvalue[39m=[32m"resident"[39m
                        [36m>[39m
                          [0mresident[0m
                        [36m</option>[39m
                        [36m<option[39m
                          [33mvalue[39m=[32m"tenant"[39m
                        [36m>[39m
                          [0mtenant[0m
                        [36m</option>[39m
                        [36m<option[39m
                          [33mvalue[39m=[32m"manager"[39m
                        [36m>[39m
                          [0mmanager[0m
                        [36m</option>[39m
                        [36m<option[39m
                          [33mvalue[39m=[32m"admin"[39m
                        [36m>[39m
                          [0madmin[0m
                        [36m</option>[39m
                      [36m</select>[39m
                      [36m<button[39m
                        [33mdata-testid[39m=[32m"button-send-communication"[39m
                        [33mtype[39m=[32m"submit"[39m
                      [36m>[39m
                        [0mSend Communication[0m
                      [36m</button>[39m
                      [36m<div[39m
                        [33mdata-testid[39m=[32m"form-submitting"[39m
                        [33mstyle[39m=[32m"display: none;"[39m
                      [36m>[39m
                        [0mSubmitting...[0m
                      [36m</div>[39m
                      [36m<div[39m
                        [33mdata-testid[39m=[32m"title-required"[39m
                        [33mstyle[39m=[32m"display: none;"[39m
                      [36m>[39m
                        [0mTitle is required[0m
                      [36m</div>[39m
                      [36m<div[39m
                        [33mdata-testid[39m=[32m"content-required"[39m
                        [33mstyle[39m=[32m"display: none;"[39m
                      [36m>[39m
                        [0mContent is required[0m
                      [36m</div>[39m
                    [36m</form>[39m
                    [36m<form[39m
                      [33mdata-testid[39m=[32m"meeting-planning-form"[39m
                    [36m>[39m
                      [36m<input[39m
                        [33mdata-testid[39m=[32m"input-meeting-title"[39m
                        [33mplaceholder[39m=[32m"Meeting Title"[39m
                      [36m/>[39m
                      [36m<textarea[39m
                        [33mdata-testid[39m=[32m"textarea-meeting-description"[39m
                        [33mplaceholder[39m=[32m"Description"[39m
                      [36m/>[39m
                      [36m<input[39m
                        [33mdata-testid[39m=[32m"input-meeting-location"[39m
                        [33mplaceholder[39m=[32m"Location"[39m
                      [36m/>[39m
                      [36m<input[39m
                        [33mdata-testid[39m=[32m"input-meeting-date"[39m
                        [33mtype[39m=[32m"datetime-local"[39m
                      [36m/>[39m
                      [36m<input[39m
                        [33mdata-testid[39m=[32m"input-meeting-duration"[39m
                        [33mtype[39m=[32m"number"[39m
                        [33mvalue[39m=[32m"60"[39m
                      [36m/>[39m
                      [36m<select[39m
                        [33mdata-testid[39m=[32m"select-invited-roles"[39m
                      [36m>[39m
                        [36m<option[39m
                          [33mvalue[39m=[32m"all"[39m
                        [36m>[39m
                          [0mall[0m
                        [36m</option>[39m
                        [36m<option[39m
                          [33mvalue[39m=[32m"resident"[39m
                        [36m>[39m
                          [0mresident[0m
                        [36m</option>[39m
                        [36m<option[39m
                          [33mvalue[39m=[32m"manager"[39m
                        [36m>[39m
                          [0mmanager[0m
                        [36m</option>[39m
                        [36m<option[39m
                          [33mvalue[39m=[32m"admin"[39m
                        [36m>[39m
                          [0madmin[0m
                        [36m</option>[39m
                      [36m</select>[39m
                      [36m<button[39m
                        [33mdata-testid[39m=[32m"button-send-meeting-invite"[39m
                        [33mtype[39m=[32m"submit"[39m
                      [36m>[39m
                        [0mSend Meeting Invite[0m
                      [36m</button>[39m
                      [36m<div[39m
                        [33mdata-testid[39m=[32m"meeting-title-required"[39m
                        [33mstyle[39m=[32m"display: none;"[39m
                      [36m>[39m
                        [0mTitle is required[0m
                      [36m</div>[39m
                      [36m<div[39m
                        [33mdata-testid[39m=[32m"meeting-location-required"[39m
                        [33mstyle[39m=[32m"display: none;"[39m
                      [36m>[39m
                        [0mLocation is required[0m
                      [36m</div>[39m
                      [36m<div[39m
                        [33mdata-testid[39m=[32m"meeting-duration-required"[39m
                        [33mstyle[39m=[32m"display: none;"[39m
                      [36m>[39m
                        [0mDuration must be a positive number[0m
                      [36m</div>[39m
                    [36m</form>[39m
                  [36m</div>[39m
                [36m</div>[39m
              [36m</div>[39m
            [36m</div>[39m
          [36m</div>[39m
        [36m</div>[39m
      [36m</body>[39m
    [36m</html>[39m

      585 |
      586 |       await waitFor(() => {
    > 587 |         expect(mockApiRequest).toHaveBeenCalledWith(
          |                                ^
      588 |           'PUT',
      589 |           '/api/communication/preferences',
      590 |           expect.objectContaining({

      at tests/unit/communication/communication-page.test.tsx:587:32
      at runWithExpensiveErrorDiagnosticsDisabled (node_modules/@testing-library/dom/dist/config.js:47:12)
      at checkCallback (node_modules/@testing-library/dom/dist/wait-for.js:124:77)
      at checkRealTimersCallback (node_modules/@testing-library/dom/dist/wait-for.js:118:16)
      at Timeout.task [as _onTimeout] (node_modules/jsdom/lib/jsdom/browser/Window.js:579:19)

  ● Communication Page Test Suite › Notification Preferences Panel › should save notification preferences

    expect(jest.fn()).toHaveBeenCalledWith(...expected)

    Expected: "PUT", "/api/communication/preferences", ObjectContaining {"preferences": Any<Array>}

    Number of calls: 0

    Ignored nodes: comments, script, style
    [36m<html>[39m
      [36m<head />[39m
      [36m<body>[39m
        [36m<div>[39m
          [36m<div[39m
            [33mdata-testid[39m=[32m"router"[39m
          [36m>[39m
            [36m<div[39m
              [33mdata-testid[39m=[32m"language-provider"[39m
            [36m>[39m
              [36m<div[39m
                [33mdata-testid[39m=[32m"auth-provider"[39m
              [36m>[39m
                [36m<div[39m
                  [33mdata-testid[39m=[32m"mobile-menu-provider"[39m
                [36m>[39m
                  [36m<div[39m
                    [33mdata-testid[39m=[32m"communication-page"[39m
                  [36m>[39m
                    [36m<div[39m
                      [33mdata-testid[39m=[32m"notification-preferences-panel"[39m
                    [36m>[39m
                      [36m<div[39m
                        [33mdata-testid[39m=[32m"preferences-loading"[39m
                      [36m>[39m
                        [0mLoading preferences...[0m
                      [36m</div>[39m
                      [36m<div[39m
                        [33mdata-testid[39m=[32m"bulk-frequency-select"[39m
                      [36m>[39m
                        [36m<select[39m
                          [33mdata-testid[39m=[32m"bulk-frequency-select"[39m
                        [36m>[39m
                          [36m<option[39m
                            [33mvalue[39m=[32m"immediate"[39m
                          [36m>[39m
                            [0mImmediate[0m
                          [36m</option>[39m
                          [36m<option[39m
                            [33mvalue[39m=[32m"weekly"[39m
                          [36m>[39m
                            [0mWeekly[0m
                          [36m</option>[39m
                          [36m<option[39m
                            [33mvalue[39m=[32m"monthly"[39m
                          [36m>[39m
                            [0mMonthly[0m
                          [36m</option>[39m
                        [36m</select>[39m
                      [36m</div>[39m
                      [36m<button[39m
                        [33mdata-testid[39m=[32m"apply-bulk-frequency"[39m
                      [36m>[39m
                        [0mApply Bulk[0m
                      [36m</button>[39m
                      [36m<button[39m
                        [33mdata-testid[39m=[32m"save-preferences"[39m
                      [36m>[39m
                        [0mSave Preferences[0m
                      [36m</button>[39m
                      [36m<button[39m
                        [33mdata-testid[39m=[32m"reset-preferences"[39m
                      [36m>[39m
                        [0mReset Preferences[0m
                      [36m</button>[39m
                      [36m<div[39m
                        [33mdata-testid[39m=[32m"preference-toggle-bill_reminder"[39m
                      [36m>[39m
                        [36m<input[39m
                          [33mchecked[39m=[32m""[39m
                          [33mtype[39m=[32m"checkbox"[39m
                        [36m/>[39m
                      [36m</div>[39m
                      [36m<div>[39m
                        [0mbill_reminder[0m
                      [36m</div>[39m
                      [36m<div>[39m
                        [0mmaintenance_update[0m
                      [36m</div>[39m
                      [36m<div>[39m
                        [0mannouncement[0m
                      [36m</div>[39m
                      [36m<div>[39m
                        [0memergency[0m
                      [36m</div>[39m
                      [36m<div>[39m
                        [0mmeeting_invite[0m
                      [36m</div>[39m
                      [36m<div>[39m
                        [0mpolicy_change[0m
                      [36m</div>[39m
                      [36m<div>[39m
                        [0mseasonal_reminder[0m
                      [36m</div>[39m
                      [36m<select>[39m
                        [36m<option[39m
                          [33mselected[39m=[32m""[39m
                          [33mvalue[39m=[32m"immediate"[39m
                        [36m>[39m
                          [0mimmediate[0m
                        [36m</option>[39m
                        [36m<option[39m
                          [33mvalue[39m=[32m"weekly"[39m
                        [36m>[39m
                          [0mweekly[0m
                        [36m</option>[39m
                        [36m<option[39m
                          [33mvalue[39m=[32m"monthly"[39m
                        [36m>[39m
                          [0mmonthly[0m
                        [36m</option>[39m
                        [36m<option[39m
                          [33mvalue[39m=[32m"quarterly"[39m
                        [36m>[39m
                          [0mquarterly[0m
                        [36m</option>[39m
                      [36m</select>[39m
                    [36m</div>[39m
                    [36m<form[39m
                      [33mdata-testid[39m=[32m"general-communication-form"[39m
                    [36m>[39m
                      [36m<input[39m
                        [33mdata-testid[39m=[32m"input-communication-title"[39m
                        [33mplaceholder[39m=[32m"Title"[39m
                      [36m/>[39m
                      [36m<textarea[39m
                        [33mdata-testid[39m=[32m"textarea-communication-content"[39m
                        [33mplaceholder[39m=[32m"Content"[39m
                      [36m/>[39m
                      [36m<select[39m
                        [33mdata-testid[39m=[32m"select-urgency-level"[39m
                      [36m>[39m
                        [36m<option[39m
                          [33mvalue[39m=[32m"low"[39m
                        [36m>[39m
                          [0mlow[0m
                        [36m</option>[39m
                        [36m<option[39m
                          [33mvalue[39m=[32m"medium"[39m
                        [36m>[39m
                          [0mmedium[0m
                        [36m</option>[39m
                        [36m<option[39m
                          [33mvalue[39m=[32m"high"[39m
                        [36m>[39m
                          [0mhigh[0m
                        [36m</option>[39m
                        [36m<option[39m
                          [33mvalue[39m=[32m"urgent"[39m
                        [36m>[39m
                          [0murgent[0m
                        [36m</option>[39m
                      [36m</select>[39m
                      [36m<select[39m
                        [33mdata-testid[39m=[32m"select-organization"[39m
                      [36m>[39m
                        [36m<option[39m
                          [33mvalue[39m=[32m"org1"[39m
                        [36m>[39m
                          [0mTest Organization 1[0m
                        [36m</option>[39m
                        [36m<option[39m
                          [33mvalue[39m=[32m"org2"[39m
                        [36m>[39m
                          [0mTest Organization 2[0m
                        [36m</option>[39m
                      [36m</select>[39m
                      [36m<select[39m
                        [33mdata-testid[39m=[32m"select-recipient-roles"[39m
                      [36m>[39m
                        [36m<option[39m
                          [33mvalue[39m=[32m"all"[39m
                        [36m>[39m
                          [0mall[0m
                        [36m</option>[39m
                        [36m<option[39m
                          [33mvalue[39m=[32m"resident"[39m
                        [36m>[39m
                          [0mresident[0m
                        [36m</option>[39m
                        [36m<option[39m
                          [33mvalue[39m=[32m"tenant"[39m
                        [36m>[39m
                          [0mtenant[0m
                        [36m</option>[39m
                        [36m<option[39m
                          [33mvalue[39m=[32m"manager"[39m
                        [36m>[39m
                          [0mmanager[0m
                        [36m</option>[39m
                        [36m<option[39m
                          [33mvalue[39m=[32m"admin"[39m
                        [36m>[39m
                          [0madmin[0m
                        [36m</option>[39m
                      [36m</select>[39m
                      [36m<button[39m
                        [33mdata-testid[39m=[32m"button-send-communication"[39m
                        [33mtype[39m=[32m"submit"[39m
                      [36m>[39m
                        [0mSend Communication[0m
                      [36m</button>[39m
                      [36m<div[39m
                        [33mdata-testid[39m=[32m"form-submitting"[39m
                        [33mstyle[39m=[32m"display: none;"[39m
                      [36m>[39m
                        [0mSubmitting...[0m
                      [36m</div>[39m
                      [36m<div[39m
                        [33mdata-testid[39m=[32m"title-required"[39m
                        [33mstyle[39m=[32m"display: none;"[39m
                      [36m>[39m
                        [0mTitle is required[0m
                      [36m</div>[39m
                      [36m<div[39m
                        [33mdata-testid[39m=[32m"content-required"[39m
                        [33mstyle[39m=[32m"display: none;"[39m
                      [36m>[39m
                        [0mContent is required[0m
                      [36m</div>[39m
                    [36m</form>[39m
                    [36m<form[39m
                      [33mdata-testid[39m=[32m"meeting-planning-form"[39m
                    [36m>[39m
                      [36m<input[39m
                        [33mdata-testid[39m=[32m"input-meeting-title"[39m
                        [33mplaceholder[39m=[32m"Meeting Title"[39m
                      [36m/>[39m
                      [36m<textarea[39m
                        [33mdata-testid[39m=[32m"textarea-meeting-description"[39m
                        [33mplaceholder[39m=[32m"Description"[39m
                      [36m/>[39m
                      [36m<input[39m
                        [33mdata-testid[39m=[32m"input-meeting-location"[39m
                        [33mplaceholder[39m=[32m"Location"[39m
                      [36m/>[39m
                      [36m<input[39m
                        [33mdata-testid[39m=[32m"input-meeting-date"[39m
                        [33mtype[39m=[32m"datetime-local"[39m
                      [36m/>[39m
                      [36m<input[39m
                        [33mdata-testid[39m=[32m"input-meeting-duration"[39m
                        [33mtype[39m=[32m"number"[39m
                        [33mvalue[39m=[32m"60"[39m
                      [36m/>[39m
                      [36m<select[39m
                        [33mdata-testid[39m=[32m"select-invited-roles"[39m
                      [36m>[39m
                        [36m<option[39m
                          [33mvalue[39m=[32m"all"[39m
                        [36m>[39m
                          [0mall[0m
                        [36m</option>[39m
                        [36m<option[39m
                          [33mvalue[39m=[32m"resident"[39m
                        [36m>[39m
                          [0mresident[0m
                        [36m</option>[39m
                        [36m<option[39m
                          [33mvalue[39m=[32m"manager"[39m
                        [36m>[39m
                          [0mmanager[0m
                        [36m</option>[39m
                        [36m<option[39m
                          [33mvalue[39m=[32m"admin"[39m
                        [36m>[39m
                          [0madmin[0m
                        [36m</option>[39m
                      [36m</select>[39m
                      [36m<button[39m
                        [33mdata-testid[39m=[32m"button-send-meeting-invite"[39m
                        [33mtype[39m=[32m"submit"[39m
                      [36m>[39m
                        [0mSend Meeting Invite[0m
                      [36m</button>[39m
                      [36m<div[39m
                        [33mdata-testid[39m=[32m"meeting-title-required"[39m
                        [33mstyle[39m=[32m"display: none;"[39m
                      [36m>[39m
                        [0mTitle is required[0m
                      [36m</div>[39m
                      [36m<div[39m
                        [33mdata-testid[39m=[32m"meeting-location-required"[39m
                        [33mstyle[39m=[32m"display: none;"[39m
                      [36m>[39m
                        [0mLocation is required[0m
                      [36m</div>[39m
                      [36m<div[39m
                        [33mdata-testid[39m=[32m"meeting-duration-required"[39m
                        [33mstyle[39m=[32m"display: none;"[39m
                      [36m>[39m
                        [0mDuration must be a positive number[0m
                      [36m</div>[39m
                    [36m</form>[39m
                  [36m</div>[39m
                [36m</div>[39m
              [36m</div>[39m
            [36m</div>[39m
          [36m</div>[39m
        [36m</div>[39m
      [36m</body>[39m
    [36m</html>[39m

      612 |
      613 |       await waitFor(() => {
    > 614 |         expect(mockApiRequest).toHaveBeenCalledWith(
          |                                ^
      615 |           'PUT',
      616 |           '/api/communication/preferences',
      617 |           expect.objectContaining({

      at tests/unit/communication/communication-page.test.tsx:614:32
      at runWithExpensiveErrorDiagnosticsDisabled (node_modules/@testing-library/dom/dist/config.js:47:12)
      at checkCallback (node_modules/@testing-library/dom/dist/wait-for.js:124:77)
      at checkRealTimersCallback (node_modules/@testing-library/dom/dist/wait-for.js:118:16)
      at Timeout.task [as _onTimeout] (node_modules/jsdom/lib/jsdom/browser/Window.js:579:19)

  ● Communication Page Test Suite › Notification Preferences Panel › should reset notification preferences

    expect(jest.fn()).toHaveBeenCalledWith(...expected)

    Expected: "GET", "/api/communication/preferences"

    Number of calls: 0

    Ignored nodes: comments, script, style
    [36m<html>[39m
      [36m<head />[39m
      [36m<body>[39m
        [36m<div>[39m
          [36m<div[39m
            [33mdata-testid[39m=[32m"router"[39m
          [36m>[39m
            [36m<div[39m
              [33mdata-testid[39m=[32m"language-provider"[39m
            [36m>[39m
              [36m<div[39m
                [33mdata-testid[39m=[32m"auth-provider"[39m
              [36m>[39m
                [36m<div[39m
                  [33mdata-testid[39m=[32m"mobile-menu-provider"[39m
                [36m>[39m
                  [36m<div[39m
                    [33mdata-testid[39m=[32m"communication-page"[39m
                  [36m>[39m
                    [36m<div[39m
                      [33mdata-testid[39m=[32m"notification-preferences-panel"[39m
                    [36m>[39m
                      [36m<div[39m
                        [33mdata-testid[39m=[32m"preferences-loading"[39m
                      [36m>[39m
                        [0mLoading preferences...[0m
                      [36m</div>[39m
                      [36m<div[39m
                        [33mdata-testid[39m=[32m"bulk-frequency-select"[39m
                      [36m>[39m
                        [36m<select[39m
                          [33mdata-testid[39m=[32m"bulk-frequency-select"[39m
                        [36m>[39m
                          [36m<option[39m
                            [33mvalue[39m=[32m"immediate"[39m
                          [36m>[39m
                            [0mImmediate[0m
                          [36m</option>[39m
                          [36m<option[39m
                            [33mvalue[39m=[32m"weekly"[39m
                          [36m>[39m
                            [0mWeekly[0m
                          [36m</option>[39m
                          [36m<option[39m
                            [33mvalue[39m=[32m"monthly"[39m
                          [36m>[39m
                            [0mMonthly[0m
                          [36m</option>[39m
                        [36m</select>[39m
                      [36m</div>[39m
                      [36m<button[39m
                        [33mdata-testid[39m=[32m"apply-bulk-frequency"[39m
                      [36m>[39m
                        [0mApply Bulk[0m
                      [36m</button>[39m
                      [36m<button[39m
                        [33mdata-testid[39m=[32m"save-preferences"[39m
                      [36m>[39m
                        [0mSave Preferences[0m
                      [36m</button>[39m
                      [36m<button[39m
                        [33mdata-testid[39m=[32m"reset-preferences"[39m
                      [36m>[39m
                        [0mReset Preferences[0m
                      [36m</button>[39m
                      [36m<div[39m
                        [33mdata-testid[39m=[32m"preference-toggle-bill_reminder"[39m
                      [36m>[39m
                        [36m<input[39m
                          [33mchecked[39m=[32m""[39m
                          [33mtype[39m=[32m"checkbox"[39m
                        [36m/>[39m
                      [36m</div>[39m
                      [36m<div>[39m
                        [0mbill_reminder[0m
                      [36m</div>[39m
                      [36m<div>[39m
                        [0mmaintenance_update[0m
                      [36m</div>[39m
                      [36m<div>[39m
                        [0mannouncement[0m
                      [36m</div>[39m
                      [36m<div>[39m
                        [0memergency[0m
                      [36m</div>[39m
                      [36m<div>[39m
                        [0mmeeting_invite[0m
                      [36m</div>[39m
                      [36m<div>[39m
                        [0mpolicy_change[0m
                      [36m</div>[39m
                      [36m<div>[39m
                        [0mseasonal_reminder[0m
                      [36m</div>[39m
                      [36m<select>[39m
                        [36m<option[39m
                          [33mselected[39m=[32m""[39m
                          [33mvalue[39m=[32m"immediate"[39m
                        [36m>[39m
                          [0mimmediate[0m
                        [36m</option>[39m
                        [36m<option[39m
                          [33mvalue[39m=[32m"weekly"[39m
                        [36m>[39m
                          [0mweekly[0m
                        [36m</option>[39m
                        [36m<option[39m
                          [33mvalue[39m=[32m"monthly"[39m
                        [36m>[39m
                          [0mmonthly[0m
                        [36m</option>[39m
                        [36m<option[39m
                          [33mvalue[39m=[32m"quarterly"[39m
                        [36m>[39m
                          [0mquarterly[0m
                        [36m</option>[39m
                      [36m</select>[39m
                    [36m</div>[39m
                    [36m<form[39m
                      [33mdata-testid[39m=[32m"general-communication-form"[39m
                    [36m>[39m
                      [36m<input[39m
                        [33mdata-testid[39m=[32m"input-communication-title"[39m
                        [33mplaceholder[39m=[32m"Title"[39m
                      [36m/>[39m
                      [36m<textarea[39m
                        [33mdata-testid[39m=[32m"textarea-communication-content"[39m
                        [33mplaceholder[39m=[32m"Content"[39m
                      [36m/>[39m
                      [36m<select[39m
                        [33mdata-testid[39m=[32m"select-urgency-level"[39m
                      [36m>[39m
                        [36m<option[39m
                          [33mvalue[39m=[32m"low"[39m
                        [36m>[39m
                          [0mlow[0m
                        [36m</option>[39m
                        [36m<option[39m
                          [33mvalue[39m=[32m"medium"[39m
                        [36m>[39m
                          [0mmedium[0m
                        [36m</option>[39m
                        [36m<option[39m
                          [33mvalue[39m=[32m"high"[39m
                        [36m>[39m
                          [0mhigh[0m
                        [36m</option>[39m
                        [36m<option[39m
                          [33mvalue[39m=[32m"urgent"[39m
                        [36m>[39m
                          [0murgent[0m
                        [36m</option>[39m
                      [36m</select>[39m
                      [36m<select[39m
                        [33mdata-testid[39m=[32m"select-organization"[39m
                      [36m>[39m
                        [36m<option[39m
                          [33mvalue[39m=[32m"org1"[39m
                        [36m>[39m
                          [0mTest Organization 1[0m
                        [36m</option>[39m
                        [36m<option[39m
                          [33mvalue[39m=[32m"org2"[39m
                        [36m>[39m
                          [0mTest Organization 2[0m
                        [36m</option>[39m
                      [36m</select>[39m
                      [36m<select[39m
                        [33mdata-testid[39m=[32m"select-recipient-roles"[39m
                      [36m>[39m
                        [36m<option[39m
                          [33mvalue[39m=[32m"all"[39m
                        [36m>[39m
                          [0mall[0m
                        [36m</option>[39m
                        [36m<option[39m
                          [33mvalue[39m=[32m"resident"[39m
                        [36m>[39m
                          [0mresident[0m
                        [36m</option>[39m
                        [36m<option[39m
                          [33mvalue[39m=[32m"tenant"[39m
                        [36m>[39m
                          [0mtenant[0m
                        [36m</option>[39m
                        [36m<option[39m
                          [33mvalue[39m=[32m"manager"[39m
                        [36m>[39m
                          [0mmanager[0m
                        [36m</option>[39m
                        [36m<option[39m
                          [33mvalue[39m=[32m"admin"[39m
                        [36m>[39m
                          [0madmin[0m
                        [36m</option>[39m
                      [36m</select>[39m
                      [36m<button[39m
                        [33mdata-testid[39m=[32m"button-send-communication"[39m
                        [33mtype[39m=[32m"submit"[39m
                      [36m>[39m
                        [0mSend Communication[0m
                      [36m</button>[39m
                      [36m<div[39m
                        [33mdata-testid[39m=[32m"form-submitting"[39m
                        [33mstyle[39m=[32m"display: none;"[39m
                      [36m>[39m
                        [0mSubmitting...[0m
                      [36m</div>[39m
                      [36m<div[39m
                        [33mdata-testid[39m=[32m"title-required"[39m
                        [33mstyle[39m=[32m"display: none;"[39m
                      [36m>[39m
                        [0mTitle is required[0m
                      [36m</div>[39m
                      [36m<div[39m
                        [33mdata-testid[39m=[32m"content-required"[39m
                        [33mstyle[39m=[32m"display: none;"[39m
                      [36m>[39m
                        [0mContent is required[0m
                      [36m</div>[39m
                    [36m</form>[39m
                    [36m<form[39m
                      [33mdata-testid[39m=[32m"meeting-planning-form"[39m
                    [36m>[39m
                      [36m<input[39m
                        [33mdata-testid[39m=[32m"input-meeting-title"[39m
                        [33mplaceholder[39m=[32m"Meeting Title"[39m
                      [36m/>[39m
                      [36m<textarea[39m
                        [33mdata-testid[39m=[32m"textarea-meeting-description"[39m
                        [33mplaceholder[39m=[32m"Description"[39m
                      [36m/>[39m
                      [36m<input[39m
                        [33mdata-testid[39m=[32m"input-meeting-location"[39m
                        [33mplaceholder[39m=[32m"Location"[39m
                      [36m/>[39m
                      [36m<input[39m
                        [33mdata-testid[39m=[32m"input-meeting-date"[39m
                        [33mtype[39m=[32m"datetime-local"[39m
                      [36m/>[39m
                      [36m<input[39m
                        [33mdata-testid[39m=[32m"input-meeting-duration"[39m
                        [33mtype[39m=[32m"number"[39m
                        [33mvalue[39m=[32m"60"[39m
                      [36m/>[39m
                      [36m<select[39m
                        [33mdata-testid[39m=[32m"select-invited-roles"[39m
                      [36m>[39m
                        [36m<option[39m
                          [33mvalue[39m=[32m"all"[39m
                        [36m>[39m
                          [0mall[0m
                        [36m</option>[39m
                        [36m<option[39m
                          [33mvalue[39m=[32m"resident"[39m
                        [36m>[39m
                          [0mresident[0m
                        [36m</option>[39m
                        [36m<option[39m
                          [33mvalue[39m=[32m"manager"[39m
                        [36m>[39m
                          [0mmanager[0m
                        [36m</option>[39m
                        [36m<option[39m
                          [33mvalue[39m=[32m"admin"[39m
                        [36m>[39m
                          [0madmin[0m
                        [36m</option>[39m
                      [36m</select>[39m
                      [36m<button[39m
                        [33mdata-testid[39m=[32m"button-send-meeting-invite"[39m
                        [33mtype[39m=[32m"submit"[39m
                      [36m>[39m
                        [0mSend Meeting Invite[0m
                      [36m</button>[39m
                      [36m<div[39m
                        [33mdata-testid[39m=[32m"meeting-title-required"[39m
                        [33mstyle[39m=[32m"display: none;"[39m
                      [36m>[39m
                        [0mTitle is required[0m
                      [36m</div>[39m
                      [36m<div[39m
                        [33mdata-testid[39m=[32m"meeting-location-required"[39m
                        [33mstyle[39m=[32m"display: none;"[39m
                      [36m>[39m
                        [0mLocation is required[0m
                      [36m</div>[39m
                      [36m<div[39m
                        [33mdata-testid[39m=[32m"meeting-duration-required"[39m
                        [33mstyle[39m=[32m"display: none;"[39m
                      [36m>[39m
                        [0mDuration must be a positive number[0m
                      [36m</div>[39m
                    [36m</form>[39m
                  [36m</div>[39m
                [36m</div>[39m
              [36m</div>[39m
            [36m</div>[39m
          [36m</div>[39m
        [36m</div>[39m
      [36m</body>[39m
    [36m</html>[39m

      640 |       // Should reload preferences from API
      641 |       await waitFor(() => {
    > 642 |         expect(mockApiRequest).toHaveBeenCalledWith('GET', '/api/communication/preferences');
          |                                ^
      643 |       });
      644 |     });
      645 |

      at tests/unit/communication/communication-page.test.tsx:642:32
      at runWithExpensiveErrorDiagnosticsDisabled (node_modules/@testing-library/dom/dist/config.js:47:12)
      at checkCallback (node_modules/@testing-library/dom/dist/wait-for.js:124:77)
      at checkRealTimersCallback (node_modules/@testing-library/dom/dist/wait-for.js:118:16)
      at Timeout.task [as _onTimeout] (node_modules/jsdom/lib/jsdom/browser/Window.js:579:19)

  ● Communication Page Test Suite › Notification Preferences Panel › should handle notification preferences API error

    expect(jest.fn()).toHaveBeenCalledWith(...expected)

    Expected: ObjectContaining {"title": StringContaining "error", "variant": "destructive"}

    Number of calls: 0

    Ignored nodes: comments, script, style
    [36m<html>[39m
      [36m<head />[39m
      [36m<body>[39m
        [36m<div>[39m
          [36m<div[39m
            [33mdata-testid[39m=[32m"router"[39m
          [36m>[39m
            [36m<div[39m
              [33mdata-testid[39m=[32m"language-provider"[39m
            [36m>[39m
              [36m<div[39m
                [33mdata-testid[39m=[32m"auth-provider"[39m
              [36m>[39m
                [36m<div[39m
                  [33mdata-testid[39m=[32m"mobile-menu-provider"[39m
                [36m>[39m
                  [36m<div[39m
                    [33mdata-testid[39m=[32m"communication-page"[39m
                  [36m>[39m
                    [36m<div[39m
                      [33mdata-testid[39m=[32m"notification-preferences-panel"[39m
                    [36m>[39m
                      [36m<div[39m
                        [33mdata-testid[39m=[32m"preferences-loading"[39m
                      [36m>[39m
                        [0mLoading preferences...[0m
                      [36m</div>[39m
                      [36m<div[39m
                        [33mdata-testid[39m=[32m"bulk-frequency-select"[39m
                      [36m>[39m
                        [36m<select[39m
                          [33mdata-testid[39m=[32m"bulk-frequency-select"[39m
                        [36m>[39m
                          [36m<option[39m
                            [33mvalue[39m=[32m"immediate"[39m
                          [36m>[39m
                            [0mImmediate[0m
                          [36m</option>[39m
                          [36m<option[39m
                            [33mvalue[39m=[32m"weekly"[39m
                          [36m>[39m
                            [0mWeekly[0m
                          [36m</option>[39m
                          [36m<option[39m
                            [33mvalue[39m=[32m"monthly"[39m
                          [36m>[39m
                            [0mMonthly[0m
                          [36m</option>[39m
                        [36m</select>[39m
                      [36m</div>[39m
                      [36m<button[39m
                        [33mdata-testid[39m=[32m"apply-bulk-frequency"[39m
                      [36m>[39m
                        [0mApply Bulk[0m
                      [36m</button>[39m
                      [36m<button[39m
                        [33mdata-testid[39m=[32m"save-preferences"[39m
                      [36m>[39m
                        [0mSave Preferences[0m
                      [36m</button>[39m
                      [36m<button[39m
                        [33mdata-testid[39m=[32m"reset-preferences"[39m
                      [36m>[39m
                        [0mReset Preferences[0m
                      [36m</button>[39m
                      [36m<div[39m
                        [33mdata-testid[39m=[32m"preference-toggle-bill_reminder"[39m
                      [36m>[39m
                        [36m<input[39m
                          [33mchecked[39m=[32m""[39m
                          [33mtype[39m=[32m"checkbox"[39m
                        [36m/>[39m
                      [36m</div>[39m
                      [36m<div>[39m
                        [0mbill_reminder[0m
                      [36m</div>[39m
                      [36m<div>[39m
                        [0mmaintenance_update[0m
                      [36m</div>[39m
                      [36m<div>[39m
                        [0mannouncement[0m
                      [36m</div>[39m
                      [36m<div>[39m
                        [0memergency[0m
                      [36m</div>[39m
                      [36m<div>[39m
                        [0mmeeting_invite[0m
                      [36m</div>[39m
                      [36m<div>[39m
                        [0mpolicy_change[0m
                      [36m</div>[39m
                      [36m<div>[39m
                        [0mseasonal_reminder[0m
                      [36m</div>[39m
                      [36m<select>[39m
                        [36m<option[39m
                          [33mselected[39m=[32m""[39m
                          [33mvalue[39m=[32m"immediate"[39m
                        [36m>[39m
                          [0mimmediate[0m
                        [36m</option>[39m
                        [36m<option[39m
                          [33mvalue[39m=[32m"weekly"[39m
                        [36m>[39m
                          [0mweekly[0m
                        [36m</option>[39m
                        [36m<option[39m
                          [33mvalue[39m=[32m"monthly"[39m
                        [36m>[39m
                          [0mmonthly[0m
                        [36m</option>[39m
                        [36m<option[39m
                          [33mvalue[39m=[32m"quarterly"[39m
                        [36m>[39m
                          [0mquarterly[0m
                        [36m</option>[39m
                      [36m</select>[39m
                    [36m</div>[39m
                    [36m<form[39m
                      [33mdata-testid[39m=[32m"general-communication-form"[39m
                    [36m>[39m
                      [36m<input[39m
                        [33mdata-testid[39m=[32m"input-communication-title"[39m
                        [33mplaceholder[39m=[32m"Title"[39m
                      [36m/>[39m
                      [36m<textarea[39m
                        [33mdata-testid[39m=[32m"textarea-communication-content"[39m
                        [33mplaceholder[39m=[32m"Content"[39m
                      [36m/>[39m
                      [36m<select[39m
                        [33mdata-testid[39m=[32m"select-urgency-level"[39m
                      [36m>[39m
                        [36m<option[39m
                          [33mvalue[39m=[32m"low"[39m
                        [36m>[39m
                          [0mlow[0m
                        [36m</option>[39m
                        [36m<option[39m
                          [33mvalue[39m=[32m"medium"[39m
                        [36m>[39m
                          [0mmedium[0m
                        [36m</option>[39m
                        [36m<option[39m
                          [33mvalue[39m=[32m"high"[39m
                        [36m>[39m
                          [0mhigh[0m
                        [36m</option>[39m
                        [36m<option[39m
                          [33mvalue[39m=[32m"urgent"[39m
                        [36m>[39m
                          [0murgent[0m
                        [36m</option>[39m
                      [36m</select>[39m
                      [36m<select[39m
                        [33mdata-testid[39m=[32m"select-organization"[39m
                      [36m>[39m
                        [36m<option[39m
                          [33mvalue[39m=[32m"org1"[39m
                        [36m>[39m
                          [0mTest Organization 1[0m
                        [36m</option>[39m
                        [36m<option[39m
                          [33mvalue[39m=[32m"org2"[39m
                        [36m>[39m
                          [0mTest Organization 2[0m
                        [36m</option>[39m
                      [36m</select>[39m
                      [36m<select[39m
                        [33mdata-testid[39m=[32m"select-recipient-roles"[39m
                      [36m>[39m
                        [36m<option[39m
                          [33mvalue[39m=[32m"all"[39m
                        [36m>[39m
                          [0mall[0m
                        [36m</option>[39m
                        [36m<option[39m
                          [33mvalue[39m=[32m"resident"[39m
                        [36m>[39m
                          [0mresident[0m
                        [36m</option>[39m
                        [36m<option[39m
                          [33mvalue[39m=[32m"tenant"[39m
                        [36m>[39m
                          [0mtenant[0m
                        [36m</option>[39m
                        [36m<option[39m
                          [33mvalue[39m=[32m"manager"[39m
                        [36m>[39m
                          [0mmanager[0m
                        [36m</option>[39m
                        [36m<option[39m
                          [33mvalue[39m=[32m"admin"[39m
                        [36m>[39m
                          [0madmin[0m
                        [36m</option>[39m
                      [36m</select>[39m
                      [36m<button[39m
                        [33mdata-testid[39m=[32m"button-send-communication"[39m
                        [33mtype[39m=[32m"submit"[39m
                      [36m>[39m
                        [0mSend Communication[0m
                      [36m</button>[39m
                      [36m<div[39m
                        [33mdata-testid[39m=[32m"form-submitting"[39m
                        [33mstyle[39m=[32m"display: none;"[39m
                      [36m>[39m
                        [0mSubmitting...[0m
                      [36m</div>[39m
                      [36m<div[39m
                        [33mdata-testid[39m=[32m"title-required"[39m
                        [33mstyle[39m=[32m"display: none;"[39m
                      [36m>[39m
                        [0mTitle is required[0m
                      [36m</div>[39m
                      [36m<div[39m
                        [33mdata-testid[39m=[32m"content-required"[39m
                        [33mstyle[39m=[32m"display: none;"[39m
                      [36m>[39m
                        [0mContent is required[0m
                      [36m</div>[39m
                    [36m</form>[39m
                    [36m<form[39m
                      [33mdata-testid[39m=[32m"meeting-planning-form"[39m
                    [36m>[39m
                      [36m<input[39m
                        [33mdata-testid[39m=[32m"input-meeting-title"[39m
                        [33mplaceholder[39m=[32m"Meeting Title"[39m
                      [36m/>[39m
                      [36m<textarea[39m
                        [33mdata-testid[39m=[32m"textarea-meeting-description"[39m
                        [33mplaceholder[39m=[32m"Description"[39m
                      [36m/>[39m
                      [36m<input[39m
                        [33mdata-testid[39m=[32m"input-meeting-location"[39m
                        [33mplaceholder[39m=[32m"Location"[39m
                      [36m/>[39m
                      [36m<input[39m
                        [33mdata-testid[39m=[32m"input-meeting-date"[39m
                        [33mtype[39m=[32m"datetime-local"[39m
                      [36m/>[39m
                      [36m<input[39m
                        [33mdata-testid[39m=[32m"input-meeting-duration"[39m
                        [33mtype[39m=[32m"number"[39m
                        [33mvalue[39m=[32m"60"[39m
                      [36m/>[39m
                      [36m<select[39m
                        [33mdata-testid[39m=[32m"select-invited-roles"[39m
                      [36m>[39m
                        [36m<option[39m
                          [33mvalue[39m=[32m"all"[39m
                        [36m>[39m
                          [0mall[0m
                        [36m</option>[39m
                        [36m<option[39m
                          [33mvalue[39m=[32m"resident"[39m
                        [36m>[39m
                          [0mresident[0m
                        [36m</option>[39m
                        [36m<option[39m
                          [33mvalue[39m=[32m"manager"[39m
                        [36m>[39m
                          [0mmanager[0m
                        [36m</option>[39m
                        [36m<option[39m
                          [33mvalue[39m=[32m"admin"[39m
                        [36m>[39m
                          [0madmin[0m
                        [36m</option>[39m
                      [36m</select>[39m
                      [36m<button[39m
                        [33mdata-testid[39m=[32m"button-send-meeting-invite"[39m
                        [33mtype[39m=[32m"submit"[39m
                      [36m>[39m
                        [0mSend Meeting Invite[0m
                      [36m</button>[39m
                      [36m<div[39m
                        [33mdata-testid[39m=[32m"meeting-title-required"[39m
                        [33mstyle[39m=[32m"display: none;"[39m
                      [36m>[39m
                        [0mTitle is required[0m
                      [36m</div>[39m
                      [36m<div[39m
                        [33mdata-testid[39m=[32m"meeting-location-required"[39m
                        [33mstyle[39m=[32m"display: none;"[39m
                      [36m>[39m
                        [0mLocation is required[0m
                      [36m</div>[39m
                      [36m<div[39m
                        [33mdata-testid[39m=[32m"meeting-duration-required"[39m
                        [33mstyle[39m=[32m"display: none;"[39m
                      [36m>[39m
                        [0mDuration must be a positive number[0m
                      [36m</div>[39m
                    [36m</form>[39m
                  [36m</div>[39m
                [36m</div>[39m
              [36m</div>[39m
            [36m</div>[39m
          [36m</div>[39m
        [36m</div>[39m
      [36m</body>[39m
    [36m</html>[39m

      650 |
      651 |       await waitFor(() => {
    > 652 |         expect(mockToast).toHaveBeenCalledWith(
          |                           ^
      653 |           expect.objectContaining({
      654 |             title: expect.stringContaining('error'),
      655 |             variant: 'destructive'

      at tests/unit/communication/communication-page.test.tsx:652:27
      at runWithExpensiveErrorDiagnosticsDisabled (node_modules/@testing-library/dom/dist/config.js:47:12)
      at checkCallback (node_modules/@testing-library/dom/dist/wait-for.js:124:77)
      at checkRealTimersCallback (node_modules/@testing-library/dom/dist/wait-for.js:118:16)
      at Timeout.task [as _onTimeout] (node_modules/jsdom/lib/jsdom/browser/Window.js:579:19)

  ● Communication Page Test Suite › General Communication Form › should submit general communication form with correct data

    expect(jest.fn()).toHaveBeenCalledWith(...expected)

    Expected: "POST", "/api/communication/general", ObjectContaining {"content": "This is a test communication message.", "createdBy": "123e4567-e89b-12d3-a456-426614174000", "isUrgent": true, "organizationId": "123e4567-e89b-12d3-a456-426614174001", "title": "Test Communication Title"}
    Received: "POST", "/api/communication/general"

    Number of calls: 1

    Ignored nodes: comments, script, style
    [36m<html>[39m
      [36m<head />[39m
      [36m<body>[39m
        [36m<div>[39m
          [36m<div[39m
            [33mdata-testid[39m=[32m"router"[39m
          [36m>[39m
            [36m<div[39m
              [33mdata-testid[39m=[32m"language-provider"[39m
            [36m>[39m
              [36m<div[39m
                [33mdata-testid[39m=[32m"auth-provider"[39m
              [36m>[39m
                [36m<div[39m
                  [33mdata-testid[39m=[32m"mobile-menu-provider"[39m
                [36m>[39m
                  [36m<div[39m
                    [33mdata-testid[39m=[32m"communication-page"[39m
                  [36m>[39m
                    [36m<div[39m
                      [33mdata-testid[39m=[32m"notification-preferences-panel"[39m
                    [36m>[39m
                      [36m<div[39m
                        [33mdata-testid[39m=[32m"preferences-loading"[39m
                      [36m>[39m
                        [0mLoading preferences...[0m
                      [36m</div>[39m
                      [36m<div[39m
                        [33mdata-testid[39m=[32m"bulk-frequency-select"[39m
                      [36m>[39m
                        [36m<select[39m
                          [33mdata-testid[39m=[32m"bulk-frequency-select"[39m
                        [36m>[39m
                          [36m<option[39m
                            [33mvalue[39m=[32m"immediate"[39m
                          [36m>[39m
                            [0mImmediate[0m
                          [36m</option>[39m
                          [36m<option[39m
                            [33mvalue[39m=[32m"weekly"[39m
                          [36m>[39m
                            [0mWeekly[0m
                          [36m</option>[39m
                          [36m<option[39m
                            [33mvalue[39m=[32m"monthly"[39m
                          [36m>[39m
                            [0mMonthly[0m
                          [36m</option>[39m
                        [36m</select>[39m
                      [36m</div>[39m
                      [36m<button[39m
                        [33mdata-testid[39m=[32m"apply-bulk-frequency"[39m
                      [36m>[39m
                        [0mApply Bulk[0m
                      [36m</button>[39m
                      [36m<button[39m
                        [33mdata-testid[39m=[32m"save-preferences"[39m
                      [36m>[39m
                        [0mSave Preferences[0m
                      [36m</button>[39m
                      [36m<button[39m
                        [33mdata-testid[39m=[32m"reset-preferences"[39m
                      [36m>[39m
                        [0mReset Preferences[0m
                      [36m</button>[39m
                      [36m<div[39m
                        [33mdata-testid[39m=[32m"preference-toggle-bill_reminder"[39m
                      [36m>[39m
                        [36m<input[39m
                          [33mchecked[39m=[32m""[39m
                          [33mtype[39m=[32m"checkbox"[39m
                        [36m/>[39m
                      [36m</div>[39m
                      [36m<div>[39m
                        [0mbill_reminder[0m
                      [36m</div>[39m
                      [36m<div>[39m
                        [0mmaintenance_update[0m
                      [36m</div>[39m
                      [36m<div>[39m
                        [0mannouncement[0m
                      [36m</div>[39m
                      [36m<div>[39m
                        [0memergency[0m
                      [36m</div>[39m
                      [36m<div>[39m
                        [0mmeeting_invite[0m
                      [36m</div>[39m
                      [36m<div>[39m
                        [0mpolicy_change[0m
                      [36m</div>[39m
                      [36m<div>[39m
                        [0mseasonal_reminder[0m
                      [36m</div>[39m
                      [36m<select>[39m
                        [36m<option[39m
                          [33mselected[39m=[32m""[39m
                          [33mvalue[39m=[32m"immediate"[39m
                        [36m>[39m
                          [0mimmediate[0m
                        [36m</option>[39m
                        [36m<option[39m
                          [33mvalue[39m=[32m"weekly"[39m
                        [36m>[39m
                          [0mweekly[0m
                        [36m</option>[39m
                        [36m<option[39m
                          [33mvalue[39m=[32m"monthly"[39m
                        [36m>[39m
                          [0mmonthly[0m
                        [36m</option>[39m
                        [36m<option[39m
                          [33mvalue[39m=[32m"quarterly"[39m
                        [36m>[39m
                          [0mquarterly[0m
                        [36m</option>[39m
                      [36m</select>[39m
                    [36m</div>[39m
                    [36m<form[39m
                      [33mdata-testid[39m=[32m"general-communication-form"[39m
                    [36m>[39m
                      [36m<input[39m
                        [33mdata-testid[39m=[32m"input-communication-title"[39m
                        [33mplaceholder[39m=[32m"Title"[39m
                      [36m/>[39m
                      [36m<textarea[39m
                        [33mdata-testid[39m=[32m"textarea-communication-content"[39m
                        [33mplaceholder[39m=[32m"Content"[39m
                      [36m/>[39m
                      [36m<select[39m
                        [33mdata-testid[39m=[32m"select-urgency-level"[39m
                      [36m>[39m
                        [36m<option[39m
                          [33mvalue[39m=[32m"low"[39m
                        [36m>[39m
                          [0mlow[0m
                        [36m</option>[39m
                        [36m<option[39m
                          [33mvalue[39m=[32m"medium"[39m
                        [36m>[39m
                          [0mmedium[0m
                        [36m</option>[39m
                        [36m<option[39m
                          [33mvalue[39m=[32m"high"[39m
                        [36m>[39m
                          [0mhigh[0m
                        [36m</option>[39m
                        [36m<option[39m
                          [33mvalue[39m=[32m"urgent"[39m
                        [36m>[39m
                          [0murgent[0m
                        [36m</option>[39m
                      [36m</select>[39m
                      [36m<select[39m
                        [33mdata-testid[39m=[32m"select-organization"[39m
                      [36m>[39m
                        [36m<option[39m
                          [33mvalue[39m=[32m"org1"[39m
                        [36m>[39m
                          [0mTest Organization 1[0m
                        [36m</option>[39m
                        [36m<option[39m
                          [33mvalue[39m=[32m"org2"[39m
                        [36m>[39m
                          [0mTest Organization 2[0m
                        [36m</option>[39m
                      [36m</select>[39m
                      [36m<select[39m
                        [33mdata-testid[39m=[32m"select-recipient-roles"[39m
                      [36m>[39m
                        [36m<option[39m
                          [33mvalue[39m=[32m"all"[39m
                        [36m>[39m
                          [0mall[0m
                        [36m</option>[39m
                        [36m<option[39m
                          [33mvalue[39m=[32m"resident"[39m
                        [36m>[39m
                          [0mresident[0m
                        [36m</option>[39m
                        [36m<option[39m
                          [33mvalue[39m=[32m"tenant"[39m
                        [36m>[39m
                          [0mtenant[0m
                        [36m</option>[39m
                        [36m<option[39m
                          [33mvalue[39m=[32m"manager"[39m
                        [36m>[39m
                          [0mmanager[0m
                        [36m</option>[39m
                        [36m<option[39m
                          [33mvalue[39m=[32m"admin"[39m
                        [36m>[39m
                          [0madmin[0m
                        [36m</option>[39m
                      [36m</select>[39m
                      [36m<button[39m
                        [33mdata-testid[39m=[32m"button-send-communication"[39m
                        [33mtype[39m=[32m"submit"[39m
                      [36m>[39m
                        [0mSend Communication[0m
                      [36m</button>[39m
                      [36m<div[39m
                        [33mdata-testid[39m=[32m"form-submitting"[39m
                        [33mstyle[39m=[32m"display: none;"[39m
                      [36m>[39m
                        [0mSubmitting...[0m
                      [36m</div>[39m
                      [36m<div[39m
                        [33mdata-testid[39m=[32m"title-required"[39m
                        [33mstyle[39m=[32m"display: none;"[39m
                      [36m>[39m
                        [0mTitle is required[0m
                      [36m</div>[39m
                      [36m<div[39m
                        [33mdata-testid[39m=[32m"content-required"[39m
                        [33mstyle[39m=[32m"display: none;"[39m
                      [36m>[39m
                        [0mContent is required[0m
                      [36m</div>[39m
                    [36m</form>[39m
                    [36m<form[39m
                      [33mdata-testid[39m=[32m"meeting-planning-form"[39m
                    [36m>[39m
                      [36m<input[39m
                        [33mdata-testid[39m=[32m"input-meeting-title"[39m
                        [33mplaceholder[39m=[32m"Meeting Title"[39m
                      [36m/>[39m
                      [36m<textarea[39m
                        [33mdata-testid[39m=[32m"textarea-meeting-description"[39m
                        [33mplaceholder[39m=[32m"Description"[39m
                      [36m/>[39m
                      [36m<input[39m
                        [33mdata-testid[39m=[32m"input-meeting-location"[39m
                        [33mplaceholder[39m=[32m"Location"[39m
                      [36m/>[39m
                      [36m<input[39m
                        [33mdata-testid[39m=[32m"input-meeting-date"[39m
                        [33mtype[39m=[32m"datetime-local"[39m
                      [36m/>[39m
                      [36m<input[39m
                        [33mdata-testid[39m=[32m"input-meeting-duration"[39m
                        [33mtype[39m=[32m"number"[39m
                        [33mvalue[39m=[32m"60"[39m
                      [36m/>[39m
                      [36m<select[39m
                        [33mdata-testid[39m=[32m"select-invited-roles"[39m
                      [36m>[39m
                        [36m<option[39m
                          [33mvalue[39m=[32m"all"[39m
                        [36m>[39m
                          [0mall[0m
                        [36m</option>[39m
                        [36m<option[39m
                          [33mvalue[39m=[32m"resident"[39m
                        [36m>[39m
                          [0mresident[0m
                        [36m</option>[39m
                        [36m<option[39m
                          [33mvalue[39m=[32m"manager"[39m
                        [36m>[39m
                          [0mmanager[0m
                        [36m</option>[39m
                        [36m<option[39m
                          [33mvalue[39m=[32m"admin"[39m
                        [36m>[39m
                          [0madmin[0m
                        [36m</option>[39m
                      [36m</select>[39m
                      [36m<button[39m
                        [33mdata-testid[39m=[32m"button-send-meeting-invite"[39m
                        [33mtype[39m=[32m"submit"[39m
                      [36m>[39m
                        [0mSend Meeting Invite[0m
                      [36m</button>[39m
                      [36m<div[39m
                        [33mdata-testid[39m=[32m"meeting-title-required"[39m
                        [33mstyle[39m=[32m"display: none;"[39m
                      [36m>[39m
                        [0mTitle is required[0m
                      [36m</div>[39m
                      [36m<div[39m
                        [33mdata-testid[39m=[32m"meeting-location-required"[39m
                        [33mstyle[39m=[32m"display: none;"[39m
                      [36m>[39m
                        [0mLocation is required[0m
                      [36m</div>[39m
                      [36m<div[39m
                        [33mdata-testid[39m=[32m"meeting-duration-required"[39m
                        [33mstyle[39m=[32m"display: none;"[39m
                      [36m>[39m
                        [0mDuration must be a positive number[0m
                      [36m</div>[39m
                    [36m</form>[39m
                  [36m</div>[39m
                [36m</div>[39m
              [36m</div>[39m
            [36m</div>[39m
          [36m</div>[39m
        [36m</div>[39m
      [36m</body>[39m
    [36m</html>[39m

      737 |
      738 |       await waitFor(() => {
    > 739 |         expect(mockApiRequest).toHaveBeenCalledWith(
          |                                ^
      740 |           'POST',
      741 |           '/api/communication/general',
      742 |           expect.objectContaining({

      at tests/unit/communication/communication-page.test.tsx:739:32
      at runWithExpensiveErrorDiagnosticsDisabled (node_modules/@testing-library/dom/dist/config.js:47:12)
      at checkCallback (node_modules/@testing-library/dom/dist/wait-for.js:124:77)
      at checkRealTimersCallback (node_modules/@testing-library/dom/dist/wait-for.js:118:16)
      at Timeout.task [as _onTimeout] (node_modules/jsdom/lib/jsdom/browser/Window.js:579:19)

  ● Communication Page Test Suite › General Communication Form › should handle organization filtering

    expect(jest.fn()).toHaveBeenCalledWith(...expected)

    Expected: "GET", "/api/organizations"

    Number of calls: 0

    Ignored nodes: comments, script, style
    [36m<html>[39m
      [36m<head />[39m
      [36m<body>[39m
        [36m<div>[39m
          [36m<div[39m
            [33mdata-testid[39m=[32m"router"[39m
          [36m>[39m
            [36m<div[39m
              [33mdata-testid[39m=[32m"language-provider"[39m
            [36m>[39m
              [36m<div[39m
                [33mdata-testid[39m=[32m"auth-provider"[39m
              [36m>[39m
                [36m<div[39m
                  [33mdata-testid[39m=[32m"mobile-menu-provider"[39m
                [36m>[39m
                  [36m<div[39m
                    [33mdata-testid[39m=[32m"communication-page"[39m
                  [36m>[39m
                    [36m<div[39m
                      [33mdata-testid[39m=[32m"notification-preferences-panel"[39m
                    [36m>[39m
                      [36m<div[39m
                        [33mdata-testid[39m=[32m"preferences-loading"[39m
                      [36m>[39m
                        [0mLoading preferences...[0m
                      [36m</div>[39m
                      [36m<div[39m
                        [33mdata-testid[39m=[32m"bulk-frequency-select"[39m
                      [36m>[39m
                        [36m<select[39m
                          [33mdata-testid[39m=[32m"bulk-frequency-select"[39m
                        [36m>[39m
                          [36m<option[39m
                            [33mvalue[39m=[32m"immediate"[39m
                          [36m>[39m
                            [0mImmediate[0m
                          [36m</option>[39m
                          [36m<option[39m
                            [33mvalue[39m=[32m"weekly"[39m
                          [36m>[39m
                            [0mWeekly[0m
                          [36m</option>[39m
                          [36m<option[39m
                            [33mvalue[39m=[32m"monthly"[39m
                          [36m>[39m
                            [0mMonthly[0m
                          [36m</option>[39m
                        [36m</select>[39m
                      [36m</div>[39m
                      [36m<button[39m
                        [33mdata-testid[39m=[32m"apply-bulk-frequency"[39m
                      [36m>[39m
                        [0mApply Bulk[0m
                      [36m</button>[39m
                      [36m<button[39m
                        [33mdata-testid[39m=[32m"save-preferences"[39m
                      [36m>[39m
                        [0mSave Preferences[0m
                      [36m</button>[39m
                      [36m<button[39m
                        [33mdata-testid[39m=[32m"reset-preferences"[39m
                      [36m>[39m
                        [0mReset Preferences[0m
                      [36m</button>[39m
                      [36m<div[39m
                        [33mdata-testid[39m=[32m"preference-toggle-bill_reminder"[39m
                      [36m>[39m
                        [36m<input[39m
                          [33mchecked[39m=[32m""[39m
                          [33mtype[39m=[32m"checkbox"[39m
                        [36m/>[39m
                      [36m</div>[39m
                      [36m<div>[39m
                        [0mbill_reminder[0m
                      [36m</div>[39m
                      [36m<div>[39m
                        [0mmaintenance_update[0m
                      [36m</div>[39m
                      [36m<div>[39m
                        [0mannouncement[0m
                      [36m</div>[39m
                      [36m<div>[39m
                        [0memergency[0m
                      [36m</div>[39m
                      [36m<div>[39m
                        [0mmeeting_invite[0m
                      [36m</div>[39m
                      [36m<div>[39m
                        [0mpolicy_change[0m
                      [36m</div>[39m
                      [36m<div>[39m
                        [0mseasonal_reminder[0m
                      [36m</div>[39m
                      [36m<select>[39m
                        [36m<option[39m
                          [33mselected[39m=[32m""[39m
                          [33mvalue[39m=[32m"immediate"[39m
                        [36m>[39m
                          [0mimmediate[0m
                        [36m</option>[39m
                        [36m<option[39m
                          [33mvalue[39m=[32m"weekly"[39m
                        [36m>[39m
                          [0mweekly[0m
                        [36m</option>[39m
                        [36m<option[39m
                          [33mvalue[39m=[32m"monthly"[39m
                        [36m>[39m
                          [0mmonthly[0m
                        [36m</option>[39m
                        [36m<option[39m
                          [33mvalue[39m=[32m"quarterly"[39m
                        [36m>[39m
                          [0mquarterly[0m
                        [36m</option>[39m
                      [36m</select>[39m
                    [36m</div>[39m
                    [36m<form[39m
                      [33mdata-testid[39m=[32m"general-communication-form"[39m
                    [36m>[39m
                      [36m<input[39m
                        [33mdata-testid[39m=[32m"input-communication-title"[39m
                        [33mplaceholder[39m=[32m"Title"[39m
                      [36m/>[39m
                      [36m<textarea[39m
                        [33mdata-testid[39m=[32m"textarea-communication-content"[39m
                        [33mplaceholder[39m=[32m"Content"[39m
                      [36m/>[39m
                      [36m<select[39m
                        [33mdata-testid[39m=[32m"select-urgency-level"[39m
                      [36m>[39m
                        [36m<option[39m
                          [33mvalue[39m=[32m"low"[39m
                        [36m>[39m
                          [0mlow[0m
                        [36m</option>[39m
                        [36m<option[39m
                          [33mvalue[39m=[32m"medium"[39m
                        [36m>[39m
                          [0mmedium[0m
                        [36m</option>[39m
                        [36m<option[39m
                          [33mvalue[39m=[32m"high"[39m
                        [36m>[39m
                          [0mhigh[0m
                        [36m</option>[39m
                        [36m<option[39m
                          [33mvalue[39m=[32m"urgent"[39m
                        [36m>[39m
                          [0murgent[0m
                        [36m</option>[39m
                      [36m</select>[39m
                      [36m<select[39m
                        [33mdata-testid[39m=[32m"select-organization"[39m
                      [36m>[39m
                        [36m<option[39m
                          [33mvalue[39m=[32m"org1"[39m
                        [36m>[39m
                          [0mTest Organization 1[0m
                        [36m</option>[39m
                        [36m<option[39m
                          [33mvalue[39m=[32m"org2"[39m
                        [36m>[39m
                          [0mTest Organization 2[0m
                        [36m</option>[39m
                      [36m</select>[39m
                      [36m<select[39m
                        [33mdata-testid[39m=[32m"select-recipient-roles"[39m
                      [36m>[39m
                        [36m<option[39m
                          [33mvalue[39m=[32m"all"[39m
                        [36m>[39m
                          [0mall[0m
                        [36m</option>[39m
                        [36m<option[39m
                          [33mvalue[39m=[32m"resident"[39m
                        [36m>[39m
                          [0mresident[0m
                        [36m</option>[39m
                        [36m<option[39m
                          [33mvalue[39m=[32m"tenant"[39m
                        [36m>[39m
                          [0mtenant[0m
                        [36m</option>[39m
                        [36m<option[39m
                          [33mvalue[39m=[32m"manager"[39m
                        [36m>[39m
                          [0mmanager[0m
                        [36m</option>[39m
                        [36m<option[39m
                          [33mvalue[39m=[32m"admin"[39m
                        [36m>[39m
                          [0madmin[0m
                        [36m</option>[39m
                      [36m</select>[39m
                      [36m<button[39m
                        [33mdata-testid[39m=[32m"button-send-communication"[39m
                        [33mtype[39m=[32m"submit"[39m
                      [36m>[39m
                        [0mSend Communication[0m
                      [36m</button>[39m
                      [36m<div[39m
                        [33mdata-testid[39m=[32m"form-submitting"[39m
                        [33mstyle[39m=[32m"display: none;"[39m
                      [36m>[39m
                        [0mSubmitting...[0m
                      [36m</div>[39m
                      [36m<div[39m
                        [33mdata-testid[39m=[32m"title-required"[39m
                        [33mstyle[39m=[32m"display: none;"[39m
                      [36m>[39m
                        [0mTitle is required[0m
                      [36m</div>[39m
                      [36m<div[39m
                        [33mdata-testid[39m=[32m"content-required"[39m
                        [33mstyle[39m=[32m"display: none;"[39m
                      [36m>[39m
                        [0mContent is required[0m
                      [36m</div>[39m
                    [36m</form>[39m
                    [36m<form[39m
                      [33mdata-testid[39m=[32m"meeting-planning-form"[39m
                    [36m>[39m
                      [36m<input[39m
                        [33mdata-testid[39m=[32m"input-meeting-title"[39m
                        [33mplaceholder[39m=[32m"Meeting Title"[39m
                      [36m/>[39m
                      [36m<textarea[39m
                        [33mdata-testid[39m=[32m"textarea-meeting-description"[39m
                        [33mplaceholder[39m=[32m"Description"[39m
                      [36m/>[39m
                      [36m<input[39m
                        [33mdata-testid[39m=[32m"input-meeting-location"[39m
                        [33mplaceholder[39m=[32m"Location"[39m
                      [36m/>[39m
                      [36m<input[39m
                        [33mdata-testid[39m=[32m"input-meeting-date"[39m
                        [33mtype[39m=[32m"datetime-local"[39m
                      [36m/>[39m
                      [36m<input[39m
                        [33mdata-testid[39m=[32m"input-meeting-duration"[39m
                        [33mtype[39m=[32m"number"[39m
                        [33mvalue[39m=[32m"60"[39m
                      [36m/>[39m
                      [36m<select[39m
                        [33mdata-testid[39m=[32m"select-invited-roles"[39m
                      [36m>[39m
                        [36m<option[39m
                          [33mvalue[39m=[32m"all"[39m
                        [36m>[39m
                          [0mall[0m
                        [36m</option>[39m
                        [36m<option[39m
                          [33mvalue[39m=[32m"resident"[39m
                        [36m>[39m
                          [0mresident[0m
                        [36m</option>[39m
                        [36m<option[39m
                          [33mvalue[39m=[32m"manager"[39m
                        [36m>[39m
                          [0mmanager[0m
                        [36m</option>[39m
                        [36m<option[39m
                          [33mvalue[39m=[32m"admin"[39m
                        [36m>[39m
                          [0madmin[0m
                        [36m</option>[39m
                      [36m</select>[39m
                      [36m<button[39m
                        [33mdata-testid[39m=[32m"button-send-meeting-invite"[39m
                        [33mtype[39m=[32m"submit"[39m
                      [36m>[39m
                        [0mSend Meeting Invite[0m
                      [36m</button>[39m
                      [36m<div[39m
                        [33mdata-testid[39m=[32m"meeting-title-required"[39m
                        [33mstyle[39m=[32m"display: none;"[39m
                      [36m>[39m
                        [0mTitle is required[0m
                      [36m</div>[39m
                      [36m<div[39m
                        [33mdata-testid[39m=[32m"meeting-location-required"[39m
                        [33mstyle[39m=[32m"display: none;"[39m
                      [36m>[39m
                        [0mLocation is required[0m
                      [36m</div>[39m
                      [36m<div[39m
                        [33mdata-testid[39m=[32m"meeting-duration-required"[39m
                        [33mstyle[39m=[32m"display: none;"[39m
                      [36m>[39m
                        [0mDuration must be a positive number[0m
                      [36m</div>[39m
                    [36m</form>[39m
                  [36m</div>[39m
                [36m</div>[39m
              [36m</div>[39m
            [36m</div>[39m
          [36m</div>[39m
        [36m</div>[39m
      [36m</body>[39m
    [36m</html>[39m

      760 |
      761 |       await waitFor(() => {
    > 762 |         expect(mockApiRequest).toHaveBeenCalledWith('GET', '/api/organizations');
          |                                ^
      763 |       });
      764 |
      765 |       // Should display organization selector for multi-org users

      at tests/unit/communication/communication-page.test.tsx:762:32
      at runWithExpensiveErrorDiagnosticsDisabled (node_modules/@testing-library/dom/dist/config.js:47:12)
      at checkCallback (node_modules/@testing-library/dom/dist/wait-for.js:124:77)
      at checkRealTimersCallback (node_modules/@testing-library/dom/dist/wait-for.js:118:16)
      at Timeout.task [as _onTimeout] (node_modules/jsdom/lib/jsdom/browser/Window.js:579:19)

  ● Communication Page Test Suite › General Communication Form › should handle recipient role selection

    TestingLibraryElementError: Found multiple elements with the text: all

    Here are the matching elements:

    Ignored nodes: comments, script, style
    [36m<option[39m
      [33mvalue[39m=[32m"all"[39m
    [36m>[39m
      [0mall[0m
    [36m</option>[39m

    Ignored nodes: comments, script, style
    [36m<option[39m
      [33mvalue[39m=[32m"all"[39m
    [36m>[39m
      [0mall[0m
    [36m</option>[39m

    (If this is intentional, then use the `*AllBy*` variant of the query (like `queryAllByText`, `getAllByText`, or `findAllByText`)).

    Ignored nodes: comments, script, style
    [36m<body>[39m
      [36m<div>[39m
        [36m<div[39m
          [33mdata-testid[39m=[32m"router"[39m
        [36m>[39m
          [36m<div[39m
            [33mdata-testid[39m=[32m"language-provider"[39m
          [36m>[39m
            [36m<div[39m
              [33mdata-testid[39m=[32m"auth-provider"[39m
            [36m>[39m
              [36m<div[39m
                [33mdata-testid[39m=[32m"mobile-menu-provider"[39m
              [36m>[39m
                [36m<div[39m
                  [33mdata-testid[39m=[32m"communication-page"[39m
                [36m>[39m
                  [36m<div[39m
                    [33mdata-testid[39m=[32m"notification-preferences-panel"[39m
                  [36m>[39m
                    [36m<div[39m
                      [33mdata-testid[39m=[32m"preferences-loading"[39m
                    [36m>[39m
                      [0mLoading preferences...[0m
                    [36m</div>[39m
                    [36m<div[39m
                      [33mdata-testid[39m=[32m"bulk-frequency-select"[39m
                    [36m>[39m
                      [36m<select[39m
                        [33mdata-testid[39m=[32m"bulk-frequency-select"[39m
                      [36m>[39m
                        [36m<option[39m
                          [33mvalue[39m=[32m"immediate"[39m
                        [36m>[39m
                          [0mImmediate[0m
                        [36m</option>[39m
                        [36m<option[39m
                          [33mvalue[39m=[32m"weekly"[39m
                        [36m>[39m
                          [0mWeekly[0m
                        [36m</option>[39m
                        [36m<option[39m
                          [33mvalue[39m=[32m"monthly"[39m
                        [36m>[39m
                          [0mMonthly[0m
                        [36m</option>[39m
                      [36m</select>[39m
                    [36m</div>[39m
                    [36m<button[39m
                      [33mdata-testid[39m=[32m"apply-bulk-frequency"[39m
                    [36m>[39m
                      [0mApply Bulk[0m
                    [36m</button>[39m
                    [36m<button[39m
                      [33mdata-testid[39m=[32m"save-preferences"[39m
                    [36m>[39m
                      [0mSave Preferences[0m
                    [36m</button>[39m
                    [36m<button[39m
                      [33mdata-testid[39m=[32m"reset-preferences"[39m
                    [36m>[39m
                      [0mReset Preferences[0m
                    [36m</button>[39m
                    [36m<div[39m
                      [33mdata-testid[39m=[32m"preference-toggle-bill_reminder"[39m
                    [36m>[39m
                      [36m<input[39m
                        [33mchecked[39m=[32m""[39m
                        [33mtype[39m=[32m"checkbox"[39m
                      [36m/>[39m
                    [36m</div>[39m
                    [36m<div>[39m
                      [0mbill_reminder[0m
                    [36m</div>[39m
                    [36m<div>[39m
                      [0mmaintenance_update[0m
                    [36m</div>[39m
                    [36m<div>[39m
                      [0mannouncement[0m
                    [36m</div>[39m
                    [36m<div>[39m
                      [0memergency[0m
                    [36m</div>[39m
                    [36m<div>[39m
                      [0mmeeting_invite[0m
                    [36m</div>[39m
                    [36m<div>[39m
                      [0mpolicy_change[0m
                    [36m</div>[39m
                    [36m<div>[39m
                      [0mseasonal_reminder[0m
                    [36m</div>[39m
                    [36m<select>[39m
                      [36m<option[39m
                        [33mselected[39m=[32m""[39m
                        [33mvalue[39m=[32m"immediate"[39m
                      [36m>[39m
                        [0mimmediate[0m
                      [36m</option>[39m
                      [36m<option[39m
                        [33mvalue[39m=[32m"weekly"[39m
                      [36m>[39m
                        [0mweekly[0m
                      [36m</option>[39m
                      [36m<option[39m
                        [33mvalue[39m=[32m"monthly"[39m
                      [36m>[39m
                        [0mmonthly[0m
                      [36m</option>[39m
                      [36m<option[39m
                        [33mvalue[39m=[32m"quarterly"[39m
                      [36m>[39m
                        [0mquarterly[0m
                      [36m</option>[39m
                    [36m</select>[39m
                  [36m</div>[39m
                  [36m<form[39m
                    [33mdata-testid[39m=[32m"general-communication-form"[39m
                  [36m>[39m
                    [36m<input[39m
                      [33mdata-testid[39m=[32m"input-communication-title"[39m
                      [33mplaceholder[39m=[32m"Title"[39m
                    [36m/>[39m
                    [36m<textarea[39m
                      [33mdata-testid[39m=[32m"textarea-communication-content"[39m
                      [33mplaceholder[39m=[32m"Content"[39m
                    [36m/>[39m
                    [36m<select[39m
                      [33mdata-testid[39m=[32m"select-urgency-level"[39m
                    [36m>[39m
                      [36m<option[39m
                        [33mvalue[39m=[32m"low"[39m
                      [36m>[39m
                        [0mlow[0m
                      [36m</option>[39m
                      [36m<option[39m
                        [33mvalue[39m=[32m"medium"[39m
                      [36m>[39m
                        [0mmedium[0m
                      [36m</option>[39m
                      [36m<option[39m
                        [33mvalue[39m=[32m"high"[39m
                      [36m>[39m
                        [0mhigh[0m
                      [36m</option>[39m
                      [36m<option[39m
                        [33mvalue[39m=[32m"urgent"[39m
                      [36m>[39m
                        [0murgent[0m
                      [36m</option>[39m
                    [36m</select>[39m
                    [36m<select[39m
                      [33mdata-testid[39m=[32m"select-organization"[39m
                    [36m>[39m
                      [36m<option[39m
                        [33mvalue[39m=[32m"org1"[39m
                      [36m>[39m
                        [0mTest Organization 1[0m
                      [36m</option>[39m
                      [36m<option[39m
                        [33mvalue[39m=[32m"org2"[39m
                      [36m>[39m
                        [0mTest Organization 2[0m
                      [36m</option>[39m
                    [36m</select>[39m
                    [36m<select[39m
                      [33mdata-testid[39m=[32m"select-recipient-roles"[39m
                    [36m>[39m
                      [36m<option[39m
                        [33mvalue[39m=[32m"all"[39m
                      [36m>[39m
                        [0mall[0m
                      [36m</option>[39m
                      [36m<option[39m
                        [33mvalue[39m=[32m"resident"[39m
                      [36m>[39m
                        [0mresident[0m
                      [36m</option>[39m
                      [36m<option[39m
                        [33mvalue[39m=[32m"tenant"[39m
                      [36m>[39m
                        [0mtenant[0m
                      [36m</option>[39m
                      [36m<option[39m
                        [33mvalue[39m=[32m"manager"[39m
                      [36m>[39m
                        [0mmanager[0m
                      [36m</option>[39m
                      [36m<option[39m
                        [33mvalue[39m=[32m"admin"[39m
                      [36m>[39m
                        [0madmin[0m
                      [36m</option>[39m
                    [36m</select>[39m
                    [36m<button[39m
                      [33mdata-testid[39m=[32m"button-send-communication"[39m
                      [33mtype[39m=[32m"submit"[39m
                    [36m>[39m
                      [0mSend Communication[0m
                    [36m</button>[39m
                    [36m<div[39m
                      [33mdata-testid[39m=[32m"form-submitting"[39m
                      [33mstyle[39m=[32m"display: none;"[39m
                    [36m>[39m
                      [0mSubmitting...[0m
                    [36m</div>[39m
                    [36m<div[39m
                      [33mdata-testid[39m=[32m"title-required"[39m
                      [33mstyle[39m=[32m"display: none;"[39m
                    [36m>[39m
                      [0mTitle is required[0m
                    [36m</div>[39m
                    [36m<div[39m
                      [33mdata-testid[39m=[32m"content-required"[39m
                      [33mstyle[39m=[32m"display: none;"[39m
                    [36m>[39m
                      [0mContent is required[0m
                    [36m</div>[39m
                  [36m</form>[39m
                  [36m<form[39m
                    [33mdata-testid[39m=[32m"meeting-planning-form"[39m
                  [36m>[39m
                    [36m<input[39m
                      [33mdata-testid[39m=[32m"input-meeting-title"[39m
                      [33mplaceholder[39m=[32m"Meeting Title"[39m
                    [36m/>[39m
                    [36m<textarea[39m
                      [33mdata-testid[39m=[32m"textarea-meeting-description"[39m
                      [33mplaceholder[39m=[32m"Description"[39m
                    [36m/>[39m
                    [36m<input[39m
                      [33mdata-testid[39m=[32m"input-meeting-location"[39m
                      [33mplaceholder[39m=[32m"Location"[39m
                    [36m/>[39m
                    [36m<input[39m
                      [33mdata-testid[39m=[32m"input-meeting-date"[39m
                      [33mtype[39m=[32m"datetime-local"[39m
                    [36m/>[39m
                    [36m<input[39m
                      [33mdata-testid[39m=[32m"input-meeting-duration"[39m
                      [33mtype[39m=[32m"number"[39m
                      [33mvalue[39m=[32m"60"[39m
                    [36m/>[39m
                    [36m<select[39m
                      [33mdata-testid[39m=[32m"select-invited-roles"[39m
                    [36m>[39m
                      [36m<option[39m
                        [33mvalue[39m=[32m"all"[39m
                      [36m>[39m
                        [0mall[0m
                      [36m</option>[39m
                      [36m<option[39m
                        [33mvalue[39m=[32m"resident"[39m
                      [36m>[39m
                        [0mresident[0m
                      [36m</option>[39m
                      [36m<option[39m
                        [33mvalue[39m=[32m"manager"[39m
                      [36m>[39m
                        [0mmanager[0m
                      [36m</option>[39m
                      [36m<option[39m
                        [33mvalue[39m=[32m"admin"[39m
                      [36m>[39m
                        [0madmin[0m
                      [36m</option>[39m
                    [36m</select>[39m
                    [36m<button[39m
                      [33mdata-testid[39m=[32m"button-send-meeting-invite"[39m
                      [33mtype[39m=[32m"submit"[39m
                    [36m>[39m
                      [0mSend Meeting Invite[0m
                    [36m</button>[39m
                    [36m<div[39m
                      [33mdata-testid[39m=[32m"meeting-title-required"[39m
                      [33mstyle[39m=[32m"display: none;"[39m
                    [36m>[39m
                      [0mTitle is required[0m
                    [36m</div>[39m
                    [36m<div[39m
                      [33mdata-testid[39m=[32m"meeting-location-required"[39m
                      [33mstyle[39m=[32m"display: none;"[39m
                    [36m>[39m
                      [0mLocation is required[0m
                    [36m</div>[39m
                    [36m<div[39m
                      [33mdata-testid[39m=[32m"meeting-duration-required"[39m
                      [33mstyle[39m=[32m"display: none;"[39m
                    [36m>[39m
                      [0mDuration must be a positive number[0m
                    [36m</div>[39m
                  [36m</form>[39m
                [36m</div>[39m
              [36m</div>[39m
            [36m</div>[39m
          [36m</div>[39m
        [36m</div>[39m
      [36m</div>[39m
    [36m</body>[39m

      778 |       await userEvent.click(recipientSelect);
      779 |
    > 780 |       expect(screen.getByText('all')).toBeInTheDocument();
          |                     ^
      781 |       expect(screen.getByText('resident')).toBeInTheDocument();
      782 |       expect(screen.getByText('tenant')).toBeInTheDocument();
      783 |       expect(screen.getByText('manager')).toBeInTheDocument();

      at Object.getElementError (node_modules/@testing-library/dom/dist/config.js:37:19)
      at getElementError (node_modules/@testing-library/dom/dist/query-helpers.js:20:35)
      at getMultipleElementsFoundError (node_modules/@testing-library/dom/dist/query-helpers.js:23:10)
      at node_modules/@testing-library/dom/dist/query-helpers.js:55:13
      at node_modules/@testing-library/dom/dist/query-helpers.js:95:19
      at Object.<anonymous> (tests/unit/communication/communication-page.test.tsx:780:21)

  ● Communication Page Test Suite › Meeting Planning Form › should submit meeting invitation with correct data

    expect(jest.fn()).toHaveBeenCalledWith(...expected)

    Expected: "POST", "/api/communication/meetings", ObjectContaining {"createdBy": "123e4567-e89b-12d3-a456-426614174000", "description": "Monthly board meeting discussion", "duration": 120, "location": "Conference Room A", "organizationId": "123e4567-e89b-12d3-a456-426614174001", "title": "Board Meeting"}
    Received: "POST", "/api/communication/meetings"

    Number of calls: 1

    Ignored nodes: comments, script, style
    [36m<html>[39m
      [36m<head />[39m
      [36m<body>[39m
        [36m<div>[39m
          [36m<div[39m
            [33mdata-testid[39m=[32m"router"[39m
          [36m>[39m
            [36m<div[39m
              [33mdata-testid[39m=[32m"language-provider"[39m
            [36m>[39m
              [36m<div[39m
                [33mdata-testid[39m=[32m"auth-provider"[39m
              [36m>[39m
                [36m<div[39m
                  [33mdata-testid[39m=[32m"mobile-menu-provider"[39m
                [36m>[39m
                  [36m<div[39m
                    [33mdata-testid[39m=[32m"communication-page"[39m
                  [36m>[39m
                    [36m<div[39m
                      [33mdata-testid[39m=[32m"notification-preferences-panel"[39m
                    [36m>[39m
                      [36m<div[39m
                        [33mdata-testid[39m=[32m"preferences-loading"[39m
                      [36m>[39m
                        [0mLoading preferences...[0m
                      [36m</div>[39m
                      [36m<div[39m
                        [33mdata-testid[39m=[32m"bulk-frequency-select"[39m
                      [36m>[39m
                        [36m<select[39m
                          [33mdata-testid[39m=[32m"bulk-frequency-select"[39m
                        [36m>[39m
                          [36m<option[39m
                            [33mvalue[39m=[32m"immediate"[39m
                          [36m>[39m
                            [0mImmediate[0m
                          [36m</option>[39m
                          [36m<option[39m
                            [33mvalue[39m=[32m"weekly"[39m
                          [36m>[39m
                            [0mWeekly[0m
                          [36m</option>[39m
                          [36m<option[39m
                            [33mvalue[39m=[32m"monthly"[39m
                          [36m>[39m
                            [0mMonthly[0m
                          [36m</option>[39m
                        [36m</select>[39m
                      [36m</div>[39m
                      [36m<button[39m
                        [33mdata-testid[39m=[32m"apply-bulk-frequency"[39m
                      [36m>[39m
                        [0mApply Bulk[0m
                      [36m</button>[39m
                      [36m<button[39m
                        [33mdata-testid[39m=[32m"save-preferences"[39m
                      [36m>[39m
                        [0mSave Preferences[0m
                      [36m</button>[39m
                      [36m<button[39m
                        [33mdata-testid[39m=[32m"reset-preferences"[39m
                      [36m>[39m
                        [0mReset Preferences[0m
                      [36m</button>[39m
                      [36m<div[39m
                        [33mdata-testid[39m=[32m"preference-toggle-bill_reminder"[39m
                      [36m>[39m
                        [36m<input[39m
                          [33mchecked[39m=[32m""[39m
                          [33mtype[39m=[32m"checkbox"[39m
                        [36m/>[39m
                      [36m</div>[39m
                      [36m<div>[39m
                        [0mbill_reminder[0m
                      [36m</div>[39m
                      [36m<div>[39m
                        [0mmaintenance_update[0m
                      [36m</div>[39m
                      [36m<div>[39m
                        [0mannouncement[0m
                      [36m</div>[39m
                      [36m<div>[39m
                        [0memergency[0m
                      [36m</div>[39m
                      [36m<div>[39m
                        [0mmeeting_invite[0m
                      [36m</div>[39m
                      [36m<div>[39m
                        [0mpolicy_change[0m
                      [36m</div>[39m
                      [36m<div>[39m
                        [0mseasonal_reminder[0m
                      [36m</div>[39m
                      [36m<select>[39m
                        [36m<option[39m
                          [33mselected[39m=[32m""[39m
                          [33mvalue[39m=[32m"immediate"[39m
                        [36m>[39m
                          [0mimmediate[0m
                        [36m</option>[39m
                        [36m<option[39m
                          [33mvalue[39m=[32m"weekly"[39m
                        [36m>[39m
                          [0mweekly[0m
                        [36m</option>[39m
                        [36m<option[39m
                          [33mvalue[39m=[32m"monthly"[39m
                        [36m>[39m
                          [0mmonthly[0m
                        [36m</option>[39m
                        [36m<option[39m
                          [33mvalue[39m=[32m"quarterly"[39m
                        [36m>[39m
                          [0mquarterly[0m
                        [36m</option>[39m
                      [36m</select>[39m
                    [36m</div>[39m
                    [36m<form[39m
                      [33mdata-testid[39m=[32m"general-communication-form"[39m
                    [36m>[39m
                      [36m<input[39m
                        [33mdata-testid[39m=[32m"input-communication-title"[39m
                        [33mplaceholder[39m=[32m"Title"[39m
                      [36m/>[39m
                      [36m<textarea[39m
                        [33mdata-testid[39m=[32m"textarea-communication-content"[39m
                        [33mplaceholder[39m=[32m"Content"[39m
                      [36m/>[39m
                      [36m<select[39m
                        [33mdata-testid[39m=[32m"select-urgency-level"[39m
                      [36m>[39m
                        [36m<option[39m
                          [33mvalue[39m=[32m"low"[39m
                        [36m>[39m
                          [0mlow[0m
                        [36m</option>[39m
                        [36m<option[39m
                          [33mvalue[39m=[32m"medium"[39m
                        [36m>[39m
                          [0mmedium[0m
                        [36m</option>[39m
                        [36m<option[39m
                          [33mvalue[39m=[32m"high"[39m
                        [36m>[39m
                          [0mhigh[0m
                        [36m</option>[39m
                        [36m<option[39m
                          [33mvalue[39m=[32m"urgent"[39m
                        [36m>[39m
                          [0murgent[0m
                        [36m</option>[39m
                      [36m</select>[39m
                      [36m<select[39m
                        [33mdata-testid[39m=[32m"select-organization"[39m
                      [36m>[39m
                        [36m<option[39m
                          [33mvalue[39m=[32m"org1"[39m
                        [36m>[39m
                          [0mTest Organization 1[0m
                        [36m</option>[39m
                        [36m<option[39m
                          [33mvalue[39m=[32m"org2"[39m
                        [36m>[39m
                          [0mTest Organization 2[0m
                        [36m</option>[39m
                      [36m</select>[39m
                      [36m<select[39m
                        [33mdata-testid[39m=[32m"select-recipient-roles"[39m
                      [36m>[39m
                        [36m<option[39m
                          [33mvalue[39m=[32m"all"[39m
                        [36m>[39m
                          [0mall[0m
                        [36m</option>[39m
                        [36m<option[39m
                          [33mvalue[39m=[32m"resident"[39m
                        [36m>[39m
                          [0mresident[0m
                        [36m</option>[39m
                        [36m<option[39m
                          [33mvalue[39m=[32m"tenant"[39m
                        [36m>[39m
                          [0mtenant[0m
                        [36m</option>[39m
                        [36m<option[39m
                          [33mvalue[39m=[32m"manager"[39m
                        [36m>[39m
                          [0mmanager[0m
                        [36m</option>[39m
                        [36m<option[39m
                          [33mvalue[39m=[32m"admin"[39m
                        [36m>[39m
                          [0madmin[0m
                        [36m</option>[39m
                      [36m</select>[39m
                      [36m<button[39m
                        [33mdata-testid[39m=[32m"button-send-communication"[39m
                        [33mtype[39m=[32m"submit"[39m
                      [36m>[39m
                        [0mSend Communication[0m
                      [36m</button>[39m
                      [36m<div[39m
                        [33mdata-testid[39m=[32m"form-submitting"[39m
                        [33mstyle[39m=[32m"display: none;"[39m
                      [36m>[39m
                        [0mSubmitting...[0m
                      [36m</div>[39m
                      [36m<div[39m
                        [33mdata-testid[39m=[32m"title-required"[39m
                        [33mstyle[39m=[32m"display: none;"[39m
                      [36m>[39m
                        [0mTitle is required[0m
                      [36m</div>[39m
                      [36m<div[39m
                        [33mdata-testid[39m=[32m"content-required"[39m
                        [33mstyle[39m=[32m"display: none;"[39m
                      [36m>[39m
                        [0mContent is required[0m
                      [36m</div>[39m
                    [36m</form>[39m
                    [36m<form[39m
                      [33mdata-testid[39m=[32m"meeting-planning-form"[39m
                    [36m>[39m
                      [36m<input[39m
                        [33mdata-testid[39m=[32m"input-meeting-title"[39m
                        [33mplaceholder[39m=[32m"Meeting Title"[39m
                      [36m/>[39m
                      [36m<textarea[39m
                        [33mdata-testid[39m=[32m"textarea-meeting-description"[39m
                        [33mplaceholder[39m=[32m"Description"[39m
                      [36m/>[39m
                      [36m<input[39m
                        [33mdata-testid[39m=[32m"input-meeting-location"[39m
                        [33mplaceholder[39m=[32m"Location"[39m
                      [36m/>[39m
                      [36m<input[39m
                        [33mdata-testid[39m=[32m"input-meeting-date"[39m
                        [33mtype[39m=[32m"datetime-local"[39m
                      [36m/>[39m
                      [36m<input[39m
                        [33mdata-testid[39m=[32m"input-meeting-duration"[39m
                        [33mtype[39m=[32m"number"[39m
                        [33mvalue[39m=[32m"60"[39m
                      [36m/>[39m
                      [36m<select[39m
                        [33mdata-testid[39m=[32m"select-invited-roles"[39m
                      [36m>[39m
                        [36m<option[39m
                          [33mvalue[39m=[32m"all"[39m
                        [36m>[39m
                          [0mall[0m
                        [36m</option>[39m
                        [36m<option[39m
                          [33mvalue[39m=[32m"resident"[39m
                        [36m>[39m
                          [0mresident[0m
                        [36m</option>[39m
                        [36m<option[39m
                          [33mvalue[39m=[32m"manager"[39m
                        [36m>[39m
                          [0mmanager[0m
                        [36m</option>[39m
                        [36m<option[39m
                          [33mvalue[39m=[32m"admin"[39m
                        [36m>[39m
                          [0madmin[0m
                        [36m</option>[39m
                      [36m</select>[39m
                      [36m<button[39m
                        [33mdata-testid[39m=[32m"button-send-meeting-invite"[39m
                        [33mtype[39m=[32m"submit"[39m
                      [36m>[39m
                        [0mSend Meeting Invite[0m
                      [36m</button>[39m
                      [36m<div[39m
                        [33mdata-testid[39m=[32m"meeting-title-required"[39m
                        [33mstyle[39m=[32m"display: none;"[39m
                      [36m>[39m
                        [0mTitle is required[0m
                      [36m</div>[39m
                      [36m<div[39m
                        [33mdata-testid[39m=[32m"meeting-location-required"[39m
                        [33mstyle[39m=[32m"display: none;"[39m
                      [36m>[39m
                        [0mLocation is required[0m
                      [36m</div>[39m
                      [36m<div[39m
                        [33mdata-testid[39m=[32m"meeting-duration-required"[39m
                        [33mstyle[39m=[32m"display: none;"[39m
                      [36m>[39m
                        [0mDuration must be a positive number[0m
                      [36m</div>[39m
                    [36m</form>[39m
                  [36m</div>[39m
                [36m</div>[39m
              [36m</div>[39m
            [36m</div>[39m
          [36m</div>[39m
        [36m</div>[39m
      [36m</body>[39m
    [36m</html>[39m

      887 |
      888 |       await waitFor(() => {
    > 889 |         expect(mockApiRequest).toHaveBeenCalledWith(
          |                                ^
      890 |           'POST',
      891 |           '/api/communication/meetings',
      892 |           expect.objectContaining({

      at tests/unit/communication/communication-page.test.tsx:889:32
      at runWithExpensiveErrorDiagnosticsDisabled (node_modules/@testing-library/dom/dist/config.js:47:12)
      at checkCallback (node_modules/@testing-library/dom/dist/wait-for.js:124:77)
      at checkRealTimersCallback (node_modules/@testing-library/dom/dist/wait-for.js:118:16)
      at Timeout.task [as _onTimeout] (node_modules/jsdom/lib/jsdom/browser/Window.js:579:19)

  ● Communication Page Test Suite › Meeting Planning Form › should handle invited roles selection for meetings

    TestingLibraryElementError: Found multiple elements with the text: all

    Here are the matching elements:

    Ignored nodes: comments, script, style
    [36m<option[39m
      [33mvalue[39m=[32m"all"[39m
    [36m>[39m
      [0mall[0m
    [36m</option>[39m

    Ignored nodes: comments, script, style
    [36m<option[39m
      [33mvalue[39m=[32m"all"[39m
    [36m>[39m
      [0mall[0m
    [36m</option>[39m

    (If this is intentional, then use the `*AllBy*` variant of the query (like `queryAllByText`, `getAllByText`, or `findAllByText`)).

    Ignored nodes: comments, script, style
    [36m<body>[39m
      [36m<div>[39m
        [36m<div[39m
          [33mdata-testid[39m=[32m"router"[39m
        [36m>[39m
          [36m<div[39m
            [33mdata-testid[39m=[32m"language-provider"[39m
          [36m>[39m
            [36m<div[39m
              [33mdata-testid[39m=[32m"auth-provider"[39m
            [36m>[39m
              [36m<div[39m
                [33mdata-testid[39m=[32m"mobile-menu-provider"[39m
              [36m>[39m
                [36m<div[39m
                  [33mdata-testid[39m=[32m"communication-page"[39m
                [36m>[39m
                  [36m<div[39m
                    [33mdata-testid[39m=[32m"notification-preferences-panel"[39m
                  [36m>[39m
                    [36m<div[39m
                      [33mdata-testid[39m=[32m"preferences-loading"[39m
                    [36m>[39m
                      [0mLoading preferences...[0m
                    [36m</div>[39m
                    [36m<div[39m
                      [33mdata-testid[39m=[32m"bulk-frequency-select"[39m
                    [36m>[39m
                      [36m<select[39m
                        [33mdata-testid[39m=[32m"bulk-frequency-select"[39m
                      [36m>[39m
                        [36m<option[39m
                          [33mvalue[39m=[32m"immediate"[39m
                        [36m>[39m
                          [0mImmediate[0m
                        [36m</option>[39m
                        [36m<option[39m
                          [33mvalue[39m=[32m"weekly"[39m
                        [36m>[39m
                          [0mWeekly[0m
                        [36m</option>[39m
                        [36m<option[39m
                          [33mvalue[39m=[32m"monthly"[39m
                        [36m>[39m
                          [0mMonthly[0m
                        [36m</option>[39m
                      [36m</select>[39m
                    [36m</div>[39m
                    [36m<button[39m
                      [33mdata-testid[39m=[32m"apply-bulk-frequency"[39m
                    [36m>[39m
                      [0mApply Bulk[0m
                    [36m</button>[39m
                    [36m<button[39m
                      [33mdata-testid[39m=[32m"save-preferences"[39m
                    [36m>[39m
                      [0mSave Preferences[0m
                    [36m</button>[39m
                    [36m<button[39m
                      [33mdata-testid[39m=[32m"reset-preferences"[39m
                    [36m>[39m
                      [0mReset Preferences[0m
                    [36m</button>[39m
                    [36m<div[39m
                      [33mdata-testid[39m=[32m"preference-toggle-bill_reminder"[39m
                    [36m>[39m
                      [36m<input[39m
                        [33mchecked[39m=[32m""[39m
                        [33mtype[39m=[32m"checkbox"[39m
                      [36m/>[39m
                    [36m</div>[39m
                    [36m<div>[39m
                      [0mbill_reminder[0m
                    [36m</div>[39m
                    [36m<div>[39m
                      [0mmaintenance_update[0m
                    [36m</div>[39m
                    [36m<div>[39m
                      [0mannouncement[0m
                    [36m</div>[39m
                    [36m<div>[39m
                      [0memergency[0m
                    [36m</div>[39m
                    [36m<div>[39m
                      [0mmeeting_invite[0m
                    [36m</div>[39m
                    [36m<div>[39m
                      [0mpolicy_change[0m
                    [36m</div>[39m
                    [36m<div>[39m
                      [0mseasonal_reminder[0m
                    [36m</div>[39m
                    [36m<select>[39m
                      [36m<option[39m
                        [33mselected[39m=[32m""[39m
                        [33mvalue[39m=[32m"immediate"[39m
                      [36m>[39m
                        [0mimmediate[0m
                      [36m</option>[39m
                      [36m<option[39m
                        [33mvalue[39m=[32m"weekly"[39m
                      [36m>[39m
                        [0mweekly[0m
                      [36m</option>[39m
                      [36m<option[39m
                        [33mvalue[39m=[32m"monthly"[39m
                      [36m>[39m
                        [0mmonthly[0m
                      [36m</option>[39m
                      [36m<option[39m
                        [33mvalue[39m=[32m"quarterly"[39m
                      [36m>[39m
                        [0mquarterly[0m
                      [36m</option>[39m
                    [36m</select>[39m
                  [36m</div>[39m
                  [36m<form[39m
                    [33mdata-testid[39m=[32m"general-communication-form"[39m
                  [36m>[39m
                    [36m<input[39m
                      [33mdata-testid[39m=[32m"input-communication-title"[39m
                      [33mplaceholder[39m=[32m"Title"[39m
                    [36m/>[39m
                    [36m<textarea[39m
                      [33mdata-testid[39m=[32m"textarea-communication-content"[39m
                      [33mplaceholder[39m=[32m"Content"[39m
                    [36m/>[39m
                    [36m<select[39m
                      [33mdata-testid[39m=[32m"select-urgency-level"[39m
                    [36m>[39m
                      [36m<option[39m
                        [33mvalue[39m=[32m"low"[39m
                      [36m>[39m
                        [0mlow[0m
                      [36m</option>[39m
                      [36m<option[39m
                        [33mvalue[39m=[32m"medium"[39m
                      [36m>[39m
                        [0mmedium[0m
                      [36m</option>[39m
                      [36m<option[39m
                        [33mvalue[39m=[32m"high"[39m
                      [36m>[39m
                        [0mhigh[0m
                      [36m</option>[39m
                      [36m<option[39m
                        [33mvalue[39m=[32m"urgent"[39m
                      [36m>[39m
                        [0murgent[0m
                      [36m</option>[39m
                    [36m</select>[39m
                    [36m<select[39m
                      [33mdata-testid[39m=[32m"select-organization"[39m
                    [36m>[39m
                      [36m<option[39m
                        [33mvalue[39m=[32m"org1"[39m
                      [36m>[39m
                        [0mTest Organization 1[0m
                      [36m</option>[39m
                      [36m<option[39m
                        [33mvalue[39m=[32m"org2"[39m
                      [36m>[39m
                        [0mTest Organization 2[0m
                      [36m</option>[39m
                    [36m</select>[39m
                    [36m<select[39m
                      [33mdata-testid[39m=[32m"select-recipient-roles"[39m
                    [36m>[39m
                      [36m<option[39m
                        [33mvalue[39m=[32m"all"[39m
                      [36m>[39m
                        [0mall[0m
                      [36m</option>[39m
                      [36m<option[39m
                        [33mvalue[39m=[32m"resident"[39m
                      [36m>[39m
                        [0mresident[0m
                      [36m</option>[39m
                      [36m<option[39m
                        [33mvalue[39m=[32m"tenant"[39m
                      [36m>[39m
                        [0mtenant[0m
                      [36m</option>[39m
                      [36m<option[39m
                        [33mvalue[39m=[32m"manager"[39m
                      [36m>[39m
                        [0mmanager[0m
                      [36m</option>[39m
                      [36m<option[39m
                        [33mvalue[39m=[32m"admin"[39m
                      [36m>[39m
                        [0madmin[0m
                      [36m</option>[39m
                    [36m</select>[39m
                    [36m<button[39m
                      [33mdata-testid[39m=[32m"button-send-communication"[39m
                      [33mtype[39m=[32m"submit"[39m
                    [36m>[39m
                      [0mSend Communication[0m
                    [36m</button>[39m
                    [36m<div[39m
                      [33mdata-testid[39m=[32m"form-submitting"[39m
                      [33mstyle[39m=[32m"display: none;"[39m
                    [36m>[39m
                      [0mSubmitting...[0m
                    [36m</div>[39m
                    [36m<div[39m
                      [33mdata-testid[39m=[32m"title-required"[39m
                      [33mstyle[39m=[32m"display: none;"[39m
                    [36m>[39m
                      [0mTitle is required[0m
                    [36m</div>[39m
                    [36m<div[39m
                      [33mdata-testid[39m=[32m"content-required"[39m
                      [33mstyle[39m=[32m"display: none;"[39m
                    [36m>[39m
                      [0mContent is required[0m
                    [36m</div>[39m
                  [36m</form>[39m
                  [36m<form[39m
                    [33mdata-testid[39m=[32m"meeting-planning-form"[39m
                  [36m>[39m
                    [36m<input[39m
                      [33mdata-testid[39m=[32m"input-meeting-title"[39m
                      [33mplaceholder[39m=[32m"Meeting Title"[39m
                    [36m/>[39m
                    [36m<textarea[39m
                      [33mdata-testid[39m=[32m"textarea-meeting-description"[39m
                      [33mplaceholder[39m=[32m"Description"[39m
                    [36m/>[39m
                    [36m<input[39m
                      [33mdata-testid[39m=[32m"input-meeting-location"[39m
                      [33mplaceholder[39m=[32m"Location"[39m
                    [36m/>[39m
                    [36m<input[39m
                      [33mdata-testid[39m=[32m"input-meeting-date"[39m
                      [33mtype[39m=[32m"datetime-local"[39m
                    [36m/>[39m
                    [36m<input[39m
                      [33mdata-testid[39m=[32m"input-meeting-duration"[39m
                      [33mtype[39m=[32m"number"[39m
                      [33mvalue[39m=[32m"60"[39m
                    [36m/>[39m
                    [36m<select[39m
                      [33mdata-testid[39m=[32m"select-invited-roles"[39m
                    [36m>[39m
                      [36m<option[39m
                        [33mvalue[39m=[32m"all"[39m
                      [36m>[39m
                        [0mall[0m
                      [36m</option>[39m
                      [36m<option[39m
                        [33mvalue[39m=[32m"resident"[39m
                      [36m>[39m
                        [0mresident[0m
                      [36m</option>[39m
                      [36m<option[39m
                        [33mvalue[39m=[32m"manager"[39m
                      [36m>[39m
                        [0mmanager[0m
                      [36m</option>[39m
                      [36m<option[39m
                        [33mvalue[39m=[32m"admin"[39m
                      [36m>[39m
                        [0madmin[0m
                      [36m</option>[39m
                    [36m</select>[39m
                    [36m<button[39m
                      [33mdata-testid[39m=[32m"button-send-meeting-invite"[39m
                      [33mtype[39m=[32m"submit"[39m
                    [36m>[39m
                      [0mSend Meeting Invite[0m
                    [36m</button>[39m
                    [36m<div[39m
                      [33mdata-testid[39m=[32m"meeting-title-required"[39m
                      [33mstyle[39m=[32m"display: none;"[39m
                    [36m>[39m
                      [0mTitle is required[0m
                    [36m</div>[39m
                    [36m<div[39m
                      [33mdata-testid[39m=[32m"meeting-location-required"[39m
                      [33mstyle[39m=[32m"display: none;"[39m
                    [36m>[39m
                      [0mLocation is required[0m
                    [36m</div>[39m
                    [36m<div[39m
                      [33mdata-testid[39m=[32m"meeting-duration-required"[39m
                      [33mstyle[39m=[32m"display: none;"[39m
                    [36m>[39m
                      [0mDuration must be a positive number[0m
                    [36m</div>[39m
                  [36m</form>[39m
                [36m</div>[39m
              [36m</div>[39m
            [36m</div>[39m
          [36m</div>[39m
        [36m</div>[39m
      [36m</div>[39m
    [36m</body>[39m

      913 |       await userEvent.click(invitedRolesSelect);
      914 |
    > 915 |       expect(screen.getByText('all')).toBeInTheDocument();
          |                     ^
      916 |       expect(screen.getByText('resident')).toBeInTheDocument();
      917 |       expect(screen.getByText('manager')).toBeInTheDocument();
      918 |       expect(screen.getByText('admin')).toBeInTheDocument();

      at Object.getElementError (node_modules/@testing-library/dom/dist/config.js:37:19)
      at getElementError (node_modules/@testing-library/dom/dist/query-helpers.js:20:35)
      at getMultipleElementsFoundError (node_modules/@testing-library/dom/dist/query-helpers.js:23:10)
      at node_modules/@testing-library/dom/dist/query-helpers.js:55:13
      at node_modules/@testing-library/dom/dist/query-helpers.js:95:19
      at Object.<anonymous> (tests/unit/communication/communication-page.test.tsx:915:21)

  ● Communication Page Test Suite › Loading States and Error Handling › should handle network errors gracefully

    expect(jest.fn()).toHaveBeenCalledWith(...expected)

    Expected: ObjectContaining {"title": StringContaining "error", "variant": "destructive"}

    Number of calls: 0

    Ignored nodes: comments, script, style
    [36m<html>[39m
      [36m<head />[39m
      [36m<body>[39m
        [36m<div>[39m
          [36m<div[39m
            [33mdata-testid[39m=[32m"router"[39m
          [36m>[39m
            [36m<div[39m
              [33mdata-testid[39m=[32m"language-provider"[39m
            [36m>[39m
              [36m<div[39m
                [33mdata-testid[39m=[32m"auth-provider"[39m
              [36m>[39m
                [36m<div[39m
                  [33mdata-testid[39m=[32m"mobile-menu-provider"[39m
                [36m>[39m
                  [36m<div[39m
                    [33mdata-testid[39m=[32m"communication-page"[39m
                  [36m>[39m
                    [36m<div[39m
                      [33mdata-testid[39m=[32m"notification-preferences-panel"[39m
                    [36m>[39m
                      [36m<div[39m
                        [33mdata-testid[39m=[32m"preferences-loading"[39m
                      [36m>[39m
                        [0mLoading preferences...[0m
                      [36m</div>[39m
                      [36m<div[39m
                        [33mdata-testid[39m=[32m"bulk-frequency-select"[39m
                      [36m>[39m
                        [36m<select[39m
                          [33mdata-testid[39m=[32m"bulk-frequency-select"[39m
                        [36m>[39m
                          [36m<option[39m
                            [33mvalue[39m=[32m"immediate"[39m
                          [36m>[39m
                            [0mImmediate[0m
                          [36m</option>[39m
                          [36m<option[39m
                            [33mvalue[39m=[32m"weekly"[39m
                          [36m>[39m
                            [0mWeekly[0m
                          [36m</option>[39m
                          [36m<option[39m
                            [33mvalue[39m=[32m"monthly"[39m
                          [36m>[39m
                            [0mMonthly[0m
                          [36m</option>[39m
                        [36m</select>[39m
                      [36m</div>[39m
                      [36m<button[39m
                        [33mdata-testid[39m=[32m"apply-bulk-frequency"[39m
                      [36m>[39m
                        [0mApply Bulk[0m
                      [36m</button>[39m
                      [36m<button[39m
                        [33mdata-testid[39m=[32m"save-preferences"[39m
                      [36m>[39m
                        [0mSave Preferences[0m
                      [36m</button>[39m
                      [36m<button[39m
                        [33mdata-testid[39m=[32m"reset-preferences"[39m
                      [36m>[39m
                        [0mReset Preferences[0m
                      [36m</button>[39m
                      [36m<div[39m
                        [33mdata-testid[39m=[32m"preference-toggle-bill_reminder"[39m
                      [36m>[39m
                        [36m<input[39m
                          [33mchecked[39m=[32m""[39m
                          [33mtype[39m=[32m"checkbox"[39m
                        [36m/>[39m
                      [36m</div>[39m
                      [36m<div>[39m
                        [0mbill_reminder[0m
                      [36m</div>[39m
                      [36m<div>[39m
                        [0mmaintenance_update[0m
                      [36m</div>[39m
                      [36m<div>[39m
                        [0mannouncement[0m
                      [36m</div>[39m
                      [36m<div>[39m
                        [0memergency[0m
                      [36m</div>[39m
                      [36m<div>[39m
                        [0mmeeting_invite[0m
                      [36m</div>[39m
                      [36m<div>[39m
                        [0mpolicy_change[0m
                      [36m</div>[39m
                      [36m<div>[39m
                        [0mseasonal_reminder[0m
                      [36m</div>[39m
                      [36m<select>[39m
                        [36m<option[39m
                          [33mselected[39m=[32m""[39m
                          [33mvalue[39m=[32m"immediate"[39m
                        [36m>[39m
                          [0mimmediate[0m
                        [36m</option>[39m
                        [36m<option[39m
                          [33mvalue[39m=[32m"weekly"[39m
                        [36m>[39m
                          [0mweekly[0m
                        [36m</option>[39m
                        [36m<option[39m
                          [33mvalue[39m=[32m"monthly"[39m
                        [36m>[39m
                          [0mmonthly[0m
                        [36m</option>[39m
                        [36m<option[39m
                          [33mvalue[39m=[32m"quarterly"[39m
                        [36m>[39m
                          [0mquarterly[0m
                        [36m</option>[39m
                      [36m</select>[39m
                    [36m</div>[39m
                    [36m<form[39m
                      [33mdata-testid[39m=[32m"general-communication-form"[39m
                    [36m>[39m
                      [36m<input[39m
                        [33mdata-testid[39m=[32m"input-communication-title"[39m
                        [33mplaceholder[39m=[32m"Title"[39m
                      [36m/>[39m
                      [36m<textarea[39m
                        [33mdata-testid[39m=[32m"textarea-communication-content"[39m
                        [33mplaceholder[39m=[32m"Content"[39m
                      [36m/>[39m
                      [36m<select[39m
                        [33mdata-testid[39m=[32m"select-urgency-level"[39m
                      [36m>[39m
                        [36m<option[39m
                          [33mvalue[39m=[32m"low"[39m
                        [36m>[39m
                          [0mlow[0m
                        [36m</option>[39m
                        [36m<option[39m
                          [33mvalue[39m=[32m"medium"[39m
                        [36m>[39m
                          [0mmedium[0m
                        [36m</option>[39m
                        [36m<option[39m
                          [33mvalue[39m=[32m"high"[39m
                        [36m>[39m
                          [0mhigh[0m
                        [36m</option>[39m
                        [36m<option[39m
                          [33mvalue[39m=[32m"urgent"[39m
                        [36m>[39m
                          [0murgent[0m
                        [36m</option>[39m
                      [36m</select>[39m
                      [36m<select[39m
                        [33mdata-testid[39m=[32m"select-organization"[39m
                      [36m>[39m
                        [36m<option[39m
                          [33mvalue[39m=[32m"org1"[39m
                        [36m>[39m
                          [0mTest Organization 1[0m
                        [36m</option>[39m
                        [36m<option[39m
                          [33mvalue[39m=[32m"org2"[39m
                        [36m>[39m
                          [0mTest Organization 2[0m
                        [36m</option>[39m
                      [36m</select>[39m
                      [36m<select[39m
                        [33mdata-testid[39m=[32m"select-recipient-roles"[39m
                      [36m>[39m
                        [36m<option[39m
                          [33mvalue[39m=[32m"all"[39m
                        [36m>[39m
                          [0mall[0m
                        [36m</option>[39m
                        [36m<option[39m
                          [33mvalue[39m=[32m"resident"[39m
                        [36m>[39m
                          [0mresident[0m
                        [36m</option>[39m
                        [36m<option[39m
                          [33mvalue[39m=[32m"tenant"[39m
                        [36m>[39m
                          [0mtenant[0m
                        [36m</option>[39m
                        [36m<option[39m
                          [33mvalue[39m=[32m"manager"[39m
                        [36m>[39m
                          [0mmanager[0m
                        [36m</option>[39m
                        [36m<option[39m
                          [33mvalue[39m=[32m"admin"[39m
                        [36m>[39m
                          [0madmin[0m
                        [36m</option>[39m
                      [36m</select>[39m
                      [36m<button[39m
                        [33mdata-testid[39m=[32m"button-send-communication"[39m
                        [33mtype[39m=[32m"submit"[39m
                      [36m>[39m
                        [0mSend Communication[0m
                      [36m</button>[39m
                      [36m<div[39m
                        [33mdata-testid[39m=[32m"form-submitting"[39m
                        [33mstyle[39m=[32m"display: none;"[39m
                      [36m>[39m
                        [0mSubmitting...[0m
                      [36m</div>[39m
                      [36m<div[39m
                        [33mdata-testid[39m=[32m"title-required"[39m
                        [33mstyle[39m=[32m"display: none;"[39m
                      [36m>[39m
                        [0mTitle is required[0m
                      [36m</div>[39m
                      [36m<div[39m
                        [33mdata-testid[39m=[32m"content-required"[39m
                        [33mstyle[39m=[32m"display: none;"[39m
                      [36m>[39m
                        [0mContent is required[0m
                      [36m</div>[39m
                    [36m</form>[39m
                    [36m<form[39m
                      [33mdata-testid[39m=[32m"meeting-planning-form"[39m
                    [36m>[39m
                      [36m<input[39m
                        [33mdata-testid[39m=[32m"input-meeting-title"[39m
                        [33mplaceholder[39m=[32m"Meeting Title"[39m
                      [36m/>[39m
                      [36m<textarea[39m
                        [33mdata-testid[39m=[32m"textarea-meeting-description"[39m
                        [33mplaceholder[39m=[32m"Description"[39m
                      [36m/>[39m
                      [36m<input[39m
                        [33mdata-testid[39m=[32m"input-meeting-location"[39m
                        [33mplaceholder[39m=[32m"Location"[39m
                      [36m/>[39m
                      [36m<input[39m
                        [33mdata-testid[39m=[32m"input-meeting-date"[39m
                        [33mtype[39m=[32m"datetime-local"[39m
                      [36m/>[39m
                      [36m<input[39m
                        [33mdata-testid[39m=[32m"input-meeting-duration"[39m
                        [33mtype[39m=[32m"number"[39m
                        [33mvalue[39m=[32m"60"[39m
                      [36m/>[39m
                      [36m<select[39m
                        [33mdata-testid[39m=[32m"select-invited-roles"[39m
                      [36m>[39m
                        [36m<option[39m
                          [33mvalue[39m=[32m"all"[39m
                        [36m>[39m
                          [0mall[0m
                        [36m</option>[39m
                        [36m<option[39m
                          [33mvalue[39m=[32m"resident"[39m
                        [36m>[39m
                          [0mresident[0m
                        [36m</option>[39m
                        [36m<option[39m
                          [33mvalue[39m=[32m"manager"[39m
                        [36m>[39m
                          [0mmanager[0m
                        [36m</option>[39m
                        [36m<option[39m
                          [33mvalue[39m=[32m"admin"[39m
                        [36m>[39m
                          [0madmin[0m
                        [36m</option>[39m
                      [36m</select>[39m
                      [36m<button[39m
                        [33mdata-testid[39m=[32m"button-send-meeting-invite"[39m
                        [33mtype[39m=[32m"submit"[39m
                      [36m>[39m
                        [0mSend Meeting Invite[0m
                      [36m</button>[39m
                      [36m<div[39m
                        [33mdata-testid[39m=[32m"meeting-title-required"[39m
                        [33mstyle[39m=[32m"display: none;"[39m
                      [36m>[39m
                        [0mTitle is required[0m
                      [36m</div>[39m
                      [36m<div[39m
                        [33mdata-testid[39m=[32m"meeting-location-required"[39m
                        [33mstyle[39m=[32m"display: none;"[39m
                      [36m>[39m
                        [0mLocation is required[0m
                      [36m</div>[39m
                      [36m<div[39m
                        [33mdata-testid[39m=[32m"meeting-duration-required"[39m
                        [33mstyle[39m=[32m"display: none;"[39m
                      [36m>[39m
                        [0mDuration must be a positive number[0m
                      [36m</div>[39m
                    [36m</form>[39m
                  [36m</div>[39m
                [36m</div>[39m
              [36m</div>[39m
            [36m</div>[39m
          [36m</div>[39m
        [36m</div>[39m
      [36m</body>[39m
    [36m</html>[39m

      1023 |
      1024 |       await waitFor(() => {
    > 1025 |         expect(mockToast).toHaveBeenCalledWith(
           |                           ^
      1026 |           expect.objectContaining({
      1027 |             title: expect.stringContaining('error'),
      1028 |             variant: 'destructive'

      at tests/unit/communication/communication-page.test.tsx:1025:27
      at runWithExpensiveErrorDiagnosticsDisabled (node_modules/@testing-library/dom/dist/config.js:47:12)
      at checkCallback (node_modules/@testing-library/dom/dist/wait-for.js:124:77)
      at checkRealTimersCallback (node_modules/@testing-library/dom/dist/wait-for.js:118:16)
      at Timeout.task [as _onTimeout] (node_modules/jsdom/lib/jsdom/browser/Window.js:579:19)

  ● Communication Page Test Suite › Form Reset and State Management › should reset general communication form after successful submission

    expect(received).toBe(expected) // Object.is equality

    Expected: ""
    Received: "Test Title"

    Ignored nodes: comments, script, style
    [36m<html>[39m
      [36m<head />[39m
      [36m<body>[39m
        [36m<div>[39m
          [36m<div[39m
            [33mdata-testid[39m=[32m"router"[39m
          [36m>[39m
            [36m<div[39m
              [33mdata-testid[39m=[32m"language-provider"[39m
            [36m>[39m
              [36m<div[39m
                [33mdata-testid[39m=[32m"auth-provider"[39m
              [36m>[39m
                [36m<div[39m
                  [33mdata-testid[39m=[32m"mobile-menu-provider"[39m
                [36m>[39m
                  [36m<div[39m
                    [33mdata-testid[39m=[32m"communication-page"[39m
                  [36m>[39m
                    [36m<div[39m
                      [33mdata-testid[39m=[32m"notification-preferences-panel"[39m
                    [36m>[39m
                      [36m<div[39m
                        [33mdata-testid[39m=[32m"preferences-loading"[39m
                      [36m>[39m
                        [0mLoading preferences...[0m
                      [36m</div>[39m
                      [36m<div[39m
                        [33mdata-testid[39m=[32m"bulk-frequency-select"[39m
                      [36m>[39m
                        [36m<select[39m
                          [33mdata-testid[39m=[32m"bulk-frequency-select"[39m
                        [36m>[39m
                          [36m<option[39m
                            [33mvalue[39m=[32m"immediate"[39m
                          [36m>[39m
                            [0mImmediate[0m
                          [36m</option>[39m
                          [36m<option[39m
                            [33mvalue[39m=[32m"weekly"[39m
                          [36m>[39m
                            [0mWeekly[0m
                          [36m</option>[39m
                          [36m<option[39m
                            [33mvalue[39m=[32m"monthly"[39m
                          [36m>[39m
                            [0mMonthly[0m
                          [36m</option>[39m
                        [36m</select>[39m
                      [36m</div>[39m
                      [36m<button[39m
                        [33mdata-testid[39m=[32m"apply-bulk-frequency"[39m
                      [36m>[39m
                        [0mApply Bulk[0m
                      [36m</button>[39m
                      [36m<button[39m
                        [33mdata-testid[39m=[32m"save-preferences"[39m
                      [36m>[39m
                        [0mSave Preferences[0m
                      [36m</button>[39m
                      [36m<button[39m
                        [33mdata-testid[39m=[32m"reset-preferences"[39m
                      [36m>[39m
                        [0mReset Preferences[0m
                      [36m</button>[39m
                      [36m<div[39m
                        [33mdata-testid[39m=[32m"preference-toggle-bill_reminder"[39m
                      [36m>[39m
                        [36m<input[39m
                          [33mchecked[39m=[32m""[39m
                          [33mtype[39m=[32m"checkbox"[39m
                        [36m/>[39m
                      [36m</div>[39m
                      [36m<div>[39m
                        [0mbill_reminder[0m
                      [36m</div>[39m
                      [36m<div>[39m
                        [0mmaintenance_update[0m
                      [36m</div>[39m
                      [36m<div>[39m
                        [0mannouncement[0m
                      [36m</div>[39m
                      [36m<div>[39m
                        [0memergency[0m
                      [36m</div>[39m
                      [36m<div>[39m
                        [0mmeeting_invite[0m
                      [36m</div>[39m
                      [36m<div>[39m
                        [0mpolicy_change[0m
                      [36m</div>[39m
                      [36m<div>[39m
                        [0mseasonal_reminder[0m
                      [36m</div>[39m
                      [36m<select>[39m
                        [36m<option[39m
                          [33mselected[39m=[32m""[39m
                          [33mvalue[39m=[32m"immediate"[39m
                        [36m>[39m
                          [0mimmediate[0m
                        [36m</option>[39m
                        [36m<option[39m
                          [33mvalue[39m=[32m"weekly"[39m
                        [36m>[39m
                          [0mweekly[0m
                        [36m</option>[39m
                        [36m<option[39m
                          [33mvalue[39m=[32m"monthly"[39m
                        [36m>[39m
                          [0mmonthly[0m
                        [36m</option>[39m
                        [36m<option[39m
                          [33mvalue[39m=[32m"quarterly"[39m
                        [36m>[39m
                          [0mquarterly[0m
                        [36m</option>[39m
                      [36m</select>[39m
                    [36m</div>[39m
                    [36m<form[39m
                      [33mdata-testid[39m=[32m"general-communication-form"[39m
                    [36m>[39m
                      [36m<input[39m
                        [33mdata-testid[39m=[32m"input-communication-title"[39m
                        [33mplaceholder[39m=[32m"Title"[39m
                      [36m/>[39m
                      [36m<textarea[39m
                        [33mdata-testid[39m=[32m"textarea-communication-content"[39m
                        [33mplaceholder[39m=[32m"Content"[39m
                      [36m/>[39m
                      [36m<select[39m
                        [33mdata-testid[39m=[32m"select-urgency-level"[39m
                      [36m>[39m
                        [36m<option[39m
                          [33mvalue[39m=[32m"low"[39m
                        [36m>[39m
                          [0mlow[0m
                        [36m</option>[39m
                        [36m<option[39m
                          [33mvalue[39m=[32m"medium"[39m
                        [36m>[39m
                          [0mmedium[0m
                        [36m</option>[39m
                        [36m<option[39m
                          [33mvalue[39m=[32m"high"[39m
                        [36m>[39m
                          [0mhigh[0m
                        [36m</option>[39m
                        [36m<option[39m
                          [33mvalue[39m=[32m"urgent"[39m
                        [36m>[39m
                          [0murgent[0m
                        [36m</option>[39m
                      [36m</select>[39m
                      [36m<select[39m
                        [33mdata-testid[39m=[32m"select-organization"[39m
                      [36m>[39m
                        [36m<option[39m
                          [33mvalue[39m=[32m"org1"[39m
                        [36m>[39m
                          [0mTest Organization 1[0m
                        [36m</option>[39m
                        [36m<option[39m
                          [33mvalue[39m=[32m"org2"[39m
                        [36m>[39m
                          [0mTest Organization 2[0m
                        [36m</option>[39m
                      [36m</select>[39m
                      [36m<select[39m
                        [33mdata-testid[39m=[32m"select-recipient-roles"[39m
                      [36m>[39m
                        [36m<option[39m
                          [33mvalue[39m=[32m"all"[39m
                        [36m>[39m
                          [0mall[0m
                        [36m</option>[39m
                        [36m<option[39m
                          [33mvalue[39m=[32m"resident"[39m
                        [36m>[39m
                          [0mresident[0m
                        [36m</option>[39m
                        [36m<option[39m
                          [33mvalue[39m=[32m"tenant"[39m
                        [36m>[39m
                          [0mtenant[0m
                        [36m</option>[39m
                        [36m<option[39m
                          [33mvalue[39m=[32m"manager"[39m
                        [36m>[39m
                          [0mmanager[0m
                        [36m</option>[39m
                        [36m<option[39m
                          [33mvalue[39m=[32m"admin"[39m
                        [36m>[39m
                          [0madmin[0m
                        [36m</option>[39m
                      [36m</select>[39m
                      [36m<button[39m
                        [33mdata-testid[39m=[32m"button-send-communication"[39m
                        [33mtype[39m=[32m"submit"[39m
                      [36m>[39m
                        [0mSend Communication[0m
                      [36m</button>[39m
                      [36m<div[39m
                        [33mdata-testid[39m=[32m"form-submitting"[39m
                        [33mstyle[39m=[32m"display: none;"[39m
                      [36m>[39m
                        [0mSubmitting...[0m
                      [36m</div>[39m
                      [36m<div[39m
                        [33mdata-testid[39m=[32m"title-required"[39m
                        [33mstyle[39m=[32m"display: none;"[39m
                      [36m>[39m
                        [0mTitle is required[0m
                      [36m</div>[39m
                      [36m<div[39m
                        [33mdata-testid[39m=[32m"content-required"[39m
                        [33mstyle[39m=[32m"display: none;"[39m
                      [36m>[39m
                        [0mContent is required[0m
                      [36m</div>[39m
                    [36m</form>[39m
                    [36m<form[39m
                      [33mdata-testid[39m=[32m"meeting-planning-form"[39m
                    [36m>[39m
                      [36m<input[39m
                        [33mdata-testid[39m=[32m"input-meeting-title"[39m
                        [33mplaceholder[39m=[32m"Meeting Title"[39m
                      [36m/>[39m
                      [36m<textarea[39m
                        [33mdata-testid[39m=[32m"textarea-meeting-description"[39m
                        [33mplaceholder[39m=[32m"Description"[39m
                      [36m/>[39m
                      [36m<input[39m
                        [33mdata-testid[39m=[32m"input-meeting-location"[39m
                        [33mplaceholder[39m=[32m"Location"[39m
                      [36m/>[39m
                      [36m<input[39m
                        [33mdata-testid[39m=[32m"input-meeting-date"[39m
                        [33mtype[39m=[32m"datetime-local"[39m
                      [36m/>[39m
                      [36m<input[39m
                        [33mdata-testid[39m=[32m"input-meeting-duration"[39m
                        [33mtype[39m=[32m"number"[39m
                        [33mvalue[39m=[32m"60"[39m
                      [36m/>[39m
                      [36m<select[39m
                        [33mdata-testid[39m=[32m"select-invited-roles"[39m
                      [36m>[39m
                        [36m<option[39m
                          [33mvalue[39m=[32m"all"[39m
                        [36m>[39m
                          [0mall[0m
                        [36m</option>[39m
                        [36m<option[39m
                          [33mvalue[39m=[32m"resident"[39m
                        [36m>[39m
                          [0mresident[0m
                        [36m</option>[39m
                        [36m<option[39m
                          [33mvalue[39m=[32m"manager"[39m
                        [36m>[39m
                          [0mmanager[0m
                        [36m</option>[39m
                        [36m<option[39m
                          [33mvalue[39m=[32m"admin"[39m
                        [36m>[39m
                          [0madmin[0m
                        [36m</option>[39m
                      [36m</select>[39m
                      [36m<button[39m
                        [33mdata-testid[39m=[32m"button-send-meeting-invite"[39m
                        [33mtype[39m=[32m"submit"[39m
                      [36m>[39m
                        [0mSend Meeting Invite[0m
                      [36m</button>[39m
                      [36m<div[39m
                        [33mdata-testid[39m=[32m"meeting-title-required"[39m
                        [33mstyle[39m=[32m"display: none;"[39m
                      [36m>[39m
                        [0mTitle is required[0m
                      [36m</div>[39m
                      [36m<div[39m
                        [33mdata-testid[39m=[32m"meeting-location-required"[39m
                        [33mstyle[39m=[32m"display: none;"[39m
                      [36m>[39m
                        [0mLocation is required[0m
                      [36m</div>[39m
                      [36m<div[39m
                        [33mdata-testid[39m=[32m"meeting-duration-required"[39m
                        [33mstyle[39m=[32m"display: none;"[39m
                      [36m>[39m
                        [0mDuration must be a positive number[0m
                      [36m</div>[39m
                    [36m</form>[39m
                  [36m</div>[39m
                [36m</div>[39m
              [36m</div>[39m
            [36m</div>[39m
          [36m</div>[39m
        [36m</div>[39m
      [36m</body>[39m
    [36m</html>[39m

      1050 |
      1051 |       await waitFor(() => {
    > 1052 |         expect((titleInput as HTMLInputElement).value).toBe('');
           |                                                        ^
      1053 |         expect((contentTextarea as HTMLTextAreaElement).value).toBe('');
      1054 |       });
      1055 |     });

      at tests/unit/communication/communication-page.test.tsx:1052:56
      at runWithExpensiveErrorDiagnosticsDisabled (node_modules/@testing-library/dom/dist/config.js:47:12)
      at checkCallback (node_modules/@testing-library/dom/dist/wait-for.js:124:77)
      at checkRealTimersCallback (node_modules/@testing-library/dom/dist/wait-for.js:118:16)
      at Timeout.task [as _onTimeout] (node_modules/jsdom/lib/jsdom/browser/Window.js:579:19)


Test Suites: 1 failed, 3 passed, 4 of 167 total
Tests:       14 failed, 190 passed, 204 total
Snapshots:   0 total
Time:        23.091 s
Ran all test suites.
Summary of all failing tests
FAIL tests/unit/communication/communication-page.test.tsx (14.722 s)
  ● Communication Page Test Suite › Notification Preferences Panel › should render all 17 notification types

    expect(jest.fn()).toHaveBeenCalledWith(...expected)

    Expected: "GET", "/api/communication/preferences"

    Number of calls: 0

    Ignored nodes: comments, script, style
    [36m<html>[39m
      [36m<head />[39m
      [36m<body>[39m
        [36m<div>[39m
          [36m<div[39m
            [33mdata-testid[39m=[32m"router"[39m
          [36m>[39m
            [36m<div[39m
              [33mdata-testid[39m=[32m"language-provider"[39m
            [36m>[39m
              [36m<div[39m
                [33mdata-testid[39m=[32m"auth-provider"[39m
              [36m>[39m
                [36m<div[39m
                  [33mdata-testid[39m=[32m"mobile-menu-provider"[39m
                [36m>[39m
                  [36m<div[39m
                    [33mdata-testid[39m=[32m"communication-page"[39m
                  [36m>[39m
                    [36m<div[39m
                      [33mdata-testid[39m=[32m"notification-preferences-panel"[39m
                    [36m>[39m
                      [36m<div[39m
                        [33mdata-testid[39m=[32m"preferences-loading"[39m
                      [36m>[39m
                        [0mLoading preferences...[0m
                      [36m</div>[39m
                      [36m<div[39m
                        [33mdata-testid[39m=[32m"bulk-frequency-select"[39m
                      [36m>[39m
                        [36m<select[39m
                          [33mdata-testid[39m=[32m"bulk-frequency-select"[39m
                        [36m>[39m
                          [36m<option[39m
                            [33mvalue[39m=[32m"immediate"[39m
                          [36m>[39m
                            [0mImmediate[0m
                          [36m</option>[39m
                          [36m<option[39m
